2026-06-10 18:01:37,469 - INFO - Ultra-High Resolution Album Artwork Generator v7 (5000x5000 Edition)
2026-06-10 18:01:37,469 - INFO - -------------------------------------------------
2026-06-10 18:01:37,469 - INFO - Using saturation level: 0.5
2026-06-10 18:01:37,469 - INFO - Processing audio file: /Volumes/project/continuo/catalogs/masked/MX 2_01.R_astro-catalog/MX 2_01.R_normalized.wav
2026-06-10 18:01:37,469 - INFO - Output will be saved as: /Volumes/project/continuo/catalogs/masked/MX 2_01.R_astro-catalog/artwork/MX 2_01.R_normalized_artwork.png
2026-06-10 18:01:37,469 - INFO - Component files will be saved in: /Volumes/project/continuo/catalogs/masked/MX 2_01.R_astro-catalog/artwork/components
2026-06-10 18:01:37,469 - INFO - Starting the v7 Ultra-High Resolution Album Artwork Generator
2026-06-10 18:01:37,472 - INFO - Output directory: /Volumes/project/continuo/catalogs/masked/MX 2_01.R_astro-catalog/artwork
2026-06-10 18:01:37,472 - INFO - Components directory: /Volumes/project/continuo/catalogs/masked/MX 2_01.R_astro-catalog/artwork/components
2026-06-10 18:01:37,472 - INFO - Analyzing audio fingerprint...
2026-06-10 18:01:37,475 - INFO - Audio hash: 38272a94...2ffd0437
2026-06-10 18:01:37,475 - INFO - Generating identicon...
2026-06-10 18:01:37,475 - INFO - Trying jdenticon approach 1: /Users/danielramirez/Nextcloud/ore/Notes/Project/utilities/studio/lufs-workchain/node_modules/.bin/jdenticon 38272a94da8790a273a559136e437fa13e64998be6ef115f7d2335c02ffd0437
2026-06-10 18:01:37,477 - WARNING - jdenticon approach 1 - command not found
2026-06-10 18:01:37,478 - INFO - Trying jdenticon approach 2: npx --prefix
2026-06-10 18:01:37,686 - WARNING - jdenticon approach 2 failed: Command '['npx', '--prefix', '/Users/danielramirez/Nextcloud/ore/Notes/Project/utilities/studio/lufs-workchain', 'jdenticon', '38272a94da8790a273a559136e437fa13e64998be6ef115f7d2335c02ffd0437', '--size', '5000', '--output', '/Volumes/project/continuo/catalogs/masked/MX 2_01.R_astro-catalog/artwork/components/identicon.png']' returned non-zero exit status 254.
2026-06-10 18:01:37,686 - INFO - Trying jdenticon approach 3: npx jdenticon
2026-06-10 18:01:38,147 - INFO - Identicon created successfully.
2026-06-10 18:01:38,176 - INFO - Generating ultra-high-resolution spectrogram...
2026-06-10 18:01:39,002 - INFO - Using figure dimensions: 50.0x12.5 inches at 400 DPI
2026-06-10 18:01:39,002 - INFO - Target pixel dimensions: 20000x5000
/Users/danielramirez/repos/lufs-workchain/.venv/lib/python3.12/site-packages/PIL/Image.py:3574: DecompressionBombWarning: Image size (100000000 pixels) exceeds limit of 89478485 pixels, could be decompression bomb DOS attack.
  warnings.warn(
2026-06-10 18:01:40,992 - INFO - Raw spectrogram dimensions: 20000x5000 pixels
2026-06-10 18:01:40,992 - INFO - Initial dimensions: 20000x5000 pixels
2026-06-10 18:01:40,992 - INFO - Adjusting saturation to 0.5...
2026-06-10 18:01:42,669 - INFO - Saved full rectangular spectrogram to: /Volumes/project/continuo/catalogs/masked/MX 2_01.R_astro-catalog/artwork/components/rectangle_spectrogram.png
2026-06-10 18:01:42,678 - INFO - Square crop dimensions: 5000x5000
2026-06-10 18:01:43,068 - INFO - Saved 5000x5000 square spectrogram to: /Volumes/project/continuo/catalogs/masked/MX 2_01.R_astro-catalog/artwork/components/spectrogram.png
2026-06-10 18:01:43,068 - INFO - Spectrogram segment covers audio from 29.15s to 48.58s
2026-06-10 18:01:43,088 - INFO - Working with spectrogram: 5000x5000, identicon: 5000x5000
2026-06-10 18:01:43,088 - INFO - Enhancing spectrogram contrast...
2026-06-10 18:01:43,210 - INFO - Resizing identicon for overlay...
2026-06-10 18:01:43,344 - INFO - Creating final composite image...
2026-06-10 18:01:43,835 - INFO - Album artwork generated successfully: /Volumes/project/continuo/catalogs/masked/MX 2_01.R_astro-catalog/artwork/MX 2_01.R_normalized_artwork.png
2026-06-10 18:01:43,840 - INFO - Ultra-high resolution (5000x5000) artwork generation finished successfully.
2026-06-10 18:01:43,840 - INFO - Final artwork saved at: /Volumes/project/continuo/catalogs/masked/MX 2_01.R_astro-catalog/artwork/MX 2_01.R_normalized_artwork.png
