2026-06-10 17:38:13,910 - INFO - Ultra-High Resolution Album Artwork Generator v7 (5000x5000 Edition)
2026-06-10 17:38:13,910 - INFO - -------------------------------------------------
2026-06-10 17:38:13,910 - INFO - Using saturation level: 0.5
2026-06-10 17:38:13,910 - INFO - Processing audio file: /Volumes/project/continuo/catalogs/a98ff_praise-legend-road/11-13-04.0001-15-23.520_astro-catalog/11-13-04.0001-15-23.520_normalized.wav
2026-06-10 17:38:13,910 - INFO - Output will be saved as: /Volumes/project/continuo/catalogs/a98ff_praise-legend-road/11-13-04.0001-15-23.520_astro-catalog/artwork/11-13-04.0001-15-23.520_normalized_artwork.png
2026-06-10 17:38:13,910 - INFO - Component files will be saved in: /Volumes/project/continuo/catalogs/a98ff_praise-legend-road/11-13-04.0001-15-23.520_astro-catalog/artwork/components
2026-06-10 17:38:13,910 - INFO - Starting the v7 Ultra-High Resolution Album Artwork Generator
2026-06-10 17:38:13,912 - INFO - Output directory: /Volumes/project/continuo/catalogs/a98ff_praise-legend-road/11-13-04.0001-15-23.520_astro-catalog/artwork
2026-06-10 17:38:13,912 - INFO - Components directory: /Volumes/project/continuo/catalogs/a98ff_praise-legend-road/11-13-04.0001-15-23.520_astro-catalog/artwork/components
2026-06-10 17:38:13,912 - INFO - Analyzing audio fingerprint...
2026-06-10 17:38:13,922 - INFO - Audio hash: 17e75841...6d0e4ef9
2026-06-10 17:38:13,922 - INFO - Generating identicon...
2026-06-10 17:38:13,922 - INFO - Trying jdenticon approach 1: /Users/danielramirez/Nextcloud/ore/Notes/Project/utilities/studio/lufs-workchain/node_modules/.bin/jdenticon 17e758412ddc30fe71aa0b51a94c259afdbb4b9cfd6bb982eb78e5956d0e4ef9
2026-06-10 17:38:13,925 - WARNING - jdenticon approach 1 - command not found
2026-06-10 17:38:13,925 - INFO - Trying jdenticon approach 2: npx --prefix
2026-06-10 17:38:14,127 - WARNING - jdenticon approach 2 failed: Command '['npx', '--prefix', '/Users/danielramirez/Nextcloud/ore/Notes/Project/utilities/studio/lufs-workchain', 'jdenticon', '17e758412ddc30fe71aa0b51a94c259afdbb4b9cfd6bb982eb78e5956d0e4ef9', '--size', '5000', '--output', '/Volumes/project/continuo/catalogs/a98ff_praise-legend-road/11-13-04.0001-15-23.520_astro-catalog/artwork/components/identicon.png']' returned non-zero exit status 254.
2026-06-10 17:38:14,127 - INFO - Trying jdenticon approach 3: npx jdenticon
2026-06-10 17:38:14,485 - INFO - Identicon created successfully.
2026-06-10 17:38:14,514 - INFO - Generating ultra-high-resolution spectrogram...
2026-06-10 17:38:15,365 - INFO - Using figure dimensions: 50.0x12.5 inches at 400 DPI
2026-06-10 17:38:15,365 - INFO - Target pixel dimensions: 20000x5000
/Users/danielramirez/repos/lufs-workchain/.venv/lib/python3.12/site-packages/PIL/Image.py:3574: DecompressionBombWarning: Image size (100000000 pixels) exceeds limit of 89478485 pixels, could be decompression bomb DOS attack.
  warnings.warn(
2026-06-10 17:38:17,952 - INFO - Raw spectrogram dimensions: 20000x5000 pixels
2026-06-10 17:38:17,952 - INFO - Initial dimensions: 20000x5000 pixels
2026-06-10 17:38:17,952 - INFO - Adjusting saturation to 0.5...
2026-06-10 17:38:19,958 - INFO - Saved full rectangular spectrogram to: /Volumes/project/continuo/catalogs/a98ff_praise-legend-road/11-13-04.0001-15-23.520_astro-catalog/artwork/components/rectangle_spectrogram.png
2026-06-10 17:38:19,967 - INFO - Square crop dimensions: 5000x5000
2026-06-10 17:38:20,469 - INFO - Saved 5000x5000 square spectrogram to: /Volumes/project/continuo/catalogs/a98ff_praise-legend-road/11-13-04.0001-15-23.520_astro-catalog/artwork/components/spectrogram.png
2026-06-10 17:38:20,469 - INFO - Spectrogram segment covers audio from 49.80s to 83.01s
2026-06-10 17:38:20,488 - INFO - Working with spectrogram: 5000x5000, identicon: 5000x5000
2026-06-10 17:38:20,488 - INFO - Enhancing spectrogram contrast...
2026-06-10 17:38:20,588 - INFO - Resizing identicon for overlay...
2026-06-10 17:38:20,721 - INFO - Creating final composite image...
2026-06-10 17:38:21,296 - INFO - Album artwork generated successfully: /Volumes/project/continuo/catalogs/a98ff_praise-legend-road/11-13-04.0001-15-23.520_astro-catalog/artwork/11-13-04.0001-15-23.520_normalized_artwork.png
2026-06-10 17:38:21,300 - INFO - Ultra-high resolution (5000x5000) artwork generation finished successfully.
2026-06-10 17:38:21,300 - INFO - Final artwork saved at: /Volumes/project/continuo/catalogs/a98ff_praise-legend-road/11-13-04.0001-15-23.520_astro-catalog/artwork/11-13-04.0001-15-23.520_normalized_artwork.png
