2026-06-10 18:19:00,135 - INFO - Ultra-High Resolution Album Artwork Generator v7 (5000x5000 Edition)
2026-06-10 18:19:00,135 - INFO - -------------------------------------------------
2026-06-10 18:19:00,135 - INFO - Using saturation level: 0.5
2026-06-10 18:19:00,135 - INFO - Processing audio file: /Volumes/project/continuo/catalogs/soundcloud/Leyna 1st Draft_astro-catalog/Leyna 1st Draft_normalized.wav
2026-06-10 18:19:00,136 - INFO - Output will be saved as: /Volumes/project/continuo/catalogs/soundcloud/Leyna 1st Draft_astro-catalog/artwork/Leyna 1st Draft_normalized_artwork.png
2026-06-10 18:19:00,136 - INFO - Component files will be saved in: /Volumes/project/continuo/catalogs/soundcloud/Leyna 1st Draft_astro-catalog/artwork/components
2026-06-10 18:19:00,136 - INFO - Starting the v7 Ultra-High Resolution Album Artwork Generator
2026-06-10 18:19:00,137 - INFO - Output directory: /Volumes/project/continuo/catalogs/soundcloud/Leyna 1st Draft_astro-catalog/artwork
2026-06-10 18:19:00,138 - INFO - Components directory: /Volumes/project/continuo/catalogs/soundcloud/Leyna 1st Draft_astro-catalog/artwork/components
2026-06-10 18:19:00,138 - INFO - Analyzing audio fingerprint...
2026-06-10 18:19:00,147 - INFO - Audio hash: ee3436bf...d6948d81
2026-06-10 18:19:00,147 - INFO - Generating identicon...
2026-06-10 18:19:00,147 - INFO - Trying jdenticon approach 1: /Users/danielramirez/Nextcloud/ore/Notes/Project/utilities/studio/lufs-workchain/node_modules/.bin/jdenticon ee3436bf614244977bc67c902edc61a2f7bf5e7336900e660d7027c9d6948d81
2026-06-10 18:19:00,149 - WARNING - jdenticon approach 1 - command not found
2026-06-10 18:19:00,149 - INFO - Trying jdenticon approach 2: npx --prefix
2026-06-10 18:19:00,357 - WARNING - jdenticon approach 2 failed: Command '['npx', '--prefix', '/Users/danielramirez/Nextcloud/ore/Notes/Project/utilities/studio/lufs-workchain', 'jdenticon', 'ee3436bf614244977bc67c902edc61a2f7bf5e7336900e660d7027c9d6948d81', '--size', '5000', '--output', '/Volumes/project/continuo/catalogs/soundcloud/Leyna 1st Draft_astro-catalog/artwork/components/identicon.png']' returned non-zero exit status 254.
2026-06-10 18:19:00,357 - INFO - Trying jdenticon approach 3: npx jdenticon
2026-06-10 18:19:00,986 - INFO - Identicon created successfully.
2026-06-10 18:19:01,009 - INFO - Generating ultra-high-resolution spectrogram...
2026-06-10 18:19:01,828 - INFO - Using figure dimensions: 50.0x12.5 inches at 400 DPI
2026-06-10 18:19:01,829 - INFO - Target pixel dimensions: 20000x5000
/Users/danielramirez/repos/lufs-workchain/.venv/lib/python3.12/site-packages/PIL/Image.py:3574: DecompressionBombWarning: Image size (100000000 pixels) exceeds limit of 89478485 pixels, could be decompression bomb DOS attack.
  warnings.warn(
2026-06-10 18:19:04,141 - INFO - Raw spectrogram dimensions: 20000x5000 pixels
2026-06-10 18:19:04,141 - INFO - Initial dimensions: 20000x5000 pixels
2026-06-10 18:19:04,142 - INFO - Adjusting saturation to 0.5...
2026-06-10 18:19:06,099 - INFO - Saved full rectangular spectrogram to: /Volumes/project/continuo/catalogs/soundcloud/Leyna 1st Draft_astro-catalog/artwork/components/rectangle_spectrogram.png
2026-06-10 18:19:06,109 - INFO - Square crop dimensions: 5000x5000
2026-06-10 18:19:06,615 - INFO - Saved 5000x5000 square spectrogram to: /Volumes/project/continuo/catalogs/soundcloud/Leyna 1st Draft_astro-catalog/artwork/components/spectrogram.png
2026-06-10 18:19:06,615 - INFO - Spectrogram segment covers audio from 37.82s to 63.03s
2026-06-10 18:19:06,636 - INFO - Working with spectrogram: 5000x5000, identicon: 5000x5000
2026-06-10 18:19:06,636 - INFO - Enhancing spectrogram contrast...
2026-06-10 18:19:06,750 - INFO - Resizing identicon for overlay...
2026-06-10 18:19:06,884 - INFO - Creating final composite image...
2026-06-10 18:19:07,455 - INFO - Album artwork generated successfully: /Volumes/project/continuo/catalogs/soundcloud/Leyna 1st Draft_astro-catalog/artwork/Leyna 1st Draft_normalized_artwork.png
2026-06-10 18:19:07,459 - INFO - Ultra-high resolution (5000x5000) artwork generation finished successfully.
2026-06-10 18:19:07,459 - INFO - Final artwork saved at: /Volumes/project/continuo/catalogs/soundcloud/Leyna 1st Draft_astro-catalog/artwork/Leyna 1st Draft_normalized_artwork.png
