2026-06-10 18:16:47,621 - INFO - Ultra-High Resolution Album Artwork Generator v7 (5000x5000 Edition)
2026-06-10 18:16:47,621 - INFO - -------------------------------------------------
2026-06-10 18:16:47,621 - INFO - Using saturation level: 0.5
2026-06-10 18:16:47,621 - INFO - Processing audio file: /Volumes/project/continuo/catalogs/soundcloud/Hm._astro-catalog/Hm._normalized.wav
2026-06-10 18:16:47,621 - INFO - Output will be saved as: /Volumes/project/continuo/catalogs/soundcloud/Hm._astro-catalog/artwork/Hm._normalized_artwork.png
2026-06-10 18:16:47,621 - INFO - Component files will be saved in: /Volumes/project/continuo/catalogs/soundcloud/Hm._astro-catalog/artwork/components
2026-06-10 18:16:47,621 - INFO - Starting the v7 Ultra-High Resolution Album Artwork Generator
2026-06-10 18:16:47,623 - INFO - Output directory: /Volumes/project/continuo/catalogs/soundcloud/Hm._astro-catalog/artwork
2026-06-10 18:16:47,623 - INFO - Components directory: /Volumes/project/continuo/catalogs/soundcloud/Hm._astro-catalog/artwork/components
2026-06-10 18:16:47,623 - INFO - Analyzing audio fingerprint...
2026-06-10 18:16:47,632 - INFO - Audio hash: 52887c2c...161b60f4
2026-06-10 18:16:47,632 - INFO - Generating identicon...
2026-06-10 18:16:47,632 - INFO - Trying jdenticon approach 1: /Users/danielramirez/Nextcloud/ore/Notes/Project/utilities/studio/lufs-workchain/node_modules/.bin/jdenticon 52887c2ca2e781c7a96bbe5a2cd5d33ecded44d7ba524a70ca548def161b60f4
2026-06-10 18:16:47,635 - WARNING - jdenticon approach 1 - command not found
2026-06-10 18:16:47,635 - INFO - Trying jdenticon approach 2: npx --prefix
2026-06-10 18:16:47,844 - WARNING - jdenticon approach 2 failed: Command '['npx', '--prefix', '/Users/danielramirez/Nextcloud/ore/Notes/Project/utilities/studio/lufs-workchain', 'jdenticon', '52887c2ca2e781c7a96bbe5a2cd5d33ecded44d7ba524a70ca548def161b60f4', '--size', '5000', '--output', '/Volumes/project/continuo/catalogs/soundcloud/Hm._astro-catalog/artwork/components/identicon.png']' returned non-zero exit status 254.
2026-06-10 18:16:47,844 - INFO - Trying jdenticon approach 3: npx jdenticon
2026-06-10 18:16:48,431 - INFO - Identicon created successfully.
2026-06-10 18:16:48,453 - INFO - Generating ultra-high-resolution spectrogram...
2026-06-10 18:16:49,285 - INFO - Using figure dimensions: 50.0x12.5 inches at 400 DPI
2026-06-10 18:16:49,285 - INFO - Target pixel dimensions: 20000x5000
/Users/danielramirez/repos/lufs-workchain/.venv/lib/python3.12/site-packages/PIL/Image.py:3574: DecompressionBombWarning: Image size (100000000 pixels) exceeds limit of 89478485 pixels, could be decompression bomb DOS attack.
  warnings.warn(
2026-06-10 18:16:51,333 - INFO - Raw spectrogram dimensions: 20000x5000 pixels
2026-06-10 18:16:51,333 - INFO - Initial dimensions: 20000x5000 pixels
2026-06-10 18:16:51,333 - INFO - Adjusting saturation to 0.5...
2026-06-10 18:16:53,084 - INFO - Saved full rectangular spectrogram to: /Volumes/project/continuo/catalogs/soundcloud/Hm._astro-catalog/artwork/components/rectangle_spectrogram.png
2026-06-10 18:16:53,093 - INFO - Square crop dimensions: 5000x5000
2026-06-10 18:16:53,519 - INFO - Saved 5000x5000 square spectrogram to: /Volumes/project/continuo/catalogs/soundcloud/Hm._astro-catalog/artwork/components/spectrogram.png
2026-06-10 18:16:53,519 - INFO - Spectrogram segment covers audio from 35.28s to 58.80s
2026-06-10 18:16:53,538 - INFO - Working with spectrogram: 5000x5000, identicon: 5000x5000
2026-06-10 18:16:53,538 - INFO - Enhancing spectrogram contrast...
2026-06-10 18:16:53,642 - INFO - Resizing identicon for overlay...
2026-06-10 18:16:53,782 - INFO - Creating final composite image...
2026-06-10 18:16:54,288 - INFO - Album artwork generated successfully: /Volumes/project/continuo/catalogs/soundcloud/Hm._astro-catalog/artwork/Hm._normalized_artwork.png
2026-06-10 18:16:54,292 - INFO - Ultra-high resolution (5000x5000) artwork generation finished successfully.
2026-06-10 18:16:54,292 - INFO - Final artwork saved at: /Volumes/project/continuo/catalogs/soundcloud/Hm._astro-catalog/artwork/Hm._normalized_artwork.png
