# Normalization Log - Wed Jun 10 18:16:40 CDT 2026
Target LUFS: -14
Two-pass: true
LRA: 7
True Peak: -1.5 dB

ffmpeg version 8.1.1 Copyright (c) 2000-2026 the FFmpeg developers
  built with Apple clang version 21.0.0 (clang-2100.0.123.102)
  configuration: --prefix=/opt/homebrew/Cellar/ffmpeg/8.1.1 --enable-shared --enable-pthreads --enable-version3 --cc=clang --host-cflags= --host-ldflags= --enable-ffplay --enable-gpl --enable-libsvtav1 --enable-libopus --enable-libx264 --enable-libmp3lame --enable-libdav1d --enable-libvmaf --enable-libvpx --enable-libx265 --enable-openssl --enable-videotoolbox --enable-audiotoolbox --enable-neon
  libavutil      60. 26.101 / 60. 26.101
  libavcodec     62. 28.101 / 62. 28.101
  libavformat    62. 12.101 / 62. 12.101
  libavdevice    62.  3.101 / 62.  3.101
  libavfilter    11. 14.101 / 11. 14.101
  libswscale      9.  5.101 /  9.  5.101
  libswresample   6.  3.101 /  6.  3.101
[aist#0:0/pcm_s24le @ 0x790c0c180] Guessed Channel Layout: stereo
Input #0, wav, from '/Volumes/project/continuo/catalogs/soundcloud/Hm..wav':
  Metadata:
    encoded_by      : Logic Pro X
    date            : 2018-03-29
    creation_time   : 23:06:45
    time_reference  : 172800000
    umid            : 0x00000000000000000000000000000000000000000000000000000000AD000B4B3DB32974F04AB3E1FE7F00004051800F01000000304BB3E1FE7F00003DF62C7A
    coding_history  : 
  Duration: 00:01:34.07, bitrate: 2307 kb/s
  Chapters:
    Chapter #0:0: start 0.000000, end 0.600000
      Metadata:
        title           : Tempo: 200.0
    Chapter #0:1: start 0.600000, end 1.200000
      Metadata:
        title           : Rocket Launcher
    Chapter #0:2: start 1.200000, end 13.200000
      Metadata:
        title           : Impact, intensity
    Chapter #0:3: start 13.200000, end 19.800000
      Metadata:
        title           : Second Rocket
    Chapter #0:4: start 19.800000, end 30.000000
      Metadata:
        title           : Batman arrives, Theme and Build, A Section
    Chapter #0:5: start 30.000000, end 37.200000
      Metadata:
        title           : Truck Impact, Back to intensity A section
    Chapter #0:6: start 37.200000, end 42.300000
      Metadata:
        title           : Main Build Sirens
    Chapter #0:7: start 42.300000, end 52.200000
      Metadata:
        title           : Batman is about to wreck Build Sirens Part 2
    Chapter #0:8: start 52.200000, end 59.400000
      Metadata:
        title           : Double time Build
    Chapter #0:9: start 59.400000, end 60.000000
      Metadata:
        title           : About to Impact
    Chapter #0:10: start 60.000000, end 61.800000
      Metadata:
        title           : Fake Out to Build Part A
    Chapter #0:11: start 61.800000, end 70.500000
      Metadata:
        title           : Theme with Build
    Chapter #0:12: start 70.500000, end 72.075000
      Metadata:
        title           : Double-Time build
    Chapter #0:13: start 72.075000, end 72.750000
      Metadata:
        title           : Third Rocket
    Chapter #0:14: start 72.750000, end 89.400000
      Metadata:
        title           : Final Impact to Resolution and last percussion
    Chapter #0:15: start 89.400000, end 94.072000
      Metadata:
        title           : Last Crash
  Stream #0:0: Audio: pcm_s24le ([1][0][0][0] / 0x0001), 48000 Hz, stereo, s32 (24 bit), 2304 kb/s
Stream mapping:
  Stream #0:0 -> #0:0 (pcm_s24le (native) -> pcm_s16le (native))
Press [q] to stop, [?] for help
Output #0, wav, to '/Volumes/project/continuo/catalogs/soundcloud/Hm._astro-catalog/Hm._normalized.wav':
  Metadata:
    ITCH            : Logic Pro X
    ICRD            : 2018-03-29
    coding_history  : 
    time_reference  : 172800000
    umid            : 0x00000000000000000000000000000000000000000000000000000000AD000B4B3DB32974F04AB3E1FE7F00004051800F01000000304BB3E1FE7F00003DF62C7A
    ISFT            : Lavf62.12.101
  Chapters:
    Chapter #0:0: start 0.000000, end 0.600000
      Metadata:
        title           : Tempo: 200.0
    Chapter #0:1: start 0.600000, end 1.200000
      Metadata:
        title           : Rocket Launcher
    Chapter #0:2: start 1.200000, end 13.200000
      Metadata:
        title           : Impact, intensity
    Chapter #0:3: start 13.200000, end 19.800000
      Metadata:
        title           : Second Rocket
    Chapter #0:4: start 19.800000, end 30.000000
      Metadata:
        title           : Batman arrives, Theme and Build, A Section
    Chapter #0:5: start 30.000000, end 37.200000
      Metadata:
        title           : Truck Impact, Back to intensity A section
    Chapter #0:6: start 37.200000, end 42.300000
      Metadata:
        title           : Main Build Sirens
    Chapter #0:7: start 42.300000, end 52.200000
      Metadata:
        title           : Batman is about to wreck Build Sirens Part 2
    Chapter #0:8: start 52.200000, end 59.400000
      Metadata:
        title           : Double time Build
    Chapter #0:9: start 59.400000, end 60.000000
      Metadata:
        title           : About to Impact
    Chapter #0:10: start 60.000000, end 61.800000
      Metadata:
        title           : Fake Out to Build Part A
    Chapter #0:11: start 61.800000, end 70.500000
      Metadata:
        title           : Theme with Build
    Chapter #0:12: start 70.500000, end 72.075000
      Metadata:
        title           : Double-Time build
    Chapter #0:13: start 72.075000, end 72.750000
      Metadata:
        title           : Third Rocket
    Chapter #0:14: start 72.750000, end 89.400000
      Metadata:
        title           : Final Impact to Resolution and last percussion
    Chapter #0:15: start 89.400000, end 94.072000
      Metadata:
        title           : Last Crash
  Stream #0:0: Audio: pcm_s16le ([1][0][0][0] / 0x0001), 48000 Hz, stereo, s16, 1536 kb/s
    Metadata:
      encoder         : Lavc62.28.101 pcm_s16le
size=    3584KiB time=00:00:19.69 bitrate=1490.4kbits/s speed=  39x elapsed=0:00:00.50    size=    7424KiB time=00:00:40.09 bitrate=1516.7kbits/s speed=39.7x elapsed=0:00:01.01    size=   11264KiB time=00:01:00.49 bitrate=1525.2kbits/s speed=  40x elapsed=0:00:01.51    size=   15104KiB time=00:01:20.89 bitrate=1529.4kbits/s speed=40.1x elapsed=0:00:02.01    [out#0/wav @ 0x790840180] video:0KiB audio:17638KiB subtitle:0KiB other streams:0KiB global headers:0KiB muxing overhead: 0.000653%
size=   17639KiB time=00:01:34.10 bitrate=1535.6kbits/s speed=40.3x elapsed=0:00:02.33    
