2026-06-10 18:18:29,224 - INFO - Ultra-High Resolution Album Artwork Generator v7 (5000x5000 Edition)
2026-06-10 18:18:29,224 - INFO - -------------------------------------------------
2026-06-10 18:18:29,224 - INFO - Using saturation level: 0.5
2026-06-10 18:18:29,224 - INFO - Processing audio file: /Volumes/project/continuo/catalogs/soundcloud/Buchla Piece_astro-catalog/Buchla Piece_normalized.mp3
2026-06-10 18:18:29,224 - INFO - Output will be saved as: /Volumes/project/continuo/catalogs/soundcloud/Buchla Piece_astro-catalog/artwork/Buchla Piece_normalized_artwork.png
2026-06-10 18:18:29,224 - INFO - Component files will be saved in: /Volumes/project/continuo/catalogs/soundcloud/Buchla Piece_astro-catalog/artwork/components
2026-06-10 18:18:29,224 - INFO - Starting the v7 Ultra-High Resolution Album Artwork Generator
2026-06-10 18:18:29,227 - INFO - Output directory: /Volumes/project/continuo/catalogs/soundcloud/Buchla Piece_astro-catalog/artwork
2026-06-10 18:18:29,227 - INFO - Components directory: /Volumes/project/continuo/catalogs/soundcloud/Buchla Piece_astro-catalog/artwork/components
2026-06-10 18:18:29,227 - INFO - Analyzing audio fingerprint...
2026-06-10 18:18:29,228 - INFO - Audio hash: 70aa1ba9...bb72cf5c
2026-06-10 18:18:29,228 - INFO - Generating identicon...
2026-06-10 18:18:29,228 - INFO - Trying jdenticon approach 1: /Users/danielramirez/Nextcloud/ore/Notes/Project/utilities/studio/lufs-workchain/node_modules/.bin/jdenticon 70aa1ba9965d715f5a36f1722cc0e11bae29e62ade6fa73b98dcb56bbb72cf5c
2026-06-10 18:18:29,231 - WARNING - jdenticon approach 1 - command not found
2026-06-10 18:18:29,231 - INFO - Trying jdenticon approach 2: npx --prefix
2026-06-10 18:18:29,434 - WARNING - jdenticon approach 2 failed: Command '['npx', '--prefix', '/Users/danielramirez/Nextcloud/ore/Notes/Project/utilities/studio/lufs-workchain', 'jdenticon', '70aa1ba9965d715f5a36f1722cc0e11bae29e62ade6fa73b98dcb56bbb72cf5c', '--size', '5000', '--output', '/Volumes/project/continuo/catalogs/soundcloud/Buchla Piece_astro-catalog/artwork/components/identicon.png']' returned non-zero exit status 254.
2026-06-10 18:18:29,434 - INFO - Trying jdenticon approach 3: npx jdenticon
2026-06-10 18:18:29,917 - INFO - Identicon created successfully.
2026-06-10 18:18:29,946 - INFO - Generating ultra-high-resolution spectrogram...
2026-06-10 18:18:30,870 - INFO - Using figure dimensions: 50.0x12.5 inches at 400 DPI
2026-06-10 18:18:30,870 - INFO - Target pixel dimensions: 20000x5000
/Users/danielramirez/repos/lufs-workchain/.venv/lib/python3.12/site-packages/PIL/Image.py:3574: DecompressionBombWarning: Image size (100000000 pixels) exceeds limit of 89478485 pixels, could be decompression bomb DOS attack.
  warnings.warn(
2026-06-10 18:18:34,284 - INFO - Raw spectrogram dimensions: 20000x5000 pixels
2026-06-10 18:18:34,284 - INFO - Initial dimensions: 20000x5000 pixels
2026-06-10 18:18:34,284 - INFO - Adjusting saturation to 0.5...
2026-06-10 18:18:36,901 - INFO - Saved full rectangular spectrogram to: /Volumes/project/continuo/catalogs/soundcloud/Buchla Piece_astro-catalog/artwork/components/rectangle_spectrogram.png
2026-06-10 18:18:36,910 - INFO - Square crop dimensions: 5000x5000
2026-06-10 18:18:37,616 - INFO - Saved 5000x5000 square spectrogram to: /Volumes/project/continuo/catalogs/soundcloud/Buchla Piece_astro-catalog/artwork/components/spectrogram.png
2026-06-10 18:18:37,616 - INFO - Spectrogram segment covers audio from 79.14s to 131.90s
2026-06-10 18:18:37,643 - INFO - Working with spectrogram: 5000x5000, identicon: 5000x5000
2026-06-10 18:18:37,643 - INFO - Enhancing spectrogram contrast...
2026-06-10 18:18:37,744 - INFO - Resizing identicon for overlay...
2026-06-10 18:18:37,880 - INFO - Creating final composite image...
2026-06-10 18:18:38,806 - INFO - Album artwork generated successfully: /Volumes/project/continuo/catalogs/soundcloud/Buchla Piece_astro-catalog/artwork/Buchla Piece_normalized_artwork.png
2026-06-10 18:18:38,811 - INFO - Ultra-high resolution (5000x5000) artwork generation finished successfully.
2026-06-10 18:18:38,811 - INFO - Final artwork saved at: /Volumes/project/continuo/catalogs/soundcloud/Buchla Piece_astro-catalog/artwork/Buchla Piece_normalized_artwork.png
