2026-06-10 18:05:39,799 - INFO - Ultra-High Resolution Album Artwork Generator v7 (5000x5000 Edition)
2026-06-10 18:05:39,799 - INFO - -------------------------------------------------
2026-06-10 18:05:39,799 - INFO - Using saturation level: 0.5
2026-06-10 18:05:39,799 - INFO - Processing audio file: /Volumes/project/continuo/catalogs/reminisce-reprise/reminisce-reprise_astro-catalog/reminisce-reprise_normalized.wav
2026-06-10 18:05:39,799 - INFO - Output will be saved as: /Volumes/project/continuo/catalogs/reminisce-reprise/reminisce-reprise_astro-catalog/artwork/reminisce-reprise_normalized_artwork.png
2026-06-10 18:05:39,799 - INFO - Component files will be saved in: /Volumes/project/continuo/catalogs/reminisce-reprise/reminisce-reprise_astro-catalog/artwork/components
2026-06-10 18:05:39,799 - INFO - Starting the v7 Ultra-High Resolution Album Artwork Generator
2026-06-10 18:05:39,802 - INFO - Output directory: /Volumes/project/continuo/catalogs/reminisce-reprise/reminisce-reprise_astro-catalog/artwork
2026-06-10 18:05:39,802 - INFO - Components directory: /Volumes/project/continuo/catalogs/reminisce-reprise/reminisce-reprise_astro-catalog/artwork/components
2026-06-10 18:05:39,802 - INFO - Analyzing audio fingerprint...
2026-06-10 18:05:39,871 - INFO - Audio hash: 3d010fde...66cec713
2026-06-10 18:05:39,871 - INFO - Generating identicon...
2026-06-10 18:05:39,871 - INFO - Trying jdenticon approach 1: /Users/danielramirez/Nextcloud/ore/Notes/Project/utilities/studio/lufs-workchain/node_modules/.bin/jdenticon 3d010fdeab11efb4da109dd3b7a3b53c3c1014a0b317e0472117b0c166cec713
2026-06-10 18:05:39,874 - WARNING - jdenticon approach 1 - command not found
2026-06-10 18:05:39,874 - INFO - Trying jdenticon approach 2: npx --prefix
2026-06-10 18:05:40,079 - WARNING - jdenticon approach 2 failed: Command '['npx', '--prefix', '/Users/danielramirez/Nextcloud/ore/Notes/Project/utilities/studio/lufs-workchain', 'jdenticon', '3d010fdeab11efb4da109dd3b7a3b53c3c1014a0b317e0472117b0c166cec713', '--size', '5000', '--output', '/Volumes/project/continuo/catalogs/reminisce-reprise/reminisce-reprise_astro-catalog/artwork/components/identicon.png']' returned non-zero exit status 254.
2026-06-10 18:05:40,079 - INFO - Trying jdenticon approach 3: npx jdenticon
2026-06-10 18:05:40,658 - INFO - Identicon created successfully.
2026-06-10 18:05:40,679 - INFO - Generating ultra-high-resolution spectrogram...
2026-06-10 18:05:41,926 - INFO - Using figure dimensions: 50.0x12.5 inches at 400 DPI
2026-06-10 18:05:41,927 - INFO - Target pixel dimensions: 20000x5000
/Users/danielramirez/repos/lufs-workchain/.venv/lib/python3.12/site-packages/PIL/Image.py:3574: DecompressionBombWarning: Image size (100000000 pixels) exceeds limit of 89478485 pixels, could be decompression bomb DOS attack.
  warnings.warn(
2026-06-10 18:05:50,241 - INFO - Raw spectrogram dimensions: 20000x5000 pixels
2026-06-10 18:05:50,241 - INFO - Initial dimensions: 20000x5000 pixels
2026-06-10 18:05:50,241 - INFO - Adjusting saturation to 0.5...
2026-06-10 18:05:52,635 - INFO - Saved full rectangular spectrogram to: /Volumes/project/continuo/catalogs/reminisce-reprise/reminisce-reprise_astro-catalog/artwork/components/rectangle_spectrogram.png
2026-06-10 18:05:52,644 - INFO - Square crop dimensions: 5000x5000
2026-06-10 18:05:53,213 - INFO - Saved 5000x5000 square spectrogram to: /Volumes/project/continuo/catalogs/reminisce-reprise/reminisce-reprise_astro-catalog/artwork/components/spectrogram.png
2026-06-10 18:05:53,213 - INFO - Spectrogram segment covers audio from 337.50s to 562.50s
2026-06-10 18:05:53,271 - INFO - Working with spectrogram: 5000x5000, identicon: 5000x5000
2026-06-10 18:05:53,271 - INFO - Enhancing spectrogram contrast...
2026-06-10 18:05:53,377 - INFO - Resizing identicon for overlay...
2026-06-10 18:05:53,506 - INFO - Creating final composite image...
2026-06-10 18:05:54,047 - INFO - Album artwork generated successfully: /Volumes/project/continuo/catalogs/reminisce-reprise/reminisce-reprise_astro-catalog/artwork/reminisce-reprise_normalized_artwork.png
2026-06-10 18:05:54,052 - INFO - Ultra-high resolution (5000x5000) artwork generation finished successfully.
2026-06-10 18:05:54,052 - INFO - Final artwork saved at: /Volumes/project/continuo/catalogs/reminisce-reprise/reminisce-reprise_astro-catalog/artwork/reminisce-reprise_normalized_artwork.png
