# Normalization Log - Wed Jun 10 17:53:43 CDT 2026
Target LUFS: -14
Two-pass: true
LRA: 7
True Peak: -1.5 dB

ffmpeg version 8.1.1 Copyright (c) 2000-2026 the FFmpeg developers
  built with Apple clang version 21.0.0 (clang-2100.0.123.102)
  configuration: --prefix=/opt/homebrew/Cellar/ffmpeg/8.1.1 --enable-shared --enable-pthreads --enable-version3 --cc=clang --host-cflags= --host-ldflags= --enable-ffplay --enable-gpl --enable-libsvtav1 --enable-libopus --enable-libx264 --enable-libmp3lame --enable-libdav1d --enable-libvmaf --enable-libvpx --enable-libx265 --enable-openssl --enable-videotoolbox --enable-audiotoolbox --enable-neon
  libavutil      60. 26.101 / 60. 26.101
  libavcodec     62. 28.101 / 62. 28.101
  libavformat    62. 12.101 / 62. 12.101
  libavdevice    62.  3.101 / 62.  3.101
  libavfilter    11. 14.101 / 11. 14.101
  libswscale      9.  5.101 /  9.  5.101
  libswresample   6.  3.101 /  6.  3.101
[aist#0:0/pcm_s24le @ 0x780c0c180] Guessed Channel Layout: stereo
Input #0, wav, from '/Volumes/project/continuo/catalogs/elegant-picking/elegant-picking.wav':
  Metadata:
    encoded_by      : Logic Pro
    date            : 2024-12-19
    creation_time   : 11:24:03
    time_reference  : 172627360
    umid            : 0x0000000070A4416B0100000000000000000000000000000000000000109E416B01000000E09D416B0100000054A2EF07010060080000000000000000109E416B
    coding_history  : 
  Duration: 00:06:41.71, bitrate: 2307 kb/s
  Chapters:
    Chapter #0:0: start 0.000000, end 401.711187
      Metadata:
        title           : count-in CC reset
    Chapter #0:1: start 0.000000, end 401.711187
      Metadata:
        title           : intro
  Stream #0:0: Audio: pcm_s24le ([1][0][0][0] / 0x0001), 48000 Hz, stereo, s32 (24 bit), 2304 kb/s
Stream mapping:
  Stream #0:0 -> #0:0 (pcm_s24le (native) -> pcm_s16le (native))
Press [q] to stop, [?] for help
Output #0, wav, to '/Volumes/project/continuo/catalogs/elegant-picking/elegant-picking_astro-catalog/elegant-picking_normalized.wav':
  Metadata:
    ITCH            : Logic Pro
    ICRD            : 2024-12-19
    coding_history  : 
    time_reference  : 172627360
    umid            : 0x0000000070A4416B0100000000000000000000000000000000000000109E416B01000000E09D416B0100000054A2EF07010060080000000000000000109E416B
    ISFT            : Lavf62.12.101
  Chapters:
    Chapter #0:0: start 0.000000, end 401.711187
      Metadata:
        title           : count-in CC reset
    Chapter #0:1: start 0.000000, end 401.711187
      Metadata:
        title           : intro
  Stream #0:0: Audio: pcm_s16le ([1][0][0][0] / 0x0001), 48000 Hz, stereo, s16, 1536 kb/s
    Metadata:
      encoder         : Lavc62.28.101 pcm_s16le
size=    3584KiB time=00:00:19.49 bitrate=1505.7kbits/s speed=38.8x elapsed=0:00:00.50    size=    7168KiB time=00:00:39.09 bitrate=1501.8kbits/s speed=38.8x elapsed=0:00:01.00    size=   11008KiB time=00:00:59.19 bitrate=1523.3kbits/s speed=39.1x elapsed=0:00:01.51    size=   14848KiB time=00:01:19.49 bitrate=1530.0kbits/s speed=39.4x elapsed=0:00:02.01    size=   18688KiB time=00:01:39.89 bitrate=1532.5kbits/s speed=39.6x elapsed=0:00:02.52    size=   22528KiB time=00:02:00.39 bitrate=1532.8kbits/s speed=39.8x elapsed=0:00:03.02    size=   26368KiB time=00:02:20.89 bitrate=1533.1kbits/s speed=39.9x elapsed=0:00:03.53    size=   29952KiB time=00:02:41.09 bitrate=1523.1kbits/s speed=  40x elapsed=0:00:04.03    size=   33792KiB time=00:03:01.29 bitrate=1526.9kbits/s speed=  40x elapsed=0:00:04.53    size=   37632KiB time=00:03:21.89 bitrate=1526.9kbits/s speed=40.1x elapsed=0:00:05.03    size=   41472KiB time=00:03:41.89 bitrate=1531.0kbits/s speed=40.1x elapsed=0:00:05.53    size=   45312KiB time=00:04:02.09 bitrate=1533.2kbits/s speed=40.1x elapsed=0:00:06.04    size=   48896KiB time=00:04:22.19 bitrate=1527.7kbits/s speed=40.1x elapsed=0:00:06.54    size=   52736KiB time=00:04:42.69 bitrate=1528.2kbits/s speed=40.1x elapsed=0:00:07.05    size=   56576KiB time=00:05:02.99 bitrate=1529.6kbits/s speed=40.1x elapsed=0:00:07.55    size=   60416KiB time=00:05:23.49 bitrate=1529.9kbits/s speed=40.1x elapsed=0:00:08.06    size=   64256KiB time=00:05:43.89 bitrate=1530.6kbits/s speed=40.2x elapsed=0:00:08.56    size=   68096KiB time=00:06:04.39 bitrate=1530.9kbits/s speed=40.2x elapsed=0:00:09.06    size=   71936KiB time=00:06:24.89 bitrate=1531.0kbits/s speed=40.2x elapsed=0:00:09.56    [out#0/wav @ 0x780c14240] video:0KiB audio:75321KiB subtitle:0KiB other streams:0KiB global headers:0KiB muxing overhead: 0.000150%
size=   75321KiB time=00:06:41.80 bitrate=1535.7kbits/s speed=40.1x elapsed=0:00:10.01    
