2026-06-10 18:13:00,386 - INFO - Ultra-High Resolution Album Artwork Generator v7 (5000x5000 Edition)
2026-06-10 18:13:00,386 - INFO - -------------------------------------------------
2026-06-10 18:13:00,386 - INFO - Using saturation level: 0.5
2026-06-10 18:13:00,386 - INFO - Processing audio file: /Volumes/project/continuo/catalogs/soundcloud/Ramirez_Daniel_Assign4_v1_022018_astro-catalog/Ramirez_Daniel_Assign4_v1_022018_normalized.wav
2026-06-10 18:13:00,386 - INFO - Output will be saved as: /Volumes/project/continuo/catalogs/soundcloud/Ramirez_Daniel_Assign4_v1_022018_astro-catalog/artwork/Ramirez_Daniel_Assign4_v1_022018_normalized_artwork.png
2026-06-10 18:13:00,386 - INFO - Component files will be saved in: /Volumes/project/continuo/catalogs/soundcloud/Ramirez_Daniel_Assign4_v1_022018_astro-catalog/artwork/components
2026-06-10 18:13:00,386 - INFO - Starting the v7 Ultra-High Resolution Album Artwork Generator
2026-06-10 18:13:00,388 - INFO - Output directory: /Volumes/project/continuo/catalogs/soundcloud/Ramirez_Daniel_Assign4_v1_022018_astro-catalog/artwork
2026-06-10 18:13:00,388 - INFO - Components directory: /Volumes/project/continuo/catalogs/soundcloud/Ramirez_Daniel_Assign4_v1_022018_astro-catalog/artwork/components
2026-06-10 18:13:00,388 - INFO - Analyzing audio fingerprint...
2026-06-10 18:13:00,401 - INFO - Audio hash: 53d65e77...d86a021b
2026-06-10 18:13:00,401 - INFO - Generating identicon...
2026-06-10 18:13:00,401 - INFO - Trying jdenticon approach 1: /Users/danielramirez/Nextcloud/ore/Notes/Project/utilities/studio/lufs-workchain/node_modules/.bin/jdenticon 53d65e772b8a7553535ae4203127043ce4a7f01578e50f766bdc7b9ad86a021b
2026-06-10 18:13:00,404 - WARNING - jdenticon approach 1 - command not found
2026-06-10 18:13:00,404 - INFO - Trying jdenticon approach 2: npx --prefix
2026-06-10 18:13:00,661 - WARNING - jdenticon approach 2 failed: Command '['npx', '--prefix', '/Users/danielramirez/Nextcloud/ore/Notes/Project/utilities/studio/lufs-workchain', 'jdenticon', '53d65e772b8a7553535ae4203127043ce4a7f01578e50f766bdc7b9ad86a021b', '--size', '5000', '--output', '/Volumes/project/continuo/catalogs/soundcloud/Ramirez_Daniel_Assign4_v1_022018_astro-catalog/artwork/components/identicon.png']' returned non-zero exit status 254.
2026-06-10 18:13:00,661 - INFO - Trying jdenticon approach 3: npx jdenticon
2026-06-10 18:13:01,251 - INFO - Identicon created successfully.
2026-06-10 18:13:01,284 - INFO - Generating ultra-high-resolution spectrogram...
2026-06-10 18:13:02,259 - INFO - Using figure dimensions: 50.0x12.5 inches at 400 DPI
2026-06-10 18:13:02,259 - INFO - Target pixel dimensions: 20000x5000
/Users/danielramirez/repos/lufs-workchain/.venv/lib/python3.12/site-packages/PIL/Image.py:3574: DecompressionBombWarning: Image size (100000000 pixels) exceeds limit of 89478485 pixels, could be decompression bomb DOS attack.
  warnings.warn(
2026-06-10 18:13:04,963 - INFO - Raw spectrogram dimensions: 20000x5000 pixels
2026-06-10 18:13:04,963 - INFO - Initial dimensions: 20000x5000 pixels
2026-06-10 18:13:04,963 - INFO - Adjusting saturation to 0.5...
2026-06-10 18:13:07,076 - INFO - Saved full rectangular spectrogram to: /Volumes/project/continuo/catalogs/soundcloud/Ramirez_Daniel_Assign4_v1_022018_astro-catalog/artwork/components/rectangle_spectrogram.png
2026-06-10 18:13:07,084 - INFO - Square crop dimensions: 5000x5000
2026-06-10 18:13:07,635 - INFO - Saved 5000x5000 square spectrogram to: /Volumes/project/continuo/catalogs/soundcloud/Ramirez_Daniel_Assign4_v1_022018_astro-catalog/artwork/components/spectrogram.png
2026-06-10 18:13:07,636 - INFO - Spectrogram segment covers audio from 47.25s to 78.75s
2026-06-10 18:13:07,657 - INFO - Working with spectrogram: 5000x5000, identicon: 5000x5000
2026-06-10 18:13:07,657 - INFO - Enhancing spectrogram contrast...
2026-06-10 18:13:07,771 - INFO - Resizing identicon for overlay...
2026-06-10 18:13:07,920 - INFO - Creating final composite image...
2026-06-10 18:13:08,528 - INFO - Album artwork generated successfully: /Volumes/project/continuo/catalogs/soundcloud/Ramirez_Daniel_Assign4_v1_022018_astro-catalog/artwork/Ramirez_Daniel_Assign4_v1_022018_normalized_artwork.png
2026-06-10 18:13:08,532 - INFO - Ultra-high resolution (5000x5000) artwork generation finished successfully.
2026-06-10 18:13:08,533 - INFO - Final artwork saved at: /Volumes/project/continuo/catalogs/soundcloud/Ramirez_Daniel_Assign4_v1_022018_astro-catalog/artwork/Ramirez_Daniel_Assign4_v1_022018_normalized_artwork.png
