# Normalization Log - Wed Jun 10 18:12:49 CDT 2026
Target LUFS: -14
Two-pass: true
LRA: 7
True Peak: -1.5 dB

ffmpeg version 8.1.1 Copyright (c) 2000-2026 the FFmpeg developers
  built with Apple clang version 21.0.0 (clang-2100.0.123.102)
  configuration: --prefix=/opt/homebrew/Cellar/ffmpeg/8.1.1 --enable-shared --enable-pthreads --enable-version3 --cc=clang --host-cflags= --host-ldflags= --enable-ffplay --enable-gpl --enable-libsvtav1 --enable-libopus --enable-libx264 --enable-libmp3lame --enable-libdav1d --enable-libvmaf --enable-libvpx --enable-libx265 --enable-openssl --enable-videotoolbox --enable-audiotoolbox --enable-neon
  libavutil      60. 26.101 / 60. 26.101
  libavcodec     62. 28.101 / 62. 28.101
  libavformat    62. 12.101 / 62. 12.101
  libavdevice    62.  3.101 / 62.  3.101
  libavfilter    11. 14.101 / 11. 14.101
  libswscale      9.  5.101 /  9.  5.101
  libswresample   6.  3.101 /  6.  3.101
[aist#0:0/pcm_s24le @ 0x780c08180] Guessed Channel Layout: stereo
Input #0, wav, from '/Volumes/project/continuo/catalogs/soundcloud/Ramirez_Daniel_Assign4_v1_022018.wav':
  Duration: 00:02:06.00, bitrate: 2307 kb/s
  Stream #0:0: Audio: pcm_s24le ([1][0][0][0] / 0x0001), 48000 Hz, stereo, s32 (24 bit), 2304 kb/s
Stream mapping:
  Stream #0:0 -> #0:0 (pcm_s24le (native) -> pcm_s16le (native))
Press [q] to stop, [?] for help
Output #0, wav, to '/Volumes/project/continuo/catalogs/soundcloud/Ramirez_Daniel_Assign4_v1_022018_astro-catalog/Ramirez_Daniel_Assign4_v1_022018_normalized.wav':
  Metadata:
    ISFT            : Lavf62.12.101
  Stream #0:0: Audio: pcm_s16le ([1][0][0][0] / 0x0001), 48000 Hz, stereo, s16, 1536 kb/s
    Metadata:
      encoder         : Lavc62.28.101 pcm_s16le
size=    2304KiB time=00:00:13.49 bitrate=1398.1kbits/s speed=26.7x elapsed=0:00:00.50    size=    5376KiB time=00:00:29.09 bitrate=1513.4kbits/s speed=28.8x elapsed=0:00:01.01    size=    8960KiB time=00:00:48.09 bitrate=1526.0kbits/s speed=31.8x elapsed=0:00:01.51    size=   12288KiB time=00:01:06.39 bitrate=1516.0kbits/s speed=32.9x elapsed=0:00:02.01    size=   15616KiB time=00:01:23.59 bitrate=1530.2kbits/s speed=33.2x elapsed=0:00:02.51    size=   18944KiB time=00:01:41.49 bitrate=1529.0kbits/s speed=33.6x elapsed=0:00:03.02    size=   22272KiB time=00:01:58.89 bitrate=1534.5kbits/s speed=33.8x elapsed=0:00:03.52    [out#0/wav @ 0x781400240] video:0KiB audio:23625KiB subtitle:0KiB other streams:0KiB global headers:0KiB muxing overhead: 0.000322%
size=   23625KiB time=00:02:06.00 bitrate=1536.0kbits/s speed=  34x elapsed=0:00:03.70    
