2026-06-10 17:48:58,312 - INFO - Ultra-High Resolution Album Artwork Generator v7 (5000x5000 Edition)
2026-06-10 17:48:58,312 - INFO - -------------------------------------------------
2026-06-10 17:48:58,312 - INFO - Using saturation level: 0.5
2026-06-10 17:48:58,312 - INFO - Processing audio file: /Volumes/project/continuo/catalogs/a98ff_praise-legend-road/111-46.17414-08.862_astro-catalog/111-46.17414-08.862_normalized.wav
2026-06-10 17:48:58,312 - INFO - Output will be saved as: /Volumes/project/continuo/catalogs/a98ff_praise-legend-road/111-46.17414-08.862_astro-catalog/artwork/111-46.17414-08.862_normalized_artwork.png
2026-06-10 17:48:58,312 - INFO - Component files will be saved in: /Volumes/project/continuo/catalogs/a98ff_praise-legend-road/111-46.17414-08.862_astro-catalog/artwork/components
2026-06-10 17:48:58,312 - INFO - Starting the v7 Ultra-High Resolution Album Artwork Generator
2026-06-10 17:48:58,320 - INFO - Output directory: /Volumes/project/continuo/catalogs/a98ff_praise-legend-road/111-46.17414-08.862_astro-catalog/artwork
2026-06-10 17:48:58,320 - INFO - Components directory: /Volumes/project/continuo/catalogs/a98ff_praise-legend-road/111-46.17414-08.862_astro-catalog/artwork/components
2026-06-10 17:48:58,320 - INFO - Analyzing audio fingerprint...
2026-06-10 17:48:58,332 - INFO - Audio hash: 6b7c0108...51a0d47b
2026-06-10 17:48:58,332 - INFO - Generating identicon...
2026-06-10 17:48:58,332 - INFO - Trying jdenticon approach 1: /Users/danielramirez/Nextcloud/ore/Notes/Project/utilities/studio/lufs-workchain/node_modules/.bin/jdenticon 6b7c010847d76b3f057411301923f53995997f531d8dd0d4f035b3b951a0d47b
2026-06-10 17:48:58,334 - WARNING - jdenticon approach 1 - command not found
2026-06-10 17:48:58,334 - INFO - Trying jdenticon approach 2: npx --prefix
2026-06-10 17:48:58,530 - WARNING - jdenticon approach 2 failed: Command '['npx', '--prefix', '/Users/danielramirez/Nextcloud/ore/Notes/Project/utilities/studio/lufs-workchain', 'jdenticon', '6b7c010847d76b3f057411301923f53995997f531d8dd0d4f035b3b951a0d47b', '--size', '5000', '--output', '/Volumes/project/continuo/catalogs/a98ff_praise-legend-road/111-46.17414-08.862_astro-catalog/artwork/components/identicon.png']' returned non-zero exit status 254.
2026-06-10 17:48:58,530 - INFO - Trying jdenticon approach 3: npx jdenticon
2026-06-10 17:48:59,103 - INFO - Identicon created successfully.
2026-06-10 17:48:59,125 - INFO - Generating ultra-high-resolution spectrogram...
2026-06-10 17:48:59,942 - INFO - Using figure dimensions: 50.0x12.5 inches at 400 DPI
2026-06-10 17:48:59,942 - INFO - Target pixel dimensions: 20000x5000
/Users/danielramirez/repos/lufs-workchain/.venv/lib/python3.12/site-packages/PIL/Image.py:3574: DecompressionBombWarning: Image size (100000000 pixels) exceeds limit of 89478485 pixels, could be decompression bomb DOS attack.
  warnings.warn(
2026-06-10 17:49:02,713 - INFO - Raw spectrogram dimensions: 20000x5000 pixels
2026-06-10 17:49:02,713 - INFO - Initial dimensions: 20000x5000 pixels
2026-06-10 17:49:02,713 - INFO - Adjusting saturation to 0.5...
2026-06-10 17:49:04,772 - INFO - Saved full rectangular spectrogram to: /Volumes/project/continuo/catalogs/a98ff_praise-legend-road/111-46.17414-08.862_astro-catalog/artwork/components/rectangle_spectrogram.png
2026-06-10 17:49:04,781 - INFO - Square crop dimensions: 5000x5000
2026-06-10 17:49:05,307 - INFO - Saved 5000x5000 square spectrogram to: /Volumes/project/continuo/catalogs/a98ff_praise-legend-road/111-46.17414-08.862_astro-catalog/artwork/components/spectrogram.png
2026-06-10 17:49:05,307 - INFO - Spectrogram segment covers audio from 53.45s to 89.09s
2026-06-10 17:49:05,328 - INFO - Working with spectrogram: 5000x5000, identicon: 5000x5000
2026-06-10 17:49:05,328 - INFO - Enhancing spectrogram contrast...
2026-06-10 17:49:05,428 - INFO - Resizing identicon for overlay...
2026-06-10 17:49:05,558 - INFO - Creating final composite image...
2026-06-10 17:49:06,146 - INFO - Album artwork generated successfully: /Volumes/project/continuo/catalogs/a98ff_praise-legend-road/111-46.17414-08.862_astro-catalog/artwork/111-46.17414-08.862_normalized_artwork.png
2026-06-10 17:49:06,150 - INFO - Ultra-high resolution (5000x5000) artwork generation finished successfully.
2026-06-10 17:49:06,150 - INFO - Final artwork saved at: /Volumes/project/continuo/catalogs/a98ff_praise-legend-road/111-46.17414-08.862_astro-catalog/artwork/111-46.17414-08.862_normalized_artwork.png
