2026-06-10 17:45:05,690 - INFO - Ultra-High Resolution Album Artwork Generator v7 (5000x5000 Edition)
2026-06-10 17:45:05,690 - INFO - -------------------------------------------------
2026-06-10 17:45:05,691 - INFO - Using saturation level: 0.5
2026-06-10 17:45:05,691 - INFO - Processing audio file: /Volumes/project/continuo/catalogs/a98ff_praise-legend-road/152-00.00054-20.554_astro-catalog/152-00.00054-20.554_normalized.wav
2026-06-10 17:45:05,691 - INFO - Output will be saved as: /Volumes/project/continuo/catalogs/a98ff_praise-legend-road/152-00.00054-20.554_astro-catalog/artwork/152-00.00054-20.554_normalized_artwork.png
2026-06-10 17:45:05,691 - INFO - Component files will be saved in: /Volumes/project/continuo/catalogs/a98ff_praise-legend-road/152-00.00054-20.554_astro-catalog/artwork/components
2026-06-10 17:45:05,691 - INFO - Starting the v7 Ultra-High Resolution Album Artwork Generator
2026-06-10 17:45:05,693 - INFO - Output directory: /Volumes/project/continuo/catalogs/a98ff_praise-legend-road/152-00.00054-20.554_astro-catalog/artwork
2026-06-10 17:45:05,693 - INFO - Components directory: /Volumes/project/continuo/catalogs/a98ff_praise-legend-road/152-00.00054-20.554_astro-catalog/artwork/components
2026-06-10 17:45:05,693 - INFO - Analyzing audio fingerprint...
2026-06-10 17:45:05,704 - INFO - Audio hash: 9a676e4b...e3c45b9a
2026-06-10 17:45:05,704 - INFO - Generating identicon...
2026-06-10 17:45:05,704 - INFO - Trying jdenticon approach 1: /Users/danielramirez/Nextcloud/ore/Notes/Project/utilities/studio/lufs-workchain/node_modules/.bin/jdenticon 9a676e4b656ad83389e5555280932cd8cd5a5a2d39215bfa05a017a7e3c45b9a
2026-06-10 17:45:05,706 - WARNING - jdenticon approach 1 - command not found
2026-06-10 17:45:05,706 - INFO - Trying jdenticon approach 2: npx --prefix
2026-06-10 17:45:05,903 - WARNING - jdenticon approach 2 failed: Command '['npx', '--prefix', '/Users/danielramirez/Nextcloud/ore/Notes/Project/utilities/studio/lufs-workchain', 'jdenticon', '9a676e4b656ad83389e5555280932cd8cd5a5a2d39215bfa05a017a7e3c45b9a', '--size', '5000', '--output', '/Volumes/project/continuo/catalogs/a98ff_praise-legend-road/152-00.00054-20.554_astro-catalog/artwork/components/identicon.png']' returned non-zero exit status 254.
2026-06-10 17:45:05,904 - INFO - Trying jdenticon approach 3: npx jdenticon
2026-06-10 17:45:06,527 - INFO - Identicon created successfully.
2026-06-10 17:45:06,549 - INFO - Generating ultra-high-resolution spectrogram...
2026-06-10 17:45:07,444 - INFO - Using figure dimensions: 50.0x12.5 inches at 400 DPI
2026-06-10 17:45:07,444 - INFO - Target pixel dimensions: 20000x5000
/Users/danielramirez/repos/lufs-workchain/.venv/lib/python3.12/site-packages/PIL/Image.py:3574: DecompressionBombWarning: Image size (100000000 pixels) exceeds limit of 89478485 pixels, could be decompression bomb DOS attack.
  warnings.warn(
2026-06-10 17:45:10,224 - INFO - Raw spectrogram dimensions: 20000x5000 pixels
2026-06-10 17:45:10,224 - INFO - Initial dimensions: 20000x5000 pixels
2026-06-10 17:45:10,224 - INFO - Adjusting saturation to 0.5...
2026-06-10 17:45:12,215 - INFO - Saved full rectangular spectrogram to: /Volumes/project/continuo/catalogs/a98ff_praise-legend-road/152-00.00054-20.554_astro-catalog/artwork/components/rectangle_spectrogram.png
2026-06-10 17:45:12,224 - INFO - Square crop dimensions: 5000x5000
2026-06-10 17:45:12,744 - INFO - Saved 5000x5000 square spectrogram to: /Volumes/project/continuo/catalogs/a98ff_praise-legend-road/152-00.00054-20.554_astro-catalog/artwork/components/spectrogram.png
2026-06-10 17:45:12,744 - INFO - Spectrogram segment covers audio from 50.64s to 84.39s
2026-06-10 17:45:12,765 - INFO - Working with spectrogram: 5000x5000, identicon: 5000x5000
2026-06-10 17:45:12,765 - INFO - Enhancing spectrogram contrast...
2026-06-10 17:45:12,868 - INFO - Resizing identicon for overlay...
2026-06-10 17:45:13,002 - INFO - Creating final composite image...
2026-06-10 17:45:13,601 - INFO - Album artwork generated successfully: /Volumes/project/continuo/catalogs/a98ff_praise-legend-road/152-00.00054-20.554_astro-catalog/artwork/152-00.00054-20.554_normalized_artwork.png
2026-06-10 17:45:13,605 - INFO - Ultra-high resolution (5000x5000) artwork generation finished successfully.
2026-06-10 17:45:13,605 - INFO - Final artwork saved at: /Volumes/project/continuo/catalogs/a98ff_praise-legend-road/152-00.00054-20.554_astro-catalog/artwork/152-00.00054-20.554_normalized_artwork.png
