# Normalization Log - Wed Jun 10 17:44:55 CDT 2026
Target LUFS: -14
Two-pass: true
LRA: 7
True Peak: -1.5 dB

ffmpeg version 8.1.1 Copyright (c) 2000-2026 the FFmpeg developers
  built with Apple clang version 21.0.0 (clang-2100.0.123.102)
  configuration: --prefix=/opt/homebrew/Cellar/ffmpeg/8.1.1 --enable-shared --enable-pthreads --enable-version3 --cc=clang --host-cflags= --host-ldflags= --enable-ffplay --enable-gpl --enable-libsvtav1 --enable-libopus --enable-libx264 --enable-libmp3lame --enable-libdav1d --enable-libvmaf --enable-libvpx --enable-libx265 --enable-openssl --enable-videotoolbox --enable-audiotoolbox --enable-neon
  libavutil      60. 26.101 / 60. 26.101
  libavcodec     62. 28.101 / 62. 28.101
  libavformat    62. 12.101 / 62. 12.101
  libavdevice    62.  3.101 / 62.  3.101
  libavfilter    11. 14.101 / 11. 14.101
  libswscale      9.  5.101 /  9.  5.101
  libswresample   6.  3.101 /  6.  3.101
[aist#0:0/pcm_s24le @ 0x980c0c180] Guessed Channel Layout: stereo
Input #0, wav, from '/Volumes/project/continuo/catalogs/a98ff_praise-legend-road/152-00.00054-20.554.wav':
  Metadata:
    date            : 2025-09-26
    creation_time   : 16:28:00
    time_reference  : 0
    TIME            : 1628
    title           : 01_Random_AbMinor_123bpm_250926_001631
    TYER            : 2025-09-26
  Duration: 00:02:15.03, bitrate: 2304 kb/s
  Stream #0:0: Audio: pcm_s24le ([1][0][0][0] / 0x0001), 48000 Hz, stereo, s32 (24 bit), 2304 kb/s
Stream mapping:
  Stream #0:0 -> #0:0 (pcm_s24le (native) -> pcm_s16le (native))
Press [q] to stop, [?] for help
Output #0, wav, to '/Volumes/project/continuo/catalogs/a98ff_praise-legend-road/152-00.00054-20.554_astro-catalog/152-00.00054-20.554_normalized.wav':
  Metadata:
    ICRD            : 2025-09-26
    TYER            : 2025-09-26
    time_reference  : 0
    TIME            : 1628
    INAM            : 01_Random_AbMinor_123bpm_250926_001631
    ISFT            : Lavf62.12.101
  Stream #0:0: Audio: pcm_s16le ([1][0][0][0] / 0x0001), 48000 Hz, stereo, s16, 1536 kb/s
    Metadata:
      encoder         : Lavc62.28.101 pcm_s16le
size=    3072KiB time=00:00:16.89 bitrate=1489.1kbits/s speed=33.6x elapsed=0:00:00.50    size=    6656KiB time=00:00:36.89 bitrate=1477.7kbits/s speed=36.7x elapsed=0:00:01.00    size=   10496KiB time=00:00:56.99 bitrate=1508.5kbits/s speed=37.8x elapsed=0:00:01.50    size=   14336KiB time=00:01:17.19 bitrate=1521.3kbits/s speed=38.4x elapsed=0:00:02.01    size=   18176KiB time=00:01:37.69 bitrate=1524.0kbits/s speed=38.8x elapsed=0:00:02.51    size=   22016KiB time=00:01:58.09 bitrate=1527.1kbits/s speed=39.1x elapsed=0:00:03.01    [out#0/wav @ 0x980c14240] video:0KiB audio:25318KiB subtitle:0KiB other streams:0KiB global headers:0KiB muxing overhead: 0.000563%
size=   25318KiB time=00:02:15.10 bitrate=1535.2kbits/s speed=39.2x elapsed=0:00:03.44    
