2026-06-10 18:31:01,151 - INFO - Ultra-High Resolution Album Artwork Generator v7 (5000x5000 Edition)
2026-06-10 18:31:01,152 - INFO - -------------------------------------------------
2026-06-10 18:31:01,152 - INFO - Using saturation level: 0.5
2026-06-10 18:31:01,152 - INFO - Processing audio file: /Volumes/project/continuo/catalogs/soundcloud/A Trip To London Suite For DGHS_astro-catalog/A Trip To London Suite For DGHS_normalized.wav
2026-06-10 18:31:01,152 - INFO - Output will be saved as: /Volumes/project/continuo/catalogs/soundcloud/A Trip To London Suite For DGHS_astro-catalog/artwork/A Trip To London Suite For DGHS_normalized_artwork.png
2026-06-10 18:31:01,152 - INFO - Component files will be saved in: /Volumes/project/continuo/catalogs/soundcloud/A Trip To London Suite For DGHS_astro-catalog/artwork/components
2026-06-10 18:31:01,152 - INFO - Starting the v7 Ultra-High Resolution Album Artwork Generator
2026-06-10 18:31:01,154 - INFO - Output directory: /Volumes/project/continuo/catalogs/soundcloud/A Trip To London Suite For DGHS_astro-catalog/artwork
2026-06-10 18:31:01,154 - INFO - Components directory: /Volumes/project/continuo/catalogs/soundcloud/A Trip To London Suite For DGHS_astro-catalog/artwork/components
2026-06-10 18:31:01,154 - INFO - Analyzing audio fingerprint...
2026-06-10 18:31:01,168 - INFO - Audio hash: 403c4272...05a98efc
2026-06-10 18:31:01,168 - INFO - Generating identicon...
2026-06-10 18:31:01,168 - INFO - Trying jdenticon approach 1: /Users/danielramirez/Nextcloud/ore/Notes/Project/utilities/studio/lufs-workchain/node_modules/.bin/jdenticon 403c4272a77d944bd924cbf442c9ecf653c890649fca4d3e14ff3ea105a98efc
2026-06-10 18:31:01,171 - WARNING - jdenticon approach 1 - command not found
2026-06-10 18:31:01,172 - INFO - Trying jdenticon approach 2: npx --prefix
2026-06-10 18:31:01,384 - WARNING - jdenticon approach 2 failed: Command '['npx', '--prefix', '/Users/danielramirez/Nextcloud/ore/Notes/Project/utilities/studio/lufs-workchain', 'jdenticon', '403c4272a77d944bd924cbf442c9ecf653c890649fca4d3e14ff3ea105a98efc', '--size', '5000', '--output', '/Volumes/project/continuo/catalogs/soundcloud/A Trip To London Suite For DGHS_astro-catalog/artwork/components/identicon.png']' returned non-zero exit status 254.
2026-06-10 18:31:01,385 - INFO - Trying jdenticon approach 3: npx jdenticon
2026-06-10 18:31:01,991 - INFO - Identicon created successfully.
2026-06-10 18:31:02,013 - INFO - Generating ultra-high-resolution spectrogram...
2026-06-10 18:31:02,892 - INFO - Using figure dimensions: 50.0x12.5 inches at 400 DPI
2026-06-10 18:31:02,892 - INFO - Target pixel dimensions: 20000x5000
/Users/danielramirez/repos/lufs-workchain/.venv/lib/python3.12/site-packages/PIL/Image.py:3574: DecompressionBombWarning: Image size (100000000 pixels) exceeds limit of 89478485 pixels, could be decompression bomb DOS attack.
  warnings.warn(
2026-06-10 18:31:06,128 - INFO - Raw spectrogram dimensions: 20000x5000 pixels
2026-06-10 18:31:06,128 - INFO - Initial dimensions: 20000x5000 pixels
2026-06-10 18:31:06,128 - INFO - Adjusting saturation to 0.5...
2026-06-10 18:31:08,582 - INFO - Saved full rectangular spectrogram to: /Volumes/project/continuo/catalogs/soundcloud/A Trip To London Suite For DGHS_astro-catalog/artwork/components/rectangle_spectrogram.png
2026-06-10 18:31:08,591 - INFO - Square crop dimensions: 5000x5000
2026-06-10 18:31:09,276 - INFO - Saved 5000x5000 square spectrogram to: /Volumes/project/continuo/catalogs/soundcloud/A Trip To London Suite For DGHS_astro-catalog/artwork/components/spectrogram.png
2026-06-10 18:31:09,276 - INFO - Spectrogram segment covers audio from 75.33s to 125.55s
2026-06-10 18:31:09,303 - INFO - Working with spectrogram: 5000x5000, identicon: 5000x5000
2026-06-10 18:31:09,303 - INFO - Enhancing spectrogram contrast...
2026-06-10 18:31:09,405 - INFO - Resizing identicon for overlay...
2026-06-10 18:31:09,541 - INFO - Creating final composite image...
2026-06-10 18:31:10,445 - INFO - Album artwork generated successfully: /Volumes/project/continuo/catalogs/soundcloud/A Trip To London Suite For DGHS_astro-catalog/artwork/A Trip To London Suite For DGHS_normalized_artwork.png
2026-06-10 18:31:10,450 - INFO - Ultra-high resolution (5000x5000) artwork generation finished successfully.
2026-06-10 18:31:10,450 - INFO - Final artwork saved at: /Volumes/project/continuo/catalogs/soundcloud/A Trip To London Suite For DGHS_astro-catalog/artwork/A Trip To London Suite For DGHS_normalized_artwork.png
