# Normalization Log - Wed Jun 10 18:30:46 CDT 2026
Target LUFS: -14
Two-pass: true
LRA: 7
True Peak: -1.5 dB

ffmpeg version 8.1.1 Copyright (c) 2000-2026 the FFmpeg developers
  built with Apple clang version 21.0.0 (clang-2100.0.123.102)
  configuration: --prefix=/opt/homebrew/Cellar/ffmpeg/8.1.1 --enable-shared --enable-pthreads --enable-version3 --cc=clang --host-cflags= --host-ldflags= --enable-ffplay --enable-gpl --enable-libsvtav1 --enable-libopus --enable-libx264 --enable-libmp3lame --enable-libdav1d --enable-libvmaf --enable-libvpx --enable-libx265 --enable-openssl --enable-videotoolbox --enable-audiotoolbox --enable-neon
  libavutil      60. 26.101 / 60. 26.101
  libavcodec     62. 28.101 / 62. 28.101
  libavformat    62. 12.101 / 62. 12.101
  libavdevice    62.  3.101 / 62.  3.101
  libavfilter    11. 14.101 / 11. 14.101
  libswscale      9.  5.101 /  9.  5.101
  libswresample   6.  3.101 /  6.  3.101
[aist#0:0/pcm_s16be @ 0x7e2c0c180] Guessed Channel Layout: stereo
Input #0, aiff, from '/Volumes/project/continuo/catalogs/soundcloud/A Trip To London Suite For DGHS.wav':
  Duration: 00:03:20.88, start: 0.000000, bitrate: 1411 kb/s
  Stream #0:0: Audio: pcm_s16be, 44100 Hz, stereo, s16, 1411 kb/s
Stream mapping:
  Stream #0:0 -> #0:0 (pcm_s16be (native) -> pcm_s16le (native))
Press [q] to stop, [?] for help
Output #0, wav, to '/Volumes/project/continuo/catalogs/soundcloud/A Trip To London Suite For DGHS_astro-catalog/A Trip To London Suite For DGHS_normalized.wav':
  Metadata:
    ISFT            : Lavf62.12.101
  Stream #0:0: Audio: pcm_s16le ([1][0][0][0] / 0x0001), 44100 Hz, stereo, s16, 1411 kb/s
    Metadata:
      encoder         : Lavc62.28.101 pcm_s16le
size=    3072KiB time=00:00:18.69 bitrate=1345.8kbits/s speed=37.3x elapsed=0:00:00.50    size=    6400KiB time=00:00:38.59 bitrate=1358.3kbits/s speed=38.5x elapsed=0:00:01.00    size=    9984KiB time=00:00:58.39 bitrate=1400.5kbits/s speed=38.8x elapsed=0:00:01.50    size=   13312KiB time=00:01:18.49 bitrate=1389.2kbits/s speed=39.1x elapsed=0:00:02.01    size=   16896KiB time=00:01:38.29 bitrate=1408.1kbits/s speed=39.1x elapsed=0:00:02.51    size=   20224KiB time=00:01:58.29 bitrate=1400.5kbits/s speed=39.2x elapsed=0:00:03.02    size=   23552KiB time=00:02:18.29 bitrate=1395.1kbits/s speed=39.3x elapsed=0:00:03.52    size=   27136KiB time=00:02:38.19 bitrate=1405.2kbits/s speed=39.3x elapsed=0:00:04.02    size=   30464KiB time=00:02:57.39 bitrate=1406.8kbits/s speed=39.2x elapsed=0:00:04.53    size=   33792KiB time=00:03:17.49 bitrate=1401.6kbits/s speed=39.2x elapsed=0:00:05.03    [out#0/wav @ 0x7e301c240] video:0KiB audio:34604KiB subtitle:0KiB other streams:0KiB global headers:0KiB muxing overhead: 0.000220%
size=   34604KiB time=00:03:20.90 bitrate=1411.0kbits/s speed=39.2x elapsed=0:00:05.12    
