# Normalization Log - Wed Jun 10 18:14:06 CDT 2026
Target LUFS: -14
Two-pass: true
LRA: 7
True Peak: -1.5 dB

ffmpeg version 8.1.1 Copyright (c) 2000-2026 the FFmpeg developers
  built with Apple clang version 21.0.0 (clang-2100.0.123.102)
  configuration: --prefix=/opt/homebrew/Cellar/ffmpeg/8.1.1 --enable-shared --enable-pthreads --enable-version3 --cc=clang --host-cflags= --host-ldflags= --enable-ffplay --enable-gpl --enable-libsvtav1 --enable-libopus --enable-libx264 --enable-libmp3lame --enable-libdav1d --enable-libvmaf --enable-libvpx --enable-libx265 --enable-openssl --enable-videotoolbox --enable-audiotoolbox --enable-neon
  libavutil      60. 26.101 / 60. 26.101
  libavcodec     62. 28.101 / 62. 28.101
  libavformat    62. 12.101 / 62. 12.101
  libavdevice    62.  3.101 / 62.  3.101
  libavfilter    11. 14.101 / 11. 14.101
  libswscale      9.  5.101 /  9.  5.101
  libswresample   6.  3.101 /  6.  3.101
[aist#0:0/pcm_s24le @ 0x944c0c180] Guessed Channel Layout: stereo
Input #0, wav, from '/Volumes/project/continuo/catalogs/soundcloud/Superman v2.wav':
  Duration: 00:04:02.82, bitrate: 2307 kb/s
  Chapters:
    Chapter #0:0: start 0.000000, end 242.823521
      Metadata:
        title           : Tempo: 85.0
  Stream #0:0: Audio: pcm_s24le ([1][0][0][0] / 0x0001), 48000 Hz, stereo, s32 (24 bit), 2304 kb/s
Stream mapping:
  Stream #0:0 -> #0:0 (pcm_s24le (native) -> pcm_s16le (native))
Press [q] to stop, [?] for help
Output #0, wav, to '/Volumes/project/continuo/catalogs/soundcloud/Superman v2_astro-catalog/Superman v2_normalized.wav':
  Metadata:
    ISFT            : Lavf62.12.101
  Chapters:
    Chapter #0:0: start 0.000000, end 242.823521
      Metadata:
        title           : Tempo: 85.0
  Stream #0:0: Audio: pcm_s16le ([1][0][0][0] / 0x0001), 48000 Hz, stereo, s16, 1536 kb/s
    Metadata:
      encoder         : Lavc62.28.101 pcm_s16le
size=    2816KiB time=00:00:15.89 bitrate=1450.9kbits/s speed=31.5x elapsed=0:00:00.50    size=    6144KiB time=00:00:33.19 bitrate=1516.0kbits/s speed=  33x elapsed=0:00:01.00    size=    9472KiB time=00:00:51.19 bitrate=1515.5kbits/s speed=  34x elapsed=0:00:01.50    size=   12800KiB time=00:01:09.49 bitrate=1508.7kbits/s speed=34.6x elapsed=0:00:02.01    size=   16384KiB time=00:01:27.79 bitrate=1528.7kbits/s speed=34.9x elapsed=0:00:02.51    size=   19712KiB time=00:01:46.49 bitrate=1516.3kbits/s speed=35.3x elapsed=0:00:03.01    size=   23296KiB time=00:02:04.59 bitrate=1531.6kbits/s speed=35.4x elapsed=0:00:03.52    size=   26624KiB time=00:02:22.09 bitrate=1534.9kbits/s speed=35.3x elapsed=0:00:04.02    size=   29696KiB time=00:02:39.09 bitrate=1529.0kbits/s speed=35.1x elapsed=0:00:04.53    size=   32768KiB time=00:02:55.59 bitrate=1528.7kbits/s speed=34.9x elapsed=0:00:05.03    size=   35840KiB time=00:03:11.99 bitrate=1529.2kbits/s speed=34.7x elapsed=0:00:05.53    size=   39168KiB time=00:03:28.99 bitrate=1535.2kbits/s speed=34.6x elapsed=0:00:06.04    size=   42240KiB time=00:03:45.59 bitrate=1533.8kbits/s speed=34.5x elapsed=0:00:06.54    [out#0/wav @ 0x945020180] video:0KiB audio:45529KiB subtitle:0KiB other streams:0KiB global headers:0KiB muxing overhead: 0.000167%
size=   45529KiB time=00:04:02.90 bitrate=1535.5kbits/s speed=34.4x elapsed=0:00:07.06    
