2026-06-10 17:40:57,970 - INFO - Ultra-High Resolution Album Artwork Generator v7 (5000x5000 Edition)
2026-06-10 17:40:57,970 - INFO - -------------------------------------------------
2026-06-10 17:40:57,970 - INFO - Using saturation level: 0.5
2026-06-10 17:40:57,970 - INFO - Processing audio file: /Volumes/project/continuo/catalogs/a98ff_praise-legend-road/12-15.4224-38.110_astro-catalog/12-15.4224-38.110_normalized.wav
2026-06-10 17:40:57,970 - INFO - Output will be saved as: /Volumes/project/continuo/catalogs/a98ff_praise-legend-road/12-15.4224-38.110_astro-catalog/artwork/12-15.4224-38.110_normalized_artwork.png
2026-06-10 17:40:57,970 - INFO - Component files will be saved in: /Volumes/project/continuo/catalogs/a98ff_praise-legend-road/12-15.4224-38.110_astro-catalog/artwork/components
2026-06-10 17:40:57,970 - INFO - Starting the v7 Ultra-High Resolution Album Artwork Generator
2026-06-10 17:40:57,972 - INFO - Output directory: /Volumes/project/continuo/catalogs/a98ff_praise-legend-road/12-15.4224-38.110_astro-catalog/artwork
2026-06-10 17:40:57,972 - INFO - Components directory: /Volumes/project/continuo/catalogs/a98ff_praise-legend-road/12-15.4224-38.110_astro-catalog/artwork/components
2026-06-10 17:40:57,972 - INFO - Analyzing audio fingerprint...
2026-06-10 17:40:57,987 - INFO - Audio hash: b4b1178c...522cc5e8
2026-06-10 17:40:57,987 - INFO - Generating identicon...
2026-06-10 17:40:57,987 - INFO - Trying jdenticon approach 1: /Users/danielramirez/Nextcloud/ore/Notes/Project/utilities/studio/lufs-workchain/node_modules/.bin/jdenticon b4b1178c726389479cd16511b5b58b55c0a143c14be7907ea59ce652522cc5e8
2026-06-10 17:40:57,990 - WARNING - jdenticon approach 1 - command not found
2026-06-10 17:40:57,990 - INFO - Trying jdenticon approach 2: npx --prefix
2026-06-10 17:40:58,179 - WARNING - jdenticon approach 2 failed: Command '['npx', '--prefix', '/Users/danielramirez/Nextcloud/ore/Notes/Project/utilities/studio/lufs-workchain', 'jdenticon', 'b4b1178c726389479cd16511b5b58b55c0a143c14be7907ea59ce652522cc5e8', '--size', '5000', '--output', '/Volumes/project/continuo/catalogs/a98ff_praise-legend-road/12-15.4224-38.110_astro-catalog/artwork/components/identicon.png']' returned non-zero exit status 254.
2026-06-10 17:40:58,179 - INFO - Trying jdenticon approach 3: npx jdenticon
2026-06-10 17:40:58,690 - INFO - Identicon created successfully.
2026-06-10 17:40:58,712 - INFO - Generating ultra-high-resolution spectrogram...
2026-06-10 17:40:59,533 - INFO - Using figure dimensions: 50.0x12.5 inches at 400 DPI
2026-06-10 17:40:59,533 - INFO - Target pixel dimensions: 20000x5000
/Users/danielramirez/repos/lufs-workchain/.venv/lib/python3.12/site-packages/PIL/Image.py:3574: DecompressionBombWarning: Image size (100000000 pixels) exceeds limit of 89478485 pixels, could be decompression bomb DOS attack.
  warnings.warn(
2026-06-10 17:41:02,337 - INFO - Raw spectrogram dimensions: 20000x5000 pixels
2026-06-10 17:41:02,337 - INFO - Initial dimensions: 20000x5000 pixels
2026-06-10 17:41:02,337 - INFO - Adjusting saturation to 0.5...
2026-06-10 17:41:04,377 - INFO - Saved full rectangular spectrogram to: /Volumes/project/continuo/catalogs/a98ff_praise-legend-road/12-15.4224-38.110_astro-catalog/artwork/components/rectangle_spectrogram.png
2026-06-10 17:41:04,385 - INFO - Square crop dimensions: 5000x5000
2026-06-10 17:41:04,901 - INFO - Saved 5000x5000 square spectrogram to: /Volumes/project/continuo/catalogs/a98ff_praise-legend-road/12-15.4224-38.110_astro-catalog/artwork/components/spectrogram.png
2026-06-10 17:41:04,901 - INFO - Spectrogram segment covers audio from 51.02s to 85.04s
2026-06-10 17:41:04,920 - INFO - Working with spectrogram: 5000x5000, identicon: 5000x5000
2026-06-10 17:41:04,920 - INFO - Enhancing spectrogram contrast...
2026-06-10 17:41:05,023 - INFO - Resizing identicon for overlay...
2026-06-10 17:41:05,160 - INFO - Creating final composite image...
2026-06-10 17:41:05,748 - INFO - Album artwork generated successfully: /Volumes/project/continuo/catalogs/a98ff_praise-legend-road/12-15.4224-38.110_astro-catalog/artwork/12-15.4224-38.110_normalized_artwork.png
2026-06-10 17:41:05,751 - INFO - Ultra-high resolution (5000x5000) artwork generation finished successfully.
2026-06-10 17:41:05,751 - INFO - Final artwork saved at: /Volumes/project/continuo/catalogs/a98ff_praise-legend-road/12-15.4224-38.110_astro-catalog/artwork/12-15.4224-38.110_normalized_artwork.png
