2026-06-10 18:11:29,325 - INFO - Ultra-High Resolution Album Artwork Generator v7 (5000x5000 Edition)
2026-06-10 18:11:29,325 - INFO - -------------------------------------------------
2026-06-10 18:11:29,325 - INFO - Using saturation level: 0.5
2026-06-10 18:11:29,325 - INFO - Processing audio file: /Volumes/project/continuo/catalogs/soundcloud/Abstractions_astro-catalog/Abstractions_normalized.wav
2026-06-10 18:11:29,325 - INFO - Output will be saved as: /Volumes/project/continuo/catalogs/soundcloud/Abstractions_astro-catalog/artwork/Abstractions_normalized_artwork.png
2026-06-10 18:11:29,325 - INFO - Component files will be saved in: /Volumes/project/continuo/catalogs/soundcloud/Abstractions_astro-catalog/artwork/components
2026-06-10 18:11:29,325 - INFO - Starting the v7 Ultra-High Resolution Album Artwork Generator
2026-06-10 18:11:29,327 - INFO - Output directory: /Volumes/project/continuo/catalogs/soundcloud/Abstractions_astro-catalog/artwork
2026-06-10 18:11:29,327 - INFO - Components directory: /Volumes/project/continuo/catalogs/soundcloud/Abstractions_astro-catalog/artwork/components
2026-06-10 18:11:29,327 - INFO - Analyzing audio fingerprint...
2026-06-10 18:11:29,334 - INFO - Audio hash: bafc15ad...be0f1b63
2026-06-10 18:11:29,334 - INFO - Generating identicon...
2026-06-10 18:11:29,334 - INFO - Trying jdenticon approach 1: /Users/danielramirez/Nextcloud/ore/Notes/Project/utilities/studio/lufs-workchain/node_modules/.bin/jdenticon bafc15ad76778b3b38548b5490b3a97ab90915d608817da5faab901ebe0f1b63
2026-06-10 18:11:29,336 - WARNING - jdenticon approach 1 - command not found
2026-06-10 18:11:29,337 - INFO - Trying jdenticon approach 2: npx --prefix
2026-06-10 18:11:29,588 - WARNING - jdenticon approach 2 failed: Command '['npx', '--prefix', '/Users/danielramirez/Nextcloud/ore/Notes/Project/utilities/studio/lufs-workchain', 'jdenticon', 'bafc15ad76778b3b38548b5490b3a97ab90915d608817da5faab901ebe0f1b63', '--size', '5000', '--output', '/Volumes/project/continuo/catalogs/soundcloud/Abstractions_astro-catalog/artwork/components/identicon.png']' returned non-zero exit status 254.
2026-06-10 18:11:29,588 - INFO - Trying jdenticon approach 3: npx jdenticon
2026-06-10 18:11:30,349 - INFO - Identicon created successfully.
2026-06-10 18:11:30,376 - INFO - Generating ultra-high-resolution spectrogram...
2026-06-10 18:11:31,444 - INFO - Using figure dimensions: 50.0x12.5 inches at 400 DPI
2026-06-10 18:11:31,444 - INFO - Target pixel dimensions: 20000x5000
/Users/danielramirez/repos/lufs-workchain/.venv/lib/python3.12/site-packages/PIL/Image.py:3574: DecompressionBombWarning: Image size (100000000 pixels) exceeds limit of 89478485 pixels, could be decompression bomb DOS attack.
  warnings.warn(
2026-06-10 18:11:33,760 - INFO - Raw spectrogram dimensions: 20000x5000 pixels
2026-06-10 18:11:33,760 - INFO - Initial dimensions: 20000x5000 pixels
2026-06-10 18:11:33,760 - INFO - Adjusting saturation to 0.5...
2026-06-10 18:11:35,822 - INFO - Saved full rectangular spectrogram to: /Volumes/project/continuo/catalogs/soundcloud/Abstractions_astro-catalog/artwork/components/rectangle_spectrogram.png
2026-06-10 18:11:35,831 - INFO - Square crop dimensions: 5000x5000
2026-06-10 18:11:36,372 - INFO - Saved 5000x5000 square spectrogram to: /Volumes/project/continuo/catalogs/soundcloud/Abstractions_astro-catalog/artwork/components/spectrogram.png
2026-06-10 18:11:36,373 - INFO - Spectrogram segment covers audio from 26.54s to 44.24s
2026-06-10 18:11:36,393 - INFO - Working with spectrogram: 5000x5000, identicon: 5000x5000
2026-06-10 18:11:36,393 - INFO - Enhancing spectrogram contrast...
2026-06-10 18:11:36,519 - INFO - Resizing identicon for overlay...
2026-06-10 18:11:36,670 - INFO - Creating final composite image...
2026-06-10 18:11:37,290 - INFO - Album artwork generated successfully: /Volumes/project/continuo/catalogs/soundcloud/Abstractions_astro-catalog/artwork/Abstractions_normalized_artwork.png
2026-06-10 18:11:37,295 - INFO - Ultra-high resolution (5000x5000) artwork generation finished successfully.
2026-06-10 18:11:37,295 - INFO - Final artwork saved at: /Volumes/project/continuo/catalogs/soundcloud/Abstractions_astro-catalog/artwork/Abstractions_normalized_artwork.png
