# Normalization Log - Wed Jun 10 18:11:22 CDT 2026
Target LUFS: -14
Two-pass: true
LRA: 7
True Peak: -1.5 dB

ffmpeg version 8.1.1 Copyright (c) 2000-2026 the FFmpeg developers
  built with Apple clang version 21.0.0 (clang-2100.0.123.102)
  configuration: --prefix=/opt/homebrew/Cellar/ffmpeg/8.1.1 --enable-shared --enable-pthreads --enable-version3 --cc=clang --host-cflags= --host-ldflags= --enable-ffplay --enable-gpl --enable-libsvtav1 --enable-libopus --enable-libx264 --enable-libmp3lame --enable-libdav1d --enable-libvmaf --enable-libvpx --enable-libx265 --enable-openssl --enable-videotoolbox --enable-audiotoolbox --enable-neon
  libavutil      60. 26.101 / 60. 26.101
  libavcodec     62. 28.101 / 62. 28.101
  libavformat    62. 12.101 / 62. 12.101
  libavdevice    62.  3.101 / 62.  3.101
  libavfilter    11. 14.101 / 11. 14.101
  libswscale      9.  5.101 /  9.  5.101
  libswresample   6.  3.101 /  6.  3.101
[aist#0:0/pcm_s24le @ 0x836c0c180] Guessed Channel Layout: stereo
Input #0, wav, from '/Volumes/project/continuo/catalogs/soundcloud/Abstractions.wav':
  Metadata:
    encoded_by      : Logic Pro X
    date            : 2018-03-30
    creation_time   : 00:56:31
    time_reference  : 172800000
    umid            : 0x00000000000000000000000000000000000000000000000000000000E400A8F4617EEAD8F0EAE4EEFE7F000040B14E020100000030EBE4EEFE7F00003DF62C7A
    coding_history  : 
  Duration: 00:01:10.78, bitrate: 2307 kb/s
  Chapters:
    Chapter #0:0: start 0.000000, end 70.779333
      Metadata:
        title           : Tempo: 120.0
    Chapter #0:1: start 0.000000, end 8.000000
      Metadata:
        title           : Fade In
    Chapter #0:2: start 8.000000, end 16.000000
      Metadata:
        title           : First Hit
    Chapter #0:3: start 16.000000, end 36.000000
      Metadata:
        title           : Zig-Zag
    Chapter #0:4: start 36.000000, end 46.000000
      Metadata:
        title           : Build
    Chapter #0:5: start 46.000000, end 48.000000
      Metadata:
        title           : Metronome
    Chapter #0:6: start 48.000000, end 64.000000
      Metadata:
        title           : Drop
    Chapter #0:7: start 64.000000, end 70.779333
      Metadata:
        title           : Fade Out
  Stream #0:0: Audio: pcm_s24le ([1][0][0][0] / 0x0001), 48000 Hz, stereo, s32 (24 bit), 2304 kb/s
Stream mapping:
  Stream #0:0 -> #0:0 (pcm_s24le (native) -> pcm_s16le (native))
Press [q] to stop, [?] for help
Output #0, wav, to '/Volumes/project/continuo/catalogs/soundcloud/Abstractions_astro-catalog/Abstractions_normalized.wav':
  Metadata:
    ITCH            : Logic Pro X
    ICRD            : 2018-03-30
    coding_history  : 
    time_reference  : 172800000
    umid            : 0x00000000000000000000000000000000000000000000000000000000E400A8F4617EEAD8F0EAE4EEFE7F000040B14E020100000030EBE4EEFE7F00003DF62C7A
    ISFT            : Lavf62.12.101
  Chapters:
    Chapter #0:0: start 0.000000, end 70.779333
      Metadata:
        title           : Tempo: 120.0
    Chapter #0:1: start 0.000000, end 8.000000
      Metadata:
        title           : Fade In
    Chapter #0:2: start 8.000000, end 16.000000
      Metadata:
        title           : First Hit
    Chapter #0:3: start 16.000000, end 36.000000
      Metadata:
        title           : Zig-Zag
    Chapter #0:4: start 36.000000, end 46.000000
      Metadata:
        title           : Build
    Chapter #0:5: start 46.000000, end 48.000000
      Metadata:
        title           : Metronome
    Chapter #0:6: start 48.000000, end 64.000000
      Metadata:
        title           : Drop
    Chapter #0:7: start 64.000000, end 70.779333
      Metadata:
        title           : Fade Out
  Stream #0:0: Audio: pcm_s16le ([1][0][0][0] / 0x0001), 48000 Hz, stereo, s16, 1536 kb/s
    Metadata:
      encoder         : Lavc62.28.101 pcm_s16le
size=    2816KiB time=00:00:16.09 bitrate=1432.9kbits/s speed=32.1x elapsed=0:00:00.50    size=    6656KiB time=00:00:36.19 bitrate=1506.3kbits/s speed=  36x elapsed=0:00:01.00    size=   10240KiB time=00:00:54.89 bitrate=1528.0kbits/s speed=36.3x elapsed=0:00:01.51    [out#0/wav @ 0x8370086c0] video:0KiB audio:13271KiB subtitle:0KiB other streams:0KiB global headers:0KiB muxing overhead: 0.000868%
size=   13271KiB time=00:01:10.80 bitrate=1535.6kbits/s speed=36.2x elapsed=0:00:01.95    
