2026-06-10 17:56:28,627 - INFO - Ultra-High Resolution Album Artwork Generator v7 (5000x5000 Edition)
2026-06-10 17:56:28,627 - INFO - -------------------------------------------------
2026-06-10 17:56:28,627 - INFO - Using saturation level: 0.5
2026-06-10 17:56:28,627 - INFO - Processing audio file: /Volumes/project/continuo/catalogs/footlights/Footlights Arabesque_astro-catalog/Footlights Arabesque_normalized.wav
2026-06-10 17:56:28,627 - INFO - Output will be saved as: /Volumes/project/continuo/catalogs/footlights/Footlights Arabesque_astro-catalog/artwork/Footlights Arabesque_normalized_artwork.png
2026-06-10 17:56:28,627 - INFO - Component files will be saved in: /Volumes/project/continuo/catalogs/footlights/Footlights Arabesque_astro-catalog/artwork/components
2026-06-10 17:56:28,627 - INFO - Starting the v7 Ultra-High Resolution Album Artwork Generator
2026-06-10 17:56:28,630 - INFO - Output directory: /Volumes/project/continuo/catalogs/footlights/Footlights Arabesque_astro-catalog/artwork
2026-06-10 17:56:28,630 - INFO - Components directory: /Volumes/project/continuo/catalogs/footlights/Footlights Arabesque_astro-catalog/artwork/components
2026-06-10 17:56:28,630 - INFO - Analyzing audio fingerprint...
2026-06-10 17:56:28,634 - INFO - Audio hash: c0624aef...b1339dc8
2026-06-10 17:56:28,634 - INFO - Generating identicon...
2026-06-10 17:56:28,634 - INFO - Trying jdenticon approach 1: /Users/danielramirez/Nextcloud/ore/Notes/Project/utilities/studio/lufs-workchain/node_modules/.bin/jdenticon c0624aef734a6a3f3ceee16fa0bb2dced916eeb2e8eb4ff2da04ff8fb1339dc8
2026-06-10 17:56:28,636 - WARNING - jdenticon approach 1 - command not found
2026-06-10 17:56:28,636 - INFO - Trying jdenticon approach 2: npx --prefix
2026-06-10 17:56:28,843 - WARNING - jdenticon approach 2 failed: Command '['npx', '--prefix', '/Users/danielramirez/Nextcloud/ore/Notes/Project/utilities/studio/lufs-workchain', 'jdenticon', 'c0624aef734a6a3f3ceee16fa0bb2dced916eeb2e8eb4ff2da04ff8fb1339dc8', '--size', '5000', '--output', '/Volumes/project/continuo/catalogs/footlights/Footlights Arabesque_astro-catalog/artwork/components/identicon.png']' returned non-zero exit status 254.
2026-06-10 17:56:28,843 - INFO - Trying jdenticon approach 3: npx jdenticon
2026-06-10 17:56:29,217 - INFO - Identicon created successfully.
2026-06-10 17:56:29,246 - INFO - Generating ultra-high-resolution spectrogram...
2026-06-10 17:56:30,040 - INFO - Using figure dimensions: 50.0x12.5 inches at 400 DPI
2026-06-10 17:56:30,040 - INFO - Target pixel dimensions: 20000x5000
/Users/danielramirez/repos/lufs-workchain/.venv/lib/python3.12/site-packages/PIL/Image.py:3574: DecompressionBombWarning: Image size (100000000 pixels) exceeds limit of 89478485 pixels, could be decompression bomb DOS attack.
  warnings.warn(
2026-06-10 17:56:31,608 - INFO - Raw spectrogram dimensions: 20000x5000 pixels
2026-06-10 17:56:31,608 - INFO - Initial dimensions: 20000x5000 pixels
2026-06-10 17:56:31,608 - INFO - Adjusting saturation to 0.5...
2026-06-10 17:56:33,295 - INFO - Saved full rectangular spectrogram to: /Volumes/project/continuo/catalogs/footlights/Footlights Arabesque_astro-catalog/artwork/components/rectangle_spectrogram.png
2026-06-10 17:56:33,304 - INFO - Square crop dimensions: 5000x5000
2026-06-10 17:56:33,745 - INFO - Saved 5000x5000 square spectrogram to: /Volumes/project/continuo/catalogs/footlights/Footlights Arabesque_astro-catalog/artwork/components/spectrogram.png
2026-06-10 17:56:33,745 - INFO - Spectrogram segment covers audio from 16.88s to 28.12s
2026-06-10 17:56:33,765 - INFO - Working with spectrogram: 5000x5000, identicon: 5000x5000
2026-06-10 17:56:33,766 - INFO - Enhancing spectrogram contrast...
2026-06-10 17:56:33,894 - INFO - Resizing identicon for overlay...
2026-06-10 17:56:34,027 - INFO - Creating final composite image...
2026-06-10 17:56:34,586 - INFO - Album artwork generated successfully: /Volumes/project/continuo/catalogs/footlights/Footlights Arabesque_astro-catalog/artwork/Footlights Arabesque_normalized_artwork.png
2026-06-10 17:56:34,591 - INFO - Ultra-high resolution (5000x5000) artwork generation finished successfully.
2026-06-10 17:56:34,591 - INFO - Final artwork saved at: /Volumes/project/continuo/catalogs/footlights/Footlights Arabesque_astro-catalog/artwork/Footlights Arabesque_normalized_artwork.png
