2026-06-10 18:07:22,345 - INFO - Ultra-High Resolution Album Artwork Generator v7 (5000x5000 Edition)
2026-06-10 18:07:22,345 - INFO - -------------------------------------------------
2026-06-10 18:07:22,345 - INFO - Using saturation level: 0.5
2026-06-10 18:07:22,345 - INFO - Processing audio file: /Volumes/project/continuo/catalogs/soundcloud/The Story of Our Lives_astro-catalog/The Story of Our Lives_normalized.mp3
2026-06-10 18:07:22,345 - INFO - Output will be saved as: /Volumes/project/continuo/catalogs/soundcloud/The Story of Our Lives_astro-catalog/artwork/The Story of Our Lives_normalized_artwork.png
2026-06-10 18:07:22,345 - INFO - Component files will be saved in: /Volumes/project/continuo/catalogs/soundcloud/The Story of Our Lives_astro-catalog/artwork/components
2026-06-10 18:07:22,345 - INFO - Starting the v7 Ultra-High Resolution Album Artwork Generator
2026-06-10 18:07:22,350 - INFO - Output directory: /Volumes/project/continuo/catalogs/soundcloud/The Story of Our Lives_astro-catalog/artwork
2026-06-10 18:07:22,350 - INFO - Components directory: /Volumes/project/continuo/catalogs/soundcloud/The Story of Our Lives_astro-catalog/artwork/components
2026-06-10 18:07:22,350 - INFO - Analyzing audio fingerprint...
2026-06-10 18:07:22,352 - INFO - Audio hash: dd4d5151...f6e530c7
2026-06-10 18:07:22,352 - INFO - Generating identicon...
2026-06-10 18:07:22,352 - INFO - Trying jdenticon approach 1: /Users/danielramirez/Nextcloud/ore/Notes/Project/utilities/studio/lufs-workchain/node_modules/.bin/jdenticon dd4d5151c99779596b282c5acc6ff1644c3b56c9db11a69d9ed69764f6e530c7
2026-06-10 18:07:22,355 - WARNING - jdenticon approach 1 - command not found
2026-06-10 18:07:22,355 - INFO - Trying jdenticon approach 2: npx --prefix
2026-06-10 18:07:22,562 - WARNING - jdenticon approach 2 failed: Command '['npx', '--prefix', '/Users/danielramirez/Nextcloud/ore/Notes/Project/utilities/studio/lufs-workchain', 'jdenticon', 'dd4d5151c99779596b282c5acc6ff1644c3b56c9db11a69d9ed69764f6e530c7', '--size', '5000', '--output', '/Volumes/project/continuo/catalogs/soundcloud/The Story of Our Lives_astro-catalog/artwork/components/identicon.png']' returned non-zero exit status 254.
2026-06-10 18:07:22,562 - INFO - Trying jdenticon approach 3: npx jdenticon
2026-06-10 18:07:23,183 - INFO - Identicon created successfully.
2026-06-10 18:07:23,206 - INFO - Generating ultra-high-resolution spectrogram...
2026-06-10 18:07:24,371 - INFO - Using figure dimensions: 50.0x12.5 inches at 400 DPI
2026-06-10 18:07:24,371 - INFO - Target pixel dimensions: 20000x5000
/Users/danielramirez/repos/lufs-workchain/.venv/lib/python3.12/site-packages/PIL/Image.py:3574: DecompressionBombWarning: Image size (100000000 pixels) exceeds limit of 89478485 pixels, could be decompression bomb DOS attack.
  warnings.warn(
2026-06-10 18:07:29,337 - INFO - Raw spectrogram dimensions: 20000x5000 pixels
2026-06-10 18:07:29,337 - INFO - Initial dimensions: 20000x5000 pixels
2026-06-10 18:07:29,337 - INFO - Adjusting saturation to 0.5...
2026-06-10 18:07:32,559 - INFO - Saved full rectangular spectrogram to: /Volumes/project/continuo/catalogs/soundcloud/The Story of Our Lives_astro-catalog/artwork/components/rectangle_spectrogram.png
2026-06-10 18:07:32,567 - INFO - Square crop dimensions: 5000x5000
2026-06-10 18:07:33,323 - INFO - Saved 5000x5000 square spectrogram to: /Volumes/project/continuo/catalogs/soundcloud/The Story of Our Lives_astro-catalog/artwork/components/spectrogram.png
2026-06-10 18:07:33,324 - INFO - Spectrogram segment covers audio from 141.14s to 235.23s
2026-06-10 18:07:33,359 - INFO - Working with spectrogram: 5000x5000, identicon: 5000x5000
2026-06-10 18:07:33,359 - INFO - Enhancing spectrogram contrast...
2026-06-10 18:07:33,452 - INFO - Resizing identicon for overlay...
2026-06-10 18:07:33,587 - INFO - Creating final composite image...
2026-06-10 18:07:34,445 - INFO - Album artwork generated successfully: /Volumes/project/continuo/catalogs/soundcloud/The Story of Our Lives_astro-catalog/artwork/The Story of Our Lives_normalized_artwork.png
2026-06-10 18:07:34,452 - INFO - Ultra-high resolution (5000x5000) artwork generation finished successfully.
2026-06-10 18:07:34,452 - INFO - Final artwork saved at: /Volumes/project/continuo/catalogs/soundcloud/The Story of Our Lives_astro-catalog/artwork/The Story of Our Lives_normalized_artwork.png
