2026-06-10 17:47:17,872 - INFO - Ultra-High Resolution Album Artwork Generator v7 (5000x5000 Edition)
2026-06-10 17:47:17,872 - INFO - -------------------------------------------------
2026-06-10 17:47:17,872 - INFO - Using saturation level: 0.5
2026-06-10 17:47:17,872 - INFO - Processing audio file: /Volumes/project/continuo/catalogs/a98ff_praise-legend-road/10-00.0002-15.422_astro-catalog/10-00.0002-15.422_normalized.wav
2026-06-10 17:47:17,872 - INFO - Output will be saved as: /Volumes/project/continuo/catalogs/a98ff_praise-legend-road/10-00.0002-15.422_astro-catalog/artwork/10-00.0002-15.422_normalized_artwork.png
2026-06-10 17:47:17,872 - INFO - Component files will be saved in: /Volumes/project/continuo/catalogs/a98ff_praise-legend-road/10-00.0002-15.422_astro-catalog/artwork/components
2026-06-10 17:47:17,872 - INFO - Starting the v7 Ultra-High Resolution Album Artwork Generator
2026-06-10 17:47:17,874 - INFO - Output directory: /Volumes/project/continuo/catalogs/a98ff_praise-legend-road/10-00.0002-15.422_astro-catalog/artwork
2026-06-10 17:47:17,874 - INFO - Components directory: /Volumes/project/continuo/catalogs/a98ff_praise-legend-road/10-00.0002-15.422_astro-catalog/artwork/components
2026-06-10 17:47:17,874 - INFO - Analyzing audio fingerprint...
2026-06-10 17:47:17,885 - INFO - Audio hash: 8948c9aa...1ccdd028
2026-06-10 17:47:17,885 - INFO - Generating identicon...
2026-06-10 17:47:17,885 - INFO - Trying jdenticon approach 1: /Users/danielramirez/Nextcloud/ore/Notes/Project/utilities/studio/lufs-workchain/node_modules/.bin/jdenticon 8948c9aae82fd8b1595edcce3731ad45a26fab7d230bb1fea35f0b2a1ccdd028
2026-06-10 17:47:17,888 - WARNING - jdenticon approach 1 - command not found
2026-06-10 17:47:17,888 - INFO - Trying jdenticon approach 2: npx --prefix
2026-06-10 17:47:18,093 - WARNING - jdenticon approach 2 failed: Command '['npx', '--prefix', '/Users/danielramirez/Nextcloud/ore/Notes/Project/utilities/studio/lufs-workchain', 'jdenticon', '8948c9aae82fd8b1595edcce3731ad45a26fab7d230bb1fea35f0b2a1ccdd028', '--size', '5000', '--output', '/Volumes/project/continuo/catalogs/a98ff_praise-legend-road/10-00.0002-15.422_astro-catalog/artwork/components/identicon.png']' returned non-zero exit status 254.
2026-06-10 17:47:18,093 - INFO - Trying jdenticon approach 3: npx jdenticon
2026-06-10 17:47:18,499 - INFO - Identicon created successfully.
2026-06-10 17:47:18,527 - INFO - Generating ultra-high-resolution spectrogram...
2026-06-10 17:47:19,376 - INFO - Using figure dimensions: 50.0x12.5 inches at 400 DPI
2026-06-10 17:47:19,376 - INFO - Target pixel dimensions: 20000x5000
/Users/danielramirez/repos/lufs-workchain/.venv/lib/python3.12/site-packages/PIL/Image.py:3574: DecompressionBombWarning: Image size (100000000 pixels) exceeds limit of 89478485 pixels, could be decompression bomb DOS attack.
  warnings.warn(
2026-06-10 17:47:22,181 - INFO - Raw spectrogram dimensions: 20000x5000 pixels
2026-06-10 17:47:22,181 - INFO - Initial dimensions: 20000x5000 pixels
2026-06-10 17:47:22,181 - INFO - Adjusting saturation to 0.5...
2026-06-10 17:47:24,210 - INFO - Saved full rectangular spectrogram to: /Volumes/project/continuo/catalogs/a98ff_praise-legend-road/10-00.0002-15.422_astro-catalog/artwork/components/rectangle_spectrogram.png
2026-06-10 17:47:24,219 - INFO - Square crop dimensions: 5000x5000
2026-06-10 17:47:24,738 - INFO - Saved 5000x5000 square spectrogram to: /Volumes/project/continuo/catalogs/a98ff_praise-legend-road/10-00.0002-15.422_astro-catalog/artwork/components/spectrogram.png
2026-06-10 17:47:24,738 - INFO - Spectrogram segment covers audio from 50.73s to 84.55s
2026-06-10 17:47:24,757 - INFO - Working with spectrogram: 5000x5000, identicon: 5000x5000
2026-06-10 17:47:24,757 - INFO - Enhancing spectrogram contrast...
2026-06-10 17:47:24,859 - INFO - Resizing identicon for overlay...
2026-06-10 17:47:24,993 - INFO - Creating final composite image...
2026-06-10 17:47:25,555 - INFO - Album artwork generated successfully: /Volumes/project/continuo/catalogs/a98ff_praise-legend-road/10-00.0002-15.422_astro-catalog/artwork/10-00.0002-15.422_normalized_artwork.png
2026-06-10 17:47:25,560 - INFO - Ultra-high resolution (5000x5000) artwork generation finished successfully.
2026-06-10 17:47:25,560 - INFO - Final artwork saved at: /Volumes/project/continuo/catalogs/a98ff_praise-legend-road/10-00.0002-15.422_astro-catalog/artwork/10-00.0002-15.422_normalized_artwork.png
