# Audio Workchain Log - 2026-02-22 16:49:38
# Input file: /Volumes/project/continuo/catalogs/a98ff_praise-legend-road/1/11-01-22.2181-03-42.773.wav
# Output directory: /Volumes/project/continuo/catalogs/a98ff_praise-legend-road/1/11-01-22.2181-03-42.773_final
----------------------------------------
[2026-02-22 16:49:38] [DEBUG] Main log file created: /Volumes/project/continuo/catalogs/a98ff_praise-legend-road/1/11-01-22.2181-03-42.773_final/logs/audio_workchain_main.log
[2026-02-22 16:49:38] [DEBUG] Copying original audio file...
[2026-02-22 16:49:38] [INFO] ✓ Output directory prepared.
[2026-02-22 16:49:38] [INFO] Input File: /Volumes/project/continuo/catalogs/a98ff_praise-legend-road/1/11-01-22.2181-03-42.773.wav
[2026-02-22 16:49:38] [INFO] Output Directory: /Volumes/project/continuo/catalogs/a98ff_praise-legend-road/1/11-01-22.2181-03-42.773_final
[2026-02-22 16:49:38] [INFO] Setting up unified Python environment...
[2026-02-22 16:49:38] [DEBUG] Checking prerequisites...
[2026-02-22 16:49:38] [DEBUG] ✓ Python 3 found: Python 3.9.6
[2026-02-22 16:49:38] [DEBUG] ✓ Python 'venv' module found.
[2026-02-22 16:49:39] [DEBUG] ✓ FFmpeg found: /opt/homebrew/bin/ffmpeg
[2026-02-22 16:49:39] [DEBUG] ✓ npm found: /opt/homebrew/bin/npm
[2026-02-22 16:49:39] [INFO] Found existing virtual environment at /Users/danielramirez/repos/audio-workchain/audio_pipeline_env.
[2026-02-22 16:49:39] [DEBUG] Activating virtual environment...
[2026-02-22 16:49:39] [INFO] ✓ Virtual environment activated.
[2026-02-22 16:49:39] [INFO] ✓ Python dependencies seem to be installed.
[2026-02-22 16:49:39] [INFO] ✓ jdenticon already installed locally.
[2026-02-22 16:49:39] [DEBUG] Deactivating environment after setup.
[2026-02-22 16:49:39] [INFO] ✓ Environment setup complete!
[2026-02-22 16:49:39] [INFO] ===== Starting Step 3: Asset Generation ====
[2026-02-22 16:49:39] [ERROR] Using original audio for asset generation (normalization and protection skipped/failed).
[2026-02-22 16:49:41] [INFO] Artwork saturation set to: 0.5
[2026-02-22 16:49:41] [DEBUG] Activating virtual environment for assets...
[2026-02-22 16:49:41] [INFO] Running v7_album_artwork.py...
[2026-02-22 16:49:41] [DEBUG] Python script will test jdenticon using multiple approaches with fallbacks...
[2026-02-22 16:49:41] [DEBUG] Executing: python3 v7_album_artwork.py ... (see /Volumes/project/continuo/catalogs/a98ff_praise-legend-road/1/11-01-22.2181-03-42.773_final/logs/artwork_generation.log)
[2026-02-22 16:49:54] [INFO] ✓ Album artwork generated successfully.
[2026-02-22 16:49:54] [INFO] Artwork: /Volumes/project/continuo/catalogs/a98ff_praise-legend-road/1/11-01-22.2181-03-42.773_final/artwork/11-01-22.2181-03-42.773_artwork.png
[2026-02-22 16:49:54] [INFO] Running canvas_generator.py...
[2026-02-22 16:49:54] [DEBUG] Executing: python3 canvas_generator.py ... (see /Volumes/project/continuo/catalogs/a98ff_praise-legend-road/1/11-01-22.2181-03-42.773_final/logs/canvas_generation.log)
[2026-02-22 16:50:07] [INFO] ✓ Canvas generation successful.
[2026-02-22 16:50:07] [INFO] Canvas files in: /Volumes/project/continuo/catalogs/a98ff_praise-legend-road/1/11-01-22.2181-03-42.773_final/canvas
[2026-02-22 16:50:07] [INFO] Generating catalog information...
[2026-02-22 16:50:08] [INFO] ✓ Catalog information generated.
[2026-02-22 16:50:08] [INFO] Catalog file: /Volumes/project/continuo/catalogs/a98ff_praise-legend-road/1/11-01-22.2181-03-42.773_final/catalog/catalog_info.txt
[2026-02-22 16:50:08] [DEBUG] Deactivating virtual environment after assets.
[2026-02-22 16:50:08] [INFO] ✓ Asset generation step finished.
[2026-02-22 16:50:08] [INFO] ===== Starting Step 4: Generating HTML Report ====
[2026-02-22 16:50:08] [DEBUG] Generating HTML report at: /Volumes/project/continuo/catalogs/a98ff_praise-legend-road/1/11-01-22.2181-03-42.773_final/11-01-22.2181-03-42.773_final_report.html
[2026-02-22 16:50:08] [INFO] ✓ Enhanced HTML report generated successfully.
[2026-02-22 16:50:08] [INFO] ===== Audio Workchain Finished in 36 seconds ====
[2026-02-22 16:50:13] [INFO] ===== Audio Workchain Started ====
[2026-02-22 16:50:13] [INFO] Waiting for audio file input...
[2026-02-22 16:50:59] [INFO] Audio file selected: 11-03-42.7731-06-03.328.wav
[2026-02-22 16:50:59] [DEBUG] Location: /Volumes/project/continuo/catalogs/a98ff_praise-legend-road/2
[2026-02-22 16:50:59] [INFO] Preparing output directory structure...
[2026-02-22 16:50:59] [DEBUG] Creating directories within: /Volumes/project/continuo/catalogs/a98ff_praise-legend-road/2/11-03-42.7731-06-03.328_final
