2026-06-10 18:33:27,619 - INFO - Ultra-High Resolution Album Artwork Generator v7 (5000x5000 Edition)
2026-06-10 18:33:27,619 - INFO - -------------------------------------------------
2026-06-10 18:33:27,619 - INFO - Using saturation level: 0.5
2026-06-10 18:33:27,619 - INFO - Processing audio file: /Volumes/project/continuo/catalogs/soundcloud/Chorale 1_astro-catalog/Chorale 1_normalized.aiff
2026-06-10 18:33:27,619 - INFO - Output will be saved as: /Volumes/project/continuo/catalogs/soundcloud/Chorale 1_astro-catalog/artwork/Chorale 1_normalized_artwork.png
2026-06-10 18:33:27,619 - INFO - Component files will be saved in: /Volumes/project/continuo/catalogs/soundcloud/Chorale 1_astro-catalog/artwork/components
2026-06-10 18:33:27,619 - INFO - Starting the v7 Ultra-High Resolution Album Artwork Generator
2026-06-10 18:33:27,621 - INFO - Output directory: /Volumes/project/continuo/catalogs/soundcloud/Chorale 1_astro-catalog/artwork
2026-06-10 18:33:27,621 - INFO - Components directory: /Volumes/project/continuo/catalogs/soundcloud/Chorale 1_astro-catalog/artwork/components
2026-06-10 18:33:27,621 - INFO - Analyzing audio fingerprint...
2026-06-10 18:33:27,625 - INFO - Audio hash: 5358fa37...3256649e
2026-06-10 18:33:27,625 - INFO - Generating identicon...
2026-06-10 18:33:27,625 - INFO - Trying jdenticon approach 1: /Users/danielramirez/Nextcloud/ore/Notes/Project/utilities/studio/lufs-workchain/node_modules/.bin/jdenticon 5358fa37ae858dfcb997722092c9a587de0b1e97f56ee30c5c9b19d23256649e
2026-06-10 18:33:27,628 - WARNING - jdenticon approach 1 - command not found
2026-06-10 18:33:27,628 - INFO - Trying jdenticon approach 2: npx --prefix
2026-06-10 18:33:27,832 - WARNING - jdenticon approach 2 failed: Command '['npx', '--prefix', '/Users/danielramirez/Nextcloud/ore/Notes/Project/utilities/studio/lufs-workchain', 'jdenticon', '5358fa37ae858dfcb997722092c9a587de0b1e97f56ee30c5c9b19d23256649e', '--size', '5000', '--output', '/Volumes/project/continuo/catalogs/soundcloud/Chorale 1_astro-catalog/artwork/components/identicon.png']' returned non-zero exit status 254.
2026-06-10 18:33:27,832 - INFO - Trying jdenticon approach 3: npx jdenticon
2026-06-10 18:33:28,419 - INFO - Identicon created successfully.
2026-06-10 18:33:28,441 - INFO - Generating ultra-high-resolution spectrogram...
2026-06-10 18:33:29,224 - INFO - Using figure dimensions: 50.0x12.5 inches at 400 DPI
2026-06-10 18:33:29,224 - INFO - Target pixel dimensions: 20000x5000
/Users/danielramirez/repos/lufs-workchain/.venv/lib/python3.12/site-packages/PIL/Image.py:3574: DecompressionBombWarning: Image size (100000000 pixels) exceeds limit of 89478485 pixels, could be decompression bomb DOS attack.
  warnings.warn(
2026-06-10 18:33:31,021 - INFO - Raw spectrogram dimensions: 20000x5000 pixels
2026-06-10 18:33:31,021 - INFO - Initial dimensions: 20000x5000 pixels
2026-06-10 18:33:31,021 - INFO - Adjusting saturation to 0.5...
2026-06-10 18:33:32,596 - INFO - Saved full rectangular spectrogram to: /Volumes/project/continuo/catalogs/soundcloud/Chorale 1_astro-catalog/artwork/components/rectangle_spectrogram.png
2026-06-10 18:33:32,605 - INFO - Square crop dimensions: 5000x5000
2026-06-10 18:33:33,009 - INFO - Saved 5000x5000 square spectrogram to: /Volumes/project/continuo/catalogs/soundcloud/Chorale 1_astro-catalog/artwork/components/spectrogram.png
2026-06-10 18:33:33,009 - INFO - Spectrogram segment covers audio from 21.15s to 35.25s
2026-06-10 18:33:33,025 - INFO - Working with spectrogram: 5000x5000, identicon: 5000x5000
2026-06-10 18:33:33,025 - INFO - Enhancing spectrogram contrast...
2026-06-10 18:33:33,133 - INFO - Resizing identicon for overlay...
2026-06-10 18:33:33,270 - INFO - Creating final composite image...
2026-06-10 18:33:33,740 - INFO - Album artwork generated successfully: /Volumes/project/continuo/catalogs/soundcloud/Chorale 1_astro-catalog/artwork/Chorale 1_normalized_artwork.png
2026-06-10 18:33:33,745 - INFO - Ultra-high resolution (5000x5000) artwork generation finished successfully.
2026-06-10 18:33:33,745 - INFO - Final artwork saved at: /Volumes/project/continuo/catalogs/soundcloud/Chorale 1_astro-catalog/artwork/Chorale 1_normalized_artwork.png
