2026-06-10 18:27:30,227 - INFO - Ultra-High Resolution Album Artwork Generator v7 (5000x5000 Edition)
2026-06-10 18:27:30,227 - INFO - -------------------------------------------------
2026-06-10 18:27:30,227 - INFO - Using saturation level: 0.5
2026-06-10 18:27:30,227 - INFO - Processing audio file: /Volumes/project/continuo/catalogs/soundcloud/Lion_astro-catalog/Lion_normalized.wav
2026-06-10 18:27:30,227 - INFO - Output will be saved as: /Volumes/project/continuo/catalogs/soundcloud/Lion_astro-catalog/artwork/Lion_normalized_artwork.png
2026-06-10 18:27:30,227 - INFO - Component files will be saved in: /Volumes/project/continuo/catalogs/soundcloud/Lion_astro-catalog/artwork/components
2026-06-10 18:27:30,227 - INFO - Starting the v7 Ultra-High Resolution Album Artwork Generator
2026-06-10 18:27:30,230 - INFO - Output directory: /Volumes/project/continuo/catalogs/soundcloud/Lion_astro-catalog/artwork
2026-06-10 18:27:30,230 - INFO - Components directory: /Volumes/project/continuo/catalogs/soundcloud/Lion_astro-catalog/artwork/components
2026-06-10 18:27:30,230 - INFO - Analyzing audio fingerprint...
2026-06-10 18:27:30,241 - INFO - Audio hash: 944d6975...4b22ae2e
2026-06-10 18:27:30,241 - INFO - Generating identicon...
2026-06-10 18:27:30,241 - INFO - Trying jdenticon approach 1: /Users/danielramirez/Nextcloud/ore/Notes/Project/utilities/studio/lufs-workchain/node_modules/.bin/jdenticon 944d6975d2cde94955ee6d80da7d62e4fa5c8e0b04fd1c4023ab53164b22ae2e
2026-06-10 18:27:30,244 - WARNING - jdenticon approach 1 - command not found
2026-06-10 18:27:30,244 - INFO - Trying jdenticon approach 2: npx --prefix
2026-06-10 18:27:30,463 - WARNING - jdenticon approach 2 failed: Command '['npx', '--prefix', '/Users/danielramirez/Nextcloud/ore/Notes/Project/utilities/studio/lufs-workchain', 'jdenticon', '944d6975d2cde94955ee6d80da7d62e4fa5c8e0b04fd1c4023ab53164b22ae2e', '--size', '5000', '--output', '/Volumes/project/continuo/catalogs/soundcloud/Lion_astro-catalog/artwork/components/identicon.png']' returned non-zero exit status 254.
2026-06-10 18:27:30,463 - INFO - Trying jdenticon approach 3: npx jdenticon
2026-06-10 18:27:31,042 - INFO - Identicon created successfully.
2026-06-10 18:27:31,063 - INFO - Generating ultra-high-resolution spectrogram...
2026-06-10 18:27:31,925 - INFO - Using figure dimensions: 50.0x12.5 inches at 400 DPI
2026-06-10 18:27:31,925 - INFO - Target pixel dimensions: 20000x5000
/Users/danielramirez/repos/lufs-workchain/.venv/lib/python3.12/site-packages/PIL/Image.py:3574: DecompressionBombWarning: Image size (100000000 pixels) exceeds limit of 89478485 pixels, could be decompression bomb DOS attack.
  warnings.warn(
2026-06-10 18:27:34,675 - INFO - Raw spectrogram dimensions: 20000x5000 pixels
2026-06-10 18:27:34,675 - INFO - Initial dimensions: 20000x5000 pixels
2026-06-10 18:27:34,675 - INFO - Adjusting saturation to 0.5...
2026-06-10 18:27:36,840 - INFO - Saved full rectangular spectrogram to: /Volumes/project/continuo/catalogs/soundcloud/Lion_astro-catalog/artwork/components/rectangle_spectrogram.png
2026-06-10 18:27:36,849 - INFO - Square crop dimensions: 5000x5000
2026-06-10 18:27:37,355 - INFO - Saved 5000x5000 square spectrogram to: /Volumes/project/continuo/catalogs/soundcloud/Lion_astro-catalog/artwork/components/spectrogram.png
2026-06-10 18:27:37,356 - INFO - Spectrogram segment covers audio from 55.12s to 91.88s
2026-06-10 18:27:37,378 - INFO - Working with spectrogram: 5000x5000, identicon: 5000x5000
2026-06-10 18:27:37,378 - INFO - Enhancing spectrogram contrast...
2026-06-10 18:27:37,472 - INFO - Resizing identicon for overlay...
2026-06-10 18:27:37,607 - INFO - Creating final composite image...
2026-06-10 18:27:38,178 - INFO - Album artwork generated successfully: /Volumes/project/continuo/catalogs/soundcloud/Lion_astro-catalog/artwork/Lion_normalized_artwork.png
2026-06-10 18:27:38,183 - INFO - Ultra-high resolution (5000x5000) artwork generation finished successfully.
2026-06-10 18:27:38,183 - INFO - Final artwork saved at: /Volumes/project/continuo/catalogs/soundcloud/Lion_astro-catalog/artwork/Lion_normalized_artwork.png
