# Normalization Log - Wed Jun 10 18:27:18 CDT 2026
Target LUFS: -14
Two-pass: true
LRA: 7
True Peak: -1.5 dB

ffmpeg version 8.1.1 Copyright (c) 2000-2026 the FFmpeg developers
  built with Apple clang version 21.0.0 (clang-2100.0.123.102)
  configuration: --prefix=/opt/homebrew/Cellar/ffmpeg/8.1.1 --enable-shared --enable-pthreads --enable-version3 --cc=clang --host-cflags= --host-ldflags= --enable-ffplay --enable-gpl --enable-libsvtav1 --enable-libopus --enable-libx264 --enable-libmp3lame --enable-libdav1d --enable-libvmaf --enable-libvpx --enable-libx265 --enable-openssl --enable-videotoolbox --enable-audiotoolbox --enable-neon
  libavutil      60. 26.101 / 60. 26.101
  libavcodec     62. 28.101 / 62. 28.101
  libavformat    62. 12.101 / 62. 12.101
  libavdevice    62.  3.101 / 62.  3.101
  libavfilter    11. 14.101 / 11. 14.101
  libswscale      9.  5.101 /  9.  5.101
  libswresample   6.  3.101 /  6.  3.101
[aist#0:0/pcm_s24le @ 0x92cc0c180] Guessed Channel Layout: stereo
Input #0, wav, from '/Volumes/project/continuo/catalogs/soundcloud/Lion.wav':
  Metadata:
    encoded_by      : Logic Pro X
    date            : 2018-03-29
    creation_time   : 20:48:50
    time_reference  : 174804630
    umid            : 0x000000000000000000000000000000000000000000000000000000001E00F7CB5FA2BB36F09A0BE0FE7F00004001281101000000309B0BE0FE7F00003DF62C7A
    coding_history  : 
  Duration: 00:02:27.00, bitrate: 2307 kb/s
  Chapters:
    Chapter #0:0: start 0.000000, end 147.000000
      Metadata:
        title           : Tempo: 75.0
  Stream #0:0: Audio: pcm_s24le ([1][0][0][0] / 0x0001), 48000 Hz, stereo, s32 (24 bit), 2304 kb/s
Stream mapping:
  Stream #0:0 -> #0:0 (pcm_s24le (native) -> pcm_s16le (native))
Press [q] to stop, [?] for help
Output #0, wav, to '/Volumes/project/continuo/catalogs/soundcloud/Lion_astro-catalog/Lion_normalized.wav':
  Metadata:
    ITCH            : Logic Pro X
    ICRD            : 2018-03-29
    coding_history  : 
    time_reference  : 174804630
    umid            : 0x000000000000000000000000000000000000000000000000000000001E00F7CB5FA2BB36F09A0BE0FE7F00004001281101000000309B0BE0FE7F00003DF62C7A
    ISFT            : Lavf62.12.101
  Chapters:
    Chapter #0:0: start 0.000000, end 147.000000
      Metadata:
        title           : Tempo: 75.0
  Stream #0:0: Audio: pcm_s16le ([1][0][0][0] / 0x0001), 48000 Hz, stereo, s16, 1536 kb/s
    Metadata:
      encoder         : Lavc62.28.101 pcm_s16le
size=    3584KiB time=00:00:19.59 bitrate=1498.0kbits/s speed=38.8x elapsed=0:00:00.50    size=    7424KiB time=00:00:39.79 bitrate=1528.1kbits/s speed=39.5x elapsed=0:00:01.00    size=   11008KiB time=00:00:59.89 bitrate=1505.5kbits/s speed=39.7x elapsed=0:00:01.50    size=   14848KiB time=00:01:20.29 bitrate=1514.8kbits/s speed=39.9x elapsed=0:00:02.01    size=   18688KiB time=00:01:40.59 bitrate=1521.8kbits/s speed=  40x elapsed=0:00:02.51    size=   22528KiB time=00:02:00.89 bitrate=1526.5kbits/s speed=  40x elapsed=0:00:03.02    size=   26368KiB time=00:02:20.99 bitrate=1532.0kbits/s speed=  40x elapsed=0:00:03.52    [out#0/wav @ 0x92c828180] video:0KiB audio:27562KiB subtitle:0KiB other streams:0KiB global headers:0KiB muxing overhead: 0.000418%
size=   27563KiB time=00:02:27.00 bitrate=1536.0kbits/s speed=  40x elapsed=0:00:03.67    
