2026-06-10 17:40:28,955 - INFO - Ultra-High Resolution Album Artwork Generator v7 (5000x5000 Edition)
2026-06-10 17:40:28,955 - INFO - -------------------------------------------------
2026-06-10 17:40:28,955 - INFO - Using saturation level: 0.5
2026-06-10 17:40:28,955 - INFO - Processing audio file: /Volumes/project/continuo/catalogs/a98ff_praise-legend-road/135-31.11437-52.725_astro-catalog/135-31.11437-52.725_normalized.wav
2026-06-10 17:40:28,955 - INFO - Output will be saved as: /Volumes/project/continuo/catalogs/a98ff_praise-legend-road/135-31.11437-52.725_astro-catalog/artwork/135-31.11437-52.725_normalized_artwork.png
2026-06-10 17:40:28,955 - INFO - Component files will be saved in: /Volumes/project/continuo/catalogs/a98ff_praise-legend-road/135-31.11437-52.725_astro-catalog/artwork/components
2026-06-10 17:40:28,955 - INFO - Starting the v7 Ultra-High Resolution Album Artwork Generator
2026-06-10 17:40:28,958 - INFO - Output directory: /Volumes/project/continuo/catalogs/a98ff_praise-legend-road/135-31.11437-52.725_astro-catalog/artwork
2026-06-10 17:40:28,958 - INFO - Components directory: /Volumes/project/continuo/catalogs/a98ff_praise-legend-road/135-31.11437-52.725_astro-catalog/artwork/components
2026-06-10 17:40:28,958 - INFO - Analyzing audio fingerprint...
2026-06-10 17:40:28,968 - INFO - Audio hash: 22c6e145...7391c35c
2026-06-10 17:40:28,968 - INFO - Generating identicon...
2026-06-10 17:40:28,969 - INFO - Trying jdenticon approach 1: /Users/danielramirez/Nextcloud/ore/Notes/Project/utilities/studio/lufs-workchain/node_modules/.bin/jdenticon 22c6e14532c7d3cf85619214d8f2c23966d13fc14ee08562067361987391c35c
2026-06-10 17:40:28,971 - WARNING - jdenticon approach 1 - command not found
2026-06-10 17:40:28,971 - INFO - Trying jdenticon approach 2: npx --prefix
2026-06-10 17:40:29,170 - WARNING - jdenticon approach 2 failed: Command '['npx', '--prefix', '/Users/danielramirez/Nextcloud/ore/Notes/Project/utilities/studio/lufs-workchain', 'jdenticon', '22c6e14532c7d3cf85619214d8f2c23966d13fc14ee08562067361987391c35c', '--size', '5000', '--output', '/Volumes/project/continuo/catalogs/a98ff_praise-legend-road/135-31.11437-52.725_astro-catalog/artwork/components/identicon.png']' returned non-zero exit status 254.
2026-06-10 17:40:29,170 - INFO - Trying jdenticon approach 3: npx jdenticon
2026-06-10 17:40:29,542 - INFO - Identicon created successfully.
2026-06-10 17:40:29,570 - INFO - Generating ultra-high-resolution spectrogram...
2026-06-10 17:40:30,397 - INFO - Using figure dimensions: 50.0x12.5 inches at 400 DPI
2026-06-10 17:40:30,397 - INFO - Target pixel dimensions: 20000x5000
/Users/danielramirez/repos/lufs-workchain/.venv/lib/python3.12/site-packages/PIL/Image.py:3574: DecompressionBombWarning: Image size (100000000 pixels) exceeds limit of 89478485 pixels, could be decompression bomb DOS attack.
  warnings.warn(
2026-06-10 17:40:33,213 - INFO - Raw spectrogram dimensions: 20000x5000 pixels
2026-06-10 17:40:33,213 - INFO - Initial dimensions: 20000x5000 pixels
2026-06-10 17:40:33,213 - INFO - Adjusting saturation to 0.5...
2026-06-10 17:40:35,232 - INFO - Saved full rectangular spectrogram to: /Volumes/project/continuo/catalogs/a98ff_praise-legend-road/135-31.11437-52.725_astro-catalog/artwork/components/rectangle_spectrogram.png
2026-06-10 17:40:35,241 - INFO - Square crop dimensions: 5000x5000
2026-06-10 17:40:35,759 - INFO - Saved 5000x5000 square spectrogram to: /Volumes/project/continuo/catalogs/a98ff_praise-legend-road/135-31.11437-52.725_astro-catalog/artwork/components/spectrogram.png
2026-06-10 17:40:35,759 - INFO - Spectrogram segment covers audio from 51.03s to 85.06s
2026-06-10 17:40:35,778 - INFO - Working with spectrogram: 5000x5000, identicon: 5000x5000
2026-06-10 17:40:35,778 - INFO - Enhancing spectrogram contrast...
2026-06-10 17:40:35,879 - INFO - Resizing identicon for overlay...
2026-06-10 17:40:36,010 - INFO - Creating final composite image...
2026-06-10 17:40:36,592 - INFO - Album artwork generated successfully: /Volumes/project/continuo/catalogs/a98ff_praise-legend-road/135-31.11437-52.725_astro-catalog/artwork/135-31.11437-52.725_normalized_artwork.png
2026-06-10 17:40:36,595 - INFO - Ultra-high resolution (5000x5000) artwork generation finished successfully.
2026-06-10 17:40:36,595 - INFO - Final artwork saved at: /Volumes/project/continuo/catalogs/a98ff_praise-legend-road/135-31.11437-52.725_astro-catalog/artwork/135-31.11437-52.725_normalized_artwork.png
