# Normalization Log - Wed Jun 10 17:57:27 CDT 2026
Target LUFS: -14
Two-pass: true
LRA: 7
True Peak: -1.5 dB

ffmpeg version 8.1.1 Copyright (c) 2000-2026 the FFmpeg developers
  built with Apple clang version 21.0.0 (clang-2100.0.123.102)
  configuration: --prefix=/opt/homebrew/Cellar/ffmpeg/8.1.1 --enable-shared --enable-pthreads --enable-version3 --cc=clang --host-cflags= --host-ldflags= --enable-ffplay --enable-gpl --enable-libsvtav1 --enable-libopus --enable-libx264 --enable-libmp3lame --enable-libdav1d --enable-libvmaf --enable-libvpx --enable-libx265 --enable-openssl --enable-videotoolbox --enable-audiotoolbox --enable-neon
  libavutil      60. 26.101 / 60. 26.101
  libavcodec     62. 28.101 / 62. 28.101
  libavformat    62. 12.101 / 62. 12.101
  libavdevice    62.  3.101 / 62.  3.101
  libavfilter    11. 14.101 / 11. 14.101
  libswscale      9.  5.101 /  9.  5.101
  libswresample   6.  3.101 /  6.  3.101
[aist#0:0/pcm_s24le @ 0x7e2c0c180] Guessed Channel Layout: stereo
Input #0, wav, from '/Volumes/project/continuo/catalogs/footlights/Footlights Agree to Disagree.wav':
  Metadata:
    encoded_by      : Logic Pro X
    date            : 2016-05-02
    creation_time   : 02:36:55
    time_reference  : 158760000
    umid            : 0x00000000E6DF6DAE22F3004990CC5750FF7F0000804F120000000000000000000000000080686E1001000000E6DF6DAE22F3004980C45750FF7F0000ED8EA499
    coding_history  : 
  Duration: 00:00:42.00, bitrate: 2119 kb/s
  Chapters:
    Chapter #0:0: start 0.000000, end 2.000000
      Metadata:
        title           : Tempo: 120.0
    Chapter #0:1: start 2.000000, end 42.000000
      Metadata:
        title           : Marker 1
    Chapter #0:2: start 2.000000, end 4.061973
      Metadata:
        title           : Am
    Chapter #0:3: start 4.061973, end 6.000000
      Metadata:
        title           : Em
    Chapter #0:4: start 6.000000, end 7.968730
      Metadata:
        title           : F
    Chapter #0:5: start 7.968730, end 10.000000
      Metadata:
        title           : C
    Chapter #0:6: start 10.000000, end 12.000000
      Metadata:
        title           : Am
    Chapter #0:7: start 12.000000, end 14.000000
      Metadata:
        title           : Em
    Chapter #0:8: start 14.000000, end 16.082812
      Metadata:
        title           : F
    Chapter #0:9: start 16.082812, end 18.000000
      Metadata:
        title           : G
    Chapter #0:10: start 18.000000, end 20.000000
      Metadata:
        title           : Am
    Chapter #0:11: start 20.000000, end 22.000000
      Metadata:
        title           : Bdim
    Chapter #0:12: start 22.000000, end 24.000000
      Metadata:
        title           : F
    Chapter #0:13: start 24.000000, end 26.000000
      Metadata:
        title           : C
    Chapter #0:14: start 26.000000, end 28.000000
      Metadata:
        title           : Am
    Chapter #0:15: start 28.000000, end 30.000000
      Metadata:
        title           : G
    Chapter #0:16: start 30.000000, end 42.000000
      Metadata:
        title           : F
  Stream #0:0: Audio: pcm_s24le ([1][0][0][0] / 0x0001), 44100 Hz, stereo, s32 (24 bit), 2116 kb/s
Stream mapping:
  Stream #0:0 -> #0:0 (pcm_s24le (native) -> pcm_s16le (native))
Press [q] to stop, [?] for help
Output #0, wav, to '/Volumes/project/continuo/catalogs/footlights/Footlights Agree to Disagree_astro-catalog/Footlights Agree to Disagree_normalized.wav':
  Metadata:
    ITCH            : Logic Pro X
    ICRD            : 2016-05-02
    coding_history  : 
    time_reference  : 158760000
    umid            : 0x00000000E6DF6DAE22F3004990CC5750FF7F0000804F120000000000000000000000000080686E1001000000E6DF6DAE22F3004980C45750FF7F0000ED8EA499
    ISFT            : Lavf62.12.101
  Chapters:
    Chapter #0:0: start 0.000000, end 2.000000
      Metadata:
        title           : Tempo: 120.0
    Chapter #0:1: start 2.000000, end 42.000000
      Metadata:
        title           : Marker 1
    Chapter #0:2: start 2.000000, end 4.061973
      Metadata:
        title           : Am
    Chapter #0:3: start 4.061973, end 6.000000
      Metadata:
        title           : Em
    Chapter #0:4: start 6.000000, end 7.968730
      Metadata:
        title           : F
    Chapter #0:5: start 7.968730, end 10.000000
      Metadata:
        title           : C
    Chapter #0:6: start 10.000000, end 12.000000
      Metadata:
        title           : Am
    Chapter #0:7: start 12.000000, end 14.000000
      Metadata:
        title           : Em
    Chapter #0:8: start 14.000000, end 16.082812
      Metadata:
        title           : F
    Chapter #0:9: start 16.082812, end 18.000000
      Metadata:
        title           : G
    Chapter #0:10: start 18.000000, end 20.000000
      Metadata:
        title           : Am
    Chapter #0:11: start 20.000000, end 22.000000
      Metadata:
        title           : Bdim
    Chapter #0:12: start 22.000000, end 24.000000
      Metadata:
        title           : F
    Chapter #0:13: start 24.000000, end 26.000000
      Metadata:
        title           : C
    Chapter #0:14: start 26.000000, end 28.000000
      Metadata:
        title           : Am
    Chapter #0:15: start 28.000000, end 30.000000
      Metadata:
        title           : G
    Chapter #0:16: start 30.000000, end 42.000000
      Metadata:
        title           : F
  Stream #0:0: Audio: pcm_s16le ([1][0][0][0] / 0x0001), 44100 Hz, stereo, s16, 1411 kb/s
    Metadata:
      encoder         : Lavc62.28.101 pcm_s16le
size=    3072KiB time=00:00:19.29 bitrate=1304.0kbits/s speed=38.2x elapsed=0:00:00.50    size=    6656KiB time=00:00:39.09 bitrate=1394.5kbits/s speed=38.8x elapsed=0:00:01.00    [out#0/wav @ 0x7e2c18240] video:0KiB audio:7235KiB subtitle:0KiB other streams:0KiB global headers:0KiB muxing overhead: 0.001593%
size=    7235KiB time=00:00:42.00 bitrate=1411.2kbits/s speed=39.8x elapsed=0:00:01.05    
