2026-06-10 18:34:52,521 - INFO - Ultra-High Resolution Album Artwork Generator v7 (5000x5000 Edition)
2026-06-10 18:34:52,521 - INFO - -------------------------------------------------
2026-06-10 18:34:52,521 - INFO - Using saturation level: 0.5
2026-06-10 18:34:52,521 - INFO - Processing audio file: /Volumes/project/continuo/catalogs/soundcloud/Prelude to Cold Sweats_astro-catalog/Prelude to Cold Sweats_normalized.wav
2026-06-10 18:34:52,521 - INFO - Output will be saved as: /Volumes/project/continuo/catalogs/soundcloud/Prelude to Cold Sweats_astro-catalog/artwork/Prelude to Cold Sweats_normalized_artwork.png
2026-06-10 18:34:52,521 - INFO - Component files will be saved in: /Volumes/project/continuo/catalogs/soundcloud/Prelude to Cold Sweats_astro-catalog/artwork/components
2026-06-10 18:34:52,521 - INFO - Starting the v7 Ultra-High Resolution Album Artwork Generator
2026-06-10 18:34:52,523 - INFO - Output directory: /Volumes/project/continuo/catalogs/soundcloud/Prelude to Cold Sweats_astro-catalog/artwork
2026-06-10 18:34:52,524 - INFO - Components directory: /Volumes/project/continuo/catalogs/soundcloud/Prelude to Cold Sweats_astro-catalog/artwork/components
2026-06-10 18:34:52,524 - INFO - Analyzing audio fingerprint...
2026-06-10 18:34:52,533 - INFO - Audio hash: 64de61bd...a257b5fc
2026-06-10 18:34:52,533 - INFO - Generating identicon...
2026-06-10 18:34:52,533 - INFO - Trying jdenticon approach 1: /Users/danielramirez/Nextcloud/ore/Notes/Project/utilities/studio/lufs-workchain/node_modules/.bin/jdenticon 64de61bd8459a6198fa22016e8f16651e5b0bcdc8774f0efd013b11da257b5fc
2026-06-10 18:34:52,536 - WARNING - jdenticon approach 1 - command not found
2026-06-10 18:34:52,536 - INFO - Trying jdenticon approach 2: npx --prefix
2026-06-10 18:34:52,731 - WARNING - jdenticon approach 2 failed: Command '['npx', '--prefix', '/Users/danielramirez/Nextcloud/ore/Notes/Project/utilities/studio/lufs-workchain', 'jdenticon', '64de61bd8459a6198fa22016e8f16651e5b0bcdc8774f0efd013b11da257b5fc', '--size', '5000', '--output', '/Volumes/project/continuo/catalogs/soundcloud/Prelude to Cold Sweats_astro-catalog/artwork/components/identicon.png']' returned non-zero exit status 254.
2026-06-10 18:34:52,731 - INFO - Trying jdenticon approach 3: npx jdenticon
2026-06-10 18:34:53,340 - INFO - Identicon created successfully.
2026-06-10 18:34:53,363 - INFO - Generating ultra-high-resolution spectrogram...
2026-06-10 18:34:54,179 - INFO - Using figure dimensions: 50.0x12.5 inches at 400 DPI
2026-06-10 18:34:54,180 - INFO - Target pixel dimensions: 20000x5000
/Users/danielramirez/repos/lufs-workchain/.venv/lib/python3.12/site-packages/PIL/Image.py:3574: DecompressionBombWarning: Image size (100000000 pixels) exceeds limit of 89478485 pixels, could be decompression bomb DOS attack.
  warnings.warn(
2026-06-10 18:34:56,521 - INFO - Raw spectrogram dimensions: 20000x5000 pixels
2026-06-10 18:34:56,521 - INFO - Initial dimensions: 20000x5000 pixels
2026-06-10 18:34:56,521 - INFO - Adjusting saturation to 0.5...
2026-06-10 18:34:58,296 - INFO - Saved full rectangular spectrogram to: /Volumes/project/continuo/catalogs/soundcloud/Prelude to Cold Sweats_astro-catalog/artwork/components/rectangle_spectrogram.png
2026-06-10 18:34:58,304 - INFO - Square crop dimensions: 5000x5000
2026-06-10 18:34:58,744 - INFO - Saved 5000x5000 square spectrogram to: /Volumes/project/continuo/catalogs/soundcloud/Prelude to Cold Sweats_astro-catalog/artwork/components/spectrogram.png
2026-06-10 18:34:58,744 - INFO - Spectrogram segment covers audio from 43.88s to 73.12s
2026-06-10 18:34:58,766 - INFO - Working with spectrogram: 5000x5000, identicon: 5000x5000
2026-06-10 18:34:58,766 - INFO - Enhancing spectrogram contrast...
2026-06-10 18:34:58,877 - INFO - Resizing identicon for overlay...
2026-06-10 18:34:59,016 - INFO - Creating final composite image...
2026-06-10 18:34:59,560 - INFO - Album artwork generated successfully: /Volumes/project/continuo/catalogs/soundcloud/Prelude to Cold Sweats_astro-catalog/artwork/Prelude to Cold Sweats_normalized_artwork.png
2026-06-10 18:34:59,563 - INFO - Ultra-high resolution (5000x5000) artwork generation finished successfully.
2026-06-10 18:34:59,563 - INFO - Final artwork saved at: /Volumes/project/continuo/catalogs/soundcloud/Prelude to Cold Sweats_astro-catalog/artwork/Prelude to Cold Sweats_normalized_artwork.png
