2026-06-10 18:29:00,781 - INFO - Ultra-High Resolution Album Artwork Generator v7 (5000x5000 Edition)
2026-06-10 18:29:00,781 - INFO - -------------------------------------------------
2026-06-10 18:29:00,781 - INFO - Using saturation level: 0.5
2026-06-10 18:29:00,781 - INFO - Processing audio file: /Volumes/project/continuo/catalogs/soundcloud/Here's The Song_astro-catalog/Here's The Song_normalized.wav
2026-06-10 18:29:00,781 - INFO - Output will be saved as: /Volumes/project/continuo/catalogs/soundcloud/Here's The Song_astro-catalog/artwork/Here's The Song_normalized_artwork.png
2026-06-10 18:29:00,781 - INFO - Component files will be saved in: /Volumes/project/continuo/catalogs/soundcloud/Here's The Song_astro-catalog/artwork/components
2026-06-10 18:29:00,781 - INFO - Starting the v7 Ultra-High Resolution Album Artwork Generator
2026-06-10 18:29:00,784 - INFO - Output directory: /Volumes/project/continuo/catalogs/soundcloud/Here's The Song_astro-catalog/artwork
2026-06-10 18:29:00,784 - INFO - Components directory: /Volumes/project/continuo/catalogs/soundcloud/Here's The Song_astro-catalog/artwork/components
2026-06-10 18:29:00,784 - INFO - Analyzing audio fingerprint...
2026-06-10 18:29:00,825 - INFO - Audio hash: 5ea96092...694d70bc
2026-06-10 18:29:00,825 - INFO - Generating identicon...
2026-06-10 18:29:00,825 - INFO - Trying jdenticon approach 1: /Users/danielramirez/Nextcloud/ore/Notes/Project/utilities/studio/lufs-workchain/node_modules/.bin/jdenticon 5ea960922cf5e6574f66b2e9eebbb7b677f7e9bfe50f2ae835fce015694d70bc
2026-06-10 18:29:00,828 - WARNING - jdenticon approach 1 - command not found
2026-06-10 18:29:00,828 - INFO - Trying jdenticon approach 2: npx --prefix
2026-06-10 18:29:01,026 - WARNING - jdenticon approach 2 failed: Command '['npx', '--prefix', '/Users/danielramirez/Nextcloud/ore/Notes/Project/utilities/studio/lufs-workchain', 'jdenticon', '5ea960922cf5e6574f66b2e9eebbb7b677f7e9bfe50f2ae835fce015694d70bc', '--size', '5000', '--output', "/Volumes/project/continuo/catalogs/soundcloud/Here's The Song_astro-catalog/artwork/components/identicon.png"]' returned non-zero exit status 254.
2026-06-10 18:29:01,026 - INFO - Trying jdenticon approach 3: npx jdenticon
2026-06-10 18:29:01,479 - INFO - Identicon created successfully.
2026-06-10 18:29:01,508 - INFO - Generating ultra-high-resolution spectrogram...
2026-06-10 18:29:02,575 - INFO - Using figure dimensions: 50.0x12.5 inches at 400 DPI
2026-06-10 18:29:02,575 - INFO - Target pixel dimensions: 20000x5000
/Users/danielramirez/repos/lufs-workchain/.venv/lib/python3.12/site-packages/PIL/Image.py:3574: DecompressionBombWarning: Image size (100000000 pixels) exceeds limit of 89478485 pixels, could be decompression bomb DOS attack.
  warnings.warn(
2026-06-10 18:29:06,396 - INFO - Raw spectrogram dimensions: 20000x5000 pixels
2026-06-10 18:29:06,396 - INFO - Initial dimensions: 20000x5000 pixels
2026-06-10 18:29:06,396 - INFO - Adjusting saturation to 0.5...
2026-06-10 18:29:08,997 - INFO - Saved full rectangular spectrogram to: /Volumes/project/continuo/catalogs/soundcloud/Here's The Song_astro-catalog/artwork/components/rectangle_spectrogram.png
2026-06-10 18:29:09,006 - INFO - Square crop dimensions: 5000x5000
2026-06-10 18:29:09,698 - INFO - Saved 5000x5000 square spectrogram to: /Volumes/project/continuo/catalogs/soundcloud/Here's The Song_astro-catalog/artwork/components/spectrogram.png
2026-06-10 18:29:09,698 - INFO - Spectrogram segment covers audio from 99.45s to 165.75s
2026-06-10 18:29:09,727 - INFO - Working with spectrogram: 5000x5000, identicon: 5000x5000
2026-06-10 18:29:09,727 - INFO - Enhancing spectrogram contrast...
2026-06-10 18:29:09,829 - INFO - Resizing identicon for overlay...
2026-06-10 18:29:09,967 - INFO - Creating final composite image...
2026-06-10 18:29:10,938 - INFO - Album artwork generated successfully: /Volumes/project/continuo/catalogs/soundcloud/Here's The Song_astro-catalog/artwork/Here's The Song_normalized_artwork.png
2026-06-10 18:29:10,944 - INFO - Ultra-high resolution (5000x5000) artwork generation finished successfully.
2026-06-10 18:29:10,944 - INFO - Final artwork saved at: /Volumes/project/continuo/catalogs/soundcloud/Here's The Song_astro-catalog/artwork/Here's The Song_normalized_artwork.png
