# Normalization Log - Wed Jun 10 18:28:41 CDT 2026
Target LUFS: -14
Two-pass: true
LRA: 7
True Peak: -1.5 dB

ffmpeg version 8.1.1 Copyright (c) 2000-2026 the FFmpeg developers
  built with Apple clang version 21.0.0 (clang-2100.0.123.102)
  configuration: --prefix=/opt/homebrew/Cellar/ffmpeg/8.1.1 --enable-shared --enable-pthreads --enable-version3 --cc=clang --host-cflags= --host-ldflags= --enable-ffplay --enable-gpl --enable-libsvtav1 --enable-libopus --enable-libx264 --enable-libmp3lame --enable-libdav1d --enable-libvmaf --enable-libvpx --enable-libx265 --enable-openssl --enable-videotoolbox --enable-audiotoolbox --enable-neon
  libavutil      60. 26.101 / 60. 26.101
  libavcodec     62. 28.101 / 62. 28.101
  libavformat    62. 12.101 / 62. 12.101
  libavdevice    62.  3.101 / 62.  3.101
  libavfilter    11. 14.101 / 11. 14.101
  libswscale      9.  5.101 /  9.  5.101
  libswresample   6.  3.101 /  6.  3.101
[aist#0:0/pcm_f32le @ 0x9bec0c180] Guessed Channel Layout: stereo
Input #0, wav, from '/Volumes/project/continuo/catalogs/soundcloud/Here's The Song.wav':
  Metadata:
    encoded_by      : Pro Tools
    originator_reference: h3EwbrD6NAcaaaGk
    date            : 2017-03-11
    creation_time   : 14:07:50
    time_reference  : 0
  Duration: 00:04:25.20, bitrate: 6150 kb/s
  Stream #0:0: Audio: pcm_f32le ([3][0][0][0] / 0x0003), 96000 Hz, stereo, flt, 6144 kb/s
Stream mapping:
  Stream #0:0 -> #0:0 (pcm_f32le (native) -> pcm_s16le (native))
Press [q] to stop, [?] for help
Output #0, wav, to '/Volumes/project/continuo/catalogs/soundcloud/Here's The Song_astro-catalog/Here's The Song_normalized.wav':
  Metadata:
    ITCH            : Pro Tools
    originator_reference: h3EwbrD6NAcaaaGk
    ICRD            : 2017-03-11
    time_reference  : 0
    ISFT            : Lavf62.12.101
  Stream #0:0: Audio: pcm_s16le ([1][0][0][0] / 0x0001), 96000 Hz, stereo, s16, 3072 kb/s
    Metadata:
      encoder         : Lavc62.28.101 pcm_s16le
size=    7424KiB time=00:00:19.89 bitrate=3056.2kbits/s speed=39.7x elapsed=0:00:00.50    size=   15104KiB time=00:00:40.89 bitrate=3025.2kbits/s speed=40.7x elapsed=0:00:01.00    size=   23040KiB time=00:01:01.59 bitrate=3064.0kbits/s speed=40.9x elapsed=0:00:01.50    size=   30720KiB time=00:01:22.49 bitrate=3050.4kbits/s speed=41.1x elapsed=0:00:02.00    size=   38400KiB time=00:01:42.99 bitrate=3054.1kbits/s speed=  41x elapsed=0:00:02.51    size=   46336KiB time=00:02:03.89 bitrate=3063.6kbits/s speed=41.1x elapsed=0:00:03.01    size=   54016KiB time=00:02:24.79 bitrate=3055.9kbits/s speed=41.1x elapsed=0:00:03.52    size=   61952KiB time=00:02:45.79 bitrate=3061.0kbits/s speed=41.2x elapsed=0:00:04.02    size=   69888KiB time=00:03:06.59 bitrate=3068.2kbits/s speed=41.2x elapsed=0:00:04.52    size=   77568KiB time=00:03:27.59 bitrate=3060.9kbits/s speed=41.3x elapsed=0:00:05.03    size=   85504KiB time=00:03:48.59 bitrate=3064.1kbits/s speed=41.3x elapsed=0:00:05.53    size=   93440KiB time=00:04:09.69 bitrate=3065.5kbits/s speed=41.3x elapsed=0:00:06.04    [out#0/wav @ 0x9bf01c240] video:0KiB audio:99450KiB subtitle:0KiB other streams:0KiB global headers:0KiB muxing overhead: 0.000137%
size=   99450KiB time=00:04:25.20 bitrate=3072.0kbits/s speed=  41x elapsed=0:00:06.47    
