2026-06-10 17:37:41,685 - INFO - Ultra-High Resolution Album Artwork Generator v7 (5000x5000 Edition)
2026-06-10 17:37:41,685 - INFO - -------------------------------------------------
2026-06-10 17:37:41,685 - INFO - Using saturation level: 0.5
2026-06-10 17:37:41,685 - INFO - Processing audio file: /Volumes/project/continuo/catalogs/a98ff_praise-legend-road/11-06-03.3281-08-23.882_astro-catalog/11-06-03.3281-08-23.882_normalized.wav
2026-06-10 17:37:41,685 - INFO - Output will be saved as: /Volumes/project/continuo/catalogs/a98ff_praise-legend-road/11-06-03.3281-08-23.882_astro-catalog/artwork/11-06-03.3281-08-23.882_normalized_artwork.png
2026-06-10 17:37:41,685 - INFO - Component files will be saved in: /Volumes/project/continuo/catalogs/a98ff_praise-legend-road/11-06-03.3281-08-23.882_astro-catalog/artwork/components
2026-06-10 17:37:41,685 - INFO - Starting the v7 Ultra-High Resolution Album Artwork Generator
2026-06-10 17:37:41,687 - INFO - Output directory: /Volumes/project/continuo/catalogs/a98ff_praise-legend-road/11-06-03.3281-08-23.882_astro-catalog/artwork
2026-06-10 17:37:41,687 - INFO - Components directory: /Volumes/project/continuo/catalogs/a98ff_praise-legend-road/11-06-03.3281-08-23.882_astro-catalog/artwork/components
2026-06-10 17:37:41,687 - INFO - Analyzing audio fingerprint...
2026-06-10 17:37:41,698 - INFO - Audio hash: 19c085d2...ba477bb2
2026-06-10 17:37:41,698 - INFO - Generating identicon...
2026-06-10 17:37:41,698 - INFO - Trying jdenticon approach 1: /Users/danielramirez/Nextcloud/ore/Notes/Project/utilities/studio/lufs-workchain/node_modules/.bin/jdenticon 19c085d233e828639d842067279d26475e0a03e2ac86dee1279a04d6ba477bb2
2026-06-10 17:37:41,701 - WARNING - jdenticon approach 1 - command not found
2026-06-10 17:37:41,701 - INFO - Trying jdenticon approach 2: npx --prefix
2026-06-10 17:37:41,902 - WARNING - jdenticon approach 2 failed: Command '['npx', '--prefix', '/Users/danielramirez/Nextcloud/ore/Notes/Project/utilities/studio/lufs-workchain', 'jdenticon', '19c085d233e828639d842067279d26475e0a03e2ac86dee1279a04d6ba477bb2', '--size', '5000', '--output', '/Volumes/project/continuo/catalogs/a98ff_praise-legend-road/11-06-03.3281-08-23.882_astro-catalog/artwork/components/identicon.png']' returned non-zero exit status 254.
2026-06-10 17:37:41,902 - INFO - Trying jdenticon approach 3: npx jdenticon
2026-06-10 17:37:42,295 - INFO - Identicon created successfully.
2026-06-10 17:37:42,324 - INFO - Generating ultra-high-resolution spectrogram...
2026-06-10 17:37:43,162 - INFO - Using figure dimensions: 50.0x12.5 inches at 400 DPI
2026-06-10 17:37:43,162 - INFO - Target pixel dimensions: 20000x5000
/Users/danielramirez/repos/lufs-workchain/.venv/lib/python3.12/site-packages/PIL/Image.py:3574: DecompressionBombWarning: Image size (100000000 pixels) exceeds limit of 89478485 pixels, could be decompression bomb DOS attack.
  warnings.warn(
2026-06-10 17:37:45,779 - INFO - Raw spectrogram dimensions: 20000x5000 pixels
2026-06-10 17:37:45,779 - INFO - Initial dimensions: 20000x5000 pixels
2026-06-10 17:37:45,780 - INFO - Adjusting saturation to 0.5...
2026-06-10 17:37:47,779 - INFO - Saved full rectangular spectrogram to: /Volumes/project/continuo/catalogs/a98ff_praise-legend-road/11-06-03.3281-08-23.882_astro-catalog/artwork/components/rectangle_spectrogram.png
2026-06-10 17:37:47,788 - INFO - Square crop dimensions: 5000x5000
2026-06-10 17:37:48,298 - INFO - Saved 5000x5000 square spectrogram to: /Volumes/project/continuo/catalogs/a98ff_praise-legend-road/11-06-03.3281-08-23.882_astro-catalog/artwork/components/spectrogram.png
2026-06-10 17:37:48,299 - INFO - Spectrogram segment covers audio from 50.18s to 83.63s
2026-06-10 17:37:48,318 - INFO - Working with spectrogram: 5000x5000, identicon: 5000x5000
2026-06-10 17:37:48,318 - INFO - Enhancing spectrogram contrast...
2026-06-10 17:37:48,418 - INFO - Resizing identicon for overlay...
2026-06-10 17:37:48,550 - INFO - Creating final composite image...
2026-06-10 17:37:49,111 - INFO - Album artwork generated successfully: /Volumes/project/continuo/catalogs/a98ff_praise-legend-road/11-06-03.3281-08-23.882_astro-catalog/artwork/11-06-03.3281-08-23.882_normalized_artwork.png
2026-06-10 17:37:49,115 - INFO - Ultra-high resolution (5000x5000) artwork generation finished successfully.
2026-06-10 17:37:49,115 - INFO - Final artwork saved at: /Volumes/project/continuo/catalogs/a98ff_praise-legend-road/11-06-03.3281-08-23.882_astro-catalog/artwork/11-06-03.3281-08-23.882_normalized_artwork.png
