2026-06-10 18:01:13,213 - INFO - Ultra-High Resolution Album Artwork Generator v7 (5000x5000 Edition)
2026-06-10 18:01:13,213 - INFO - -------------------------------------------------
2026-06-10 18:01:13,213 - INFO - Using saturation level: 0.5
2026-06-10 18:01:13,214 - INFO - Processing audio file: /Volumes/project/continuo/catalogs/masked/Score 1- All.L_astro-catalog/Score 1- All.L_normalized.wav
2026-06-10 18:01:13,214 - INFO - Output will be saved as: /Volumes/project/continuo/catalogs/masked/Score 1- All.L_astro-catalog/artwork/Score 1- All.L_normalized_artwork.png
2026-06-10 18:01:13,214 - INFO - Component files will be saved in: /Volumes/project/continuo/catalogs/masked/Score 1- All.L_astro-catalog/artwork/components
2026-06-10 18:01:13,214 - INFO - Starting the v7 Ultra-High Resolution Album Artwork Generator
2026-06-10 18:01:13,216 - INFO - Output directory: /Volumes/project/continuo/catalogs/masked/Score 1- All.L_astro-catalog/artwork
2026-06-10 18:01:13,216 - INFO - Components directory: /Volumes/project/continuo/catalogs/masked/Score 1- All.L_astro-catalog/artwork/components
2026-06-10 18:01:13,216 - INFO - Analyzing audio fingerprint...
2026-06-10 18:01:13,218 - INFO - Audio hash: 518e369d...0bf0275c
2026-06-10 18:01:13,218 - INFO - Generating identicon...
2026-06-10 18:01:13,218 - INFO - Trying jdenticon approach 1: /Users/danielramirez/Nextcloud/ore/Notes/Project/utilities/studio/lufs-workchain/node_modules/.bin/jdenticon 518e369ddfce991a32f0eaf2ed90f67f959639efecbc5792b6532ff20bf0275c
2026-06-10 18:01:13,220 - WARNING - jdenticon approach 1 - command not found
2026-06-10 18:01:13,220 - INFO - Trying jdenticon approach 2: npx --prefix
2026-06-10 18:01:13,418 - WARNING - jdenticon approach 2 failed: Command '['npx', '--prefix', '/Users/danielramirez/Nextcloud/ore/Notes/Project/utilities/studio/lufs-workchain', 'jdenticon', '518e369ddfce991a32f0eaf2ed90f67f959639efecbc5792b6532ff20bf0275c', '--size', '5000', '--output', '/Volumes/project/continuo/catalogs/masked/Score 1- All.L_astro-catalog/artwork/components/identicon.png']' returned non-zero exit status 254.
2026-06-10 18:01:13,419 - INFO - Trying jdenticon approach 3: npx jdenticon
2026-06-10 18:01:14,001 - INFO - Identicon created successfully.
2026-06-10 18:01:14,023 - INFO - Generating ultra-high-resolution spectrogram...
2026-06-10 18:01:14,786 - INFO - Using figure dimensions: 50.0x12.5 inches at 400 DPI
2026-06-10 18:01:14,786 - INFO - Target pixel dimensions: 20000x5000
/Users/danielramirez/repos/lufs-workchain/.venv/lib/python3.12/site-packages/PIL/Image.py:3574: DecompressionBombWarning: Image size (100000000 pixels) exceeds limit of 89478485 pixels, could be decompression bomb DOS attack.
  warnings.warn(
2026-06-10 18:01:16,459 - INFO - Raw spectrogram dimensions: 20000x5000 pixels
2026-06-10 18:01:16,459 - INFO - Initial dimensions: 20000x5000 pixels
2026-06-10 18:01:16,459 - INFO - Adjusting saturation to 0.5...
2026-06-10 18:01:18,044 - INFO - Saved full rectangular spectrogram to: /Volumes/project/continuo/catalogs/masked/Score 1- All.L_astro-catalog/artwork/components/rectangle_spectrogram.png
2026-06-10 18:01:18,053 - INFO - Square crop dimensions: 5000x5000
2026-06-10 18:01:18,481 - INFO - Saved 5000x5000 square spectrogram to: /Volumes/project/continuo/catalogs/masked/Score 1- All.L_astro-catalog/artwork/components/spectrogram.png
2026-06-10 18:01:18,481 - INFO - Spectrogram segment covers audio from 16.72s to 27.86s
2026-06-10 18:01:18,501 - INFO - Working with spectrogram: 5000x5000, identicon: 5000x5000
2026-06-10 18:01:18,501 - INFO - Enhancing spectrogram contrast...
2026-06-10 18:01:18,620 - INFO - Resizing identicon for overlay...
2026-06-10 18:01:18,754 - INFO - Creating final composite image...
2026-06-10 18:01:19,278 - INFO - Album artwork generated successfully: /Volumes/project/continuo/catalogs/masked/Score 1- All.L_astro-catalog/artwork/Score 1- All.L_normalized_artwork.png
2026-06-10 18:01:19,283 - INFO - Ultra-high resolution (5000x5000) artwork generation finished successfully.
2026-06-10 18:01:19,283 - INFO - Final artwork saved at: /Volumes/project/continuo/catalogs/masked/Score 1- All.L_astro-catalog/artwork/Score 1- All.L_normalized_artwork.png
