2026-06-10 18:03:10,913 - INFO - Ultra-High Resolution Album Artwork Generator v7 (5000x5000 Edition)
2026-06-10 18:03:10,913 - INFO - -------------------------------------------------
2026-06-10 18:03:10,913 - INFO - Using saturation level: 0.5
2026-06-10 18:03:10,913 - INFO - Processing audio file: /Volumes/project/continuo/catalogs/my-mind/if-you-only-knew_astro-catalog/if-you-only-knew_normalized.wav
2026-06-10 18:03:10,913 - INFO - Output will be saved as: /Volumes/project/continuo/catalogs/my-mind/if-you-only-knew_astro-catalog/artwork/if-you-only-knew_normalized_artwork.png
2026-06-10 18:03:10,913 - INFO - Component files will be saved in: /Volumes/project/continuo/catalogs/my-mind/if-you-only-knew_astro-catalog/artwork/components
2026-06-10 18:03:10,913 - INFO - Starting the v7 Ultra-High Resolution Album Artwork Generator
2026-06-10 18:03:10,916 - INFO - Output directory: /Volumes/project/continuo/catalogs/my-mind/if-you-only-knew_astro-catalog/artwork
2026-06-10 18:03:10,916 - INFO - Components directory: /Volumes/project/continuo/catalogs/my-mind/if-you-only-knew_astro-catalog/artwork/components
2026-06-10 18:03:10,916 - INFO - Analyzing audio fingerprint...
2026-06-10 18:03:10,929 - INFO - Audio hash: 0aff63cc...fc8a2aee
2026-06-10 18:03:10,929 - INFO - Generating identicon...
2026-06-10 18:03:10,929 - INFO - Trying jdenticon approach 1: /Users/danielramirez/Nextcloud/ore/Notes/Project/utilities/studio/lufs-workchain/node_modules/.bin/jdenticon 0aff63cc5fa7e5b06f2e875e0cc78a4d4307f8164ca616b87d312386fc8a2aee
2026-06-10 18:03:10,932 - WARNING - jdenticon approach 1 - command not found
2026-06-10 18:03:10,932 - INFO - Trying jdenticon approach 2: npx --prefix
2026-06-10 18:03:11,131 - WARNING - jdenticon approach 2 failed: Command '['npx', '--prefix', '/Users/danielramirez/Nextcloud/ore/Notes/Project/utilities/studio/lufs-workchain', 'jdenticon', '0aff63cc5fa7e5b06f2e875e0cc78a4d4307f8164ca616b87d312386fc8a2aee', '--size', '5000', '--output', '/Volumes/project/continuo/catalogs/my-mind/if-you-only-knew_astro-catalog/artwork/components/identicon.png']' returned non-zero exit status 254.
2026-06-10 18:03:11,131 - INFO - Trying jdenticon approach 3: npx jdenticon
2026-06-10 18:03:11,713 - INFO - Identicon created successfully.
2026-06-10 18:03:11,735 - INFO - Generating ultra-high-resolution spectrogram...
2026-06-10 18:03:12,576 - INFO - Using figure dimensions: 50.0x12.5 inches at 400 DPI
2026-06-10 18:03:12,576 - INFO - Target pixel dimensions: 20000x5000
/Users/danielramirez/repos/lufs-workchain/.venv/lib/python3.12/site-packages/PIL/Image.py:3574: DecompressionBombWarning: Image size (100000000 pixels) exceeds limit of 89478485 pixels, could be decompression bomb DOS attack.
  warnings.warn(
2026-06-10 18:03:15,442 - INFO - Raw spectrogram dimensions: 20000x5000 pixels
2026-06-10 18:03:15,442 - INFO - Initial dimensions: 20000x5000 pixels
2026-06-10 18:03:15,442 - INFO - Adjusting saturation to 0.5...
2026-06-10 18:03:17,678 - INFO - Saved full rectangular spectrogram to: /Volumes/project/continuo/catalogs/my-mind/if-you-only-knew_astro-catalog/artwork/components/rectangle_spectrogram.png
2026-06-10 18:03:17,687 - INFO - Square crop dimensions: 5000x5000
2026-06-10 18:03:18,224 - INFO - Saved 5000x5000 square spectrogram to: /Volumes/project/continuo/catalogs/my-mind/if-you-only-knew_astro-catalog/artwork/components/spectrogram.png
2026-06-10 18:03:18,224 - INFO - Spectrogram segment covers audio from 61.61s to 102.69s
2026-06-10 18:03:18,245 - INFO - Working with spectrogram: 5000x5000, identicon: 5000x5000
2026-06-10 18:03:18,245 - INFO - Enhancing spectrogram contrast...
2026-06-10 18:03:18,341 - INFO - Resizing identicon for overlay...
2026-06-10 18:03:18,476 - INFO - Creating final composite image...
2026-06-10 18:03:19,150 - INFO - Album artwork generated successfully: /Volumes/project/continuo/catalogs/my-mind/if-you-only-knew_astro-catalog/artwork/if-you-only-knew_normalized_artwork.png
2026-06-10 18:03:19,154 - INFO - Ultra-high resolution (5000x5000) artwork generation finished successfully.
2026-06-10 18:03:19,154 - INFO - Final artwork saved at: /Volumes/project/continuo/catalogs/my-mind/if-you-only-knew_astro-catalog/artwork/if-you-only-knew_normalized_artwork.png
