2026-06-10 18:21:40,331 - INFO - Ultra-High Resolution Album Artwork Generator v7 (5000x5000 Edition)
2026-06-10 18:21:40,331 - INFO - -------------------------------------------------
2026-06-10 18:21:40,331 - INFO - Using saturation level: 0.5
2026-06-10 18:21:40,331 - INFO - Processing audio file: /Volumes/project/continuo/catalogs/soundcloud/01 Opposite Over High 2_astro-catalog/01 Opposite Over High 2_normalized.mp3
2026-06-10 18:21:40,331 - INFO - Output will be saved as: /Volumes/project/continuo/catalogs/soundcloud/01 Opposite Over High 2_astro-catalog/artwork/01 Opposite Over High 2_normalized_artwork.png
2026-06-10 18:21:40,331 - INFO - Component files will be saved in: /Volumes/project/continuo/catalogs/soundcloud/01 Opposite Over High 2_astro-catalog/artwork/components
2026-06-10 18:21:40,331 - INFO - Starting the v7 Ultra-High Resolution Album Artwork Generator
2026-06-10 18:21:40,333 - INFO - Output directory: /Volumes/project/continuo/catalogs/soundcloud/01 Opposite Over High 2_astro-catalog/artwork
2026-06-10 18:21:40,333 - INFO - Components directory: /Volumes/project/continuo/catalogs/soundcloud/01 Opposite Over High 2_astro-catalog/artwork/components
2026-06-10 18:21:40,333 - INFO - Analyzing audio fingerprint...
2026-06-10 18:21:40,335 - INFO - Audio hash: 87a56b50...5624d3ee
2026-06-10 18:21:40,335 - INFO - Generating identicon...
2026-06-10 18:21:40,335 - INFO - Trying jdenticon approach 1: /Users/danielramirez/Nextcloud/ore/Notes/Project/utilities/studio/lufs-workchain/node_modules/.bin/jdenticon 87a56b5004ccea42e6b1f08e22170b6288f68815717d05a386f015ef5624d3ee
2026-06-10 18:21:40,337 - WARNING - jdenticon approach 1 - command not found
2026-06-10 18:21:40,338 - INFO - Trying jdenticon approach 2: npx --prefix
2026-06-10 18:21:40,539 - WARNING - jdenticon approach 2 failed: Command '['npx', '--prefix', '/Users/danielramirez/Nextcloud/ore/Notes/Project/utilities/studio/lufs-workchain', 'jdenticon', '87a56b5004ccea42e6b1f08e22170b6288f68815717d05a386f015ef5624d3ee', '--size', '5000', '--output', '/Volumes/project/continuo/catalogs/soundcloud/01 Opposite Over High 2_astro-catalog/artwork/components/identicon.png']' returned non-zero exit status 254.
2026-06-10 18:21:40,539 - INFO - Trying jdenticon approach 3: npx jdenticon
2026-06-10 18:21:40,983 - INFO - Identicon created successfully.
2026-06-10 18:21:41,011 - INFO - Generating ultra-high-resolution spectrogram...
2026-06-10 18:21:41,920 - INFO - Using figure dimensions: 50.0x12.5 inches at 400 DPI
2026-06-10 18:21:41,920 - INFO - Target pixel dimensions: 20000x5000
/Users/danielramirez/repos/lufs-workchain/.venv/lib/python3.12/site-packages/PIL/Image.py:3574: DecompressionBombWarning: Image size (100000000 pixels) exceeds limit of 89478485 pixels, could be decompression bomb DOS attack.
  warnings.warn(
2026-06-10 18:21:45,368 - INFO - Raw spectrogram dimensions: 20000x5000 pixels
2026-06-10 18:21:45,368 - INFO - Initial dimensions: 20000x5000 pixels
2026-06-10 18:21:45,369 - INFO - Adjusting saturation to 0.5...
2026-06-10 18:21:47,978 - INFO - Saved full rectangular spectrogram to: /Volumes/project/continuo/catalogs/soundcloud/01 Opposite Over High 2_astro-catalog/artwork/components/rectangle_spectrogram.png
2026-06-10 18:21:47,988 - INFO - Square crop dimensions: 5000x5000
2026-06-10 18:21:48,715 - INFO - Saved 5000x5000 square spectrogram to: /Volumes/project/continuo/catalogs/soundcloud/01 Opposite Over High 2_astro-catalog/artwork/components/spectrogram.png
2026-06-10 18:21:48,715 - INFO - Spectrogram segment covers audio from 83.18s to 138.63s
2026-06-10 18:21:48,744 - INFO - Working with spectrogram: 5000x5000, identicon: 5000x5000
2026-06-10 18:21:48,744 - INFO - Enhancing spectrogram contrast...
2026-06-10 18:21:48,845 - INFO - Resizing identicon for overlay...
2026-06-10 18:21:48,982 - INFO - Creating final composite image...
2026-06-10 18:21:50,050 - INFO - Album artwork generated successfully: /Volumes/project/continuo/catalogs/soundcloud/01 Opposite Over High 2_astro-catalog/artwork/01 Opposite Over High 2_normalized_artwork.png
2026-06-10 18:21:50,055 - INFO - Ultra-high resolution (5000x5000) artwork generation finished successfully.
2026-06-10 18:21:50,055 - INFO - Final artwork saved at: /Volumes/project/continuo/catalogs/soundcloud/01 Opposite Over High 2_astro-catalog/artwork/01 Opposite Over High 2_normalized_artwork.png
