# Normalization Log - Wed Jun 10 18:21:23 CDT 2026
Target LUFS: -14
Two-pass: true
LRA: 7
True Peak: -1.5 dB

ffmpeg version 8.1.1 Copyright (c) 2000-2026 the FFmpeg developers
  built with Apple clang version 21.0.0 (clang-2100.0.123.102)
  configuration: --prefix=/opt/homebrew/Cellar/ffmpeg/8.1.1 --enable-shared --enable-pthreads --enable-version3 --cc=clang --host-cflags= --host-ldflags= --enable-ffplay --enable-gpl --enable-libsvtav1 --enable-libopus --enable-libx264 --enable-libmp3lame --enable-libdav1d --enable-libvmaf --enable-libvpx --enable-libx265 --enable-openssl --enable-videotoolbox --enable-audiotoolbox --enable-neon
  libavutil      60. 26.101 / 60. 26.101
  libavcodec     62. 28.101 / 62. 28.101
  libavformat    62. 12.101 / 62. 12.101
  libavdevice    62.  3.101 / 62.  3.101
  libavfilter    11. 14.101 / 11. 14.101
  libswscale      9.  5.101 /  9.  5.101
  libswresample   6.  3.101 /  6.  3.101
[in#0/mp3 @ 0xb07014000] Estimating duration from bitrate, this may be inaccurate
Input #0, mp3, from '/Volumes/project/continuo/catalogs/soundcloud/01 Opposite Over High 2.mp3':
  Metadata:
    track           : 1/1
    iTunPGAP        : 0
    encoded_by      : iTunes 11.2.2
    iTunNORM        :  000003FA 00000416 00003562 000027FE 0002D5EB 0002A96D 00007358 00007345 00029D2F 00028E63
    iTunSMPB        :  00000000 00000210 0000081C 0000000000953754 00000000 005126B2 00000000 00000000 00000000 00000000 00000000 00000000
    iTunes_CDDB_1   : 0200DD01+16781+1+150
    iTunes_CDDB_TrackNumber: 1
    title           : Opposite Over High
    artist          : Daniel Ramirez
  Duration: 00:03:41.81, start: 0.000000, bitrate: 192 kb/s
  Stream #0:0: Audio: mp3 (mp3float), 44100 Hz, stereo, fltp, 192 kb/s
Stream mapping:
  Stream #0:0 -> #0:0 (mp3 (mp3float) -> mp3 (libmp3lame))
Press [q] to stop, [?] for help
Output #0, mp3, to '/Volumes/project/continuo/catalogs/soundcloud/01 Opposite Over High 2_astro-catalog/01 Opposite Over High 2_normalized.mp3':
  Metadata:
    TRCK            : 1/1
    iTunPGAP        : 0
    TENC            : iTunes 11.2.2
    iTunNORM        :  000003FA 00000416 00003562 000027FE 0002D5EB 0002A96D 00007358 00007345 00029D2F 00028E63
    iTunSMPB        :  00000000 00000210 0000081C 0000000000953754 00000000 005126B2 00000000 00000000 00000000 00000000 00000000 00000000
    iTunes_CDDB_1   : 0200DD01+16781+1+150
    iTunes_CDDB_TrackNumber: 1
    TIT2            : Opposite Over High
    TPE1            : Daniel Ramirez
    TSSE            : Lavf62.12.101
  Stream #0:0: Audio: mp3, 44100 Hz, stereo, fltp
    Metadata:
      encoder         : Lavc62.28.101 libmp3lame
size=     256KiB time=00:00:17.11 bitrate= 122.6kbits/s speed=33.9x elapsed=0:00:00.50    size=     512KiB time=00:00:34.97 bitrate= 119.9kbits/s speed=34.7x elapsed=0:00:01.00    size=     768KiB time=00:00:53.02 bitrate= 118.6kbits/s speed=35.1x elapsed=0:00:01.51    size=    1024KiB time=00:01:10.87 bitrate= 118.4kbits/s speed=35.1x elapsed=0:00:02.01    size=    1280KiB time=00:01:28.79 bitrate= 118.1kbits/s speed=35.2x elapsed=0:00:02.52    size=    1536KiB time=00:01:46.89 bitrate= 117.7kbits/s speed=35.3x elapsed=0:00:03.02    size=    1792KiB time=00:02:05.07 bitrate= 117.4kbits/s speed=35.5x elapsed=0:00:03.52    size=    2048KiB time=00:02:23.38 bitrate= 117.0kbits/s speed=35.6x elapsed=0:00:04.03    size=    2304KiB time=00:02:41.38 bitrate= 117.0kbits/s speed=35.6x elapsed=0:00:04.53    size=    2560KiB time=00:02:58.07 bitrate= 117.8kbits/s speed=35.3x elapsed=0:00:05.03    size=    2816KiB time=00:03:15.52 bitrate= 118.0kbits/s speed=35.3x elapsed=0:00:05.53    size=    3328KiB time=00:03:33.57 bitrate= 127.6kbits/s speed=35.3x elapsed=0:00:06.04    [out#0/mp3 @ 0xb0701c240] video:0KiB audio:3466KiB subtitle:0KiB other streams:0KiB global headers:0KiB muxing overhead: 0.019778%
size=    3467KiB time=00:03:41.90 bitrate= 128.0kbits/s speed=35.5x elapsed=0:00:06.25    
