2026-06-10 17:55:37,264 - INFO - Ultra-High Resolution Album Artwork Generator v7 (5000x5000 Edition)
2026-06-10 17:55:37,264 - INFO - -------------------------------------------------
2026-06-10 17:55:37,264 - INFO - Using saturation level: 0.5
2026-06-10 17:55:37,264 - INFO - Processing audio file: /Volumes/project/continuo/catalogs/footlights/Footlights - _Collapse_ Full_astro-catalog/Footlights - _Collapse_ Full_normalized.wav
2026-06-10 17:55:37,264 - INFO - Output will be saved as: /Volumes/project/continuo/catalogs/footlights/Footlights - _Collapse_ Full_astro-catalog/artwork/Footlights - _Collapse_ Full_normalized_artwork.png
2026-06-10 17:55:37,264 - INFO - Component files will be saved in: /Volumes/project/continuo/catalogs/footlights/Footlights - _Collapse_ Full_astro-catalog/artwork/components
2026-06-10 17:55:37,264 - INFO - Starting the v7 Ultra-High Resolution Album Artwork Generator
2026-06-10 17:55:37,267 - INFO - Output directory: /Volumes/project/continuo/catalogs/footlights/Footlights - _Collapse_ Full_astro-catalog/artwork
2026-06-10 17:55:37,267 - INFO - Components directory: /Volumes/project/continuo/catalogs/footlights/Footlights - _Collapse_ Full_astro-catalog/artwork/components
2026-06-10 17:55:37,267 - INFO - Analyzing audio fingerprint...
2026-06-10 17:55:37,274 - INFO - Audio hash: 9e957096...c3a299d4
2026-06-10 17:55:37,274 - INFO - Generating identicon...
2026-06-10 17:55:37,274 - INFO - Trying jdenticon approach 1: /Users/danielramirez/Nextcloud/ore/Notes/Project/utilities/studio/lufs-workchain/node_modules/.bin/jdenticon 9e95709618ce559ec608fa53e25a78a072d53516bc172875fb6d5ec3c3a299d4
2026-06-10 17:55:37,278 - WARNING - jdenticon approach 1 - command not found
2026-06-10 17:55:37,278 - INFO - Trying jdenticon approach 2: npx --prefix
2026-06-10 17:55:37,478 - WARNING - jdenticon approach 2 failed: Command '['npx', '--prefix', '/Users/danielramirez/Nextcloud/ore/Notes/Project/utilities/studio/lufs-workchain', 'jdenticon', '9e95709618ce559ec608fa53e25a78a072d53516bc172875fb6d5ec3c3a299d4', '--size', '5000', '--output', '/Volumes/project/continuo/catalogs/footlights/Footlights - _Collapse_ Full_astro-catalog/artwork/components/identicon.png']' returned non-zero exit status 254.
2026-06-10 17:55:37,478 - INFO - Trying jdenticon approach 3: npx jdenticon
2026-06-10 17:55:38,065 - INFO - Identicon created successfully.
2026-06-10 17:55:38,087 - INFO - Generating ultra-high-resolution spectrogram...
2026-06-10 17:55:38,887 - INFO - Using figure dimensions: 50.0x12.5 inches at 400 DPI
2026-06-10 17:55:38,887 - INFO - Target pixel dimensions: 20000x5000
/Users/danielramirez/repos/lufs-workchain/.venv/lib/python3.12/site-packages/PIL/Image.py:3574: DecompressionBombWarning: Image size (100000000 pixels) exceeds limit of 89478485 pixels, could be decompression bomb DOS attack.
  warnings.warn(
2026-06-10 17:55:41,335 - INFO - Raw spectrogram dimensions: 20000x5000 pixels
2026-06-10 17:55:41,335 - INFO - Initial dimensions: 20000x5000 pixels
2026-06-10 17:55:41,335 - INFO - Adjusting saturation to 0.5...
2026-06-10 17:55:43,311 - INFO - Saved full rectangular spectrogram to: /Volumes/project/continuo/catalogs/footlights/Footlights - _Collapse_ Full_astro-catalog/artwork/components/rectangle_spectrogram.png
2026-06-10 17:55:43,320 - INFO - Square crop dimensions: 5000x5000
2026-06-10 17:55:43,839 - INFO - Saved 5000x5000 square spectrogram to: /Volumes/project/continuo/catalogs/footlights/Footlights - _Collapse_ Full_astro-catalog/artwork/components/spectrogram.png
2026-06-10 17:55:43,839 - INFO - Spectrogram segment covers audio from 39.47s to 65.79s
2026-06-10 17:55:43,860 - INFO - Working with spectrogram: 5000x5000, identicon: 5000x5000
2026-06-10 17:55:43,860 - INFO - Enhancing spectrogram contrast...
2026-06-10 17:55:43,968 - INFO - Resizing identicon for overlay...
2026-06-10 17:55:44,101 - INFO - Creating final composite image...
2026-06-10 17:55:44,695 - INFO - Album artwork generated successfully: /Volumes/project/continuo/catalogs/footlights/Footlights - _Collapse_ Full_astro-catalog/artwork/Footlights - _Collapse_ Full_normalized_artwork.png
2026-06-10 17:55:44,700 - INFO - Ultra-high resolution (5000x5000) artwork generation finished successfully.
2026-06-10 17:55:44,700 - INFO - Final artwork saved at: /Volumes/project/continuo/catalogs/footlights/Footlights - _Collapse_ Full_astro-catalog/artwork/Footlights - _Collapse_ Full_normalized_artwork.png
