# Normalization Log - Wed Jun 10 17:55:31 CDT 2026
Target LUFS: -14
Two-pass: true
LRA: 7
True Peak: -1.5 dB

ffmpeg version 8.1.1 Copyright (c) 2000-2026 the FFmpeg developers
  built with Apple clang version 21.0.0 (clang-2100.0.123.102)
  configuration: --prefix=/opt/homebrew/Cellar/ffmpeg/8.1.1 --enable-shared --enable-pthreads --enable-version3 --cc=clang --host-cflags= --host-ldflags= --enable-ffplay --enable-gpl --enable-libsvtav1 --enable-libopus --enable-libx264 --enable-libmp3lame --enable-libdav1d --enable-libvmaf --enable-libvpx --enable-libx265 --enable-openssl --enable-videotoolbox --enable-audiotoolbox --enable-neon
  libavutil      60. 26.101 / 60. 26.101
  libavcodec     62. 28.101 / 62. 28.101
  libavformat    62. 12.101 / 62. 12.101
  libavdevice    62.  3.101 / 62.  3.101
  libavfilter    11. 14.101 / 11. 14.101
  libswscale      9.  5.101 /  9.  5.101
  libswresample   6.  3.101 /  6.  3.101
[aist#0:0/pcm_s24le @ 0xa48c0c180] Guessed Channel Layout: stereo
Input #0, wav, from '/Volumes/project/continuo/catalogs/footlights/Footlights - _Collapse_ Full.wav':
  Duration: 00:01:45.27, bitrate: 2119 kb/s
  Chapters:
    Chapter #0:0: start 0.000000, end 20.559002
      Metadata:
        title           : Tempo: 180.0002
    Chapter #0:1: start 20.559002, end 20.618549
      Metadata:
        title           : Tempo: 179.472
    Chapter #0:2: start 20.618549, end 20.677914
      Metadata:
        title           : Tempo: 178.9442
    Chapter #0:3: start 20.677914, end 20.737778
      Metadata:
        title           : Tempo: 178.4758
    Chapter #0:4: start 20.737778, end 20.797823
      Metadata:
        title           : Tempo: 177.9486
    Chapter #0:5: start 20.797823, end 20.857687
      Metadata:
        title           : Tempo: 177.48
    Chapter #0:6: start 20.857687, end 21.004966
      Metadata:
        title           : Tempo: 176.9525
    Chapter #0:7: start 21.004966, end 48.564036
      Metadata:
        title           : Tempo: 179.9996
    Chapter #0:8: start 48.564036, end 48.623741
      Metadata:
        title           : Tempo: 178.9442
    Chapter #0:9: start 48.623741, end 48.683447
      Metadata:
        title           : Tempo: 177.9486
    Chapter #0:10: start 48.683447, end 48.743832
      Metadata:
        title           : Tempo: 176.9525
    Chapter #0:11: start 48.743832, end 48.804558
      Metadata:
        title           : Tempo: 175.9567
    Chapter #0:12: start 48.804558, end 48.865283
      Metadata:
        title           : Tempo: 174.9603
    Chapter #0:13: start 48.865283, end 48.926712
      Metadata:
        title           : Tempo: 173.9645
    Chapter #0:14: start 48.926712, end 49.101769
      Metadata:
        title           : Tempo: 173.4961
    Chapter #0:15: start 49.101769, end 56.577460
      Metadata:
        title           : Tempo: 179.9996
    Chapter #0:16: start 56.577460, end 56.637166
      Metadata:
        title           : Tempo: 178.9442
    Chapter #0:17: start 56.637166, end 56.696871
      Metadata:
        title           : Tempo: 177.9486
    Chapter #0:18: start 56.696871, end 56.757256
      Metadata:
        title           : Tempo: 176.9525
    Chapter #0:19: start 56.757256, end 56.817982
      Metadata:
        title           : Tempo: 175.9567
    Chapter #0:20: start 56.817982, end 56.878707
      Metadata:
        title           : Tempo: 174.9603
    Chapter #0:21: start 56.878707, end 56.940136
      Metadata:
        title           : Tempo: 173.9645
    Chapter #0:22: start 56.940136, end 57.115193
      Metadata:
        title           : Tempo: 173.4961
    Chapter #0:23: start 57.115193, end 72.590907
      Metadata:
        title           : Tempo: 179.9996
    Chapter #0:24: start 72.590907, end 72.650612
      Metadata:
        title           : Tempo: 178.9442
    Chapter #0:25: start 72.650612, end 72.710317
      Metadata:
        title           : Tempo: 177.9486
    Chapter #0:26: start 72.710317, end 72.770703
      Metadata:
        title           : Tempo: 176.9525
    Chapter #0:27: start 72.770703, end 72.831429
      Metadata:
        title           : Tempo: 175.9567
    Chapter #0:28: start 72.831429, end 72.892154
      Metadata:
        title           : Tempo: 174.9603
    Chapter #0:29: start 72.892154, end 72.953583
      Metadata:
        title           : Tempo: 173.9645
    Chapter #0:30: start 72.953583, end 73.128639
      Metadata:
        title           : Tempo: 173.4961
    Chapter #0:31: start 73.128639, end 82.604354
      Metadata:
        title           : Tempo: 179.9996
    Chapter #0:32: start 82.604354, end 82.664059
      Metadata:
        title           : Tempo: 178.9442
    Chapter #0:33: start 82.664059, end 82.723764
      Metadata:
        title           : Tempo: 177.9486
    Chapter #0:34: start 82.723764, end 82.784150
      Metadata:
        title           : Tempo: 176.9525
    Chapter #0:35: start 82.784150, end 82.844875
      Metadata:
        title           : Tempo: 175.9567
    Chapter #0:36: start 82.844875, end 82.905601
      Metadata:
        title           : Tempo: 174.9603
    Chapter #0:37: start 82.905601, end 82.967029
      Metadata:
        title           : Tempo: 173.9645
    Chapter #0:38: start 82.967029, end 83.142086
      Metadata:
        title           : Tempo: 173.4961
    Chapter #0:39: start 83.142086, end 95.058776
      Metadata:
        title           : Tempo: 179.9996
    Chapter #0:40: start 95.058776, end 95.781655
      Metadata:
        title           : Tempo: 166.0
    Chapter #0:41: start 95.781655, end 95.883696
      Metadata:
        title           : Tempo: 147.0
    Chapter #0:42: start 95.883696, end 95.986599
      Metadata:
        title           : Tempo: 145.7482
    Chapter #0:43: start 95.986599, end 96.089932
      Metadata:
        title           : Tempo: 145.1413
    Chapter #0:44: start 96.089932, end 96.193696
      Metadata:
        title           : Tempo: 144.5569
    Chapter #0:45: start 96.193696, end 96.297846
      Metadata:
        title           : Tempo: 144.0131
    Chapter #0:46: start 96.297846, end 96.402358
      Metadata:
        title           : Tempo: 143.5174
    Chapter #0:47: start 96.402358, end 96.507188
      Metadata:
        title           : Tempo: 143.0832
    Chapter #0:48: start 96.507188, end 96.612290
      Metadata:
        title           : Tempo: 142.7111
    Chapter #0:49: start 96.612290, end 96.717619
      Metadata:
        title           : Tempo: 142.399
    Chapter #0:50: start 96.717619, end 96.823129
      Metadata:
        title           : Tempo: 142.14
    Chapter #0:51: start 96.823129, end 96.928798
      Metadata:
        title           : Tempo: 141.9274
    Chapter #0:52: start 96.928798, end 97.034603
      Metadata:
        title           : Tempo: 141.7547
    Chapter #0:53: start 97.034603, end 97.140522
      Metadata:
        title           : Tempo: 141.6141
    Chapter #0:54: start 97.140522, end 97.246508
      Metadata:
        title           : Tempo: 141.4984
    Chapter #0:55: start 97.246508, end 97.352585
      Metadata:
        title           : Tempo: 141.4041
    Chapter #0:56: start 97.352585, end 97.458707
      Metadata:
        title           : Tempo: 141.3264
    Chapter #0:57: start 97.458707, end 97.564875
      Metadata:
        title           : Tempo: 141.2625
    Chapter #0:58: start 97.564875, end 97.671088
      Metadata:
        title           : Tempo: 141.2097
    Chapter #0:59: start 97.671088, end 97.777324
      Metadata:
        title           : Tempo: 141.166
    Chapter #0:60: start 97.777324, end 97.883605
      Metadata:
        title           : Tempo: 141.1302
    Chapter #0:61: start 97.883605, end 97.989909
      Metadata:
        title           : Tempo: 141.1002
    Chapter #0:62: start 97.989909, end 98.096213
      Metadata:
        title           : Tempo: 141.0757
    Chapter #0:63: start 98.096213, end 98.202540
      Metadata:
        title           : Tempo: 141.0554
    Chapter #0:64: start 98.202540, end 98.308889
      Metadata:
        title           : Tempo: 141.0387
    Chapter #0:65: start 98.308889, end 98.415238
      Metadata:
        title           : Tempo: 141.0251
    Chapter #0:66: start 98.415238, end 98.521610
      Metadata:
        title           : Tempo: 141.014
    Chapter #0:67: start 98.521610, end 98.627982
      Metadata:
        title           : Tempo: 141.005
    Chapter #0:68: start 98.627982, end 98.734354
      Metadata:
        title           : Tempo: 140.9978
    Chapter #0:69: start 98.734354, end 98.840726
      Metadata:
        title           : Tempo: 140.992
    Chapter #0:70: start 98.840726, end 98.947098
      Metadata:
        title           : Tempo: 140.9875
    Chapter #0:71: start 98.947098, end 99.053492
      Metadata:
        title           : Tempo: 140.9841
    Chapter #0:72: start 99.053492, end 99.159887
      Metadata:
        title           : Tempo: 140.9815
    Chapter #0:73: start 99.159887, end 99.266281
      Metadata:
        title           : Tempo: 140.9795
    Chapter #0:74: start 99.266281, end 99.372676
      Metadata:
        title           : Tempo: 140.9782
    Chapter #0:75: start 99.372676, end 99.479070
      Metadata:
        title           : Tempo: 140.9772
    Chapter #0:76: start 99.479070, end 99.585465
      Metadata:
        title           : Tempo: 140.9766
    Chapter #0:77: start 99.585465, end 99.691859
      Metadata:
        title           : Tempo: 140.9763
    Chapter #0:78: start 99.691859, end 99.918844
      Metadata:
        title           : Tempo: 140.9761
    Chapter #0:79: start 99.918844, end 99.984444
      Metadata:
        title           : Tempo: 140.9761
    Chapter #0:80: start 99.984444, end 100.044921
      Metadata:
        title           : Tempo: 62.0
    Chapter #0:81: start 100.044921, end 105.265011
      Metadata:
        title           : Tempo: 68.9641
  Stream #0:0: Audio: pcm_s24le ([1][0][0][0] / 0x0001), 44100 Hz, stereo, s32 (24 bit), 2116 kb/s
Stream mapping:
  Stream #0:0 -> #0:0 (pcm_s24le (native) -> pcm_s16le (native))
Press [q] to stop, [?] for help
Output #0, wav, to '/Volumes/project/continuo/catalogs/footlights/Footlights - _Collapse_ Full_astro-catalog/Footlights - _Collapse_ Full_normalized.wav':
  Metadata:
    ISFT            : Lavf62.12.101
  Chapters:
    Chapter #0:0: start 0.000000, end 20.559002
      Metadata:
        title           : Tempo: 180.0002
    Chapter #0:1: start 20.559002, end 20.618549
      Metadata:
        title           : Tempo: 179.472
    Chapter #0:2: start 20.618549, end 20.677914
      Metadata:
        title           : Tempo: 178.9442
    Chapter #0:3: start 20.677914, end 20.737778
      Metadata:
        title           : Tempo: 178.4758
    Chapter #0:4: start 20.737778, end 20.797823
      Metadata:
        title           : Tempo: 177.9486
    Chapter #0:5: start 20.797823, end 20.857687
      Metadata:
        title           : Tempo: 177.48
    Chapter #0:6: start 20.857687, end 21.004966
      Metadata:
        title           : Tempo: 176.9525
    Chapter #0:7: start 21.004966, end 48.564036
      Metadata:
        title           : Tempo: 179.9996
    Chapter #0:8: start 48.564036, end 48.623741
      Metadata:
        title           : Tempo: 178.9442
    Chapter #0:9: start 48.623741, end 48.683447
      Metadata:
        title           : Tempo: 177.9486
    Chapter #0:10: start 48.683447, end 48.743832
      Metadata:
        title           : Tempo: 176.9525
    Chapter #0:11: start 48.743832, end 48.804558
      Metadata:
        title           : Tempo: 175.9567
    Chapter #0:12: start 48.804558, end 48.865283
      Metadata:
        title           : Tempo: 174.9603
    Chapter #0:13: start 48.865283, end 48.926712
      Metadata:
        title           : Tempo: 173.9645
    Chapter #0:14: start 48.926712, end 49.101769
      Metadata:
        title           : Tempo: 173.4961
    Chapter #0:15: start 49.101769, end 56.577460
      Metadata:
        title           : Tempo: 179.9996
    Chapter #0:16: start 56.577460, end 56.637166
      Metadata:
        title           : Tempo: 178.9442
    Chapter #0:17: start 56.637166, end 56.696871
      Metadata:
        title           : Tempo: 177.9486
    Chapter #0:18: start 56.696871, end 56.757256
      Metadata:
        title           : Tempo: 176.9525
    Chapter #0:19: start 56.757256, end 56.817982
      Metadata:
        title           : Tempo: 175.9567
    Chapter #0:20: start 56.817982, end 56.878707
      Metadata:
        title           : Tempo: 174.9603
    Chapter #0:21: start 56.878707, end 56.940136
      Metadata:
        title           : Tempo: 173.9645
    Chapter #0:22: start 56.940136, end 57.115193
      Metadata:
        title           : Tempo: 173.4961
    Chapter #0:23: start 57.115193, end 72.590907
      Metadata:
        title           : Tempo: 179.9996
    Chapter #0:24: start 72.590907, end 72.650612
      Metadata:
        title           : Tempo: 178.9442
    Chapter #0:25: start 72.650612, end 72.710317
      Metadata:
        title           : Tempo: 177.9486
    Chapter #0:26: start 72.710317, end 72.770703
      Metadata:
        title           : Tempo: 176.9525
    Chapter #0:27: start 72.770703, end 72.831429
      Metadata:
        title           : Tempo: 175.9567
    Chapter #0:28: start 72.831429, end 72.892154
      Metadata:
        title           : Tempo: 174.9603
    Chapter #0:29: start 72.892154, end 72.953583
      Metadata:
        title           : Tempo: 173.9645
    Chapter #0:30: start 72.953583, end 73.128639
      Metadata:
        title           : Tempo: 173.4961
    Chapter #0:31: start 73.128639, end 82.604354
      Metadata:
        title           : Tempo: 179.9996
    Chapter #0:32: start 82.604354, end 82.664059
      Metadata:
        title           : Tempo: 178.9442
    Chapter #0:33: start 82.664059, end 82.723764
      Metadata:
        title           : Tempo: 177.9486
    Chapter #0:34: start 82.723764, end 82.784150
      Metadata:
        title           : Tempo: 176.9525
    Chapter #0:35: start 82.784150, end 82.844875
      Metadata:
        title           : Tempo: 175.9567
    Chapter #0:36: start 82.844875, end 82.905601
      Metadata:
        title           : Tempo: 174.9603
    Chapter #0:37: start 82.905601, end 82.967029
      Metadata:
        title           : Tempo: 173.9645
    Chapter #0:38: start 82.967029, end 83.142086
      Metadata:
        title           : Tempo: 173.4961
    Chapter #0:39: start 83.142086, end 95.058776
      Metadata:
        title           : Tempo: 179.9996
    Chapter #0:40: start 95.058776, end 95.781655
      Metadata:
        title           : Tempo: 166.0
    Chapter #0:41: start 95.781655, end 95.883696
      Metadata:
        title           : Tempo: 147.0
    Chapter #0:42: start 95.883696, end 95.986599
      Metadata:
        title           : Tempo: 145.7482
    Chapter #0:43: start 95.986599, end 96.089932
      Metadata:
        title           : Tempo: 145.1413
    Chapter #0:44: start 96.089932, end 96.193696
      Metadata:
        title           : Tempo: 144.5569
    Chapter #0:45: start 96.193696, end 96.297846
      Metadata:
        title           : Tempo: 144.0131
    Chapter #0:46: start 96.297846, end 96.402358
      Metadata:
        title           : Tempo: 143.5174
    Chapter #0:47: start 96.402358, end 96.507188
      Metadata:
        title           : Tempo: 143.0832
    Chapter #0:48: start 96.507188, end 96.612290
      Metadata:
        title           : Tempo: 142.7111
    Chapter #0:49: start 96.612290, end 96.717619
      Metadata:
        title           : Tempo: 142.399
    Chapter #0:50: start 96.717619, end 96.823129
      Metadata:
        title           : Tempo: 142.14
    Chapter #0:51: start 96.823129, end 96.928798
      Metadata:
        title           : Tempo: 141.9274
    Chapter #0:52: start 96.928798, end 97.034603
      Metadata:
        title           : Tempo: 141.7547
    Chapter #0:53: start 97.034603, end 97.140522
      Metadata:
        title           : Tempo: 141.6141
    Chapter #0:54: start 97.140522, end 97.246508
      Metadata:
        title           : Tempo: 141.4984
    Chapter #0:55: start 97.246508, end 97.352585
      Metadata:
        title           : Tempo: 141.4041
    Chapter #0:56: start 97.352585, end 97.458707
      Metadata:
        title           : Tempo: 141.3264
    Chapter #0:57: start 97.458707, end 97.564875
      Metadata:
        title           : Tempo: 141.2625
    Chapter #0:58: start 97.564875, end 97.671088
      Metadata:
        title           : Tempo: 141.2097
    Chapter #0:59: start 97.671088, end 97.777324
      Metadata:
        title           : Tempo: 141.166
    Chapter #0:60: start 97.777324, end 97.883605
      Metadata:
        title           : Tempo: 141.1302
    Chapter #0:61: start 97.883605, end 97.989909
      Metadata:
        title           : Tempo: 141.1002
    Chapter #0:62: start 97.989909, end 98.096213
      Metadata:
        title           : Tempo: 141.0757
    Chapter #0:63: start 98.096213, end 98.202540
      Metadata:
        title           : Tempo: 141.0554
    Chapter #0:64: start 98.202540, end 98.308889
      Metadata:
        title           : Tempo: 141.0387
    Chapter #0:65: start 98.308889, end 98.415238
      Metadata:
        title           : Tempo: 141.0251
    Chapter #0:66: start 98.415238, end 98.521610
      Metadata:
        title           : Tempo: 141.014
    Chapter #0:67: start 98.521610, end 98.627982
      Metadata:
        title           : Tempo: 141.005
    Chapter #0:68: start 98.627982, end 98.734354
      Metadata:
        title           : Tempo: 140.9978
    Chapter #0:69: start 98.734354, end 98.840726
      Metadata:
        title           : Tempo: 140.992
    Chapter #0:70: start 98.840726, end 98.947098
      Metadata:
        title           : Tempo: 140.9875
    Chapter #0:71: start 98.947098, end 99.053492
      Metadata:
        title           : Tempo: 140.9841
    Chapter #0:72: start 99.053492, end 99.159887
      Metadata:
        title           : Tempo: 140.9815
    Chapter #0:73: start 99.159887, end 99.266281
      Metadata:
        title           : Tempo: 140.9795
    Chapter #0:74: start 99.266281, end 99.372676
      Metadata:
        title           : Tempo: 140.9782
    Chapter #0:75: start 99.372676, end 99.479070
      Metadata:
        title           : Tempo: 140.9772
    Chapter #0:76: start 99.479070, end 99.585465
      Metadata:
        title           : Tempo: 140.9766
    Chapter #0:77: start 99.585465, end 99.691859
      Metadata:
        title           : Tempo: 140.9763
    Chapter #0:78: start 99.691859, end 99.918844
      Metadata:
        title           : Tempo: 140.9761
    Chapter #0:79: start 99.918844, end 99.984444
      Metadata:
        title           : Tempo: 140.9761
    Chapter #0:80: start 99.984444, end 100.044921
      Metadata:
        title           : Tempo: 62.0
    Chapter #0:81: start 100.044921, end 105.265011
      Metadata:
        title           : Tempo: 68.9641
  Stream #0:0: Audio: pcm_s16le ([1][0][0][0] / 0x0001), 44100 Hz, stereo, s16, 1411 kb/s
    Metadata:
      encoder         : Lavc62.28.101 pcm_s16le
[out#0/wav @ 0xa48c14240] video:0KiB audio:18134KiB subtitle:0KiB other streams:0KiB global headers:0KiB muxing overhead: 0.000420%
size=   18134KiB time=00:01:45.26 bitrate=1411.2kbits/s speed= 395x elapsed=0:00:00.26    
