2026-06-10 18:20:09,697 - INFO - Ultra-High Resolution Album Artwork Generator v7 (5000x5000 Edition)
2026-06-10 18:20:09,697 - INFO - -------------------------------------------------
2026-06-10 18:20:09,697 - INFO - Using saturation level: 0.5
2026-06-10 18:20:09,697 - INFO - Processing audio file: /Volumes/project/continuo/catalogs/soundcloud/Mux Remount_astro-catalog/Mux Remount_normalized.aiff
2026-06-10 18:20:09,697 - INFO - Output will be saved as: /Volumes/project/continuo/catalogs/soundcloud/Mux Remount_astro-catalog/artwork/Mux Remount_normalized_artwork.png
2026-06-10 18:20:09,697 - INFO - Component files will be saved in: /Volumes/project/continuo/catalogs/soundcloud/Mux Remount_astro-catalog/artwork/components
2026-06-10 18:20:09,697 - INFO - Starting the v7 Ultra-High Resolution Album Artwork Generator
2026-06-10 18:20:09,700 - INFO - Output directory: /Volumes/project/continuo/catalogs/soundcloud/Mux Remount_astro-catalog/artwork
2026-06-10 18:20:09,700 - INFO - Components directory: /Volumes/project/continuo/catalogs/soundcloud/Mux Remount_astro-catalog/artwork/components
2026-06-10 18:20:09,700 - INFO - Analyzing audio fingerprint...
2026-06-10 18:20:09,714 - INFO - Audio hash: 4492458f...a4991067
2026-06-10 18:20:09,714 - INFO - Generating identicon...
2026-06-10 18:20:09,714 - INFO - Trying jdenticon approach 1: /Users/danielramirez/Nextcloud/ore/Notes/Project/utilities/studio/lufs-workchain/node_modules/.bin/jdenticon 4492458f2ac4eedf99c5c98c2eb78a36afaccc6dc8ceb839800bf9d6a4991067
2026-06-10 18:20:09,717 - WARNING - jdenticon approach 1 - command not found
2026-06-10 18:20:09,717 - INFO - Trying jdenticon approach 2: npx --prefix
2026-06-10 18:20:09,918 - WARNING - jdenticon approach 2 failed: Command '['npx', '--prefix', '/Users/danielramirez/Nextcloud/ore/Notes/Project/utilities/studio/lufs-workchain', 'jdenticon', '4492458f2ac4eedf99c5c98c2eb78a36afaccc6dc8ceb839800bf9d6a4991067', '--size', '5000', '--output', '/Volumes/project/continuo/catalogs/soundcloud/Mux Remount_astro-catalog/artwork/components/identicon.png']' returned non-zero exit status 254.
2026-06-10 18:20:09,918 - INFO - Trying jdenticon approach 3: npx jdenticon
2026-06-10 18:20:10,495 - INFO - Identicon created successfully.
2026-06-10 18:20:10,517 - INFO - Generating ultra-high-resolution spectrogram...
2026-06-10 18:20:11,371 - INFO - Using figure dimensions: 50.0x12.5 inches at 400 DPI
2026-06-10 18:20:11,372 - INFO - Target pixel dimensions: 20000x5000
/Users/danielramirez/repos/lufs-workchain/.venv/lib/python3.12/site-packages/PIL/Image.py:3574: DecompressionBombWarning: Image size (100000000 pixels) exceeds limit of 89478485 pixels, could be decompression bomb DOS attack.
  warnings.warn(
2026-06-10 18:20:14,508 - INFO - Raw spectrogram dimensions: 20000x5000 pixels
2026-06-10 18:20:14,508 - INFO - Initial dimensions: 20000x5000 pixels
2026-06-10 18:20:14,508 - INFO - Adjusting saturation to 0.5...
2026-06-10 18:20:16,916 - INFO - Saved full rectangular spectrogram to: /Volumes/project/continuo/catalogs/soundcloud/Mux Remount_astro-catalog/artwork/components/rectangle_spectrogram.png
2026-06-10 18:20:16,926 - INFO - Square crop dimensions: 5000x5000
2026-06-10 18:20:17,556 - INFO - Saved 5000x5000 square spectrogram to: /Volumes/project/continuo/catalogs/soundcloud/Mux Remount_astro-catalog/artwork/components/spectrogram.png
2026-06-10 18:20:17,556 - INFO - Spectrogram segment covers audio from 69.19s to 115.31s
2026-06-10 18:20:17,580 - INFO - Working with spectrogram: 5000x5000, identicon: 5000x5000
2026-06-10 18:20:17,580 - INFO - Enhancing spectrogram contrast...
2026-06-10 18:20:17,677 - INFO - Resizing identicon for overlay...
2026-06-10 18:20:17,810 - INFO - Creating final composite image...
2026-06-10 18:20:18,626 - INFO - Album artwork generated successfully: /Volumes/project/continuo/catalogs/soundcloud/Mux Remount_astro-catalog/artwork/Mux Remount_normalized_artwork.png
2026-06-10 18:20:18,630 - INFO - Ultra-high resolution (5000x5000) artwork generation finished successfully.
2026-06-10 18:20:18,630 - INFO - Final artwork saved at: /Volumes/project/continuo/catalogs/soundcloud/Mux Remount_astro-catalog/artwork/Mux Remount_normalized_artwork.png
