2026-06-10 17:52:48,093 - INFO - Ultra-High Resolution Album Artwork Generator v7 (5000x5000 Edition)
2026-06-10 17:52:48,093 - INFO - -------------------------------------------------
2026-06-10 17:52:48,093 - INFO - Using saturation level: 0.5
2026-06-10 17:52:48,093 - INFO - Processing audio file: /Volumes/project/continuo/catalogs/ambulance/ambulance_astro-catalog/ambulance_normalized.wav
2026-06-10 17:52:48,093 - INFO - Output will be saved as: /Volumes/project/continuo/catalogs/ambulance/ambulance_astro-catalog/artwork/ambulance_normalized_artwork.png
2026-06-10 17:52:48,093 - INFO - Component files will be saved in: /Volumes/project/continuo/catalogs/ambulance/ambulance_astro-catalog/artwork/components
2026-06-10 17:52:48,093 - INFO - Starting the v7 Ultra-High Resolution Album Artwork Generator
2026-06-10 17:52:48,095 - INFO - Output directory: /Volumes/project/continuo/catalogs/ambulance/ambulance_astro-catalog/artwork
2026-06-10 17:52:48,095 - INFO - Components directory: /Volumes/project/continuo/catalogs/ambulance/ambulance_astro-catalog/artwork/components
2026-06-10 17:52:48,095 - INFO - Analyzing audio fingerprint...
2026-06-10 17:52:48,119 - INFO - Audio hash: dc77d774...6a4f7fe1
2026-06-10 17:52:48,119 - INFO - Generating identicon...
2026-06-10 17:52:48,119 - INFO - Trying jdenticon approach 1: /Users/danielramirez/Nextcloud/ore/Notes/Project/utilities/studio/lufs-workchain/node_modules/.bin/jdenticon dc77d7742687d7d1efc2b3ddf5d3df5c8606c2e18adc17879fa176c06a4f7fe1
2026-06-10 17:52:48,121 - WARNING - jdenticon approach 1 - command not found
2026-06-10 17:52:48,121 - INFO - Trying jdenticon approach 2: npx --prefix
2026-06-10 17:52:48,325 - WARNING - jdenticon approach 2 failed: Command '['npx', '--prefix', '/Users/danielramirez/Nextcloud/ore/Notes/Project/utilities/studio/lufs-workchain', 'jdenticon', 'dc77d7742687d7d1efc2b3ddf5d3df5c8606c2e18adc17879fa176c06a4f7fe1', '--size', '5000', '--output', '/Volumes/project/continuo/catalogs/ambulance/ambulance_astro-catalog/artwork/components/identicon.png']' returned non-zero exit status 254.
2026-06-10 17:52:48,325 - INFO - Trying jdenticon approach 3: npx jdenticon
2026-06-10 17:52:48,957 - INFO - Identicon created successfully.
2026-06-10 17:52:48,978 - INFO - Generating ultra-high-resolution spectrogram...
2026-06-10 17:52:49,897 - INFO - Using figure dimensions: 50.0x12.5 inches at 400 DPI
2026-06-10 17:52:49,897 - INFO - Target pixel dimensions: 20000x5000
/Users/danielramirez/repos/lufs-workchain/.venv/lib/python3.12/site-packages/PIL/Image.py:3574: DecompressionBombWarning: Image size (100000000 pixels) exceeds limit of 89478485 pixels, could be decompression bomb DOS attack.
  warnings.warn(
2026-06-10 17:52:53,953 - INFO - Raw spectrogram dimensions: 20000x5000 pixels
2026-06-10 17:52:53,953 - INFO - Initial dimensions: 20000x5000 pixels
2026-06-10 17:52:53,953 - INFO - Adjusting saturation to 0.5...
2026-06-10 17:52:56,654 - INFO - Saved full rectangular spectrogram to: /Volumes/project/continuo/catalogs/ambulance/ambulance_astro-catalog/artwork/components/rectangle_spectrogram.png
2026-06-10 17:52:56,665 - INFO - Square crop dimensions: 5000x5000
2026-06-10 17:52:57,358 - INFO - Saved 5000x5000 square spectrogram to: /Volumes/project/continuo/catalogs/ambulance/ambulance_astro-catalog/artwork/components/spectrogram.png
2026-06-10 17:52:57,358 - INFO - Spectrogram segment covers audio from 110.70s to 184.50s
2026-06-10 17:52:57,387 - INFO - Working with spectrogram: 5000x5000, identicon: 5000x5000
2026-06-10 17:52:57,388 - INFO - Enhancing spectrogram contrast...
2026-06-10 17:52:57,482 - INFO - Resizing identicon for overlay...
2026-06-10 17:52:57,615 - INFO - Creating final composite image...
2026-06-10 17:52:58,550 - INFO - Album artwork generated successfully: /Volumes/project/continuo/catalogs/ambulance/ambulance_astro-catalog/artwork/ambulance_normalized_artwork.png
2026-06-10 17:52:58,555 - INFO - Ultra-high resolution (5000x5000) artwork generation finished successfully.
2026-06-10 17:52:58,555 - INFO - Final artwork saved at: /Volumes/project/continuo/catalogs/ambulance/ambulance_astro-catalog/artwork/ambulance_normalized_artwork.png
