# Normalization Log - Wed Jun 10 17:52:32 CDT 2026
Target LUFS: -14
Two-pass: true
LRA: 7
True Peak: -1.5 dB

ffmpeg version 8.1.1 Copyright (c) 2000-2026 the FFmpeg developers
  built with Apple clang version 21.0.0 (clang-2100.0.123.102)
  configuration: --prefix=/opt/homebrew/Cellar/ffmpeg/8.1.1 --enable-shared --enable-pthreads --enable-version3 --cc=clang --host-cflags= --host-ldflags= --enable-ffplay --enable-gpl --enable-libsvtav1 --enable-libopus --enable-libx264 --enable-libmp3lame --enable-libdav1d --enable-libvmaf --enable-libvpx --enable-libx265 --enable-openssl --enable-videotoolbox --enable-audiotoolbox --enable-neon
  libavutil      60. 26.101 / 60. 26.101
  libavcodec     62. 28.101 / 62. 28.101
  libavformat    62. 12.101 / 62. 12.101
  libavdevice    62.  3.101 / 62.  3.101
  libavfilter    11. 14.101 / 11. 14.101
  libswscale      9.  5.101 /  9.  5.101
  libswresample   6.  3.101 /  6.  3.101
[aist#0:0/pcm_s24le @ 0xa6cc0c180] Guessed Channel Layout: stereo
Input #0, wav, from '/Volumes/project/continuo/catalogs/ambulance/ambulance.wav':
  Metadata:
    encoded_by      : Logic Pro
    date            : 2025-02-11
    creation_time   : 18:24:47
    time_reference  : 173836787
    umid            : 0x000000009063C96B0100000000000000000000000000000000000000305DC96B01000000005DC96B010000005462D50701803A770000000000000000305DC96B
    coding_history  : 
  Duration: 00:04:55.20, bitrate: 2304 kb/s
  Chapters:
    Chapter #0:0: start 0.000000, end 7.200000
      Metadata:
        title           : intro
    Chapter #0:1: start 7.200000, end 153.600000
      Metadata:
        title           : think I don't ten to leave
    Chapter #0:2: start 153.600000, end 192.000000
      Metadata:
        title           : turn
    Chapter #0:3: start 192.000000, end 211.200000
      Metadata:
        title           : Marker 5
    Chapter #0:4: start 211.200000, end 288.000000
      Metadata:
        title           : Marker 6
    Chapter #0:5: start 288.000000, end 295.200000
      Metadata:
        title           : Marker 7
    Chapter #0:6: start 288.000000, end 295.200000
      Metadata:
        title           : Marker 8
  Stream #0:0: Audio: pcm_s24le ([1][0][0][0] / 0x0001), 48000 Hz, stereo, s32 (24 bit), 2304 kb/s
Stream mapping:
  Stream #0:0 -> #0:0 (pcm_s24le (native) -> pcm_s16le (native))
Press [q] to stop, [?] for help
Output #0, wav, to '/Volumes/project/continuo/catalogs/ambulance/ambulance_astro-catalog/ambulance_normalized.wav':
  Metadata:
    ITCH            : Logic Pro
    ICRD            : 2025-02-11
    coding_history  : 
    time_reference  : 173836787
    umid            : 0x000000009063C96B0100000000000000000000000000000000000000305DC96B01000000005DC96B010000005462D50701803A770000000000000000305DC96B
    ISFT            : Lavf62.12.101
  Chapters:
    Chapter #0:0: start 0.000000, end 7.200000
      Metadata:
        title           : intro
    Chapter #0:1: start 7.200000, end 153.600000
      Metadata:
        title           : think I don't ten to leave
    Chapter #0:2: start 153.600000, end 192.000000
      Metadata:
        title           : turn
    Chapter #0:3: start 192.000000, end 211.200000
      Metadata:
        title           : Marker 5
    Chapter #0:4: start 211.200000, end 288.000000
      Metadata:
        title           : Marker 6
    Chapter #0:5: start 288.000000, end 295.200000
      Metadata:
        title           : Marker 7
    Chapter #0:6: start 288.000000, end 295.200000
      Metadata:
        title           : Marker 8
  Stream #0:0: Audio: pcm_s16le ([1][0][0][0] / 0x0001), 48000 Hz, stereo, s16, 1536 kb/s
    Metadata:
      encoder         : Lavc62.28.101 pcm_s16le
size=   36864KiB time=00:03:16.69 bitrate=1535.3kbits/s speed= 390x elapsed=0:00:00.50    [out#0/wav @ 0xa6d0086c0] video:0KiB audio:55350KiB subtitle:0KiB other streams:0KiB global headers:0KiB muxing overhead: 0.000205%
size=   55350KiB time=00:04:55.20 bitrate=1536.0kbits/s speed= 363x elapsed=0:00:00.81    
