2026-06-10 17:56:03,565 - INFO - Ultra-High Resolution Album Artwork Generator v7 (5000x5000 Edition)
2026-06-10 17:56:03,565 - INFO - -------------------------------------------------
2026-06-10 17:56:03,565 - INFO - Using saturation level: 0.5
2026-06-10 17:56:03,565 - INFO - Processing audio file: /Volumes/project/continuo/catalogs/footlights/Footlights Releve_astro-catalog/Footlights Releve_normalized.wav
2026-06-10 17:56:03,565 - INFO - Output will be saved as: /Volumes/project/continuo/catalogs/footlights/Footlights Releve_astro-catalog/artwork/Footlights Releve_normalized_artwork.png
2026-06-10 17:56:03,565 - INFO - Component files will be saved in: /Volumes/project/continuo/catalogs/footlights/Footlights Releve_astro-catalog/artwork/components
2026-06-10 17:56:03,565 - INFO - Starting the v7 Ultra-High Resolution Album Artwork Generator
2026-06-10 17:56:03,568 - INFO - Output directory: /Volumes/project/continuo/catalogs/footlights/Footlights Releve_astro-catalog/artwork
2026-06-10 17:56:03,568 - INFO - Components directory: /Volumes/project/continuo/catalogs/footlights/Footlights Releve_astro-catalog/artwork/components
2026-06-10 17:56:03,568 - INFO - Analyzing audio fingerprint...
2026-06-10 17:56:03,573 - INFO - Audio hash: 6cd5e0ad...bb98da98
2026-06-10 17:56:03,573 - INFO - Generating identicon...
2026-06-10 17:56:03,573 - INFO - Trying jdenticon approach 1: /Users/danielramirez/Nextcloud/ore/Notes/Project/utilities/studio/lufs-workchain/node_modules/.bin/jdenticon 6cd5e0ad0c0524dcb60f0b3873492284b75e6ea6ad652c5fbf1c3d50bb98da98
2026-06-10 17:56:03,575 - WARNING - jdenticon approach 1 - command not found
2026-06-10 17:56:03,575 - INFO - Trying jdenticon approach 2: npx --prefix
2026-06-10 17:56:03,772 - WARNING - jdenticon approach 2 failed: Command '['npx', '--prefix', '/Users/danielramirez/Nextcloud/ore/Notes/Project/utilities/studio/lufs-workchain', 'jdenticon', '6cd5e0ad0c0524dcb60f0b3873492284b75e6ea6ad652c5fbf1c3d50bb98da98', '--size', '5000', '--output', '/Volumes/project/continuo/catalogs/footlights/Footlights Releve_astro-catalog/artwork/components/identicon.png']' returned non-zero exit status 254.
2026-06-10 17:56:03,772 - INFO - Trying jdenticon approach 3: npx jdenticon
2026-06-10 17:56:04,144 - INFO - Identicon created successfully.
2026-06-10 17:56:04,173 - INFO - Generating ultra-high-resolution spectrogram...
2026-06-10 17:56:04,946 - INFO - Using figure dimensions: 50.0x12.5 inches at 400 DPI
2026-06-10 17:56:04,947 - INFO - Target pixel dimensions: 20000x5000
/Users/danielramirez/repos/lufs-workchain/.venv/lib/python3.12/site-packages/PIL/Image.py:3574: DecompressionBombWarning: Image size (100000000 pixels) exceeds limit of 89478485 pixels, could be decompression bomb DOS attack.
  warnings.warn(
2026-06-10 17:56:06,645 - INFO - Raw spectrogram dimensions: 20000x5000 pixels
2026-06-10 17:56:06,645 - INFO - Initial dimensions: 20000x5000 pixels
2026-06-10 17:56:06,646 - INFO - Adjusting saturation to 0.5...
2026-06-10 17:56:08,225 - INFO - Saved full rectangular spectrogram to: /Volumes/project/continuo/catalogs/footlights/Footlights Releve_astro-catalog/artwork/components/rectangle_spectrogram.png
2026-06-10 17:56:08,233 - INFO - Square crop dimensions: 5000x5000
2026-06-10 17:56:08,695 - INFO - Saved 5000x5000 square spectrogram to: /Volumes/project/continuo/catalogs/footlights/Footlights Releve_astro-catalog/artwork/components/spectrogram.png
2026-06-10 17:56:08,695 - INFO - Spectrogram segment covers audio from 18.19s to 30.31s
2026-06-10 17:56:08,717 - INFO - Working with spectrogram: 5000x5000, identicon: 5000x5000
2026-06-10 17:56:08,717 - INFO - Enhancing spectrogram contrast...
2026-06-10 17:56:08,839 - INFO - Resizing identicon for overlay...
2026-06-10 17:56:08,973 - INFO - Creating final composite image...
2026-06-10 17:56:09,542 - INFO - Album artwork generated successfully: /Volumes/project/continuo/catalogs/footlights/Footlights Releve_astro-catalog/artwork/Footlights Releve_normalized_artwork.png
2026-06-10 17:56:09,547 - INFO - Ultra-high resolution (5000x5000) artwork generation finished successfully.
2026-06-10 17:56:09,547 - INFO - Final artwork saved at: /Volumes/project/continuo/catalogs/footlights/Footlights Releve_astro-catalog/artwork/Footlights Releve_normalized_artwork.png
