2026-06-10 18:02:37,628 - INFO - Ultra-High Resolution Album Artwork Generator v7 (5000x5000 Edition)
2026-06-10 18:02:37,628 - INFO - -------------------------------------------------
2026-06-10 18:02:37,628 - INFO - Using saturation level: 0.5
2026-06-10 18:02:37,628 - INFO - Processing audio file: /Volumes/project/continuo/catalogs/my-mind/my-mind_astro-catalog/my-mind_normalized.wav
2026-06-10 18:02:37,628 - INFO - Output will be saved as: /Volumes/project/continuo/catalogs/my-mind/my-mind_astro-catalog/artwork/my-mind_normalized_artwork.png
2026-06-10 18:02:37,628 - INFO - Component files will be saved in: /Volumes/project/continuo/catalogs/my-mind/my-mind_astro-catalog/artwork/components
2026-06-10 18:02:37,628 - INFO - Starting the v7 Ultra-High Resolution Album Artwork Generator
2026-06-10 18:02:37,631 - INFO - Output directory: /Volumes/project/continuo/catalogs/my-mind/my-mind_astro-catalog/artwork
2026-06-10 18:02:37,631 - INFO - Components directory: /Volumes/project/continuo/catalogs/my-mind/my-mind_astro-catalog/artwork/components
2026-06-10 18:02:37,631 - INFO - Analyzing audio fingerprint...
2026-06-10 18:02:37,653 - INFO - Audio hash: 23a251cc...f99b762f
2026-06-10 18:02:37,653 - INFO - Generating identicon...
2026-06-10 18:02:37,653 - INFO - Trying jdenticon approach 1: /Users/danielramirez/Nextcloud/ore/Notes/Project/utilities/studio/lufs-workchain/node_modules/.bin/jdenticon 23a251cc3f02cf97b0410bce2181334e6f29206ac3b5e458441b1b55f99b762f
2026-06-10 18:02:37,655 - WARNING - jdenticon approach 1 - command not found
2026-06-10 18:02:37,655 - INFO - Trying jdenticon approach 2: npx --prefix
2026-06-10 18:02:37,857 - WARNING - jdenticon approach 2 failed: Command '['npx', '--prefix', '/Users/danielramirez/Nextcloud/ore/Notes/Project/utilities/studio/lufs-workchain', 'jdenticon', '23a251cc3f02cf97b0410bce2181334e6f29206ac3b5e458441b1b55f99b762f', '--size', '5000', '--output', '/Volumes/project/continuo/catalogs/my-mind/my-mind_astro-catalog/artwork/components/identicon.png']' returned non-zero exit status 254.
2026-06-10 18:02:37,857 - INFO - Trying jdenticon approach 3: npx jdenticon
2026-06-10 18:02:38,299 - INFO - Identicon created successfully.
2026-06-10 18:02:38,329 - INFO - Generating ultra-high-resolution spectrogram...
2026-06-10 18:02:39,189 - INFO - Using figure dimensions: 50.0x12.5 inches at 400 DPI
2026-06-10 18:02:39,189 - INFO - Target pixel dimensions: 20000x5000
/Users/danielramirez/repos/lufs-workchain/.venv/lib/python3.12/site-packages/PIL/Image.py:3574: DecompressionBombWarning: Image size (100000000 pixels) exceeds limit of 89478485 pixels, could be decompression bomb DOS attack.
  warnings.warn(
2026-06-10 18:02:42,558 - INFO - Raw spectrogram dimensions: 20000x5000 pixels
2026-06-10 18:02:42,558 - INFO - Initial dimensions: 20000x5000 pixels
2026-06-10 18:02:42,558 - INFO - Adjusting saturation to 0.5...
2026-06-10 18:02:45,314 - INFO - Saved full rectangular spectrogram to: /Volumes/project/continuo/catalogs/my-mind/my-mind_astro-catalog/artwork/components/rectangle_spectrogram.png
2026-06-10 18:02:45,323 - INFO - Square crop dimensions: 5000x5000
2026-06-10 18:02:46,015 - INFO - Saved 5000x5000 square spectrogram to: /Volumes/project/continuo/catalogs/my-mind/my-mind_astro-catalog/artwork/components/spectrogram.png
2026-06-10 18:02:46,015 - INFO - Spectrogram segment covers audio from 80.19s to 133.66s
2026-06-10 18:02:46,041 - INFO - Working with spectrogram: 5000x5000, identicon: 5000x5000
2026-06-10 18:02:46,041 - INFO - Enhancing spectrogram contrast...
2026-06-10 18:02:46,137 - INFO - Resizing identicon for overlay...
2026-06-10 18:02:46,271 - INFO - Creating final composite image...
2026-06-10 18:02:47,220 - INFO - Album artwork generated successfully: /Volumes/project/continuo/catalogs/my-mind/my-mind_astro-catalog/artwork/my-mind_normalized_artwork.png
2026-06-10 18:02:47,225 - INFO - Ultra-high resolution (5000x5000) artwork generation finished successfully.
2026-06-10 18:02:47,225 - INFO - Final artwork saved at: /Volumes/project/continuo/catalogs/my-mind/my-mind_astro-catalog/artwork/my-mind_normalized_artwork.png
