# Normalization Log - Wed Jun 10 18:02:26 CDT 2026
Target LUFS: -14
Two-pass: true
LRA: 7
True Peak: -1.5 dB

ffmpeg version 8.1.1 Copyright (c) 2000-2026 the FFmpeg developers
  built with Apple clang version 21.0.0 (clang-2100.0.123.102)
  configuration: --prefix=/opt/homebrew/Cellar/ffmpeg/8.1.1 --enable-shared --enable-pthreads --enable-version3 --cc=clang --host-cflags= --host-ldflags= --enable-ffplay --enable-gpl --enable-libsvtav1 --enable-libopus --enable-libx264 --enable-libmp3lame --enable-libdav1d --enable-libvmaf --enable-libvpx --enable-libx265 --enable-openssl --enable-videotoolbox --enable-audiotoolbox --enable-neon
  libavutil      60. 26.101 / 60. 26.101
  libavcodec     62. 28.101 / 62. 28.101
  libavformat    62. 12.101 / 62. 12.101
  libavdevice    62.  3.101 / 62.  3.101
  libavfilter    11. 14.101 / 11. 14.101
  libswscale      9.  5.101 /  9.  5.101
  libswresample   6.  3.101 /  6.  3.101
[aist#0:0/pcm_s24le @ 0xc98c0c180] Guessed Channel Layout: stereo
Input #0, wav, from '/Volumes/project/continuo/catalogs/my-mind/my-mind.wav':
  Metadata:
    encoded_by      : Logic Pro
    date            : 2024-12-17
    creation_time   : 20:46:42
    time_reference  : 172799987
    umid            : 0x0000000070E4306B010000000000000000000000000000000000000010DE306B01000000E0DD306B010000005462000801000123000000000000000010DE306B
    coding_history  : 
  Duration: 00:03:33.85, bitrate: 2307 kb/s
  Chapters:
    Chapter #0:0: start 0.000000, end 213.848042
      Metadata:
        title           : count-in CC reset
    Chapter #0:1: start 0.000000, end 213.848042
      Metadata:
        title           : intro
  Stream #0:0: Audio: pcm_s24le ([1][0][0][0] / 0x0001), 48000 Hz, stereo, s32 (24 bit), 2304 kb/s
Stream mapping:
  Stream #0:0 -> #0:0 (pcm_s24le (native) -> pcm_s16le (native))
Press [q] to stop, [?] for help
Output #0, wav, to '/Volumes/project/continuo/catalogs/my-mind/my-mind_astro-catalog/my-mind_normalized.wav':
  Metadata:
    ITCH            : Logic Pro
    ICRD            : 2024-12-17
    coding_history  : 
    time_reference  : 172799987
    umid            : 0x0000000070E4306B010000000000000000000000000000000000000010DE306B01000000E0DD306B010000005462000801000123000000000000000010DE306B
    ISFT            : Lavf62.12.101
  Chapters:
    Chapter #0:0: start 0.000000, end 213.848042
      Metadata:
        title           : count-in CC reset
    Chapter #0:1: start 0.000000, end 213.848042
      Metadata:
        title           : intro
  Stream #0:0: Audio: pcm_s16le ([1][0][0][0] / 0x0001), 48000 Hz, stereo, s16, 1536 kb/s
    Metadata:
      encoder         : Lavc62.28.101 pcm_s16le
size=   36352KiB time=00:03:13.96 bitrate=1535.3kbits/s speed= 386x elapsed=0:00:00.50    [out#0/wav @ 0xc98c5c180] video:0KiB audio:40097KiB subtitle:0KiB other streams:0KiB global headers:0KiB muxing overhead: 0.000283%
size=   40097KiB time=00:03:33.84 bitrate=1536.0kbits/s speed= 360x elapsed=0:00:00.59    
