2026-06-10 17:37:10,822 - INFO - Ultra-High Resolution Album Artwork Generator v7 (5000x5000 Edition)
2026-06-10 17:37:10,822 - INFO - -------------------------------------------------
2026-06-10 17:37:10,822 - INFO - Using saturation level: 0.5
2026-06-10 17:37:10,822 - INFO - Processing audio file: /Volumes/project/continuo/catalogs/a98ff_praise-legend-road/126-01.44028-24.128_astro-catalog/126-01.44028-24.128_normalized.wav
2026-06-10 17:37:10,822 - INFO - Output will be saved as: /Volumes/project/continuo/catalogs/a98ff_praise-legend-road/126-01.44028-24.128_astro-catalog/artwork/126-01.44028-24.128_normalized_artwork.png
2026-06-10 17:37:10,822 - INFO - Component files will be saved in: /Volumes/project/continuo/catalogs/a98ff_praise-legend-road/126-01.44028-24.128_astro-catalog/artwork/components
2026-06-10 17:37:10,822 - INFO - Starting the v7 Ultra-High Resolution Album Artwork Generator
2026-06-10 17:37:10,824 - INFO - Output directory: /Volumes/project/continuo/catalogs/a98ff_praise-legend-road/126-01.44028-24.128_astro-catalog/artwork
2026-06-10 17:37:10,824 - INFO - Components directory: /Volumes/project/continuo/catalogs/a98ff_praise-legend-road/126-01.44028-24.128_astro-catalog/artwork/components
2026-06-10 17:37:10,824 - INFO - Analyzing audio fingerprint...
2026-06-10 17:37:10,835 - INFO - Audio hash: 0730e8bb...d3dacc4c
2026-06-10 17:37:10,835 - INFO - Generating identicon...
2026-06-10 17:37:10,835 - INFO - Trying jdenticon approach 1: /Users/danielramirez/Nextcloud/ore/Notes/Project/utilities/studio/lufs-workchain/node_modules/.bin/jdenticon 0730e8bb7bb23941adea3676e44e23a6201ee166ffb0f69886d64dc7d3dacc4c
2026-06-10 17:37:10,838 - WARNING - jdenticon approach 1 - command not found
2026-06-10 17:37:10,838 - INFO - Trying jdenticon approach 2: npx --prefix
2026-06-10 17:37:11,038 - WARNING - jdenticon approach 2 failed: Command '['npx', '--prefix', '/Users/danielramirez/Nextcloud/ore/Notes/Project/utilities/studio/lufs-workchain', 'jdenticon', '0730e8bb7bb23941adea3676e44e23a6201ee166ffb0f69886d64dc7d3dacc4c', '--size', '5000', '--output', '/Volumes/project/continuo/catalogs/a98ff_praise-legend-road/126-01.44028-24.128_astro-catalog/artwork/components/identicon.png']' returned non-zero exit status 254.
2026-06-10 17:37:11,038 - INFO - Trying jdenticon approach 3: npx jdenticon
2026-06-10 17:37:11,610 - INFO - Identicon created successfully.
2026-06-10 17:37:11,632 - INFO - Generating ultra-high-resolution spectrogram...
2026-06-10 17:37:12,476 - INFO - Using figure dimensions: 50.0x12.5 inches at 400 DPI
2026-06-10 17:37:12,476 - INFO - Target pixel dimensions: 20000x5000
/Users/danielramirez/repos/lufs-workchain/.venv/lib/python3.12/site-packages/PIL/Image.py:3574: DecompressionBombWarning: Image size (100000000 pixels) exceeds limit of 89478485 pixels, could be decompression bomb DOS attack.
  warnings.warn(
2026-06-10 17:37:15,341 - INFO - Raw spectrogram dimensions: 20000x5000 pixels
2026-06-10 17:37:15,341 - INFO - Initial dimensions: 20000x5000 pixels
2026-06-10 17:37:15,341 - INFO - Adjusting saturation to 0.5...
2026-06-10 17:37:17,394 - INFO - Saved full rectangular spectrogram to: /Volumes/project/continuo/catalogs/a98ff_praise-legend-road/126-01.44028-24.128_astro-catalog/artwork/components/rectangle_spectrogram.png
2026-06-10 17:37:17,403 - INFO - Square crop dimensions: 5000x5000
2026-06-10 17:37:17,934 - INFO - Saved 5000x5000 square spectrogram to: /Volumes/project/continuo/catalogs/a98ff_praise-legend-road/126-01.44028-24.128_astro-catalog/artwork/components/spectrogram.png
2026-06-10 17:37:17,934 - INFO - Spectrogram segment covers audio from 52.00s to 86.66s
2026-06-10 17:37:17,954 - INFO - Working with spectrogram: 5000x5000, identicon: 5000x5000
2026-06-10 17:37:17,954 - INFO - Enhancing spectrogram contrast...
2026-06-10 17:37:18,057 - INFO - Resizing identicon for overlay...
2026-06-10 17:37:18,188 - INFO - Creating final composite image...
2026-06-10 17:37:18,788 - INFO - Album artwork generated successfully: /Volumes/project/continuo/catalogs/a98ff_praise-legend-road/126-01.44028-24.128_astro-catalog/artwork/126-01.44028-24.128_normalized_artwork.png
2026-06-10 17:37:18,793 - INFO - Ultra-high resolution (5000x5000) artwork generation finished successfully.
2026-06-10 17:37:18,793 - INFO - Final artwork saved at: /Volumes/project/continuo/catalogs/a98ff_praise-legend-road/126-01.44028-24.128_astro-catalog/artwork/126-01.44028-24.128_normalized_artwork.png
