2026-06-10 17:57:03,433 - INFO - Ultra-High Resolution Album Artwork Generator v7 (5000x5000 Edition)
2026-06-10 17:57:03,433 - INFO - -------------------------------------------------
2026-06-10 17:57:03,433 - INFO - Using saturation level: 0.5
2026-06-10 17:57:03,433 - INFO - Processing audio file: /Volumes/project/continuo/catalogs/footlights/Footlights Lost Cause_astro-catalog/Footlights Lost Cause_normalized.wav
2026-06-10 17:57:03,433 - INFO - Output will be saved as: /Volumes/project/continuo/catalogs/footlights/Footlights Lost Cause_astro-catalog/artwork/Footlights Lost Cause_normalized_artwork.png
2026-06-10 17:57:03,433 - INFO - Component files will be saved in: /Volumes/project/continuo/catalogs/footlights/Footlights Lost Cause_astro-catalog/artwork/components
2026-06-10 17:57:03,433 - INFO - Starting the v7 Ultra-High Resolution Album Artwork Generator
2026-06-10 17:57:03,435 - INFO - Output directory: /Volumes/project/continuo/catalogs/footlights/Footlights Lost Cause_astro-catalog/artwork
2026-06-10 17:57:03,435 - INFO - Components directory: /Volumes/project/continuo/catalogs/footlights/Footlights Lost Cause_astro-catalog/artwork/components
2026-06-10 17:57:03,435 - INFO - Analyzing audio fingerprint...
2026-06-10 17:57:03,448 - INFO - Audio hash: 4410cfb0...e8a202f6
2026-06-10 17:57:03,448 - INFO - Generating identicon...
2026-06-10 17:57:03,448 - INFO - Trying jdenticon approach 1: /Users/danielramirez/Nextcloud/ore/Notes/Project/utilities/studio/lufs-workchain/node_modules/.bin/jdenticon 4410cfb09b25bed059efc7bc082af55e1c405e0a66245a6577c52340e8a202f6
2026-06-10 17:57:03,451 - WARNING - jdenticon approach 1 - command not found
2026-06-10 17:57:03,451 - INFO - Trying jdenticon approach 2: npx --prefix
2026-06-10 17:57:03,656 - WARNING - jdenticon approach 2 failed: Command '['npx', '--prefix', '/Users/danielramirez/Nextcloud/ore/Notes/Project/utilities/studio/lufs-workchain', 'jdenticon', '4410cfb09b25bed059efc7bc082af55e1c405e0a66245a6577c52340e8a202f6', '--size', '5000', '--output', '/Volumes/project/continuo/catalogs/footlights/Footlights Lost Cause_astro-catalog/artwork/components/identicon.png']' returned non-zero exit status 254.
2026-06-10 17:57:03,656 - INFO - Trying jdenticon approach 3: npx jdenticon
2026-06-10 17:57:04,241 - INFO - Identicon created successfully.
2026-06-10 17:57:04,263 - INFO - Generating ultra-high-resolution spectrogram...
2026-06-10 17:57:05,101 - INFO - Using figure dimensions: 50.0x12.5 inches at 400 DPI
2026-06-10 17:57:05,101 - INFO - Target pixel dimensions: 20000x5000
/Users/danielramirez/repos/lufs-workchain/.venv/lib/python3.12/site-packages/PIL/Image.py:3574: DecompressionBombWarning: Image size (100000000 pixels) exceeds limit of 89478485 pixels, could be decompression bomb DOS attack.
  warnings.warn(
2026-06-10 17:57:08,211 - INFO - Raw spectrogram dimensions: 20000x5000 pixels
2026-06-10 17:57:08,211 - INFO - Initial dimensions: 20000x5000 pixels
2026-06-10 17:57:08,211 - INFO - Adjusting saturation to 0.5...
2026-06-10 17:57:10,619 - INFO - Saved full rectangular spectrogram to: /Volumes/project/continuo/catalogs/footlights/Footlights Lost Cause_astro-catalog/artwork/components/rectangle_spectrogram.png
2026-06-10 17:57:10,628 - INFO - Square crop dimensions: 5000x5000
2026-06-10 17:57:11,255 - INFO - Saved 5000x5000 square spectrogram to: /Volumes/project/continuo/catalogs/footlights/Footlights Lost Cause_astro-catalog/artwork/components/spectrogram.png
2026-06-10 17:57:11,255 - INFO - Spectrogram segment covers audio from 69.57s to 115.95s
2026-06-10 17:57:11,279 - INFO - Working with spectrogram: 5000x5000, identicon: 5000x5000
2026-06-10 17:57:11,279 - INFO - Enhancing spectrogram contrast...
2026-06-10 17:57:11,374 - INFO - Resizing identicon for overlay...
2026-06-10 17:57:11,509 - INFO - Creating final composite image...
2026-06-10 17:57:12,323 - INFO - Album artwork generated successfully: /Volumes/project/continuo/catalogs/footlights/Footlights Lost Cause_astro-catalog/artwork/Footlights Lost Cause_normalized_artwork.png
2026-06-10 17:57:12,328 - INFO - Ultra-high resolution (5000x5000) artwork generation finished successfully.
2026-06-10 17:57:12,328 - INFO - Final artwork saved at: /Volumes/project/continuo/catalogs/footlights/Footlights Lost Cause_astro-catalog/artwork/Footlights Lost Cause_normalized_artwork.png
