# Normalization Log - Wed Jun 10 17:56:49 CDT 2026
Target LUFS: -14
Two-pass: true
LRA: 7
True Peak: -1.5 dB

ffmpeg version 8.1.1 Copyright (c) 2000-2026 the FFmpeg developers
  built with Apple clang version 21.0.0 (clang-2100.0.123.102)
  configuration: --prefix=/opt/homebrew/Cellar/ffmpeg/8.1.1 --enable-shared --enable-pthreads --enable-version3 --cc=clang --host-cflags= --host-ldflags= --enable-ffplay --enable-gpl --enable-libsvtav1 --enable-libopus --enable-libx264 --enable-libmp3lame --enable-libdav1d --enable-libvmaf --enable-libvpx --enable-libx265 --enable-openssl --enable-videotoolbox --enable-audiotoolbox --enable-neon
  libavutil      60. 26.101 / 60. 26.101
  libavcodec     62. 28.101 / 62. 28.101
  libavformat    62. 12.101 / 62. 12.101
  libavdevice    62.  3.101 / 62.  3.101
  libavfilter    11. 14.101 / 11. 14.101
  libswscale      9.  5.101 /  9.  5.101
  libswresample   6.  3.101 /  6.  3.101
[aist#0:0/pcm_s24le @ 0x78cc0c180] Guessed Channel Layout: stereo
Input #0, wav, from '/Volumes/project/continuo/catalogs/footlights/Footlights Lost Cause.wav':
  Duration: 00:03:05.52, bitrate: 2119 kb/s
  Chapters:
    Chapter #0:0: start 0.000000, end 26.470680
      Metadata:
        title           : Tempo: 135.9995
    Chapter #0:1: start 172.941814, end 183.530068
      Metadata:
        title           : Tempo: 135.9995
    Chapter #0:2: start 26.470680, end 40.588367
      Metadata:
        title           : Dont Wanna Talk About It
    Chapter #0:3: start 40.588367, end 42.353084
      Metadata:
        title           : Marker 2
    Chapter #0:4: start 42.353084, end 44.117800
      Metadata:
        title           : 
    Chapter #0:5: start 44.117800, end 65.294354
      Metadata:
        title           : You're Feeling Strange
    Chapter #0:6: start 65.294354, end 97.500340
      Metadata:
        title           : 
    Chapter #0:7: start 97.500340, end 100.588594
      Metadata:
        title           : Marker 6
    Chapter #0:8: start 100.588594, end 127.059274
      Metadata:
        title           : I'm Not the Same
    Chapter #0:9: start 127.059274, end 139.412268
      Metadata:
        title           : Marker 8
    Chapter #0:10: start 139.412268, end 161.471179
      Metadata:
        title           : Marker 9
    Chapter #0:11: start 161.471179, end 162.353537
      Metadata:
        title           : Marker 10
    Chapter #0:12: start 162.353537, end 172.941814
      Metadata:
        title           : Marker 11
    Chapter #0:13: start 183.530068, end 185.515374
      Metadata:
        title           : Marker 12
  Stream #0:0: Audio: pcm_s24le ([1][0][0][0] / 0x0001), 44100 Hz, stereo, s32 (24 bit), 2116 kb/s
Stream mapping:
  Stream #0:0 -> #0:0 (pcm_s24le (native) -> pcm_s16le (native))
Press [q] to stop, [?] for help
Output #0, wav, to '/Volumes/project/continuo/catalogs/footlights/Footlights Lost Cause_astro-catalog/Footlights Lost Cause_normalized.wav':
  Metadata:
    ISFT            : Lavf62.12.101
  Chapters:
    Chapter #0:0: start 0.000000, end 26.470680
      Metadata:
        title           : Tempo: 135.9995
    Chapter #0:1: start 172.941814, end 183.530068
      Metadata:
        title           : Tempo: 135.9995
    Chapter #0:2: start 26.470680, end 40.588367
      Metadata:
        title           : Dont Wanna Talk About It
    Chapter #0:3: start 40.588367, end 42.353084
      Metadata:
        title           : Marker 2
    Chapter #0:4: start 42.353084, end 44.117800
      Metadata:
        title           : 
    Chapter #0:5: start 44.117800, end 65.294354
      Metadata:
        title           : You're Feeling Strange
    Chapter #0:6: start 65.294354, end 97.500340
      Metadata:
        title           : 
    Chapter #0:7: start 97.500340, end 100.588594
      Metadata:
        title           : Marker 6
    Chapter #0:8: start 100.588594, end 127.059274
      Metadata:
        title           : I'm Not the Same
    Chapter #0:9: start 127.059274, end 139.412268
      Metadata:
        title           : Marker 8
    Chapter #0:10: start 139.412268, end 161.471179
      Metadata:
        title           : Marker 9
    Chapter #0:11: start 161.471179, end 162.353537
      Metadata:
        title           : Marker 10
    Chapter #0:12: start 162.353537, end 172.941814
      Metadata:
        title           : Marker 11
    Chapter #0:13: start 183.530068, end 185.515374
      Metadata:
        title           : Marker 12
  Stream #0:0: Audio: pcm_s16le ([1][0][0][0] / 0x0001), 44100 Hz, stereo, s16, 1411 kb/s
    Metadata:
      encoder         : Lavc62.28.101 pcm_s16le
size=    2304KiB time=00:00:14.09 bitrate=1338.6kbits/s speed=27.9x elapsed=0:00:00.50    size=    5120KiB time=00:00:30.59 bitrate=1370.7kbits/s speed=30.3x elapsed=0:00:01.01    size=    8704KiB time=00:00:50.79 bitrate=1403.6kbits/s speed=33.6x elapsed=0:00:01.51    size=   12032KiB time=00:01:11.09 bitrate=1386.3kbits/s speed=35.2x elapsed=0:00:02.01    size=   15616KiB time=00:01:31.49 bitrate=1398.1kbits/s speed=36.3x elapsed=0:00:02.52    size=   19200KiB time=00:01:51.79 bitrate=1406.9kbits/s speed=36.9x elapsed=0:00:03.02    size=   22528KiB time=00:02:11.69 bitrate=1401.3kbits/s speed=37.3x elapsed=0:00:03.52    size=   25856KiB time=00:02:30.29 bitrate=1409.3kbits/s speed=37.3x elapsed=0:00:04.03    size=   28928KiB time=00:02:49.49 bitrate=1398.1kbits/s speed=37.4x elapsed=0:00:04.53    [out#0/wav @ 0x78d400240] video:0KiB audio:31958KiB subtitle:0KiB other streams:0KiB global headers:0KiB muxing overhead: 0.000238%
size=   31958KiB time=00:03:05.60 bitrate=1410.6kbits/s speed=37.4x elapsed=0:00:04.96    
