2026-06-10 18:08:30,129 - INFO - Ultra-High Resolution Album Artwork Generator v7 (5000x5000 Edition)
2026-06-10 18:08:30,129 - INFO - -------------------------------------------------
2026-06-10 18:08:30,129 - INFO - Using saturation level: 0.5
2026-06-10 18:08:30,130 - INFO - Processing audio file: /Volumes/project/continuo/catalogs/soundcloud/Welcome To FAME_astro-catalog/Welcome To FAME_normalized.aif
2026-06-10 18:08:30,130 - INFO - Output will be saved as: /Volumes/project/continuo/catalogs/soundcloud/Welcome To FAME_astro-catalog/artwork/Welcome To FAME_normalized_artwork.png
2026-06-10 18:08:30,130 - INFO - Component files will be saved in: /Volumes/project/continuo/catalogs/soundcloud/Welcome To FAME_astro-catalog/artwork/components
2026-06-10 18:08:30,130 - INFO - Starting the v7 Ultra-High Resolution Album Artwork Generator
2026-06-10 18:08:30,132 - INFO - Output directory: /Volumes/project/continuo/catalogs/soundcloud/Welcome To FAME_astro-catalog/artwork
2026-06-10 18:08:30,132 - INFO - Components directory: /Volumes/project/continuo/catalogs/soundcloud/Welcome To FAME_astro-catalog/artwork/components
2026-06-10 18:08:30,132 - INFO - Analyzing audio fingerprint...
2026-06-10 18:08:30,181 - INFO - Audio hash: 3ef1a0fa...24907768
2026-06-10 18:08:30,181 - INFO - Generating identicon...
2026-06-10 18:08:30,181 - INFO - Trying jdenticon approach 1: /Users/danielramirez/Nextcloud/ore/Notes/Project/utilities/studio/lufs-workchain/node_modules/.bin/jdenticon 3ef1a0fad79a614353b4b38fd5e762b34f33dbba9d2535592210044c24907768
2026-06-10 18:08:30,184 - WARNING - jdenticon approach 1 - command not found
2026-06-10 18:08:30,185 - INFO - Trying jdenticon approach 2: npx --prefix
2026-06-10 18:08:30,475 - WARNING - jdenticon approach 2 failed: Command '['npx', '--prefix', '/Users/danielramirez/Nextcloud/ore/Notes/Project/utilities/studio/lufs-workchain', 'jdenticon', '3ef1a0fad79a614353b4b38fd5e762b34f33dbba9d2535592210044c24907768', '--size', '5000', '--output', '/Volumes/project/continuo/catalogs/soundcloud/Welcome To FAME_astro-catalog/artwork/components/identicon.png']' returned non-zero exit status 254.
2026-06-10 18:08:30,475 - INFO - Trying jdenticon approach 3: npx jdenticon
2026-06-10 18:08:31,474 - INFO - Identicon created successfully.
2026-06-10 18:08:31,504 - INFO - Generating ultra-high-resolution spectrogram...
2026-06-10 18:08:32,974 - INFO - Using figure dimensions: 50.0x12.5 inches at 400 DPI
2026-06-10 18:08:32,974 - INFO - Target pixel dimensions: 20000x5000
/Users/danielramirez/repos/lufs-workchain/.venv/lib/python3.12/site-packages/PIL/Image.py:3574: DecompressionBombWarning: Image size (100000000 pixels) exceeds limit of 89478485 pixels, could be decompression bomb DOS attack.
  warnings.warn(
2026-06-10 18:08:39,588 - INFO - Raw spectrogram dimensions: 20000x5000 pixels
2026-06-10 18:08:39,588 - INFO - Initial dimensions: 20000x5000 pixels
2026-06-10 18:08:39,588 - INFO - Adjusting saturation to 0.5...
2026-06-10 18:08:42,466 - INFO - Saved full rectangular spectrogram to: /Volumes/project/continuo/catalogs/soundcloud/Welcome To FAME_astro-catalog/artwork/components/rectangle_spectrogram.png
2026-06-10 18:08:42,474 - INFO - Square crop dimensions: 5000x5000
2026-06-10 18:08:43,130 - INFO - Saved 5000x5000 square spectrogram to: /Volumes/project/continuo/catalogs/soundcloud/Welcome To FAME_astro-catalog/artwork/components/spectrogram.png
2026-06-10 18:08:43,130 - INFO - Spectrogram segment covers audio from 172.50s to 287.50s
2026-06-10 18:08:43,166 - INFO - Working with spectrogram: 5000x5000, identicon: 5000x5000
2026-06-10 18:08:43,166 - INFO - Enhancing spectrogram contrast...
2026-06-10 18:08:43,280 - INFO - Resizing identicon for overlay...
2026-06-10 18:08:43,422 - INFO - Creating final composite image...
2026-06-10 18:08:44,041 - INFO - Album artwork generated successfully: /Volumes/project/continuo/catalogs/soundcloud/Welcome To FAME_astro-catalog/artwork/Welcome To FAME_normalized_artwork.png
2026-06-10 18:08:44,046 - INFO - Ultra-high resolution (5000x5000) artwork generation finished successfully.
2026-06-10 18:08:44,046 - INFO - Final artwork saved at: /Volumes/project/continuo/catalogs/soundcloud/Welcome To FAME_astro-catalog/artwork/Welcome To FAME_normalized_artwork.png
