2026-06-10 18:00:20,924 - INFO - Ultra-High Resolution Album Artwork Generator v7 (5000x5000 Edition)
2026-06-10 18:00:20,924 - INFO - -------------------------------------------------
2026-06-10 18:00:20,924 - INFO - Using saturation level: 0.5
2026-06-10 18:00:20,924 - INFO - Processing audio file: /Volumes/project/continuo/catalogs/hogtagon/lobby_astro-catalog/lobby_normalized.wav
2026-06-10 18:00:20,924 - INFO - Output will be saved as: /Volumes/project/continuo/catalogs/hogtagon/lobby_astro-catalog/artwork/lobby_normalized_artwork.png
2026-06-10 18:00:20,924 - INFO - Component files will be saved in: /Volumes/project/continuo/catalogs/hogtagon/lobby_astro-catalog/artwork/components
2026-06-10 18:00:20,924 - INFO - Starting the v7 Ultra-High Resolution Album Artwork Generator
2026-06-10 18:00:20,926 - INFO - Output directory: /Volumes/project/continuo/catalogs/hogtagon/lobby_astro-catalog/artwork
2026-06-10 18:00:20,926 - INFO - Components directory: /Volumes/project/continuo/catalogs/hogtagon/lobby_astro-catalog/artwork/components
2026-06-10 18:00:20,926 - INFO - Analyzing audio fingerprint...
2026-06-10 18:00:20,935 - INFO - Audio hash: 310d64be...8edfbe11
2026-06-10 18:00:20,935 - INFO - Generating identicon...
2026-06-10 18:00:20,935 - INFO - Trying jdenticon approach 1: /Users/danielramirez/Nextcloud/ore/Notes/Project/utilities/studio/lufs-workchain/node_modules/.bin/jdenticon 310d64beb2b92beb0dde6b82b746a1f72f05cdfece9f6ef71ac843d38edfbe11
2026-06-10 18:00:20,937 - WARNING - jdenticon approach 1 - command not found
2026-06-10 18:00:20,937 - INFO - Trying jdenticon approach 2: npx --prefix
2026-06-10 18:00:21,140 - WARNING - jdenticon approach 2 failed: Command '['npx', '--prefix', '/Users/danielramirez/Nextcloud/ore/Notes/Project/utilities/studio/lufs-workchain', 'jdenticon', '310d64beb2b92beb0dde6b82b746a1f72f05cdfece9f6ef71ac843d38edfbe11', '--size', '5000', '--output', '/Volumes/project/continuo/catalogs/hogtagon/lobby_astro-catalog/artwork/components/identicon.png']' returned non-zero exit status 254.
2026-06-10 18:00:21,140 - INFO - Trying jdenticon approach 3: npx jdenticon
2026-06-10 18:00:21,521 - INFO - Identicon created successfully.
2026-06-10 18:00:21,549 - INFO - Generating ultra-high-resolution spectrogram...
2026-06-10 18:00:22,355 - INFO - Using figure dimensions: 50.0x12.5 inches at 400 DPI
2026-06-10 18:00:22,355 - INFO - Target pixel dimensions: 20000x5000
/Users/danielramirez/repos/lufs-workchain/.venv/lib/python3.12/site-packages/PIL/Image.py:3574: DecompressionBombWarning: Image size (100000000 pixels) exceeds limit of 89478485 pixels, could be decompression bomb DOS attack.
  warnings.warn(
2026-06-10 18:00:24,690 - INFO - Raw spectrogram dimensions: 20000x5000 pixels
2026-06-10 18:00:24,690 - INFO - Initial dimensions: 20000x5000 pixels
2026-06-10 18:00:24,690 - INFO - Adjusting saturation to 0.5...
2026-06-10 18:00:26,692 - INFO - Saved full rectangular spectrogram to: /Volumes/project/continuo/catalogs/hogtagon/lobby_astro-catalog/artwork/components/rectangle_spectrogram.png
2026-06-10 18:00:26,700 - INFO - Square crop dimensions: 5000x5000
2026-06-10 18:00:27,232 - INFO - Saved 5000x5000 square spectrogram to: /Volumes/project/continuo/catalogs/hogtagon/lobby_astro-catalog/artwork/components/spectrogram.png
2026-06-10 18:00:27,232 - INFO - Spectrogram segment covers audio from 40.12s to 66.87s
2026-06-10 18:00:27,253 - INFO - Working with spectrogram: 5000x5000, identicon: 5000x5000
2026-06-10 18:00:27,253 - INFO - Enhancing spectrogram contrast...
2026-06-10 18:00:27,353 - INFO - Resizing identicon for overlay...
2026-06-10 18:00:27,488 - INFO - Creating final composite image...
2026-06-10 18:00:28,092 - INFO - Album artwork generated successfully: /Volumes/project/continuo/catalogs/hogtagon/lobby_astro-catalog/artwork/lobby_normalized_artwork.png
2026-06-10 18:00:28,096 - INFO - Ultra-high resolution (5000x5000) artwork generation finished successfully.
2026-06-10 18:00:28,096 - INFO - Final artwork saved at: /Volumes/project/continuo/catalogs/hogtagon/lobby_astro-catalog/artwork/lobby_normalized_artwork.png
