# Normalization Log - Wed Jun 10 18:00:14 CDT 2026
Target LUFS: -14
Two-pass: true
LRA: 7
True Peak: -1.5 dB

ffmpeg version 8.1.1 Copyright (c) 2000-2026 the FFmpeg developers
  built with Apple clang version 21.0.0 (clang-2100.0.123.102)
  configuration: --prefix=/opt/homebrew/Cellar/ffmpeg/8.1.1 --enable-shared --enable-pthreads --enable-version3 --cc=clang --host-cflags= --host-ldflags= --enable-ffplay --enable-gpl --enable-libsvtav1 --enable-libopus --enable-libx264 --enable-libmp3lame --enable-libdav1d --enable-libvmaf --enable-libvpx --enable-libx265 --enable-openssl --enable-videotoolbox --enable-audiotoolbox --enable-neon
  libavutil      60. 26.101 / 60. 26.101
  libavcodec     62. 28.101 / 62. 28.101
  libavformat    62. 12.101 / 62. 12.101
  libavdevice    62.  3.101 / 62.  3.101
  libavfilter    11. 14.101 / 11. 14.101
  libswscale      9.  5.101 /  9.  5.101
  libswresample   6.  3.101 /  6.  3.101
[aist#0:0/pcm_s24le @ 0xa3ac0c180] Guessed Channel Layout: stereo
Input #0, wav, from '/Volumes/project/continuo/catalogs/hogtagon/lobby.wav':
  Metadata:
    encoded_by      : Logic Pro
    date            : 2025-03-29
    creation_time   : 15:30:09
    time_reference  : 184724912
    umid            : 0x00000000F063E46E0100000000000000000000000000000000000000905DE46E01000000605DE46E010000005462D50301803DEF0000000000000000905DE46E
    coding_history  : 
  Duration: 00:01:46.99, bitrate: 2307 kb/s
  Chapters:
    Chapter #0:0: start 0.000000, end 88.544625
      Metadata:
        title           : in
    Chapter #0:1: start 88.544625, end 106.991417
      Metadata:
        title           : out
  Stream #0:0: Audio: pcm_s24le ([1][0][0][0] / 0x0001), 48000 Hz, stereo, s32 (24 bit), 2304 kb/s
Stream mapping:
  Stream #0:0 -> #0:0 (pcm_s24le (native) -> pcm_s16le (native))
Press [q] to stop, [?] for help
Output #0, wav, to '/Volumes/project/continuo/catalogs/hogtagon/lobby_astro-catalog/lobby_normalized.wav':
  Metadata:
    ITCH            : Logic Pro
    ICRD            : 2025-03-29
    coding_history  : 
    time_reference  : 184724912
    umid            : 0x00000000F063E46E0100000000000000000000000000000000000000905DE46E01000000605DE46E010000005462D50301803DEF0000000000000000905DE46E
    ISFT            : Lavf62.12.101
  Chapters:
    Chapter #0:0: start 0.000000, end 88.544625
      Metadata:
        title           : in
    Chapter #0:1: start 88.544625, end 106.991417
      Metadata:
        title           : out
  Stream #0:0: Audio: pcm_s16le ([1][0][0][0] / 0x0001), 48000 Hz, stereo, s16, 1536 kb/s
    Metadata:
      encoder         : Lavc62.28.101 pcm_s16le
[out#0/wav @ 0xa3b020180] video:0KiB audio:20061KiB subtitle:0KiB other streams:0KiB global headers:0KiB muxing overhead: 0.000565%
size=   20061KiB time=00:01:46.99 bitrate=1536.0kbits/s speed= 371x elapsed=0:00:00.28    
