# Normalization Log - Wed Jun 10 18:14:58 CDT 2026
Target LUFS: -14
Two-pass: true
LRA: 7
True Peak: -1.5 dB

ffmpeg version 8.1.1 Copyright (c) 2000-2026 the FFmpeg developers
  built with Apple clang version 21.0.0 (clang-2100.0.123.102)
  configuration: --prefix=/opt/homebrew/Cellar/ffmpeg/8.1.1 --enable-shared --enable-pthreads --enable-version3 --cc=clang --host-cflags= --host-ldflags= --enable-ffplay --enable-gpl --enable-libsvtav1 --enable-libopus --enable-libx264 --enable-libmp3lame --enable-libdav1d --enable-libvmaf --enable-libvpx --enable-libx265 --enable-openssl --enable-videotoolbox --enable-audiotoolbox --enable-neon
  libavutil      60. 26.101 / 60. 26.101
  libavcodec     62. 28.101 / 62. 28.101
  libavformat    62. 12.101 / 62. 12.101
  libavdevice    62.  3.101 / 62.  3.101
  libavfilter    11. 14.101 / 11. 14.101
  libswscale      9.  5.101 /  9.  5.101
  libswresample   6.  3.101 /  6.  3.101
[aist#0:0/pcm_s16be @ 0x9e8c0c180] Guessed Channel Layout: stereo
Input #0, aiff, from '/Volumes/project/continuo/catalogs/soundcloud/These City Lights.wav':
  Duration: 00:02:02.47, start: 0.000000, bitrate: 1411 kb/s
  Stream #0:0: Audio: pcm_s16be, 44100 Hz, stereo, s16, 1411 kb/s
Stream mapping:
  Stream #0:0 -> #0:0 (pcm_s16be (native) -> pcm_s16le (native))
Press [q] to stop, [?] for help
Output #0, wav, to '/Volumes/project/continuo/catalogs/soundcloud/These City Lights_astro-catalog/These City Lights_normalized.wav':
  Metadata:
    ISFT            : Lavf62.12.101
  Stream #0:0: Audio: pcm_s16le ([1][0][0][0] / 0x0001), 44100 Hz, stereo, s16, 1411 kb/s
    Metadata:
      encoder         : Lavc62.28.101 pcm_s16le
size=    2560KiB time=00:00:16.09 bitrate=1302.6kbits/s speed=32.2x elapsed=0:00:00.50    size=    5376KiB time=00:00:31.69 bitrate=1389.3kbits/s speed=31.6x elapsed=0:00:01.00    size=    7680KiB time=00:00:45.59 bitrate=1379.7kbits/s speed=30.3x elapsed=0:00:01.50    size=    9984KiB time=00:00:58.29 bitrate=1402.9kbits/s speed=29.1x elapsed=0:00:02.00    size=   11776KiB time=00:01:09.79 bitrate=1382.1kbits/s speed=27.8x elapsed=0:00:02.51    size=   13824KiB time=00:01:21.39 bitrate=1391.2kbits/s speed=  27x elapsed=0:00:03.01    size=   16128KiB time=00:01:34.99 bitrate=1390.7kbits/s speed=  27x elapsed=0:00:03.52    size=   18688KiB time=00:01:48.79 bitrate=1407.1kbits/s speed=  27x elapsed=0:00:04.02    [out#0/wav @ 0x9e8c18240] video:0KiB audio:21098KiB subtitle:0KiB other streams:0KiB global headers:0KiB muxing overhead: 0.000361%
size=   21098KiB time=00:02:02.50 bitrate=1410.9kbits/s speed=27.4x elapsed=0:00:04.47    
