2026-06-10 18:12:18,316 - INFO - Ultra-High Resolution Album Artwork Generator v7 (5000x5000 Edition)
2026-06-10 18:12:18,316 - INFO - -------------------------------------------------
2026-06-10 18:12:18,316 - INFO - Using saturation level: 0.5
2026-06-10 18:12:18,316 - INFO - Processing audio file: /Volumes/project/continuo/catalogs/soundcloud/The Worm (ft. Morgan Lennon) Master_astro-catalog/The Worm (ft. Morgan Lennon) Master_normalized.mp3
2026-06-10 18:12:18,316 - INFO - Output will be saved as: /Volumes/project/continuo/catalogs/soundcloud/The Worm (ft. Morgan Lennon) Master_astro-catalog/artwork/The Worm (ft. Morgan Lennon) Master_normalized_artwork.png
2026-06-10 18:12:18,316 - INFO - Component files will be saved in: /Volumes/project/continuo/catalogs/soundcloud/The Worm (ft. Morgan Lennon) Master_astro-catalog/artwork/components
2026-06-10 18:12:18,316 - INFO - Starting the v7 Ultra-High Resolution Album Artwork Generator
2026-06-10 18:12:18,318 - INFO - Output directory: /Volumes/project/continuo/catalogs/soundcloud/The Worm (ft. Morgan Lennon) Master_astro-catalog/artwork
2026-06-10 18:12:18,318 - INFO - Components directory: /Volumes/project/continuo/catalogs/soundcloud/The Worm (ft. Morgan Lennon) Master_astro-catalog/artwork/components
2026-06-10 18:12:18,318 - INFO - Analyzing audio fingerprint...
2026-06-10 18:12:18,321 - INFO - Audio hash: 4535df10...b8490e27
2026-06-10 18:12:18,321 - INFO - Generating identicon...
2026-06-10 18:12:18,321 - INFO - Trying jdenticon approach 1: /Users/danielramirez/Nextcloud/ore/Notes/Project/utilities/studio/lufs-workchain/node_modules/.bin/jdenticon 4535df1024e6fb2ade333d48e462df8bb3604356023c3643e0f0b2f6b8490e27
2026-06-10 18:12:18,324 - WARNING - jdenticon approach 1 - command not found
2026-06-10 18:12:18,324 - INFO - Trying jdenticon approach 2: npx --prefix
2026-06-10 18:12:18,553 - WARNING - jdenticon approach 2 failed: Command '['npx', '--prefix', '/Users/danielramirez/Nextcloud/ore/Notes/Project/utilities/studio/lufs-workchain', 'jdenticon', '4535df1024e6fb2ade333d48e462df8bb3604356023c3643e0f0b2f6b8490e27', '--size', '5000', '--output', '/Volumes/project/continuo/catalogs/soundcloud/The Worm (ft. Morgan Lennon) Master_astro-catalog/artwork/components/identicon.png']' returned non-zero exit status 254.
2026-06-10 18:12:18,553 - INFO - Trying jdenticon approach 3: npx jdenticon
2026-06-10 18:12:19,255 - INFO - Identicon created successfully.
2026-06-10 18:12:19,282 - INFO - Generating ultra-high-resolution spectrogram...
2026-06-10 18:12:20,492 - INFO - Using figure dimensions: 50.0x12.5 inches at 400 DPI
2026-06-10 18:12:20,492 - INFO - Target pixel dimensions: 20000x5000
/Users/danielramirez/repos/lufs-workchain/.venv/lib/python3.12/site-packages/PIL/Image.py:3574: DecompressionBombWarning: Image size (100000000 pixels) exceeds limit of 89478485 pixels, could be decompression bomb DOS attack.
  warnings.warn(
2026-06-10 18:12:25,523 - INFO - Raw spectrogram dimensions: 20000x5000 pixels
2026-06-10 18:12:25,523 - INFO - Initial dimensions: 20000x5000 pixels
2026-06-10 18:12:25,523 - INFO - Adjusting saturation to 0.5...
2026-06-10 18:12:28,605 - INFO - Saved full rectangular spectrogram to: /Volumes/project/continuo/catalogs/soundcloud/The Worm (ft. Morgan Lennon) Master_astro-catalog/artwork/components/rectangle_spectrogram.png
2026-06-10 18:12:28,615 - INFO - Square crop dimensions: 5000x5000
2026-06-10 18:12:29,428 - INFO - Saved 5000x5000 square spectrogram to: /Volumes/project/continuo/catalogs/soundcloud/The Worm (ft. Morgan Lennon) Master_astro-catalog/artwork/components/spectrogram.png
2026-06-10 18:12:29,428 - INFO - Spectrogram segment covers audio from 106.07s to 176.79s
2026-06-10 18:12:29,461 - INFO - Working with spectrogram: 5000x5000, identicon: 5000x5000
2026-06-10 18:12:29,461 - INFO - Enhancing spectrogram contrast...
2026-06-10 18:12:29,573 - INFO - Resizing identicon for overlay...
2026-06-10 18:12:29,738 - INFO - Creating final composite image...
2026-06-10 18:12:30,914 - INFO - Album artwork generated successfully: /Volumes/project/continuo/catalogs/soundcloud/The Worm (ft. Morgan Lennon) Master_astro-catalog/artwork/The Worm (ft. Morgan Lennon) Master_normalized_artwork.png
2026-06-10 18:12:30,920 - INFO - Ultra-high resolution (5000x5000) artwork generation finished successfully.
2026-06-10 18:12:30,920 - INFO - Final artwork saved at: /Volumes/project/continuo/catalogs/soundcloud/The Worm (ft. Morgan Lennon) Master_astro-catalog/artwork/The Worm (ft. Morgan Lennon) Master_normalized_artwork.png
