# Normalization Log - Wed Jun 10 18:11:54 CDT 2026
Target LUFS: -14
Two-pass: true
LRA: 7
True Peak: -1.5 dB

ffmpeg version 8.1.1 Copyright (c) 2000-2026 the FFmpeg developers
  built with Apple clang version 21.0.0 (clang-2100.0.123.102)
  configuration: --prefix=/opt/homebrew/Cellar/ffmpeg/8.1.1 --enable-shared --enable-pthreads --enable-version3 --cc=clang --host-cflags= --host-ldflags= --enable-ffplay --enable-gpl --enable-libsvtav1 --enable-libopus --enable-libx264 --enable-libmp3lame --enable-libdav1d --enable-libvmaf --enable-libvpx --enable-libx265 --enable-openssl --enable-videotoolbox --enable-audiotoolbox --enable-neon
  libavutil      60. 26.101 / 60. 26.101
  libavcodec     62. 28.101 / 62. 28.101
  libavformat    62. 12.101 / 62. 12.101
  libavdevice    62.  3.101 / 62.  3.101
  libavfilter    11. 14.101 / 11. 14.101
  libswscale      9.  5.101 /  9.  5.101
  libswresample   6.  3.101 /  6.  3.101
Input #0, mp3, from '/Volumes/project/continuo/catalogs/soundcloud/The Worm (ft. Morgan Lennon) Master.mp3':
  Duration: 00:04:42.86, start: 0.025057, bitrate: 320 kb/s
  Stream #0:0: Audio: mp3 (mp3float), 44100 Hz, stereo, fltp, 320 kb/s, start 0.025057
    Metadata:
      encoder         : LAME3.99r
    Side data:
      Replay Gain: track gain - -10.300000, track peak - unknown, album gain - unknown, album peak - unknown, 
Stream mapping:
  Stream #0:0 -> #0:0 (mp3 (mp3float) -> mp3 (libmp3lame))
Press [q] to stop, [?] for help
Output #0, mp3, to '/Volumes/project/continuo/catalogs/soundcloud/The Worm (ft. Morgan Lennon) Master_astro-catalog/The Worm (ft. Morgan Lennon) Master_normalized.mp3':
  Metadata:
    TSSE            : Lavf62.12.101
  Stream #0:0: Audio: mp3, 44100 Hz, stereo, fltp
    Metadata:
      encoder         : Lavc62.28.101 libmp3lame
    Side data:
      Replay Gain: track gain - -10.300000, track peak - unknown, album gain - unknown, album peak - unknown, 
size=     245KiB time=00:00:15.67 bitrate= 128.1kbits/s speed=31.1x elapsed=0:00:00.50    size=     256KiB time=00:00:32.07 bitrate=  65.4kbits/s speed=31.8x elapsed=0:00:01.00    size=     512KiB time=00:00:47.88 bitrate=  87.6kbits/s speed=31.7x elapsed=0:00:01.51    size=     768KiB time=00:01:03.97 bitrate=  98.3kbits/s speed=31.8x elapsed=0:00:02.01    size=    1024KiB time=00:01:19.77 bitrate= 105.1kbits/s speed=31.7x elapsed=0:00:02.51    size=    1280KiB time=00:01:35.58 bitrate= 109.7kbits/s speed=31.7x elapsed=0:00:03.01    size=    1536KiB time=00:01:51.88 bitrate= 112.5kbits/s speed=31.8x elapsed=0:00:03.52    size=    1792KiB time=00:02:07.19 bitrate= 115.4kbits/s speed=31.6x elapsed=0:00:04.02    size=    2048KiB time=00:02:23.59 bitrate= 116.8kbits/s speed=31.7x elapsed=0:00:04.52    size=    2304KiB time=00:02:38.69 bitrate= 118.9kbits/s speed=31.5x elapsed=0:00:05.03    size=    2560KiB time=00:02:53.92 bitrate= 120.6kbits/s speed=31.4x elapsed=0:00:05.53    size=    2816KiB time=00:03:09.67 bitrate= 121.6kbits/s speed=31.4x elapsed=0:00:06.04    size=    3072KiB time=00:03:25.79 bitrate= 122.3kbits/s speed=31.5x elapsed=0:00:06.54    size=    3328KiB time=00:03:42.17 bitrate= 122.7kbits/s speed=31.5x elapsed=0:00:07.04    size=    3584KiB time=00:03:58.78 bitrate= 123.0kbits/s speed=31.6x elapsed=0:00:07.54    size=    3840KiB time=00:04:15.68 bitrate= 123.0kbits/s speed=31.8x elapsed=0:00:08.05    size=    4096KiB time=00:04:32.22 bitrate= 123.3kbits/s speed=31.8x elapsed=0:00:08.55    [out#0/mp3 @ 0x8d4c18240] video:0KiB audio:4420KiB subtitle:0KiB other streams:0KiB global headers:0KiB muxing overhead: 0.005589%
size=    4421KiB time=00:04:42.90 bitrate= 128.0kbits/s speed=  32x elapsed=0:00:08.84    
