2026-06-10 18:31:33,175 - INFO - Ultra-High Resolution Album Artwork Generator v7 (5000x5000 Edition)
2026-06-10 18:31:33,175 - INFO - -------------------------------------------------
2026-06-10 18:31:33,175 - INFO - Using saturation level: 0.5
2026-06-10 18:31:33,175 - INFO - Processing audio file: /Volumes/project/continuo/catalogs/soundcloud/Ramirez_Daniel_Assignment1_v3_092518_astro-catalog/Ramirez_Daniel_Assignment1_v3_092518_normalized.wav
2026-06-10 18:31:33,175 - INFO - Output will be saved as: /Volumes/project/continuo/catalogs/soundcloud/Ramirez_Daniel_Assignment1_v3_092518_astro-catalog/artwork/Ramirez_Daniel_Assignment1_v3_092518_normalized_artwork.png
2026-06-10 18:31:33,175 - INFO - Component files will be saved in: /Volumes/project/continuo/catalogs/soundcloud/Ramirez_Daniel_Assignment1_v3_092518_astro-catalog/artwork/components
2026-06-10 18:31:33,175 - INFO - Starting the v7 Ultra-High Resolution Album Artwork Generator
2026-06-10 18:31:33,177 - INFO - Output directory: /Volumes/project/continuo/catalogs/soundcloud/Ramirez_Daniel_Assignment1_v3_092518_astro-catalog/artwork
2026-06-10 18:31:33,177 - INFO - Components directory: /Volumes/project/continuo/catalogs/soundcloud/Ramirez_Daniel_Assignment1_v3_092518_astro-catalog/artwork/components
2026-06-10 18:31:33,177 - INFO - Analyzing audio fingerprint...
2026-06-10 18:31:33,183 - INFO - Audio hash: 1533aba5...5729c824
2026-06-10 18:31:33,184 - INFO - Generating identicon...
2026-06-10 18:31:33,184 - INFO - Trying jdenticon approach 1: /Users/danielramirez/Nextcloud/ore/Notes/Project/utilities/studio/lufs-workchain/node_modules/.bin/jdenticon 1533aba5037a712e56bed58f82fcc003bacf0a5980713b182e51080f5729c824
2026-06-10 18:31:33,186 - WARNING - jdenticon approach 1 - command not found
2026-06-10 18:31:33,187 - INFO - Trying jdenticon approach 2: npx --prefix
2026-06-10 18:31:33,396 - WARNING - jdenticon approach 2 failed: Command '['npx', '--prefix', '/Users/danielramirez/Nextcloud/ore/Notes/Project/utilities/studio/lufs-workchain', 'jdenticon', '1533aba5037a712e56bed58f82fcc003bacf0a5980713b182e51080f5729c824', '--size', '5000', '--output', '/Volumes/project/continuo/catalogs/soundcloud/Ramirez_Daniel_Assignment1_v3_092518_astro-catalog/artwork/components/identicon.png']' returned non-zero exit status 254.
2026-06-10 18:31:33,397 - INFO - Trying jdenticon approach 3: npx jdenticon
2026-06-10 18:31:33,985 - INFO - Identicon created successfully.
2026-06-10 18:31:34,007 - INFO - Generating ultra-high-resolution spectrogram...
2026-06-10 18:31:34,898 - INFO - Using figure dimensions: 50.0x12.5 inches at 400 DPI
2026-06-10 18:31:34,898 - INFO - Target pixel dimensions: 20000x5000
/Users/danielramirez/repos/lufs-workchain/.venv/lib/python3.12/site-packages/PIL/Image.py:3574: DecompressionBombWarning: Image size (100000000 pixels) exceeds limit of 89478485 pixels, could be decompression bomb DOS attack.
  warnings.warn(
2026-06-10 18:31:37,012 - INFO - Raw spectrogram dimensions: 20000x5000 pixels
2026-06-10 18:31:37,012 - INFO - Initial dimensions: 20000x5000 pixels
2026-06-10 18:31:37,012 - INFO - Adjusting saturation to 0.5...
2026-06-10 18:31:38,903 - INFO - Saved full rectangular spectrogram to: /Volumes/project/continuo/catalogs/soundcloud/Ramirez_Daniel_Assignment1_v3_092518_astro-catalog/artwork/components/rectangle_spectrogram.png
2026-06-10 18:31:38,912 - INFO - Square crop dimensions: 5000x5000
2026-06-10 18:31:39,436 - INFO - Saved 5000x5000 square spectrogram to: /Volumes/project/continuo/catalogs/soundcloud/Ramirez_Daniel_Assignment1_v3_092518_astro-catalog/artwork/components/spectrogram.png
2026-06-10 18:31:39,436 - INFO - Spectrogram segment covers audio from 32.20s to 53.67s
2026-06-10 18:31:39,455 - INFO - Working with spectrogram: 5000x5000, identicon: 5000x5000
2026-06-10 18:31:39,455 - INFO - Enhancing spectrogram contrast...
2026-06-10 18:31:39,571 - INFO - Resizing identicon for overlay...
2026-06-10 18:31:39,711 - INFO - Creating final composite image...
2026-06-10 18:31:40,313 - INFO - Album artwork generated successfully: /Volumes/project/continuo/catalogs/soundcloud/Ramirez_Daniel_Assignment1_v3_092518_astro-catalog/artwork/Ramirez_Daniel_Assignment1_v3_092518_normalized_artwork.png
2026-06-10 18:31:40,318 - INFO - Ultra-high resolution (5000x5000) artwork generation finished successfully.
2026-06-10 18:31:40,318 - INFO - Final artwork saved at: /Volumes/project/continuo/catalogs/soundcloud/Ramirez_Daniel_Assignment1_v3_092518_astro-catalog/artwork/Ramirez_Daniel_Assignment1_v3_092518_normalized_artwork.png
