# Normalization Log - Wed Jun 10 18:31:25 CDT 2026
Target LUFS: -14
Two-pass: true
LRA: 7
True Peak: -1.5 dB

ffmpeg version 8.1.1 Copyright (c) 2000-2026 the FFmpeg developers
  built with Apple clang version 21.0.0 (clang-2100.0.123.102)
  configuration: --prefix=/opt/homebrew/Cellar/ffmpeg/8.1.1 --enable-shared --enable-pthreads --enable-version3 --cc=clang --host-cflags= --host-ldflags= --enable-ffplay --enable-gpl --enable-libsvtav1 --enable-libopus --enable-libx264 --enable-libmp3lame --enable-libdav1d --enable-libvmaf --enable-libvpx --enable-libx265 --enable-openssl --enable-videotoolbox --enable-audiotoolbox --enable-neon
  libavutil      60. 26.101 / 60. 26.101
  libavcodec     62. 28.101 / 62. 28.101
  libavformat    62. 12.101 / 62. 12.101
  libavdevice    62.  3.101 / 62.  3.101
  libavfilter    11. 14.101 / 11. 14.101
  libswscale      9.  5.101 /  9.  5.101
  libswresample   6.  3.101 /  6.  3.101
[aist#0:0/pcm_s24le @ 0x9c4c0c180] Guessed Channel Layout: stereo
Input #0, wav, from '/Volumes/project/continuo/catalogs/soundcloud/Ramirez_Daniel_Assignment1_v3_092518.wav':
  Duration: 00:01:25.88, bitrate: 2304 kb/s
  Stream #0:0: Audio: pcm_s24le ([1][0][0][0] / 0x0001), 48000 Hz, stereo, s32 (24 bit), 2304 kb/s
Stream mapping:
  Stream #0:0 -> #0:0 (pcm_s24le (native) -> pcm_s16le (native))
Press [q] to stop, [?] for help
Output #0, wav, to '/Volumes/project/continuo/catalogs/soundcloud/Ramirez_Daniel_Assignment1_v3_092518_astro-catalog/Ramirez_Daniel_Assignment1_v3_092518_normalized.wav':
  Metadata:
    ISFT            : Lavf62.12.101
  Stream #0:0: Audio: pcm_s16le ([1][0][0][0] / 0x0001), 48000 Hz, stereo, s16, 1536 kb/s
    Metadata:
      encoder         : Lavc62.28.101 pcm_s16le
size=    2304KiB time=00:00:13.69 bitrate=1377.7kbits/s speed=27.4x elapsed=0:00:00.50    size=    5376KiB time=00:00:29.19 bitrate=1508.2kbits/s speed=29.1x elapsed=0:00:01.00    size=    8960KiB time=00:00:49.19 bitrate=1491.9kbits/s speed=32.6x elapsed=0:00:01.50    size=   12800KiB time=00:01:09.39 bitrate=1510.9kbits/s speed=34.5x elapsed=0:00:02.01    [out#0/wav @ 0x9c4c14240] video:0KiB audio:16102KiB subtitle:0KiB other streams:0KiB global headers:0KiB muxing overhead: 0.000473%
size=   16102KiB time=00:01:25.90 bitrate=1535.6kbits/s speed=35.6x elapsed=0:00:02.41    
