2026-06-10 18:30:21,044 - INFO - Ultra-High Resolution Album Artwork Generator v7 (5000x5000 Edition)
2026-06-10 18:30:21,044 - INFO - -------------------------------------------------
2026-06-10 18:30:21,044 - INFO - Using saturation level: 0.5
2026-06-10 18:30:21,044 - INFO - Processing audio file: /Volumes/project/continuo/catalogs/soundcloud/Kudos_astro-catalog/Kudos_normalized.wav
2026-06-10 18:30:21,044 - INFO - Output will be saved as: /Volumes/project/continuo/catalogs/soundcloud/Kudos_astro-catalog/artwork/Kudos_normalized_artwork.png
2026-06-10 18:30:21,044 - INFO - Component files will be saved in: /Volumes/project/continuo/catalogs/soundcloud/Kudos_astro-catalog/artwork/components
2026-06-10 18:30:21,044 - INFO - Starting the v7 Ultra-High Resolution Album Artwork Generator
2026-06-10 18:30:21,046 - INFO - Output directory: /Volumes/project/continuo/catalogs/soundcloud/Kudos_astro-catalog/artwork
2026-06-10 18:30:21,046 - INFO - Components directory: /Volumes/project/continuo/catalogs/soundcloud/Kudos_astro-catalog/artwork/components
2026-06-10 18:30:21,046 - INFO - Analyzing audio fingerprint...
2026-06-10 18:30:21,119 - INFO - Audio hash: 5d302c40...a07b2cdd
2026-06-10 18:30:21,119 - INFO - Generating identicon...
2026-06-10 18:30:21,119 - INFO - Trying jdenticon approach 1: /Users/danielramirez/Nextcloud/ore/Notes/Project/utilities/studio/lufs-workchain/node_modules/.bin/jdenticon 5d302c408b823dc3b7dfc6062202ea63be77b6c27a87943de3031b29a07b2cdd
2026-06-10 18:30:21,122 - WARNING - jdenticon approach 1 - command not found
2026-06-10 18:30:21,122 - INFO - Trying jdenticon approach 2: npx --prefix
2026-06-10 18:30:21,322 - WARNING - jdenticon approach 2 failed: Command '['npx', '--prefix', '/Users/danielramirez/Nextcloud/ore/Notes/Project/utilities/studio/lufs-workchain', 'jdenticon', '5d302c408b823dc3b7dfc6062202ea63be77b6c27a87943de3031b29a07b2cdd', '--size', '5000', '--output', '/Volumes/project/continuo/catalogs/soundcloud/Kudos_astro-catalog/artwork/components/identicon.png']' returned non-zero exit status 254.
2026-06-10 18:30:21,322 - INFO - Trying jdenticon approach 3: npx jdenticon
2026-06-10 18:30:21,905 - INFO - Identicon created successfully.
2026-06-10 18:30:21,926 - INFO - Generating ultra-high-resolution spectrogram...
2026-06-10 18:30:22,944 - INFO - Using figure dimensions: 50.0x12.5 inches at 400 DPI
2026-06-10 18:30:22,944 - INFO - Target pixel dimensions: 20000x5000
/Users/danielramirez/repos/lufs-workchain/.venv/lib/python3.12/site-packages/PIL/Image.py:3574: DecompressionBombWarning: Image size (100000000 pixels) exceeds limit of 89478485 pixels, could be decompression bomb DOS attack.
  warnings.warn(
2026-06-10 18:30:26,257 - INFO - Raw spectrogram dimensions: 20000x5000 pixels
2026-06-10 18:30:26,257 - INFO - Initial dimensions: 20000x5000 pixels
2026-06-10 18:30:26,257 - INFO - Adjusting saturation to 0.5...
2026-06-10 18:30:28,853 - INFO - Saved full rectangular spectrogram to: /Volumes/project/continuo/catalogs/soundcloud/Kudos_astro-catalog/artwork/components/rectangle_spectrogram.png
2026-06-10 18:30:28,862 - INFO - Square crop dimensions: 5000x5000
2026-06-10 18:30:29,544 - INFO - Saved 5000x5000 square spectrogram to: /Volumes/project/continuo/catalogs/soundcloud/Kudos_astro-catalog/artwork/components/spectrogram.png
2026-06-10 18:30:29,544 - INFO - Spectrogram segment covers audio from 82.03s to 136.72s
2026-06-10 18:30:29,570 - INFO - Working with spectrogram: 5000x5000, identicon: 5000x5000
2026-06-10 18:30:29,570 - INFO - Enhancing spectrogram contrast...
2026-06-10 18:30:29,667 - INFO - Resizing identicon for overlay...
2026-06-10 18:30:29,809 - INFO - Creating final composite image...
2026-06-10 18:30:30,835 - INFO - Album artwork generated successfully: /Volumes/project/continuo/catalogs/soundcloud/Kudos_astro-catalog/artwork/Kudos_normalized_artwork.png
2026-06-10 18:30:30,840 - INFO - Ultra-high resolution (5000x5000) artwork generation finished successfully.
2026-06-10 18:30:30,840 - INFO - Final artwork saved at: /Volumes/project/continuo/catalogs/soundcloud/Kudos_astro-catalog/artwork/Kudos_normalized_artwork.png
