# Normalization Log - Wed Jun 10 18:30:04 CDT 2026
Target LUFS: -14
Two-pass: true
LRA: 7
True Peak: -1.5 dB

ffmpeg version 8.1.1 Copyright (c) 2000-2026 the FFmpeg developers
  built with Apple clang version 21.0.0 (clang-2100.0.123.102)
  configuration: --prefix=/opt/homebrew/Cellar/ffmpeg/8.1.1 --enable-shared --enable-pthreads --enable-version3 --cc=clang --host-cflags= --host-ldflags= --enable-ffplay --enable-gpl --enable-libsvtav1 --enable-libopus --enable-libx264 --enable-libmp3lame --enable-libdav1d --enable-libvmaf --enable-libvpx --enable-libx265 --enable-openssl --enable-videotoolbox --enable-audiotoolbox --enable-neon
  libavutil      60. 26.101 / 60. 26.101
  libavcodec     62. 28.101 / 62. 28.101
  libavformat    62. 12.101 / 62. 12.101
  libavdevice    62.  3.101 / 62.  3.101
  libavfilter    11. 14.101 / 11. 14.101
  libswscale      9.  5.101 /  9.  5.101
  libswresample   6.  3.101 /  6.  3.101
[aist#0:0/pcm_f32le @ 0x7b6c0c180] Guessed Channel Layout: stereo
Input #0, wav, from '/Volumes/project/continuo/catalogs/soundcloud/Kudos.wav':
  Metadata:
    encoded_by      : Pro Tools
    originator_reference: s9xwyrT3uPjaaaGk
    date            : 2017-03-03
    creation_time   : 00:00:42
    time_reference  : 0
  Duration: 00:03:38.75, bitrate: 6150 kb/s
  Stream #0:0: Audio: pcm_f32le ([3][0][0][0] / 0x0003), 96000 Hz, stereo, flt, 6144 kb/s
Stream mapping:
  Stream #0:0 -> #0:0 (pcm_f32le (native) -> pcm_s16le (native))
Press [q] to stop, [?] for help
Output #0, wav, to '/Volumes/project/continuo/catalogs/soundcloud/Kudos_astro-catalog/Kudos_normalized.wav':
  Metadata:
    ITCH            : Pro Tools
    originator_reference: s9xwyrT3uPjaaaGk
    ICRD            : 2017-03-03
    time_reference  : 0
    ISFT            : Lavf62.12.101
  Stream #0:0: Audio: pcm_s16le ([1][0][0][0] / 0x0001), 96000 Hz, stereo, s16, 3072 kb/s
    Metadata:
      encoder         : Lavc62.28.101 pcm_s16le
size=    5376KiB time=00:00:14.49 bitrate=3037.3kbits/s speed=28.8x elapsed=0:00:00.50    size=   13056KiB time=00:00:35.19 bitrate=3038.5kbits/s speed=34.9x elapsed=0:00:01.00    size=   20736KiB time=00:00:55.89 bitrate=3038.8kbits/s speed=  37x elapsed=0:00:01.50    size=   28416KiB time=00:01:16.49 bitrate=3042.9kbits/s speed=  38x elapsed=0:00:02.01    size=   36352KiB time=00:01:37.19 bitrate=3063.7kbits/s speed=38.7x elapsed=0:00:02.51    size=   44032KiB time=00:01:57.89 bitrate=3059.5kbits/s speed=39.1x elapsed=0:00:03.01    size=   51968KiB time=00:02:18.79 bitrate=3067.2kbits/s speed=39.5x elapsed=0:00:03.51    size=   59648KiB time=00:02:39.49 bitrate=3063.6kbits/s speed=39.7x elapsed=0:00:04.01    size=   67328KiB time=00:03:00.19 bitrate=3060.8kbits/s speed=39.9x elapsed=0:00:04.52    size=   75264KiB time=00:03:20.99 bitrate=3067.5kbits/s speed=  40x elapsed=0:00:05.02    [out#0/wav @ 0x7b7020180] video:0KiB audio:82031KiB subtitle:0KiB other streams:0KiB global headers:0KiB muxing overhead: 0.000167%
size=   82031KiB time=00:03:38.80 bitrate=3071.3kbits/s speed=40.3x elapsed=0:00:05.43    
