2026-06-10 17:51:37,014 - INFO - Ultra-High Resolution Album Artwork Generator v7 (5000x5000 Edition)
2026-06-10 17:51:37,014 - INFO - -------------------------------------------------
2026-06-10 17:51:37,014 - INFO - Using saturation level: 0.5
2026-06-10 17:51:37,014 - INFO - Processing audio file: /Volumes/project/continuo/catalogs/a98ff_praise-legend-road/121-12.89623-32.416_astro-catalog/121-12.89623-32.416_normalized.wav
2026-06-10 17:51:37,014 - INFO - Output will be saved as: /Volumes/project/continuo/catalogs/a98ff_praise-legend-road/121-12.89623-32.416_astro-catalog/artwork/121-12.89623-32.416_normalized_artwork.png
2026-06-10 17:51:37,014 - INFO - Component files will be saved in: /Volumes/project/continuo/catalogs/a98ff_praise-legend-road/121-12.89623-32.416_astro-catalog/artwork/components
2026-06-10 17:51:37,014 - INFO - Starting the v7 Ultra-High Resolution Album Artwork Generator
2026-06-10 17:51:37,016 - INFO - Output directory: /Volumes/project/continuo/catalogs/a98ff_praise-legend-road/121-12.89623-32.416_astro-catalog/artwork
2026-06-10 17:51:37,016 - INFO - Components directory: /Volumes/project/continuo/catalogs/a98ff_praise-legend-road/121-12.89623-32.416_astro-catalog/artwork/components
2026-06-10 17:51:37,016 - INFO - Analyzing audio fingerprint...
2026-06-10 17:51:37,027 - INFO - Audio hash: a945edc7...7908ea9b
2026-06-10 17:51:37,027 - INFO - Generating identicon...
2026-06-10 17:51:37,027 - INFO - Trying jdenticon approach 1: /Users/danielramirez/Nextcloud/ore/Notes/Project/utilities/studio/lufs-workchain/node_modules/.bin/jdenticon a945edc74d62bc40e13701c0600dc3d953b076bc4b8baf3ee0b95d837908ea9b
2026-06-10 17:51:37,029 - WARNING - jdenticon approach 1 - command not found
2026-06-10 17:51:37,030 - INFO - Trying jdenticon approach 2: npx --prefix
2026-06-10 17:51:37,235 - WARNING - jdenticon approach 2 failed: Command '['npx', '--prefix', '/Users/danielramirez/Nextcloud/ore/Notes/Project/utilities/studio/lufs-workchain', 'jdenticon', 'a945edc74d62bc40e13701c0600dc3d953b076bc4b8baf3ee0b95d837908ea9b', '--size', '5000', '--output', '/Volumes/project/continuo/catalogs/a98ff_praise-legend-road/121-12.89623-32.416_astro-catalog/artwork/components/identicon.png']' returned non-zero exit status 254.
2026-06-10 17:51:37,236 - INFO - Trying jdenticon approach 3: npx jdenticon
2026-06-10 17:51:37,620 - INFO - Identicon created successfully.
2026-06-10 17:51:37,649 - INFO - Generating ultra-high-resolution spectrogram...
2026-06-10 17:51:38,481 - INFO - Using figure dimensions: 50.0x12.5 inches at 400 DPI
2026-06-10 17:51:38,481 - INFO - Target pixel dimensions: 20000x5000
/Users/danielramirez/repos/lufs-workchain/.venv/lib/python3.12/site-packages/PIL/Image.py:3574: DecompressionBombWarning: Image size (100000000 pixels) exceeds limit of 89478485 pixels, could be decompression bomb DOS attack.
  warnings.warn(
2026-06-10 17:51:41,344 - INFO - Raw spectrogram dimensions: 20000x5000 pixels
2026-06-10 17:51:41,344 - INFO - Initial dimensions: 20000x5000 pixels
2026-06-10 17:51:41,344 - INFO - Adjusting saturation to 0.5...
2026-06-10 17:51:43,358 - INFO - Saved full rectangular spectrogram to: /Volumes/project/continuo/catalogs/a98ff_praise-legend-road/121-12.89623-32.416_astro-catalog/artwork/components/rectangle_spectrogram.png
2026-06-10 17:51:43,367 - INFO - Square crop dimensions: 5000x5000
2026-06-10 17:51:43,880 - INFO - Saved 5000x5000 square spectrogram to: /Volumes/project/continuo/catalogs/a98ff_praise-legend-road/121-12.89623-32.416_astro-catalog/artwork/components/spectrogram.png
2026-06-10 17:51:43,880 - INFO - Spectrogram segment covers audio from 50.79s to 84.65s
2026-06-10 17:51:43,900 - INFO - Working with spectrogram: 5000x5000, identicon: 5000x5000
2026-06-10 17:51:43,900 - INFO - Enhancing spectrogram contrast...
2026-06-10 17:51:44,000 - INFO - Resizing identicon for overlay...
2026-06-10 17:51:44,134 - INFO - Creating final composite image...
2026-06-10 17:51:44,709 - INFO - Album artwork generated successfully: /Volumes/project/continuo/catalogs/a98ff_praise-legend-road/121-12.89623-32.416_astro-catalog/artwork/121-12.89623-32.416_normalized_artwork.png
2026-06-10 17:51:44,713 - INFO - Ultra-high resolution (5000x5000) artwork generation finished successfully.
2026-06-10 17:51:44,713 - INFO - Final artwork saved at: /Volumes/project/continuo/catalogs/a98ff_praise-legend-road/121-12.89623-32.416_astro-catalog/artwork/121-12.89623-32.416_normalized_artwork.png
