2026-06-10 18:02:04,793 - INFO - Ultra-High Resolution Album Artwork Generator v7 (5000x5000 Edition)
2026-06-10 18:02:04,793 - INFO - -------------------------------------------------
2026-06-10 18:02:04,793 - INFO - Using saturation level: 0.5
2026-06-10 18:02:04,793 - INFO - Processing audio file: /Volumes/project/continuo/catalogs/masked/MX 3_01.L_astro-catalog/MX 3_01.L_normalized.wav
2026-06-10 18:02:04,793 - INFO - Output will be saved as: /Volumes/project/continuo/catalogs/masked/MX 3_01.L_astro-catalog/artwork/MX 3_01.L_normalized_artwork.png
2026-06-10 18:02:04,793 - INFO - Component files will be saved in: /Volumes/project/continuo/catalogs/masked/MX 3_01.L_astro-catalog/artwork/components
2026-06-10 18:02:04,793 - INFO - Starting the v7 Ultra-High Resolution Album Artwork Generator
2026-06-10 18:02:04,795 - INFO - Output directory: /Volumes/project/continuo/catalogs/masked/MX 3_01.L_astro-catalog/artwork
2026-06-10 18:02:04,795 - INFO - Components directory: /Volumes/project/continuo/catalogs/masked/MX 3_01.L_astro-catalog/artwork/components
2026-06-10 18:02:04,795 - INFO - Analyzing audio fingerprint...
2026-06-10 18:02:04,801 - INFO - Audio hash: befac439...c71793cb
2026-06-10 18:02:04,801 - INFO - Generating identicon...
2026-06-10 18:02:04,801 - INFO - Trying jdenticon approach 1: /Users/danielramirez/Nextcloud/ore/Notes/Project/utilities/studio/lufs-workchain/node_modules/.bin/jdenticon befac4391cacd09ddddefbb74cf9f42547959e455be6435a607594b0c71793cb
2026-06-10 18:02:04,803 - WARNING - jdenticon approach 1 - command not found
2026-06-10 18:02:04,804 - INFO - Trying jdenticon approach 2: npx --prefix
2026-06-10 18:02:05,004 - WARNING - jdenticon approach 2 failed: Command '['npx', '--prefix', '/Users/danielramirez/Nextcloud/ore/Notes/Project/utilities/studio/lufs-workchain', 'jdenticon', 'befac4391cacd09ddddefbb74cf9f42547959e455be6435a607594b0c71793cb', '--size', '5000', '--output', '/Volumes/project/continuo/catalogs/masked/MX 3_01.L_astro-catalog/artwork/components/identicon.png']' returned non-zero exit status 254.
2026-06-10 18:02:05,004 - INFO - Trying jdenticon approach 3: npx jdenticon
2026-06-10 18:02:05,600 - INFO - Identicon created successfully.
2026-06-10 18:02:05,622 - INFO - Generating ultra-high-resolution spectrogram...
2026-06-10 18:02:06,401 - INFO - Using figure dimensions: 50.0x12.5 inches at 400 DPI
2026-06-10 18:02:06,401 - INFO - Target pixel dimensions: 20000x5000
/Users/danielramirez/repos/lufs-workchain/.venv/lib/python3.12/site-packages/PIL/Image.py:3574: DecompressionBombWarning: Image size (100000000 pixels) exceeds limit of 89478485 pixels, could be decompression bomb DOS attack.
  warnings.warn(
2026-06-10 18:02:08,807 - INFO - Raw spectrogram dimensions: 20000x5000 pixels
2026-06-10 18:02:08,807 - INFO - Initial dimensions: 20000x5000 pixels
2026-06-10 18:02:08,807 - INFO - Adjusting saturation to 0.5...
2026-06-10 18:02:10,919 - INFO - Saved full rectangular spectrogram to: /Volumes/project/continuo/catalogs/masked/MX 3_01.L_astro-catalog/artwork/components/rectangle_spectrogram.png
2026-06-10 18:02:10,927 - INFO - Square crop dimensions: 5000x5000
2026-06-10 18:02:11,554 - INFO - Saved 5000x5000 square spectrogram to: /Volumes/project/continuo/catalogs/masked/MX 3_01.L_astro-catalog/artwork/components/spectrogram.png
2026-06-10 18:02:11,554 - INFO - Spectrogram segment covers audio from 50.28s to 83.80s
2026-06-10 18:02:11,575 - INFO - Working with spectrogram: 5000x5000, identicon: 5000x5000
2026-06-10 18:02:11,576 - INFO - Enhancing spectrogram contrast...
2026-06-10 18:02:11,693 - INFO - Resizing identicon for overlay...
2026-06-10 18:02:11,830 - INFO - Creating final composite image...
2026-06-10 18:02:12,494 - INFO - Album artwork generated successfully: /Volumes/project/continuo/catalogs/masked/MX 3_01.L_astro-catalog/artwork/MX 3_01.L_normalized_artwork.png
2026-06-10 18:02:12,498 - INFO - Ultra-high resolution (5000x5000) artwork generation finished successfully.
2026-06-10 18:02:12,498 - INFO - Final artwork saved at: /Volumes/project/continuo/catalogs/masked/MX 3_01.L_astro-catalog/artwork/MX 3_01.L_normalized_artwork.png
