2026-06-10 17:47:51,428 - INFO - Ultra-High Resolution Album Artwork Generator v7 (5000x5000 Edition)
2026-06-10 17:47:51,428 - INFO - -------------------------------------------------
2026-06-10 17:47:51,428 - INFO - Using saturation level: 0.5
2026-06-10 17:47:51,428 - INFO - Processing audio file: /Volumes/project/continuo/catalogs/a98ff_praise-legend-road/11-01-22.2181-03-42.773_astro-catalog/11-01-22.2181-03-42.773_normalized.wav
2026-06-10 17:47:51,428 - INFO - Output will be saved as: /Volumes/project/continuo/catalogs/a98ff_praise-legend-road/11-01-22.2181-03-42.773_astro-catalog/artwork/11-01-22.2181-03-42.773_normalized_artwork.png
2026-06-10 17:47:51,428 - INFO - Component files will be saved in: /Volumes/project/continuo/catalogs/a98ff_praise-legend-road/11-01-22.2181-03-42.773_astro-catalog/artwork/components
2026-06-10 17:47:51,428 - INFO - Starting the v7 Ultra-High Resolution Album Artwork Generator
2026-06-10 17:47:51,430 - INFO - Output directory: /Volumes/project/continuo/catalogs/a98ff_praise-legend-road/11-01-22.2181-03-42.773_astro-catalog/artwork
2026-06-10 17:47:51,430 - INFO - Components directory: /Volumes/project/continuo/catalogs/a98ff_praise-legend-road/11-01-22.2181-03-42.773_astro-catalog/artwork/components
2026-06-10 17:47:51,430 - INFO - Analyzing audio fingerprint...
2026-06-10 17:47:51,441 - INFO - Audio hash: ff498289...5c630399
2026-06-10 17:47:51,441 - INFO - Generating identicon...
2026-06-10 17:47:51,441 - INFO - Trying jdenticon approach 1: /Users/danielramirez/Nextcloud/ore/Notes/Project/utilities/studio/lufs-workchain/node_modules/.bin/jdenticon ff498289143b3dc604ff4a01ade74f50d4695ad5c15097816de9004f5c630399
2026-06-10 17:47:51,443 - WARNING - jdenticon approach 1 - command not found
2026-06-10 17:47:51,444 - INFO - Trying jdenticon approach 2: npx --prefix
2026-06-10 17:47:51,646 - WARNING - jdenticon approach 2 failed: Command '['npx', '--prefix', '/Users/danielramirez/Nextcloud/ore/Notes/Project/utilities/studio/lufs-workchain', 'jdenticon', 'ff498289143b3dc604ff4a01ade74f50d4695ad5c15097816de9004f5c630399', '--size', '5000', '--output', '/Volumes/project/continuo/catalogs/a98ff_praise-legend-road/11-01-22.2181-03-42.773_astro-catalog/artwork/components/identicon.png']' returned non-zero exit status 254.
2026-06-10 17:47:51,647 - INFO - Trying jdenticon approach 3: npx jdenticon
2026-06-10 17:47:52,030 - INFO - Identicon created successfully.
2026-06-10 17:47:52,059 - INFO - Generating ultra-high-resolution spectrogram...
2026-06-10 17:47:52,920 - INFO - Using figure dimensions: 50.0x12.5 inches at 400 DPI
2026-06-10 17:47:52,920 - INFO - Target pixel dimensions: 20000x5000
/Users/danielramirez/repos/lufs-workchain/.venv/lib/python3.12/site-packages/PIL/Image.py:3574: DecompressionBombWarning: Image size (100000000 pixels) exceeds limit of 89478485 pixels, could be decompression bomb DOS attack.
  warnings.warn(
2026-06-10 17:47:55,488 - INFO - Raw spectrogram dimensions: 20000x5000 pixels
2026-06-10 17:47:55,488 - INFO - Initial dimensions: 20000x5000 pixels
2026-06-10 17:47:55,488 - INFO - Adjusting saturation to 0.5...
2026-06-10 17:47:57,488 - INFO - Saved full rectangular spectrogram to: /Volumes/project/continuo/catalogs/a98ff_praise-legend-road/11-01-22.2181-03-42.773_astro-catalog/artwork/components/rectangle_spectrogram.png
2026-06-10 17:47:57,497 - INFO - Square crop dimensions: 5000x5000
2026-06-10 17:47:58,011 - INFO - Saved 5000x5000 square spectrogram to: /Volumes/project/continuo/catalogs/a98ff_praise-legend-road/11-01-22.2181-03-42.773_astro-catalog/artwork/components/spectrogram.png
2026-06-10 17:47:58,011 - INFO - Spectrogram segment covers audio from 50.48s to 84.13s
2026-06-10 17:47:58,031 - INFO - Working with spectrogram: 5000x5000, identicon: 5000x5000
2026-06-10 17:47:58,031 - INFO - Enhancing spectrogram contrast...
2026-06-10 17:47:58,134 - INFO - Resizing identicon for overlay...
2026-06-10 17:47:58,267 - INFO - Creating final composite image...
2026-06-10 17:47:58,846 - INFO - Album artwork generated successfully: /Volumes/project/continuo/catalogs/a98ff_praise-legend-road/11-01-22.2181-03-42.773_astro-catalog/artwork/11-01-22.2181-03-42.773_normalized_artwork.png
2026-06-10 17:47:58,850 - INFO - Ultra-high resolution (5000x5000) artwork generation finished successfully.
2026-06-10 17:47:58,850 - INFO - Final artwork saved at: /Volumes/project/continuo/catalogs/a98ff_praise-legend-road/11-01-22.2181-03-42.773_astro-catalog/artwork/11-01-22.2181-03-42.773_normalized_artwork.png
