2026-06-10 17:53:20,650 - INFO - Ultra-High Resolution Album Artwork Generator v7 (5000x5000 Edition)
2026-06-10 17:53:20,650 - INFO - -------------------------------------------------
2026-06-10 17:53:20,650 - INFO - Using saturation level: 0.5
2026-06-10 17:53:20,650 - INFO - Processing audio file: /Volumes/project/continuo/catalogs/animal/animal_astro-catalog/animal_normalized.wav
2026-06-10 17:53:20,650 - INFO - Output will be saved as: /Volumes/project/continuo/catalogs/animal/animal_astro-catalog/artwork/animal_normalized_artwork.png
2026-06-10 17:53:20,650 - INFO - Component files will be saved in: /Volumes/project/continuo/catalogs/animal/animal_astro-catalog/artwork/components
2026-06-10 17:53:20,650 - INFO - Starting the v7 Ultra-High Resolution Album Artwork Generator
2026-06-10 17:53:20,652 - INFO - Output directory: /Volumes/project/continuo/catalogs/animal/animal_astro-catalog/artwork
2026-06-10 17:53:20,653 - INFO - Components directory: /Volumes/project/continuo/catalogs/animal/animal_astro-catalog/artwork/components
2026-06-10 17:53:20,653 - INFO - Analyzing audio fingerprint...
2026-06-10 17:53:20,660 - INFO - Audio hash: 10918ff3...6c025e9b
2026-06-10 17:53:20,660 - INFO - Generating identicon...
2026-06-10 17:53:20,660 - INFO - Trying jdenticon approach 1: /Users/danielramirez/Nextcloud/ore/Notes/Project/utilities/studio/lufs-workchain/node_modules/.bin/jdenticon 10918ff3b6fe9c7ca31cb4caef46860a96be4e6acd1d45176f595c156c025e9b
2026-06-10 17:53:20,663 - WARNING - jdenticon approach 1 - command not found
2026-06-10 17:53:20,663 - INFO - Trying jdenticon approach 2: npx --prefix
2026-06-10 17:53:20,867 - WARNING - jdenticon approach 2 failed: Command '['npx', '--prefix', '/Users/danielramirez/Nextcloud/ore/Notes/Project/utilities/studio/lufs-workchain', 'jdenticon', '10918ff3b6fe9c7ca31cb4caef46860a96be4e6acd1d45176f595c156c025e9b', '--size', '5000', '--output', '/Volumes/project/continuo/catalogs/animal/animal_astro-catalog/artwork/components/identicon.png']' returned non-zero exit status 254.
2026-06-10 17:53:20,867 - INFO - Trying jdenticon approach 3: npx jdenticon
2026-06-10 17:53:21,245 - INFO - Identicon created successfully.
2026-06-10 17:53:21,273 - INFO - Generating ultra-high-resolution spectrogram...
2026-06-10 17:53:22,080 - INFO - Using figure dimensions: 50.0x12.5 inches at 400 DPI
2026-06-10 17:53:22,080 - INFO - Target pixel dimensions: 20000x5000
/Users/danielramirez/repos/lufs-workchain/.venv/lib/python3.12/site-packages/PIL/Image.py:3574: DecompressionBombWarning: Image size (100000000 pixels) exceeds limit of 89478485 pixels, could be decompression bomb DOS attack.
  warnings.warn(
2026-06-10 17:53:24,017 - INFO - Raw spectrogram dimensions: 20000x5000 pixels
2026-06-10 17:53:24,017 - INFO - Initial dimensions: 20000x5000 pixels
2026-06-10 17:53:24,017 - INFO - Adjusting saturation to 0.5...
2026-06-10 17:53:25,912 - INFO - Saved full rectangular spectrogram to: /Volumes/project/continuo/catalogs/animal/animal_astro-catalog/artwork/components/rectangle_spectrogram.png
2026-06-10 17:53:25,920 - INFO - Square crop dimensions: 5000x5000
2026-06-10 17:53:26,417 - INFO - Saved 5000x5000 square spectrogram to: /Volumes/project/continuo/catalogs/animal/animal_astro-catalog/artwork/components/spectrogram.png
2026-06-10 17:53:26,417 - INFO - Spectrogram segment covers audio from 32.44s to 54.07s
2026-06-10 17:53:26,438 - INFO - Working with spectrogram: 5000x5000, identicon: 5000x5000
2026-06-10 17:53:26,438 - INFO - Enhancing spectrogram contrast...
2026-06-10 17:53:26,559 - INFO - Resizing identicon for overlay...
2026-06-10 17:53:26,694 - INFO - Creating final composite image...
2026-06-10 17:53:27,256 - INFO - Album artwork generated successfully: /Volumes/project/continuo/catalogs/animal/animal_astro-catalog/artwork/animal_normalized_artwork.png
2026-06-10 17:53:27,261 - INFO - Ultra-high resolution (5000x5000) artwork generation finished successfully.
2026-06-10 17:53:27,261 - INFO - Final artwork saved at: /Volumes/project/continuo/catalogs/animal/animal_astro-catalog/artwork/animal_normalized_artwork.png
