# Normalization Log - Wed Jun 10 18:29:25 CDT 2026
Target LUFS: -14
Two-pass: true
LRA: 7
True Peak: -1.5 dB

ffmpeg version 8.1.1 Copyright (c) 2000-2026 the FFmpeg developers
  built with Apple clang version 21.0.0 (clang-2100.0.123.102)
  configuration: --prefix=/opt/homebrew/Cellar/ffmpeg/8.1.1 --enable-shared --enable-pthreads --enable-version3 --cc=clang --host-cflags= --host-ldflags= --enable-ffplay --enable-gpl --enable-libsvtav1 --enable-libopus --enable-libx264 --enable-libmp3lame --enable-libdav1d --enable-libvmaf --enable-libvpx --enable-libx265 --enable-openssl --enable-videotoolbox --enable-audiotoolbox --enable-neon
  libavutil      60. 26.101 / 60. 26.101
  libavcodec     62. 28.101 / 62. 28.101
  libavformat    62. 12.101 / 62. 12.101
  libavdevice    62.  3.101 / 62.  3.101
  libavfilter    11. 14.101 / 11. 14.101
  libswscale      9.  5.101 /  9.  5.101
  libswresample   6.  3.101 /  6.  3.101
Input #0, mp3, from '/Volumes/project/continuo/catalogs/soundcloud/Supposed to Be v2 B2 LANDR High.mp3':
  Duration: 00:03:55.13, start: 0.025057, bitrate: 320 kb/s
  Stream #0:0: Audio: mp3 (mp3float), 44100 Hz, stereo, fltp, 320 kb/s, start 0.025057
    Metadata:
      encoder         : LAME3.99r
    Side data:
      Replay Gain: track gain - -7.800000, track peak - unknown, album gain - unknown, album peak - unknown, 
Stream mapping:
  Stream #0:0 -> #0:0 (mp3 (mp3float) -> mp3 (libmp3lame))
Press [q] to stop, [?] for help
Output #0, mp3, to '/Volumes/project/continuo/catalogs/soundcloud/Supposed to Be v2 B2 LANDR High_astro-catalog/Supposed to Be v2 B2 LANDR High_normalized.mp3':
  Metadata:
    TSSE            : Lavf62.12.101
  Stream #0:0: Audio: mp3, 44100 Hz, stereo, fltp
    Metadata:
      encoder         : Lavc62.28.101 libmp3lame
    Side data:
      Replay Gain: track gain - -7.800000, track peak - unknown, album gain - unknown, album peak - unknown, 
size=    1024KiB time=00:01:06.87 bitrate= 125.4kbits/s speed= 132x elapsed=0:00:00.50    size=    1792KiB time=00:02:10.82 bitrate= 112.2kbits/s speed= 130x elapsed=0:00:01.01    size=    2816KiB time=00:03:15.55 bitrate= 118.0kbits/s speed= 129x elapsed=0:00:01.51    [out#0/mp3 @ 0x78701c240] video:0KiB audio:3675KiB subtitle:0KiB other streams:0KiB global headers:0KiB muxing overhead: 0.006724%
size=    3675KiB time=00:03:55.13 bitrate= 128.0kbits/s speed= 130x elapsed=0:00:01.81    
