# Normalization Log - Wed Jun 10 18:35:14 CDT 2026
Target LUFS: -14
Two-pass: true
LRA: 7
True Peak: -1.5 dB

ffmpeg version 8.1.1 Copyright (c) 2000-2026 the FFmpeg developers
  built with Apple clang version 21.0.0 (clang-2100.0.123.102)
  configuration: --prefix=/opt/homebrew/Cellar/ffmpeg/8.1.1 --enable-shared --enable-pthreads --enable-version3 --cc=clang --host-cflags= --host-ldflags= --enable-ffplay --enable-gpl --enable-libsvtav1 --enable-libopus --enable-libx264 --enable-libmp3lame --enable-libdav1d --enable-libvmaf --enable-libvpx --enable-libx265 --enable-openssl --enable-videotoolbox --enable-audiotoolbox --enable-neon
  libavutil      60. 26.101 / 60. 26.101
  libavcodec     62. 28.101 / 62. 28.101
  libavformat    62. 12.101 / 62. 12.101
  libavdevice    62.  3.101 / 62.  3.101
  libavfilter    11. 14.101 / 11. 14.101
  libswscale      9.  5.101 /  9.  5.101
  libswresample   6.  3.101 /  6.  3.101
[aist#0:0/pcm_s16be @ 0xbcec0c180] Guessed Channel Layout: stereo
Input #0, aiff, from '/Volumes/project/continuo/catalogs/soundcloud/Prelude No. 1 in Bb Major.aiff':
  Duration: 00:01:12.16, start: 0.000000, bitrate: 1411 kb/s
  Stream #0:0: Audio: pcm_s16be, 44100 Hz, stereo, s16, 1411 kb/s
Stream mapping:
  Stream #0:0 -> #0:0 (pcm_s16be (native) -> pcm_s16be (native))
Press [q] to stop, [?] for help
Output #0, aiff, to '/Volumes/project/continuo/catalogs/soundcloud/Prelude No. 1 in Bb Major_astro-catalog/Prelude No. 1 in Bb Major_normalized.aiff':
  Metadata:
    encoder         : Lavf62.12.101
  Stream #0:0: Audio: pcm_s16be (NONE / 0x454E4F4E), 44100 Hz, stereo, s16, 1411 kb/s
    Metadata:
      encoder         : Lavc62.28.101 pcm_s16be
size=    3328KiB time=00:00:19.79 bitrate=1376.9kbits/s speed=39.2x elapsed=0:00:00.50    size=    6912KiB time=00:00:40.39 bitrate=1401.6kbits/s speed=  40x elapsed=0:00:01.01    size=   10240KiB time=00:01:00.79 bitrate=1379.7kbits/s speed=40.2x elapsed=0:00:01.51    [out#0/aiff @ 0xbcf01c240] video:0KiB audio:12431KiB subtitle:0KiB other streams:0KiB global headers:0KiB muxing overhead: 0.000424%
size=   12431KiB time=00:01:12.20 bitrate=1410.4kbits/s speed=40.6x elapsed=0:00:01.77    
