2026-06-10 17:58:28,961 - INFO - Ultra-High Resolution Album Artwork Generator v7 (5000x5000 Edition)
2026-06-10 17:58:28,961 - INFO - -------------------------------------------------
2026-06-10 17:58:28,961 - INFO - Using saturation level: 0.5
2026-06-10 17:58:28,961 - INFO - Processing audio file: /Volumes/project/continuo/catalogs/hogtagon/level-music_astro-catalog/level-music_normalized.wav
2026-06-10 17:58:28,961 - INFO - Output will be saved as: /Volumes/project/continuo/catalogs/hogtagon/level-music_astro-catalog/artwork/level-music_normalized_artwork.png
2026-06-10 17:58:28,961 - INFO - Component files will be saved in: /Volumes/project/continuo/catalogs/hogtagon/level-music_astro-catalog/artwork/components
2026-06-10 17:58:28,961 - INFO - Starting the v7 Ultra-High Resolution Album Artwork Generator
2026-06-10 17:58:28,964 - INFO - Output directory: /Volumes/project/continuo/catalogs/hogtagon/level-music_astro-catalog/artwork
2026-06-10 17:58:28,964 - INFO - Components directory: /Volumes/project/continuo/catalogs/hogtagon/level-music_astro-catalog/artwork/components
2026-06-10 17:58:28,964 - INFO - Analyzing audio fingerprint...
2026-06-10 17:58:28,976 - INFO - Audio hash: 3b61cf52...9c1c5fcf
2026-06-10 17:58:28,976 - INFO - Generating identicon...
2026-06-10 17:58:28,976 - INFO - Trying jdenticon approach 1: /Users/danielramirez/Nextcloud/ore/Notes/Project/utilities/studio/lufs-workchain/node_modules/.bin/jdenticon 3b61cf5280b760dc9302d26f68136e5356a7ee62a99842f3b5c5ec6f9c1c5fcf
2026-06-10 17:58:28,978 - WARNING - jdenticon approach 1 - command not found
2026-06-10 17:58:28,978 - INFO - Trying jdenticon approach 2: npx --prefix
2026-06-10 17:58:29,182 - WARNING - jdenticon approach 2 failed: Command '['npx', '--prefix', '/Users/danielramirez/Nextcloud/ore/Notes/Project/utilities/studio/lufs-workchain', 'jdenticon', '3b61cf5280b760dc9302d26f68136e5356a7ee62a99842f3b5c5ec6f9c1c5fcf', '--size', '5000', '--output', '/Volumes/project/continuo/catalogs/hogtagon/level-music_astro-catalog/artwork/components/identicon.png']' returned non-zero exit status 254.
2026-06-10 17:58:29,182 - INFO - Trying jdenticon approach 3: npx jdenticon
2026-06-10 17:58:29,645 - INFO - Identicon created successfully.
2026-06-10 17:58:29,674 - INFO - Generating ultra-high-resolution spectrogram...
2026-06-10 17:58:30,511 - INFO - Using figure dimensions: 50.0x12.5 inches at 400 DPI
2026-06-10 17:58:30,512 - INFO - Target pixel dimensions: 20000x5000
/Users/danielramirez/repos/lufs-workchain/.venv/lib/python3.12/site-packages/PIL/Image.py:3574: DecompressionBombWarning: Image size (100000000 pixels) exceeds limit of 89478485 pixels, could be decompression bomb DOS attack.
  warnings.warn(
2026-06-10 17:58:33,242 - INFO - Raw spectrogram dimensions: 20000x5000 pixels
2026-06-10 17:58:33,242 - INFO - Initial dimensions: 20000x5000 pixels
2026-06-10 17:58:33,242 - INFO - Adjusting saturation to 0.5...
2026-06-10 17:58:35,410 - INFO - Saved full rectangular spectrogram to: /Volumes/project/continuo/catalogs/hogtagon/level-music_astro-catalog/artwork/components/rectangle_spectrogram.png
2026-06-10 17:58:35,419 - INFO - Square crop dimensions: 5000x5000
2026-06-10 17:58:35,986 - INFO - Saved 5000x5000 square spectrogram to: /Volumes/project/continuo/catalogs/hogtagon/level-music_astro-catalog/artwork/components/spectrogram.png
2026-06-10 17:58:35,986 - INFO - Spectrogram segment covers audio from 56.04s to 93.40s
2026-06-10 17:58:36,007 - INFO - Working with spectrogram: 5000x5000, identicon: 5000x5000
2026-06-10 17:58:36,008 - INFO - Enhancing spectrogram contrast...
2026-06-10 17:58:36,113 - INFO - Resizing identicon for overlay...
2026-06-10 17:58:36,244 - INFO - Creating final composite image...
2026-06-10 17:58:36,876 - INFO - Album artwork generated successfully: /Volumes/project/continuo/catalogs/hogtagon/level-music_astro-catalog/artwork/level-music_normalized_artwork.png
2026-06-10 17:58:36,881 - INFO - Ultra-high resolution (5000x5000) artwork generation finished successfully.
2026-06-10 17:58:36,881 - INFO - Final artwork saved at: /Volumes/project/continuo/catalogs/hogtagon/level-music_astro-catalog/artwork/level-music_normalized_artwork.png
