# Normalization Log - Wed Jun 10 17:58:17 CDT 2026
Target LUFS: -14
Two-pass: true
LRA: 7
True Peak: -1.5 dB

ffmpeg version 8.1.1 Copyright (c) 2000-2026 the FFmpeg developers
  built with Apple clang version 21.0.0 (clang-2100.0.123.102)
  configuration: --prefix=/opt/homebrew/Cellar/ffmpeg/8.1.1 --enable-shared --enable-pthreads --enable-version3 --cc=clang --host-cflags= --host-ldflags= --enable-ffplay --enable-gpl --enable-libsvtav1 --enable-libopus --enable-libx264 --enable-libmp3lame --enable-libdav1d --enable-libvmaf --enable-libvpx --enable-libx265 --enable-openssl --enable-videotoolbox --enable-audiotoolbox --enable-neon
  libavutil      60. 26.101 / 60. 26.101
  libavcodec     62. 28.101 / 62. 28.101
  libavformat    62. 12.101 / 62. 12.101
  libavdevice    62.  3.101 / 62.  3.101
  libavfilter    11. 14.101 / 11. 14.101
  libswscale      9.  5.101 /  9.  5.101
  libswresample   6.  3.101 /  6.  3.101
[aist#0:0/pcm_s24le @ 0x98e804180] Guessed Channel Layout: stereo
Input #0, wav, from '/Volumes/project/continuo/catalogs/hogtagon/level-music.wav':
  Metadata:
    encoded_by      : Logic Pro
    date            : 2025-04-22
    creation_time   : 12:19:45
    time_reference  : 180453321
    umid            : 0x0000000010A4A06B0100000000000000000000000000000000000000B09DA06B01000000809DA06B0100000054229607010027D00000000000000000B09DA06B
    coding_history  : 
  Duration: 00:02:29.44, bitrate: 2307 kb/s
  Chapters:
    Chapter #0:0: start 0.000000, end 0.555542
      Metadata:
        title           : in A
    Chapter #0:1: start 0.555542, end 149.444437
      Metadata:
        title           : arrangement starts here
  Stream #0:0: Audio: pcm_s24le ([1][0][0][0] / 0x0001), 48000 Hz, stereo, s32 (24 bit), 2304 kb/s
Stream mapping:
  Stream #0:0 -> #0:0 (pcm_s24le (native) -> pcm_s16le (native))
Press [q] to stop, [?] for help
Output #0, wav, to '/Volumes/project/continuo/catalogs/hogtagon/level-music_astro-catalog/level-music_normalized.wav':
  Metadata:
    ITCH            : Logic Pro
    ICRD            : 2025-04-22
    coding_history  : 
    time_reference  : 180453321
    umid            : 0x0000000010A4A06B0100000000000000000000000000000000000000B09DA06B01000000809DA06B0100000054229607010027D00000000000000000B09DA06B
    ISFT            : Lavf62.12.101
  Chapters:
    Chapter #0:0: start 0.000000, end 0.555542
      Metadata:
        title           : in A
    Chapter #0:1: start 0.555542, end 149.444437
      Metadata:
        title           : arrangement starts here
  Stream #0:0: Audio: pcm_s16le ([1][0][0][0] / 0x0001), 48000 Hz, stereo, s16, 1536 kb/s
    Metadata:
      encoder         : Lavc62.28.101 pcm_s16le
size=    3584KiB time=00:00:19.89 bitrate=1475.4kbits/s speed=39.5x elapsed=0:00:00.50    size=    7424KiB time=00:00:40.49 bitrate=1501.7kbits/s speed=40.1x elapsed=0:00:01.00    size=   11264KiB time=00:01:00.99 bitrate=1512.7kbits/s speed=40.3x elapsed=0:00:01.51    size=   15104KiB time=00:01:21.49 bitrate=1518.2kbits/s speed=40.4x elapsed=0:00:02.01    size=   18944KiB time=00:01:42.09 bitrate=1520.0kbits/s speed=40.5x elapsed=0:00:02.52    size=   22784KiB time=00:02:02.59 bitrate=1522.4kbits/s speed=40.5x elapsed=0:00:03.02    size=   26624KiB time=00:02:22.99 bitrate=1525.2kbits/s speed=40.6x elapsed=0:00:03.52    [out#0/wav @ 0x98ec30180] video:0KiB audio:28021KiB subtitle:0KiB other streams:0KiB global headers:0KiB muxing overhead: 0.000404%
size=   28021KiB time=00:02:29.50 bitrate=1535.4kbits/s speed=40.6x elapsed=0:00:03.67    
