2026-06-10 17:36:03,735 - INFO - Ultra-High Resolution Album Artwork Generator v7 (5000x5000 Edition)
2026-06-10 17:36:03,735 - INFO - -------------------------------------------------
2026-06-10 17:36:03,735 - INFO - Using saturation level: 0.5
2026-06-10 17:36:03,735 - INFO - Processing audio file: /Volumes/project/continuo/catalogs/a98ff_praise-legend-road/114-08.00016-30.688_astro-catalog/114-08.00016-30.688_normalized.wav
2026-06-10 17:36:03,735 - INFO - Output will be saved as: /Volumes/project/continuo/catalogs/a98ff_praise-legend-road/114-08.00016-30.688_astro-catalog/artwork/114-08.00016-30.688_normalized_artwork.png
2026-06-10 17:36:03,735 - INFO - Component files will be saved in: /Volumes/project/continuo/catalogs/a98ff_praise-legend-road/114-08.00016-30.688_astro-catalog/artwork/components
2026-06-10 17:36:03,735 - INFO - Starting the v7 Ultra-High Resolution Album Artwork Generator
2026-06-10 17:36:03,738 - INFO - Output directory: /Volumes/project/continuo/catalogs/a98ff_praise-legend-road/114-08.00016-30.688_astro-catalog/artwork
2026-06-10 17:36:03,738 - INFO - Components directory: /Volumes/project/continuo/catalogs/a98ff_praise-legend-road/114-08.00016-30.688_astro-catalog/artwork/components
2026-06-10 17:36:03,738 - INFO - Analyzing audio fingerprint...
2026-06-10 17:36:03,749 - INFO - Audio hash: 50add317...193d55a0
2026-06-10 17:36:03,749 - INFO - Generating identicon...
2026-06-10 17:36:03,749 - INFO - Trying jdenticon approach 1: /Users/danielramirez/Nextcloud/ore/Notes/Project/utilities/studio/lufs-workchain/node_modules/.bin/jdenticon 50add317e523e12edd4dd5326352c7487e66b1408f300714a2a557ae193d55a0
2026-06-10 17:36:03,752 - WARNING - jdenticon approach 1 - command not found
2026-06-10 17:36:03,752 - INFO - Trying jdenticon approach 2: npx --prefix
2026-06-10 17:36:03,952 - WARNING - jdenticon approach 2 failed: Command '['npx', '--prefix', '/Users/danielramirez/Nextcloud/ore/Notes/Project/utilities/studio/lufs-workchain', 'jdenticon', '50add317e523e12edd4dd5326352c7487e66b1408f300714a2a557ae193d55a0', '--size', '5000', '--output', '/Volumes/project/continuo/catalogs/a98ff_praise-legend-road/114-08.00016-30.688_astro-catalog/artwork/components/identicon.png']' returned non-zero exit status 254.
2026-06-10 17:36:03,952 - INFO - Trying jdenticon approach 3: npx jdenticon
2026-06-10 17:36:04,319 - INFO - Identicon created successfully.
2026-06-10 17:36:04,348 - INFO - Generating ultra-high-resolution spectrogram...
2026-06-10 17:36:05,195 - INFO - Using figure dimensions: 50.0x12.5 inches at 400 DPI
2026-06-10 17:36:05,195 - INFO - Target pixel dimensions: 20000x5000
/Users/danielramirez/repos/lufs-workchain/.venv/lib/python3.12/site-packages/PIL/Image.py:3574: DecompressionBombWarning: Image size (100000000 pixels) exceeds limit of 89478485 pixels, could be decompression bomb DOS attack.
  warnings.warn(
2026-06-10 17:36:08,045 - INFO - Raw spectrogram dimensions: 20000x5000 pixels
2026-06-10 17:36:08,045 - INFO - Initial dimensions: 20000x5000 pixels
2026-06-10 17:36:08,045 - INFO - Adjusting saturation to 0.5...
2026-06-10 17:36:10,102 - INFO - Saved full rectangular spectrogram to: /Volumes/project/continuo/catalogs/a98ff_praise-legend-road/114-08.00016-30.688_astro-catalog/artwork/components/rectangle_spectrogram.png
2026-06-10 17:36:10,110 - INFO - Square crop dimensions: 5000x5000
2026-06-10 17:36:10,631 - INFO - Saved 5000x5000 square spectrogram to: /Volumes/project/continuo/catalogs/a98ff_praise-legend-road/114-08.00016-30.688_astro-catalog/artwork/components/spectrogram.png
2026-06-10 17:36:10,631 - INFO - Spectrogram segment covers audio from 51.49s to 85.81s
2026-06-10 17:36:10,650 - INFO - Working with spectrogram: 5000x5000, identicon: 5000x5000
2026-06-10 17:36:10,650 - INFO - Enhancing spectrogram contrast...
2026-06-10 17:36:10,752 - INFO - Resizing identicon for overlay...
2026-06-10 17:36:10,887 - INFO - Creating final composite image...
2026-06-10 17:36:11,467 - INFO - Album artwork generated successfully: /Volumes/project/continuo/catalogs/a98ff_praise-legend-road/114-08.00016-30.688_astro-catalog/artwork/114-08.00016-30.688_normalized_artwork.png
2026-06-10 17:36:11,471 - INFO - Ultra-high resolution (5000x5000) artwork generation finished successfully.
2026-06-10 17:36:11,471 - INFO - Final artwork saved at: /Volumes/project/continuo/catalogs/a98ff_praise-legend-road/114-08.00016-30.688_astro-catalog/artwork/114-08.00016-30.688_normalized_artwork.png
