# Normalization Log - Wed Jun 10 18:32:57 CDT 2026
Target LUFS: -14
Two-pass: true
LRA: 7
True Peak: -1.5 dB

ffmpeg version 8.1.1 Copyright (c) 2000-2026 the FFmpeg developers
  built with Apple clang version 21.0.0 (clang-2100.0.123.102)
  configuration: --prefix=/opt/homebrew/Cellar/ffmpeg/8.1.1 --enable-shared --enable-pthreads --enable-version3 --cc=clang --host-cflags= --host-ldflags= --enable-ffplay --enable-gpl --enable-libsvtav1 --enable-libopus --enable-libx264 --enable-libmp3lame --enable-libdav1d --enable-libvmaf --enable-libvpx --enable-libx265 --enable-openssl --enable-videotoolbox --enable-audiotoolbox --enable-neon
  libavutil      60. 26.101 / 60. 26.101
  libavcodec     62. 28.101 / 62. 28.101
  libavformat    62. 12.101 / 62. 12.101
  libavdevice    62.  3.101 / 62.  3.101
  libavfilter    11. 14.101 / 11. 14.101
  libswscale      9.  5.101 /  9.  5.101
  libswresample   6.  3.101 /  6.  3.101
[aist#0:0/pcm_s24le @ 0xaa4c0c180] Guessed Channel Layout: stereo
Input #0, wav, from '/Volumes/project/continuo/catalogs/soundcloud/Honk Mock-Up.1.wav':
  Duration: 00:01:04.00, bitrate: 2304 kb/s
  Chapters:
    Chapter #0:0: start 0.000000, end 34.909104
      Metadata:
        title           : Tempo: 110.0
    Chapter #0:1: start 34.909104, end 43.636375
      Metadata:
        title           : Honk Honk
    Chapter #0:2: start 43.636375, end 48.000000
      Metadata:
        title           : Eats Girl
    Chapter #0:3: start 48.000000, end 52.363646
      Metadata:
        title           : Theme in Background
    Chapter #0:4: start 52.363646, end 64.000000
      Metadata:
        title           : Outro With Theme
  Stream #0:0: Audio: pcm_s24le ([1][0][0][0] / 0x0001), 48000 Hz, stereo, s32 (24 bit), 2304 kb/s
Stream mapping:
  Stream #0:0 -> #0:0 (pcm_s24le (native) -> pcm_s16le (native))
Press [q] to stop, [?] for help
Output #0, wav, to '/Volumes/project/continuo/catalogs/soundcloud/Honk Mock-Up.1_astro-catalog/Honk Mock-Up.1_normalized.wav':
  Metadata:
    ISFT            : Lavf62.12.101
  Chapters:
    Chapter #0:0: start 0.000000, end 34.909104
      Metadata:
        title           : Tempo: 110.0
    Chapter #0:1: start 34.909104, end 43.636375
      Metadata:
        title           : Honk Honk
    Chapter #0:2: start 43.636375, end 48.000000
      Metadata:
        title           : Eats Girl
    Chapter #0:3: start 48.000000, end 52.363646
      Metadata:
        title           : Theme in Background
    Chapter #0:4: start 52.363646, end 64.000000
      Metadata:
        title           : Outro With Theme
  Stream #0:0: Audio: pcm_s16le ([1][0][0][0] / 0x0001), 48000 Hz, stereo, s16, 1536 kb/s
    Metadata:
      encoder         : Lavc62.28.101 pcm_s16le
[out#0/wav @ 0xaa501c240] video:0KiB audio:12000KiB subtitle:0KiB other streams:0KiB global headers:0KiB muxing overhead: 0.000635%
size=   12000KiB time=00:01:04.00 bitrate=1536.0kbits/s speed= 353x elapsed=0:00:00.18    
