2026-06-10 18:17:54,282 - INFO - Ultra-High Resolution Album Artwork Generator v7 (5000x5000 Edition)
2026-06-10 18:17:54,282 - INFO - -------------------------------------------------
2026-06-10 18:17:54,282 - INFO - Using saturation level: 0.5
2026-06-10 18:17:54,282 - INFO - Processing audio file: /Volumes/project/continuo/catalogs/soundcloud/Variations on__astro-catalog/Variations on__normalized.m4a
2026-06-10 18:17:54,282 - INFO - Output will be saved as: /Volumes/project/continuo/catalogs/soundcloud/Variations on__astro-catalog/artwork/Variations on__normalized_artwork.png
2026-06-10 18:17:54,282 - INFO - Component files will be saved in: /Volumes/project/continuo/catalogs/soundcloud/Variations on__astro-catalog/artwork/components
2026-06-10 18:17:54,282 - INFO - Starting the v7 Ultra-High Resolution Album Artwork Generator
2026-06-10 18:17:54,284 - INFO - Output directory: /Volumes/project/continuo/catalogs/soundcloud/Variations on__astro-catalog/artwork
2026-06-10 18:17:54,284 - INFO - Components directory: /Volumes/project/continuo/catalogs/soundcloud/Variations on__astro-catalog/artwork/components
2026-06-10 18:17:54,284 - INFO - Analyzing audio fingerprint...
2026-06-10 18:17:54,285 - INFO - Audio hash: 1c3157b4...4943bda2
2026-06-10 18:17:54,285 - INFO - Generating identicon...
2026-06-10 18:17:54,285 - INFO - Trying jdenticon approach 1: /Users/danielramirez/Nextcloud/ore/Notes/Project/utilities/studio/lufs-workchain/node_modules/.bin/jdenticon 1c3157b4f88e61287755042cf34fd050db21d3432f9fa98d17a182304943bda2
2026-06-10 18:17:54,288 - WARNING - jdenticon approach 1 - command not found
2026-06-10 18:17:54,288 - INFO - Trying jdenticon approach 2: npx --prefix
2026-06-10 18:17:54,496 - WARNING - jdenticon approach 2 failed: Command '['npx', '--prefix', '/Users/danielramirez/Nextcloud/ore/Notes/Project/utilities/studio/lufs-workchain', 'jdenticon', '1c3157b4f88e61287755042cf34fd050db21d3432f9fa98d17a182304943bda2', '--size', '5000', '--output', '/Volumes/project/continuo/catalogs/soundcloud/Variations on__astro-catalog/artwork/components/identicon.png']' returned non-zero exit status 254.
2026-06-10 18:17:54,496 - INFO - Trying jdenticon approach 3: npx jdenticon
2026-06-10 18:17:55,093 - INFO - Identicon created successfully.
2026-06-10 18:17:55,115 - INFO - Generating ultra-high-resolution spectrogram...
/Users/danielramirez/repos/lufs-workchain/components/artwork_01/v7_album_artwork.py:149: UserWarning: PySoundFile failed. Trying audioread instead.
  y, sr = librosa.load(audio_file_path)
/Users/danielramirez/repos/lufs-workchain/.venv/lib/python3.12/site-packages/librosa/core/audio.py:184: FutureWarning: librosa.core.audio.__audioread_load
	Deprecated as of librosa version 0.10.0.
	It will be removed in librosa version 1.0.
  y, sr_native = __audioread_load(path, offset, duration, dtype)
2026-06-10 18:17:56,041 - INFO - Using figure dimensions: 50.0x12.5 inches at 400 DPI
2026-06-10 18:17:56,041 - INFO - Target pixel dimensions: 20000x5000
/Users/danielramirez/repos/lufs-workchain/.venv/lib/python3.12/site-packages/PIL/Image.py:3574: DecompressionBombWarning: Image size (100000000 pixels) exceeds limit of 89478485 pixels, could be decompression bomb DOS attack.
  warnings.warn(
2026-06-10 18:17:59,120 - INFO - Raw spectrogram dimensions: 20000x5000 pixels
2026-06-10 18:17:59,120 - INFO - Initial dimensions: 20000x5000 pixels
2026-06-10 18:17:59,120 - INFO - Adjusting saturation to 0.5...
2026-06-10 18:18:01,396 - INFO - Saved full rectangular spectrogram to: /Volumes/project/continuo/catalogs/soundcloud/Variations on__astro-catalog/artwork/components/rectangle_spectrogram.png
2026-06-10 18:18:01,405 - INFO - Square crop dimensions: 5000x5000
2026-06-10 18:18:02,020 - INFO - Saved 5000x5000 square spectrogram to: /Volumes/project/continuo/catalogs/soundcloud/Variations on__astro-catalog/artwork/components/spectrogram.png
2026-06-10 18:18:02,020 - INFO - Spectrogram segment covers audio from 68.00s to 113.33s
2026-06-10 18:18:02,045 - INFO - Working with spectrogram: 5000x5000, identicon: 5000x5000
2026-06-10 18:18:02,045 - INFO - Enhancing spectrogram contrast...
2026-06-10 18:18:02,150 - INFO - Resizing identicon for overlay...
2026-06-10 18:18:02,285 - INFO - Creating final composite image...
2026-06-10 18:18:03,050 - INFO - Album artwork generated successfully: /Volumes/project/continuo/catalogs/soundcloud/Variations on__astro-catalog/artwork/Variations on__normalized_artwork.png
2026-06-10 18:18:03,055 - INFO - Ultra-high resolution (5000x5000) artwork generation finished successfully.
2026-06-10 18:18:03,055 - INFO - Final artwork saved at: /Volumes/project/continuo/catalogs/soundcloud/Variations on__astro-catalog/artwork/Variations on__normalized_artwork.png
