# Normalization Log - Wed Jun 10 18:17:40 CDT 2026
Target LUFS: -14
Two-pass: true
LRA: 7
True Peak: -1.5 dB

ffmpeg version 8.1.1 Copyright (c) 2000-2026 the FFmpeg developers
  built with Apple clang version 21.0.0 (clang-2100.0.123.102)
  configuration: --prefix=/opt/homebrew/Cellar/ffmpeg/8.1.1 --enable-shared --enable-pthreads --enable-version3 --cc=clang --host-cflags= --host-ldflags= --enable-ffplay --enable-gpl --enable-libsvtav1 --enable-libopus --enable-libx264 --enable-libmp3lame --enable-libdav1d --enable-libvmaf --enable-libvpx --enable-libx265 --enable-openssl --enable-videotoolbox --enable-audiotoolbox --enable-neon
  libavutil      60. 26.101 / 60. 26.101
  libavcodec     62. 28.101 / 62. 28.101
  libavformat    62. 12.101 / 62. 12.101
  libavdevice    62.  3.101 / 62.  3.101
  libavfilter    11. 14.101 / 11. 14.101
  libswscale      9.  5.101 /  9.  5.101
  libswresample   6.  3.101 /  6.  3.101
Input #0, mov,mp4,m4a,3gp,3g2,mj2, from '/Volumes/project/continuo/catalogs/soundcloud/Variations on_.m4a':
  Metadata:
    major_brand     : M4A 
    minor_version   : 0
    compatible_brands: M4A mp42isom
    creation_time   : 2026-01-02T00:03:30.000000Z
    artist          : Daniel Ramirez
    album           : 
    date            : 2016
    composer        : Daniel Ramirez
    encoder         : Logic
    iTunSMPB        :  00000000 00000840 000003BF 00000000007A0001 00000000 00000000 00000000 00000000 00000000 00000000 00000000 00000000
  Duration: 00:03:01.37, start: 0.047891, bitrate: 251 kb/s
  Stream #0:0[0x1](eng): Audio: aac (LC) (mp4a / 0x6134706D), 44100 Hz, stereo, fltp, 248 kb/s, start 0.047891 (default)
    Metadata:
      creation_time   : 2026-01-02T00:03:30.000000Z
Stream mapping:
  Stream #0:0 -> #0:0 (aac (native) -> aac (native))
Press [q] to stop, [?] for help
Output #0, ipod, to '/Volumes/project/continuo/catalogs/soundcloud/Variations on__astro-catalog/Variations on__normalized.m4a':
  Metadata:
    major_brand     : M4A 
    minor_version   : 0
    compatible_brands: M4A mp42isom
    iTunSMPB        :  00000000 00000840 000003BF 00000000007A0001 00000000 00000000 00000000 00000000 00000000 00000000 00000000 00000000
    artist          : Daniel Ramirez
    album           : 
    date            : 2016
    composer        : Daniel Ramirez
    encoder         : Lavf62.12.101
  Stream #0:0(eng): Audio: aac (LC) (mp4a / 0x6134706D), 44100 Hz, stereo, fltp, 128 kb/s (default)
    Metadata:
      encoder         : Lavc62.28.101 aac
      creation_time   : 2026-01-02T00:03:30.000000Z
size=       0KiB time=00:00:16.04 bitrate=   0.0kbits/s speed=31.9x elapsed=0:00:00.50    size=     512KiB time=00:00:33.55 bitrate= 125.0kbits/s speed=33.3x elapsed=0:00:01.00    size=     768KiB time=00:00:51.13 bitrate= 123.1kbits/s speed=33.8x elapsed=0:00:01.51    size=    1024KiB time=00:01:08.82 bitrate= 121.9kbits/s speed=34.1x elapsed=0:00:02.01    size=    1280KiB time=00:01:26.84 bitrate= 120.7kbits/s speed=34.5x elapsed=0:00:02.52    size=    1536KiB time=00:01:44.44 bitrate= 120.5kbits/s speed=34.6x elapsed=0:00:03.02    size=    1792KiB time=00:02:02.25 bitrate= 120.1kbits/s speed=34.7x elapsed=0:00:03.52    size=    2048KiB time=00:02:20.43 bitrate= 119.5kbits/s speed=34.8x elapsed=0:00:04.03    size=    2304KiB time=00:02:38.45 bitrate= 119.1kbits/s speed=34.9x elapsed=0:00:04.53    size=    2560KiB time=00:02:55.93 bitrate= 119.2kbits/s speed=34.9x elapsed=0:00:05.03    [out#0/ipod @ 0x80f01c240] video:0KiB audio:2851KiB subtitle:0KiB other streams:0KiB global headers:0KiB muxing overhead: 1.103023%
size=    2882KiB time=00:03:01.40 bitrate= 130.2kbits/s speed=35.1x elapsed=0:00:05.16    
[aac @ 0x80ec1ca80] Qavg: 381.170
