2026-06-10 17:51:04,145 - INFO - Ultra-High Resolution Album Artwork Generator v7 (5000x5000 Edition)
2026-06-10 17:51:04,145 - INFO - -------------------------------------------------
2026-06-10 17:51:04,145 - INFO - Using saturation level: 0.5
2026-06-10 17:51:04,145 - INFO - Processing audio file: /Volumes/project/continuo/catalogs/a98ff_praise-legend-road/11-03-42.7731-06-03.328_astro-catalog/11-03-42.7731-06-03.328_normalized.wav
2026-06-10 17:51:04,145 - INFO - Output will be saved as: /Volumes/project/continuo/catalogs/a98ff_praise-legend-road/11-03-42.7731-06-03.328_astro-catalog/artwork/11-03-42.7731-06-03.328_normalized_artwork.png
2026-06-10 17:51:04,145 - INFO - Component files will be saved in: /Volumes/project/continuo/catalogs/a98ff_praise-legend-road/11-03-42.7731-06-03.328_astro-catalog/artwork/components
2026-06-10 17:51:04,145 - INFO - Starting the v7 Ultra-High Resolution Album Artwork Generator
2026-06-10 17:51:04,147 - INFO - Output directory: /Volumes/project/continuo/catalogs/a98ff_praise-legend-road/11-03-42.7731-06-03.328_astro-catalog/artwork
2026-06-10 17:51:04,147 - INFO - Components directory: /Volumes/project/continuo/catalogs/a98ff_praise-legend-road/11-03-42.7731-06-03.328_astro-catalog/artwork/components
2026-06-10 17:51:04,147 - INFO - Analyzing audio fingerprint...
2026-06-10 17:51:04,158 - INFO - Audio hash: 224a3986...b9c06208
2026-06-10 17:51:04,158 - INFO - Generating identicon...
2026-06-10 17:51:04,158 - INFO - Trying jdenticon approach 1: /Users/danielramirez/Nextcloud/ore/Notes/Project/utilities/studio/lufs-workchain/node_modules/.bin/jdenticon 224a39869062442806b87a7b956268ab3e92e6dde2bf269600943c37b9c06208
2026-06-10 17:51:04,160 - WARNING - jdenticon approach 1 - command not found
2026-06-10 17:51:04,160 - INFO - Trying jdenticon approach 2: npx --prefix
2026-06-10 17:51:04,356 - WARNING - jdenticon approach 2 failed: Command '['npx', '--prefix', '/Users/danielramirez/Nextcloud/ore/Notes/Project/utilities/studio/lufs-workchain', 'jdenticon', '224a39869062442806b87a7b956268ab3e92e6dde2bf269600943c37b9c06208', '--size', '5000', '--output', '/Volumes/project/continuo/catalogs/a98ff_praise-legend-road/11-03-42.7731-06-03.328_astro-catalog/artwork/components/identicon.png']' returned non-zero exit status 254.
2026-06-10 17:51:04,356 - INFO - Trying jdenticon approach 3: npx jdenticon
2026-06-10 17:51:04,935 - INFO - Identicon created successfully.
2026-06-10 17:51:04,957 - INFO - Generating ultra-high-resolution spectrogram...
2026-06-10 17:51:05,785 - INFO - Using figure dimensions: 50.0x12.5 inches at 400 DPI
2026-06-10 17:51:05,785 - INFO - Target pixel dimensions: 20000x5000
/Users/danielramirez/repos/lufs-workchain/.venv/lib/python3.12/site-packages/PIL/Image.py:3574: DecompressionBombWarning: Image size (100000000 pixels) exceeds limit of 89478485 pixels, could be decompression bomb DOS attack.
  warnings.warn(
2026-06-10 17:51:08,336 - INFO - Raw spectrogram dimensions: 20000x5000 pixels
2026-06-10 17:51:08,337 - INFO - Initial dimensions: 20000x5000 pixels
2026-06-10 17:51:08,337 - INFO - Adjusting saturation to 0.5...
2026-06-10 17:51:10,351 - INFO - Saved full rectangular spectrogram to: /Volumes/project/continuo/catalogs/a98ff_praise-legend-road/11-03-42.7731-06-03.328_astro-catalog/artwork/components/rectangle_spectrogram.png
2026-06-10 17:51:10,360 - INFO - Square crop dimensions: 5000x5000
2026-06-10 17:51:10,874 - INFO - Saved 5000x5000 square spectrogram to: /Volumes/project/continuo/catalogs/a98ff_praise-legend-road/11-03-42.7731-06-03.328_astro-catalog/artwork/components/spectrogram.png
2026-06-10 17:51:10,875 - INFO - Spectrogram segment covers audio from 50.25s to 83.74s
2026-06-10 17:51:10,894 - INFO - Working with spectrogram: 5000x5000, identicon: 5000x5000
2026-06-10 17:51:10,894 - INFO - Enhancing spectrogram contrast...
2026-06-10 17:51:10,996 - INFO - Resizing identicon for overlay...
2026-06-10 17:51:11,130 - INFO - Creating final composite image...
2026-06-10 17:51:11,709 - INFO - Album artwork generated successfully: /Volumes/project/continuo/catalogs/a98ff_praise-legend-road/11-03-42.7731-06-03.328_astro-catalog/artwork/11-03-42.7731-06-03.328_normalized_artwork.png
2026-06-10 17:51:11,712 - INFO - Ultra-high resolution (5000x5000) artwork generation finished successfully.
2026-06-10 17:51:11,712 - INFO - Final artwork saved at: /Volumes/project/continuo/catalogs/a98ff_praise-legend-road/11-03-42.7731-06-03.328_astro-catalog/artwork/11-03-42.7731-06-03.328_normalized_artwork.png
