2026-06-10 18:17:16,937 - INFO - Ultra-High Resolution Album Artwork Generator v7 (5000x5000 Edition)
2026-06-10 18:17:16,937 - INFO - -------------------------------------------------
2026-06-10 18:17:16,937 - INFO - Using saturation level: 0.5
2026-06-10 18:17:16,937 - INFO - Processing audio file: /Volumes/project/continuo/catalogs/soundcloud/The Middle_astro-catalog/The Middle_normalized.aif
2026-06-10 18:17:16,937 - INFO - Output will be saved as: /Volumes/project/continuo/catalogs/soundcloud/The Middle_astro-catalog/artwork/The Middle_normalized_artwork.png
2026-06-10 18:17:16,937 - INFO - Component files will be saved in: /Volumes/project/continuo/catalogs/soundcloud/The Middle_astro-catalog/artwork/components
2026-06-10 18:17:16,937 - INFO - Starting the v7 Ultra-High Resolution Album Artwork Generator
2026-06-10 18:17:16,939 - INFO - Output directory: /Volumes/project/continuo/catalogs/soundcloud/The Middle_astro-catalog/artwork
2026-06-10 18:17:16,939 - INFO - Components directory: /Volumes/project/continuo/catalogs/soundcloud/The Middle_astro-catalog/artwork/components
2026-06-10 18:17:16,939 - INFO - Analyzing audio fingerprint...
2026-06-10 18:17:16,946 - INFO - Audio hash: 8c601315...eaf14a8a
2026-06-10 18:17:16,946 - INFO - Generating identicon...
2026-06-10 18:17:16,946 - INFO - Trying jdenticon approach 1: /Users/danielramirez/Nextcloud/ore/Notes/Project/utilities/studio/lufs-workchain/node_modules/.bin/jdenticon 8c601315af218ec73e2708a5b097380ec9058a13fc7d43513253900deaf14a8a
2026-06-10 18:17:16,948 - WARNING - jdenticon approach 1 - command not found
2026-06-10 18:17:16,949 - INFO - Trying jdenticon approach 2: npx --prefix
2026-06-10 18:17:17,150 - WARNING - jdenticon approach 2 failed: Command '['npx', '--prefix', '/Users/danielramirez/Nextcloud/ore/Notes/Project/utilities/studio/lufs-workchain', 'jdenticon', '8c601315af218ec73e2708a5b097380ec9058a13fc7d43513253900deaf14a8a', '--size', '5000', '--output', '/Volumes/project/continuo/catalogs/soundcloud/The Middle_astro-catalog/artwork/components/identicon.png']' returned non-zero exit status 254.
2026-06-10 18:17:17,150 - INFO - Trying jdenticon approach 3: npx jdenticon
2026-06-10 18:17:17,516 - INFO - Identicon created successfully.
2026-06-10 18:17:17,545 - INFO - Generating ultra-high-resolution spectrogram...
2026-06-10 18:17:18,331 - INFO - Using figure dimensions: 50.0x12.5 inches at 400 DPI
2026-06-10 18:17:18,331 - INFO - Target pixel dimensions: 20000x5000
/Users/danielramirez/repos/lufs-workchain/.venv/lib/python3.12/site-packages/PIL/Image.py:3574: DecompressionBombWarning: Image size (100000000 pixels) exceeds limit of 89478485 pixels, could be decompression bomb DOS attack.
  warnings.warn(
2026-06-10 18:17:21,150 - INFO - Raw spectrogram dimensions: 20000x5000 pixels
2026-06-10 18:17:21,150 - INFO - Initial dimensions: 20000x5000 pixels
2026-06-10 18:17:21,150 - INFO - Adjusting saturation to 0.5...
2026-06-10 18:17:23,476 - INFO - Saved full rectangular spectrogram to: /Volumes/project/continuo/catalogs/soundcloud/The Middle_astro-catalog/artwork/components/rectangle_spectrogram.png
2026-06-10 18:17:23,485 - INFO - Square crop dimensions: 5000x5000
2026-06-10 18:17:24,149 - INFO - Saved 5000x5000 square spectrogram to: /Volumes/project/continuo/catalogs/soundcloud/The Middle_astro-catalog/artwork/components/spectrogram.png
2026-06-10 18:17:24,149 - INFO - Spectrogram segment covers audio from 64.76s to 107.93s
2026-06-10 18:17:24,172 - INFO - Working with spectrogram: 5000x5000, identicon: 5000x5000
2026-06-10 18:17:24,172 - INFO - Enhancing spectrogram contrast...
2026-06-10 18:17:24,278 - INFO - Resizing identicon for overlay...
2026-06-10 18:17:24,413 - INFO - Creating final composite image...
2026-06-10 18:17:25,220 - INFO - Album artwork generated successfully: /Volumes/project/continuo/catalogs/soundcloud/The Middle_astro-catalog/artwork/The Middle_normalized_artwork.png
2026-06-10 18:17:25,224 - INFO - Ultra-high resolution (5000x5000) artwork generation finished successfully.
2026-06-10 18:17:25,225 - INFO - Final artwork saved at: /Volumes/project/continuo/catalogs/soundcloud/The Middle_astro-catalog/artwork/The Middle_normalized_artwork.png
