# Normalization Log - Wed Jun 10 18:17:09 CDT 2026
Target LUFS: -14
Two-pass: true
LRA: 7
True Peak: -1.5 dB

ffmpeg version 8.1.1 Copyright (c) 2000-2026 the FFmpeg developers
  built with Apple clang version 21.0.0 (clang-2100.0.123.102)
  configuration: --prefix=/opt/homebrew/Cellar/ffmpeg/8.1.1 --enable-shared --enable-pthreads --enable-version3 --cc=clang --host-cflags= --host-ldflags= --enable-ffplay --enable-gpl --enable-libsvtav1 --enable-libopus --enable-libx264 --enable-libmp3lame --enable-libdav1d --enable-libvmaf --enable-libvpx --enable-libx265 --enable-openssl --enable-videotoolbox --enable-audiotoolbox --enable-neon
  libavutil      60. 26.101 / 60. 26.101
  libavcodec     62. 28.101 / 62. 28.101
  libavformat    62. 12.101 / 62. 12.101
  libavdevice    62.  3.101 / 62.  3.101
  libavfilter    11. 14.101 / 11. 14.101
  libswscale      9.  5.101 /  9.  5.101
  libswresample   6.  3.101 /  6.  3.101
Input #0, aiff, from '/Volumes/project/continuo/catalogs/soundcloud/The Middle.aif':
  Duration: 00:02:52.68, start: 0.000000, bitrate: 708 kb/s
  Stream #0:0: Audio: pcm_s16be, 44100 Hz, mono, s16, 705 kb/s
Stream mapping:
  Stream #0:0 -> #0:0 (pcm_s16be (native) -> pcm_s16be (native))
Press [q] to stop, [?] for help
Output #0, aiff, to '/Volumes/project/continuo/catalogs/soundcloud/The Middle_astro-catalog/The Middle_normalized.aif':
  Metadata:
    encoder         : Lavf62.12.101
  Stream #0:0: Audio: pcm_s16be (NONE / 0x454E4F4E), 44100 Hz, mono, s16, 705 kb/s
    Metadata:
      encoder         : Lavc62.28.101 pcm_s16be
size=    2816KiB time=00:00:35.09 bitrate= 657.2kbits/s speed=69.6x elapsed=0:00:00.50    size=    6144KiB time=00:01:14.39 bitrate= 676.5kbits/s speed=  74x elapsed=0:00:01.00    size=    9728KiB time=00:01:53.69 bitrate= 700.9kbits/s speed=75.3x elapsed=0:00:01.51    size=   13056KiB time=00:02:32.39 bitrate= 701.8kbits/s speed=75.8x elapsed=0:00:02.01    [out#0/aiff @ 0xcbe820180] video:0KiB audio:14874KiB subtitle:0KiB other streams:0KiB global headers:0KiB muxing overhead: 0.000355%
size=   14874KiB time=00:02:52.70 bitrate= 705.5kbits/s speed=75.9x elapsed=0:00:02.27    
