2026-06-10 18:32:07,027 - INFO - Ultra-High Resolution Album Artwork Generator v7 (5000x5000 Edition)
2026-06-10 18:32:07,027 - INFO - -------------------------------------------------
2026-06-10 18:32:07,027 - INFO - Using saturation level: 0.5
2026-06-10 18:32:07,027 - INFO - Processing audio file: /Volumes/project/continuo/catalogs/soundcloud/Ramirez_Daniel_Assig05_101317_astro-catalog/Ramirez_Daniel_Assig05_101317_normalized.wav
2026-06-10 18:32:07,027 - INFO - Output will be saved as: /Volumes/project/continuo/catalogs/soundcloud/Ramirez_Daniel_Assig05_101317_astro-catalog/artwork/Ramirez_Daniel_Assig05_101317_normalized_artwork.png
2026-06-10 18:32:07,027 - INFO - Component files will be saved in: /Volumes/project/continuo/catalogs/soundcloud/Ramirez_Daniel_Assig05_101317_astro-catalog/artwork/components
2026-06-10 18:32:07,027 - INFO - Starting the v7 Ultra-High Resolution Album Artwork Generator
2026-06-10 18:32:07,030 - INFO - Output directory: /Volumes/project/continuo/catalogs/soundcloud/Ramirez_Daniel_Assig05_101317_astro-catalog/artwork
2026-06-10 18:32:07,030 - INFO - Components directory: /Volumes/project/continuo/catalogs/soundcloud/Ramirez_Daniel_Assig05_101317_astro-catalog/artwork/components
2026-06-10 18:32:07,030 - INFO - Analyzing audio fingerprint...
2026-06-10 18:32:07,041 - INFO - Audio hash: 9f18c260...58f6051d
2026-06-10 18:32:07,041 - INFO - Generating identicon...
2026-06-10 18:32:07,041 - INFO - Trying jdenticon approach 1: /Users/danielramirez/Nextcloud/ore/Notes/Project/utilities/studio/lufs-workchain/node_modules/.bin/jdenticon 9f18c2603764738e83c059b36271b6a49d60ac156d949744ed75b51f58f6051d
2026-06-10 18:32:07,044 - WARNING - jdenticon approach 1 - command not found
2026-06-10 18:32:07,044 - INFO - Trying jdenticon approach 2: npx --prefix
2026-06-10 18:32:07,252 - WARNING - jdenticon approach 2 failed: Command '['npx', '--prefix', '/Users/danielramirez/Nextcloud/ore/Notes/Project/utilities/studio/lufs-workchain', 'jdenticon', '9f18c2603764738e83c059b36271b6a49d60ac156d949744ed75b51f58f6051d', '--size', '5000', '--output', '/Volumes/project/continuo/catalogs/soundcloud/Ramirez_Daniel_Assig05_101317_astro-catalog/artwork/components/identicon.png']' returned non-zero exit status 254.
2026-06-10 18:32:07,252 - INFO - Trying jdenticon approach 3: npx jdenticon
2026-06-10 18:32:07,635 - INFO - Identicon created successfully.
2026-06-10 18:32:07,663 - INFO - Generating ultra-high-resolution spectrogram...
2026-06-10 18:32:08,546 - INFO - Using figure dimensions: 50.0x12.5 inches at 400 DPI
2026-06-10 18:32:08,546 - INFO - Target pixel dimensions: 20000x5000
/Users/danielramirez/repos/lufs-workchain/.venv/lib/python3.12/site-packages/PIL/Image.py:3574: DecompressionBombWarning: Image size (100000000 pixels) exceeds limit of 89478485 pixels, could be decompression bomb DOS attack.
  warnings.warn(
2026-06-10 18:32:11,257 - INFO - Raw spectrogram dimensions: 20000x5000 pixels
2026-06-10 18:32:11,257 - INFO - Initial dimensions: 20000x5000 pixels
2026-06-10 18:32:11,257 - INFO - Adjusting saturation to 0.5...
2026-06-10 18:32:13,277 - INFO - Saved full rectangular spectrogram to: /Volumes/project/continuo/catalogs/soundcloud/Ramirez_Daniel_Assig05_101317_astro-catalog/artwork/components/rectangle_spectrogram.png
2026-06-10 18:32:13,285 - INFO - Square crop dimensions: 5000x5000
2026-06-10 18:32:13,791 - INFO - Saved 5000x5000 square spectrogram to: /Volumes/project/continuo/catalogs/soundcloud/Ramirez_Daniel_Assig05_101317_astro-catalog/artwork/components/spectrogram.png
2026-06-10 18:32:13,791 - INFO - Spectrogram segment covers audio from 55.31s to 92.19s
2026-06-10 18:32:13,811 - INFO - Working with spectrogram: 5000x5000, identicon: 5000x5000
2026-06-10 18:32:13,812 - INFO - Enhancing spectrogram contrast...
2026-06-10 18:32:13,912 - INFO - Resizing identicon for overlay...
2026-06-10 18:32:14,053 - INFO - Creating final composite image...
2026-06-10 18:32:14,627 - INFO - Album artwork generated successfully: /Volumes/project/continuo/catalogs/soundcloud/Ramirez_Daniel_Assig05_101317_astro-catalog/artwork/Ramirez_Daniel_Assig05_101317_normalized_artwork.png
2026-06-10 18:32:14,632 - INFO - Ultra-high resolution (5000x5000) artwork generation finished successfully.
2026-06-10 18:32:14,632 - INFO - Final artwork saved at: /Volumes/project/continuo/catalogs/soundcloud/Ramirez_Daniel_Assig05_101317_astro-catalog/artwork/Ramirez_Daniel_Assig05_101317_normalized_artwork.png
