# Normalization Log - Wed Jun 10 18:31:55 CDT 2026
Target LUFS: -14
Two-pass: true
LRA: 7
True Peak: -1.5 dB

ffmpeg version 8.1.1 Copyright (c) 2000-2026 the FFmpeg developers
  built with Apple clang version 21.0.0 (clang-2100.0.123.102)
  configuration: --prefix=/opt/homebrew/Cellar/ffmpeg/8.1.1 --enable-shared --enable-pthreads --enable-version3 --cc=clang --host-cflags= --host-ldflags= --enable-ffplay --enable-gpl --enable-libsvtav1 --enable-libopus --enable-libx264 --enable-libmp3lame --enable-libdav1d --enable-libvmaf --enable-libvpx --enable-libx265 --enable-openssl --enable-videotoolbox --enable-audiotoolbox --enable-neon
  libavutil      60. 26.101 / 60. 26.101
  libavcodec     62. 28.101 / 62. 28.101
  libavformat    62. 12.101 / 62. 12.101
  libavdevice    62.  3.101 / 62.  3.101
  libavfilter    11. 14.101 / 11. 14.101
  libswscale      9.  5.101 /  9.  5.101
  libswresample   6.  3.101 /  6.  3.101
[aist#0:0/pcm_s24le @ 0xafac0c180] Guessed Channel Layout: stereo
Input #0, wav, from '/Volumes/project/continuo/catalogs/soundcloud/Ramirez_Daniel_Assig05_101317.wav':
  Duration: 00:02:27.50, bitrate: 2307 kb/s
  Chapters:
    Chapter #0:0: start 0.000000, end 8.000000
      Metadata:
        title           : Tempo: 120.0
    Chapter #0:1: start 8.000000, end 15.000000
      Metadata:
        title           : Fire Extinguisher #1
    Chapter #0:2: start 15.000000, end 21.750000
      Metadata:
        title           : Fire Extinguisher #2
    Chapter #0:3: start 21.750000, end 34.625000
      Metadata:
        title           : Fire Extinguisher #3
    Chapter #0:4: start 34.625000, end 36.687500
      Metadata:
        title           : Fire Extinguisher #4
    Chapter #0:5: start 36.687500, end 51.500000
      Metadata:
        title           : Fire Extinguisher #5
    Chapter #0:6: start 51.500000, end 118.250000
      Metadata:
        title           : Satellite Hand
    Chapter #0:7: start 118.250000, end 147.500000
      Metadata:
        title           : Camera Pan Out
  Stream #0:0: Audio: pcm_s24le ([1][0][0][0] / 0x0001), 48000 Hz, stereo, s32 (24 bit), 2304 kb/s
Stream mapping:
  Stream #0:0 -> #0:0 (pcm_s24le (native) -> pcm_s16le (native))
Press [q] to stop, [?] for help
Output #0, wav, to '/Volumes/project/continuo/catalogs/soundcloud/Ramirez_Daniel_Assig05_101317_astro-catalog/Ramirez_Daniel_Assig05_101317_normalized.wav':
  Metadata:
    ISFT            : Lavf62.12.101
  Chapters:
    Chapter #0:0: start 0.000000, end 8.000000
      Metadata:
        title           : Tempo: 120.0
    Chapter #0:1: start 8.000000, end 15.000000
      Metadata:
        title           : Fire Extinguisher #1
    Chapter #0:2: start 15.000000, end 21.750000
      Metadata:
        title           : Fire Extinguisher #2
    Chapter #0:3: start 21.750000, end 34.625000
      Metadata:
        title           : Fire Extinguisher #3
    Chapter #0:4: start 34.625000, end 36.687500
      Metadata:
        title           : Fire Extinguisher #4
    Chapter #0:5: start 36.687500, end 51.500000
      Metadata:
        title           : Fire Extinguisher #5
    Chapter #0:6: start 51.500000, end 118.250000
      Metadata:
        title           : Satellite Hand
    Chapter #0:7: start 118.250000, end 147.500000
      Metadata:
        title           : Camera Pan Out
  Stream #0:0: Audio: pcm_s16le ([1][0][0][0] / 0x0001), 48000 Hz, stereo, s16, 1536 kb/s
    Metadata:
      encoder         : Lavc62.28.101 pcm_s16le
size=    2560KiB time=00:00:14.09 bitrate=1487.4kbits/s speed=28.1x elapsed=0:00:00.50    size=    6400KiB time=00:00:34.29 bitrate=1528.6kbits/s speed=34.2x elapsed=0:00:01.00    size=    9984KiB time=00:00:54.29 bitrate=1506.3kbits/s speed=36.1x elapsed=0:00:01.50    size=   13824KiB time=00:01:14.59 bitrate=1518.1kbits/s speed=37.1x elapsed=0:00:02.00    size=   17664KiB time=00:01:34.99 bitrate=1523.2kbits/s speed=37.8x elapsed=0:00:02.51    size=   21504KiB time=00:01:55.29 bitrate=1527.9kbits/s speed=38.2x elapsed=0:00:03.01    size=   25344KiB time=00:02:15.59 bitrate=1531.1kbits/s speed=38.5x elapsed=0:00:03.52    [out#0/wav @ 0xafac18240] video:0KiB audio:27656KiB subtitle:0KiB other streams:0KiB global headers:0KiB muxing overhead: 0.000275%
size=   27656KiB time=00:02:27.50 bitrate=1536.0kbits/s speed=38.5x elapsed=0:00:03.82    
