2026-06-10 17:44:32,292 - INFO - Ultra-High Resolution Album Artwork Generator v7 (5000x5000 Edition)
2026-06-10 17:44:32,292 - INFO - -------------------------------------------------
2026-06-10 17:44:32,292 - INFO - Using saturation level: 0.5
2026-06-10 17:44:32,292 - INFO - Processing audio file: /Volumes/project/continuo/catalogs/a98ff_praise-legend-road/147-18.83249-39.386_astro-catalog/147-18.83249-39.386_normalized.wav
2026-06-10 17:44:32,292 - INFO - Output will be saved as: /Volumes/project/continuo/catalogs/a98ff_praise-legend-road/147-18.83249-39.386_astro-catalog/artwork/147-18.83249-39.386_normalized_artwork.png
2026-06-10 17:44:32,292 - INFO - Component files will be saved in: /Volumes/project/continuo/catalogs/a98ff_praise-legend-road/147-18.83249-39.386_astro-catalog/artwork/components
2026-06-10 17:44:32,292 - INFO - Starting the v7 Ultra-High Resolution Album Artwork Generator
2026-06-10 17:44:32,294 - INFO - Output directory: /Volumes/project/continuo/catalogs/a98ff_praise-legend-road/147-18.83249-39.386_astro-catalog/artwork
2026-06-10 17:44:32,294 - INFO - Components directory: /Volumes/project/continuo/catalogs/a98ff_praise-legend-road/147-18.83249-39.386_astro-catalog/artwork/components
2026-06-10 17:44:32,294 - INFO - Analyzing audio fingerprint...
2026-06-10 17:44:32,306 - INFO - Audio hash: ec2344d2...65a51e9c
2026-06-10 17:44:32,306 - INFO - Generating identicon...
2026-06-10 17:44:32,306 - INFO - Trying jdenticon approach 1: /Users/danielramirez/Nextcloud/ore/Notes/Project/utilities/studio/lufs-workchain/node_modules/.bin/jdenticon ec2344d20760afa9c6030ef2a46d189279b6c02a10ba8abafae50a6065a51e9c
2026-06-10 17:44:32,308 - WARNING - jdenticon approach 1 - command not found
2026-06-10 17:44:32,308 - INFO - Trying jdenticon approach 2: npx --prefix
2026-06-10 17:44:32,514 - WARNING - jdenticon approach 2 failed: Command '['npx', '--prefix', '/Users/danielramirez/Nextcloud/ore/Notes/Project/utilities/studio/lufs-workchain', 'jdenticon', 'ec2344d20760afa9c6030ef2a46d189279b6c02a10ba8abafae50a6065a51e9c', '--size', '5000', '--output', '/Volumes/project/continuo/catalogs/a98ff_praise-legend-road/147-18.83249-39.386_astro-catalog/artwork/components/identicon.png']' returned non-zero exit status 254.
2026-06-10 17:44:32,514 - INFO - Trying jdenticon approach 3: npx jdenticon
2026-06-10 17:44:32,967 - INFO - Identicon created successfully.
2026-06-10 17:44:32,996 - INFO - Generating ultra-high-resolution spectrogram...
2026-06-10 17:44:33,842 - INFO - Using figure dimensions: 50.0x12.5 inches at 400 DPI
2026-06-10 17:44:33,842 - INFO - Target pixel dimensions: 20000x5000
/Users/danielramirez/repos/lufs-workchain/.venv/lib/python3.12/site-packages/PIL/Image.py:3574: DecompressionBombWarning: Image size (100000000 pixels) exceeds limit of 89478485 pixels, could be decompression bomb DOS attack.
  warnings.warn(
2026-06-10 17:44:36,645 - INFO - Raw spectrogram dimensions: 20000x5000 pixels
2026-06-10 17:44:36,645 - INFO - Initial dimensions: 20000x5000 pixels
2026-06-10 17:44:36,645 - INFO - Adjusting saturation to 0.5...
2026-06-10 17:44:38,650 - INFO - Saved full rectangular spectrogram to: /Volumes/project/continuo/catalogs/a98ff_praise-legend-road/147-18.83249-39.386_astro-catalog/artwork/components/rectangle_spectrogram.png
2026-06-10 17:44:38,658 - INFO - Square crop dimensions: 5000x5000
2026-06-10 17:44:39,173 - INFO - Saved 5000x5000 square spectrogram to: /Volumes/project/continuo/catalogs/a98ff_praise-legend-road/147-18.83249-39.386_astro-catalog/artwork/components/spectrogram.png
2026-06-10 17:44:39,173 - INFO - Spectrogram segment covers audio from 50.27s to 83.78s
2026-06-10 17:44:39,192 - INFO - Working with spectrogram: 5000x5000, identicon: 5000x5000
2026-06-10 17:44:39,192 - INFO - Enhancing spectrogram contrast...
2026-06-10 17:44:39,291 - INFO - Resizing identicon for overlay...
2026-06-10 17:44:39,426 - INFO - Creating final composite image...
2026-06-10 17:44:40,016 - INFO - Album artwork generated successfully: /Volumes/project/continuo/catalogs/a98ff_praise-legend-road/147-18.83249-39.386_astro-catalog/artwork/147-18.83249-39.386_normalized_artwork.png
2026-06-10 17:44:40,021 - INFO - Ultra-high resolution (5000x5000) artwork generation finished successfully.
2026-06-10 17:44:40,021 - INFO - Final artwork saved at: /Volumes/project/continuo/catalogs/a98ff_praise-legend-road/147-18.83249-39.386_astro-catalog/artwork/147-18.83249-39.386_normalized_artwork.png
