2026-06-10 18:19:32,477 - INFO - Ultra-High Resolution Album Artwork Generator v7 (5000x5000 Edition)
2026-06-10 18:19:32,477 - INFO - -------------------------------------------------
2026-06-10 18:19:32,477 - INFO - Using saturation level: 0.5
2026-06-10 18:19:32,477 - INFO - Processing audio file: /Volumes/project/continuo/catalogs/soundcloud/sampleMedley_astro-catalog/sampleMedley_normalized.wav
2026-06-10 18:19:32,477 - INFO - Output will be saved as: /Volumes/project/continuo/catalogs/soundcloud/sampleMedley_astro-catalog/artwork/sampleMedley_normalized_artwork.png
2026-06-10 18:19:32,477 - INFO - Component files will be saved in: /Volumes/project/continuo/catalogs/soundcloud/sampleMedley_astro-catalog/artwork/components
2026-06-10 18:19:32,477 - INFO - Starting the v7 Ultra-High Resolution Album Artwork Generator
2026-06-10 18:19:32,480 - INFO - Output directory: /Volumes/project/continuo/catalogs/soundcloud/sampleMedley_astro-catalog/artwork
2026-06-10 18:19:32,480 - INFO - Components directory: /Volumes/project/continuo/catalogs/soundcloud/sampleMedley_astro-catalog/artwork/components
2026-06-10 18:19:32,480 - INFO - Analyzing audio fingerprint...
2026-06-10 18:19:32,489 - INFO - Audio hash: 44848265...0c0bb979
2026-06-10 18:19:32,489 - INFO - Generating identicon...
2026-06-10 18:19:32,489 - INFO - Trying jdenticon approach 1: /Users/danielramirez/Nextcloud/ore/Notes/Project/utilities/studio/lufs-workchain/node_modules/.bin/jdenticon 448482655acc9e2db352c44391df36db69443cb6c252101f8ba3d6e10c0bb979
2026-06-10 18:19:32,492 - WARNING - jdenticon approach 1 - command not found
2026-06-10 18:19:32,492 - INFO - Trying jdenticon approach 2: npx --prefix
2026-06-10 18:19:32,698 - WARNING - jdenticon approach 2 failed: Command '['npx', '--prefix', '/Users/danielramirez/Nextcloud/ore/Notes/Project/utilities/studio/lufs-workchain', 'jdenticon', '448482655acc9e2db352c44391df36db69443cb6c252101f8ba3d6e10c0bb979', '--size', '5000', '--output', '/Volumes/project/continuo/catalogs/soundcloud/sampleMedley_astro-catalog/artwork/components/identicon.png']' returned non-zero exit status 254.
2026-06-10 18:19:32,699 - INFO - Trying jdenticon approach 3: npx jdenticon
2026-06-10 18:19:33,296 - INFO - Identicon created successfully.
2026-06-10 18:19:33,318 - INFO - Generating ultra-high-resolution spectrogram...
2026-06-10 18:19:34,168 - INFO - Using figure dimensions: 50.0x12.5 inches at 400 DPI
2026-06-10 18:19:34,168 - INFO - Target pixel dimensions: 20000x5000
/Users/danielramirez/repos/lufs-workchain/.venv/lib/python3.12/site-packages/PIL/Image.py:3574: DecompressionBombWarning: Image size (100000000 pixels) exceeds limit of 89478485 pixels, could be decompression bomb DOS attack.
  warnings.warn(
2026-06-10 18:19:36,541 - INFO - Raw spectrogram dimensions: 20000x5000 pixels
2026-06-10 18:19:36,541 - INFO - Initial dimensions: 20000x5000 pixels
2026-06-10 18:19:36,541 - INFO - Adjusting saturation to 0.5...
2026-06-10 18:19:38,639 - INFO - Saved full rectangular spectrogram to: /Volumes/project/continuo/catalogs/soundcloud/sampleMedley_astro-catalog/artwork/components/rectangle_spectrogram.png
2026-06-10 18:19:38,648 - INFO - Square crop dimensions: 5000x5000
2026-06-10 18:19:39,184 - INFO - Saved 5000x5000 square spectrogram to: /Volumes/project/continuo/catalogs/soundcloud/sampleMedley_astro-catalog/artwork/components/spectrogram.png
2026-06-10 18:19:39,184 - INFO - Spectrogram segment covers audio from 47.10s to 78.50s
2026-06-10 18:19:39,205 - INFO - Working with spectrogram: 5000x5000, identicon: 5000x5000
2026-06-10 18:19:39,205 - INFO - Enhancing spectrogram contrast...
2026-06-10 18:19:39,311 - INFO - Resizing identicon for overlay...
2026-06-10 18:19:39,445 - INFO - Creating final composite image...
2026-06-10 18:19:40,054 - INFO - Album artwork generated successfully: /Volumes/project/continuo/catalogs/soundcloud/sampleMedley_astro-catalog/artwork/sampleMedley_normalized_artwork.png
2026-06-10 18:19:40,058 - INFO - Ultra-high resolution (5000x5000) artwork generation finished successfully.
2026-06-10 18:19:40,058 - INFO - Final artwork saved at: /Volumes/project/continuo/catalogs/soundcloud/sampleMedley_astro-catalog/artwork/sampleMedley_normalized_artwork.png
