# Normalization Log - Wed Jun 10 18:19:22 CDT 2026
Target LUFS: -14
Two-pass: true
LRA: 7
True Peak: -1.5 dB

ffmpeg version 8.1.1 Copyright (c) 2000-2026 the FFmpeg developers
  built with Apple clang version 21.0.0 (clang-2100.0.123.102)
  configuration: --prefix=/opt/homebrew/Cellar/ffmpeg/8.1.1 --enable-shared --enable-pthreads --enable-version3 --cc=clang --host-cflags= --host-ldflags= --enable-ffplay --enable-gpl --enable-libsvtav1 --enable-libopus --enable-libx264 --enable-libmp3lame --enable-libdav1d --enable-libvmaf --enable-libvpx --enable-libx265 --enable-openssl --enable-videotoolbox --enable-audiotoolbox --enable-neon
  libavutil      60. 26.101 / 60. 26.101
  libavcodec     62. 28.101 / 62. 28.101
  libavformat    62. 12.101 / 62. 12.101
  libavdevice    62.  3.101 / 62.  3.101
  libavfilter    11. 14.101 / 11. 14.101
  libswscale      9.  5.101 /  9.  5.101
  libswresample   6.  3.101 /  6.  3.101
[aist#0:0/pcm_s24le @ 0xca2804180] Guessed Channel Layout: stereo
Input #0, wav, from '/Volumes/project/continuo/catalogs/soundcloud/sampleMedley.wav':
  Metadata:
    encoded_by      : Logic Pro X
    date            : 2022-09-22
    creation_time   : 16:13:30
    time_reference  : 172972800
    umid            : 0x0000000000000000000000000000000000000000000000000000000000000000000000000000000000000000000000000000000000000000000000008B002A57
    coding_history  : 
  Duration: 00:02:05.61, bitrate: 2307 kb/s
  Chapters:
    Chapter #0:0: start 0.000000, end 125.605667
      Metadata:
        title           : Tempo: 90.0
  Stream #0:0: Audio: pcm_s24le ([1][0][0][0] / 0x0001), 48000 Hz, stereo, s32 (24 bit), 2304 kb/s
Stream mapping:
  Stream #0:0 -> #0:0 (pcm_s24le (native) -> pcm_s16le (native))
Press [q] to stop, [?] for help
Output #0, wav, to '/Volumes/project/continuo/catalogs/soundcloud/sampleMedley_astro-catalog/sampleMedley_normalized.wav':
  Metadata:
    ITCH            : Logic Pro X
    ICRD            : 2022-09-22
    coding_history  : 
    time_reference  : 172972800
    umid            : 0x0000000000000000000000000000000000000000000000000000000000000000000000000000000000000000000000000000000000000000000000008B002A57
    ISFT            : Lavf62.12.101
  Chapters:
    Chapter #0:0: start 0.000000, end 125.605667
      Metadata:
        title           : Tempo: 90.0
  Stream #0:0: Audio: pcm_s16le ([1][0][0][0] / 0x0001), 48000 Hz, stereo, s16, 1536 kb/s
    Metadata:
      encoder         : Lavc62.28.101 pcm_s16le
size=    2560KiB time=00:00:13.99 bitrate=1498.0kbits/s speed=27.7x elapsed=0:00:00.50    size=    5632KiB time=00:00:30.29 bitrate=1522.7kbits/s speed=30.2x elapsed=0:00:01.00    size=    9216KiB time=00:00:50.59 bitrate=1492.1kbits/s speed=33.6x elapsed=0:00:01.50    size=   13056KiB time=00:01:10.69 bitrate=1512.8kbits/s speed=35.2x elapsed=0:00:02.00    size=   16896KiB time=00:01:30.89 bitrate=1522.7kbits/s speed=36.2x elapsed=0:00:02.50    size=   20736KiB time=00:01:51.09 bitrate=1529.0kbits/s speed=36.9x elapsed=0:00:03.01    [out#0/wav @ 0xca30086c0] video:0KiB audio:23551KiB subtitle:0KiB other streams:0KiB global headers:0KiB muxing overhead: 0.000489%
size=   23551KiB time=00:02:05.70 bitrate=1534.9kbits/s speed=37.3x elapsed=0:00:03.36    
