# Normalization Log - Wed Jun 10 18:23:53 CDT 2026
Target LUFS: -14
Two-pass: true
LRA: 7
True Peak: -1.5 dB

ffmpeg version 8.1.1 Copyright (c) 2000-2026 the FFmpeg developers
  built with Apple clang version 21.0.0 (clang-2100.0.123.102)
  configuration: --prefix=/opt/homebrew/Cellar/ffmpeg/8.1.1 --enable-shared --enable-pthreads --enable-version3 --cc=clang --host-cflags= --host-ldflags= --enable-ffplay --enable-gpl --enable-libsvtav1 --enable-libopus --enable-libx264 --enable-libmp3lame --enable-libdav1d --enable-libvmaf --enable-libvpx --enable-libx265 --enable-openssl --enable-videotoolbox --enable-audiotoolbox --enable-neon
  libavutil      60. 26.101 / 60. 26.101
  libavcodec     62. 28.101 / 62. 28.101
  libavformat    62. 12.101 / 62. 12.101
  libavdevice    62.  3.101 / 62.  3.101
  libavfilter    11. 14.101 / 11. 14.101
  libswscale      9.  5.101 /  9.  5.101
  libswresample   6.  3.101 /  6.  3.101
Input #0, mov,mp4,m4a,3gp,3g2,mj2, from '/Volumes/project/continuo/catalogs/soundcloud/Everywhere Undone.m4a':
  Metadata:
    major_brand     : M4A 
    minor_version   : 0
    compatible_brands: M4A mp42isom
    creation_time   : 2002-01-10T07:52:50.000000Z
    iTunSMPB        :  00000000 00000840 00000276 0000000000C8DD4A 00000000 00000000 00000000 00000000 00000000 00000000 00000000 00000000
  Duration: 00:04:58.56, start: 0.047891, bitrate: 129 kb/s
  Stream #0:0[0x1](eng): Audio: aac (LC) (mp4a / 0x6134706D), 44100 Hz, stereo, fltp, 127 kb/s, start 0.047891 (default)
    Metadata:
      creation_time   : 2002-01-10T07:52:50.000000Z
Stream mapping:
  Stream #0:0 -> #0:0 (aac (native) -> aac (native))
Press [q] to stop, [?] for help
Output #0, ipod, to '/Volumes/project/continuo/catalogs/soundcloud/Everywhere Undone_astro-catalog/Everywhere Undone_normalized.m4a':
  Metadata:
    major_brand     : M4A 
    minor_version   : 0
    compatible_brands: M4A mp42isom
    iTunSMPB        :  00000000 00000840 00000276 0000000000C8DD4A 00000000 00000000 00000000 00000000 00000000 00000000 00000000 00000000
    encoder         : Lavf62.12.101
  Stream #0:0(eng): Audio: aac (LC) (mp4a / 0x6134706D), 44100 Hz, stereo, fltp, 128 kb/s (default)
    Metadata:
      encoder         : Lavc62.28.101 aac
      creation_time   : 2002-01-10T07:52:50.000000Z
size=       0KiB time=00:00:11.54 bitrate=   0.0kbits/s speed=  23x elapsed=0:00:00.50    size=     256KiB time=00:00:24.96 bitrate=  84.0kbits/s speed=24.9x elapsed=0:00:01.00    size=     512KiB time=00:00:41.93 bitrate= 100.0kbits/s speed=27.9x elapsed=0:00:01.50    size=     768KiB time=00:00:59.97 bitrate= 104.9kbits/s speed=29.9x elapsed=0:00:02.00    size=    1024KiB time=00:01:17.83 bitrate= 107.8kbits/s speed=  31x elapsed=0:00:02.50    size=    1280KiB time=00:01:35.94 bitrate= 109.3kbits/s speed=31.8x elapsed=0:00:03.01    size=    1536KiB time=00:01:53.84 bitrate= 110.5kbits/s speed=32.4x elapsed=0:00:03.51    size=    2048KiB time=00:02:11.93 bitrate= 127.2kbits/s speed=32.8x elapsed=0:00:04.01    size=    2304KiB time=00:02:29.93 bitrate= 125.9kbits/s speed=33.2x elapsed=0:00:04.52    size=    2560KiB time=00:02:47.64 bitrate= 125.1kbits/s speed=33.3x elapsed=0:00:05.02    size=    2816KiB time=00:03:05.73 bitrate= 124.2kbits/s speed=33.6x elapsed=0:00:05.53    size=    3072KiB time=00:03:23.84 bitrate= 123.5kbits/s speed=33.8x elapsed=0:00:06.03    size=    3328KiB time=00:03:41.93 bitrate= 122.8kbits/s speed=33.9x elapsed=0:00:06.54    size=    3584KiB time=00:04:00.14 bitrate= 122.3kbits/s speed=34.1x elapsed=0:00:07.04    size=    3840KiB time=00:04:18.22 bitrate= 121.8kbits/s speed=34.2x elapsed=0:00:07.54    size=    4096KiB time=00:04:36.34 bitrate= 121.4kbits/s speed=34.3x elapsed=0:00:08.04    size=    4608KiB time=00:04:54.15 bitrate= 128.3kbits/s speed=34.4x elapsed=0:00:08.54    [out#0/ipod @ 0xbaf008780] video:0KiB audio:4687KiB subtitle:0KiB other streams:0KiB global headers:0KiB muxing overhead: 1.089919%
size=    4738KiB time=00:04:58.60 bitrate= 130.0kbits/s speed=34.5x elapsed=0:00:08.66    
[aac @ 0xbaec58a80] Qavg: 663.959
