2026-06-10 17:52:09,688 - INFO - Ultra-High Resolution Album Artwork Generator v7 (5000x5000 Edition)
2026-06-10 17:52:09,688 - INFO - -------------------------------------------------
2026-06-10 17:52:09,688 - INFO - Using saturation level: 0.5
2026-06-10 17:52:09,688 - INFO - Processing audio file: /Volumes/project/continuo/catalogs/a98ff_praise-legend-road/118-53.37621-12.896_astro-catalog/118-53.37621-12.896_normalized.wav
2026-06-10 17:52:09,688 - INFO - Output will be saved as: /Volumes/project/continuo/catalogs/a98ff_praise-legend-road/118-53.37621-12.896_astro-catalog/artwork/118-53.37621-12.896_normalized_artwork.png
2026-06-10 17:52:09,688 - INFO - Component files will be saved in: /Volumes/project/continuo/catalogs/a98ff_praise-legend-road/118-53.37621-12.896_astro-catalog/artwork/components
2026-06-10 17:52:09,688 - INFO - Starting the v7 Ultra-High Resolution Album Artwork Generator
2026-06-10 17:52:09,690 - INFO - Output directory: /Volumes/project/continuo/catalogs/a98ff_praise-legend-road/118-53.37621-12.896_astro-catalog/artwork
2026-06-10 17:52:09,690 - INFO - Components directory: /Volumes/project/continuo/catalogs/a98ff_praise-legend-road/118-53.37621-12.896_astro-catalog/artwork/components
2026-06-10 17:52:09,690 - INFO - Analyzing audio fingerprint...
2026-06-10 17:52:09,700 - INFO - Audio hash: 05987e3a...c8adebd9
2026-06-10 17:52:09,700 - INFO - Generating identicon...
2026-06-10 17:52:09,700 - INFO - Trying jdenticon approach 1: /Users/danielramirez/Nextcloud/ore/Notes/Project/utilities/studio/lufs-workchain/node_modules/.bin/jdenticon 05987e3aeb9760787c618d5050b8aebda9f393e01d7b92bfaf0cd56cc8adebd9
2026-06-10 17:52:09,703 - WARNING - jdenticon approach 1 - command not found
2026-06-10 17:52:09,703 - INFO - Trying jdenticon approach 2: npx --prefix
2026-06-10 17:52:09,902 - WARNING - jdenticon approach 2 failed: Command '['npx', '--prefix', '/Users/danielramirez/Nextcloud/ore/Notes/Project/utilities/studio/lufs-workchain', 'jdenticon', '05987e3aeb9760787c618d5050b8aebda9f393e01d7b92bfaf0cd56cc8adebd9', '--size', '5000', '--output', '/Volumes/project/continuo/catalogs/a98ff_praise-legend-road/118-53.37621-12.896_astro-catalog/artwork/components/identicon.png']' returned non-zero exit status 254.
2026-06-10 17:52:09,902 - INFO - Trying jdenticon approach 3: npx jdenticon
2026-06-10 17:52:10,491 - INFO - Identicon created successfully.
2026-06-10 17:52:10,518 - INFO - Generating ultra-high-resolution spectrogram...
2026-06-10 17:52:11,354 - INFO - Using figure dimensions: 50.0x12.5 inches at 400 DPI
2026-06-10 17:52:11,354 - INFO - Target pixel dimensions: 20000x5000
/Users/danielramirez/repos/lufs-workchain/.venv/lib/python3.12/site-packages/PIL/Image.py:3574: DecompressionBombWarning: Image size (100000000 pixels) exceeds limit of 89478485 pixels, could be decompression bomb DOS attack.
  warnings.warn(
2026-06-10 17:52:14,052 - INFO - Raw spectrogram dimensions: 20000x5000 pixels
2026-06-10 17:52:14,052 - INFO - Initial dimensions: 20000x5000 pixels
2026-06-10 17:52:14,052 - INFO - Adjusting saturation to 0.5...
2026-06-10 17:52:16,053 - INFO - Saved full rectangular spectrogram to: /Volumes/project/continuo/catalogs/a98ff_praise-legend-road/118-53.37621-12.896_astro-catalog/artwork/components/rectangle_spectrogram.png
2026-06-10 17:52:16,062 - INFO - Square crop dimensions: 5000x5000
2026-06-10 17:52:16,582 - INFO - Saved 5000x5000 square spectrogram to: /Volumes/project/continuo/catalogs/a98ff_praise-legend-road/118-53.37621-12.896_astro-catalog/artwork/components/spectrogram.png
2026-06-10 17:52:16,582 - INFO - Spectrogram segment covers audio from 50.12s to 83.53s
2026-06-10 17:52:16,603 - INFO - Working with spectrogram: 5000x5000, identicon: 5000x5000
2026-06-10 17:52:16,603 - INFO - Enhancing spectrogram contrast...
2026-06-10 17:52:16,703 - INFO - Resizing identicon for overlay...
2026-06-10 17:52:16,837 - INFO - Creating final composite image...
2026-06-10 17:52:17,420 - INFO - Album artwork generated successfully: /Volumes/project/continuo/catalogs/a98ff_praise-legend-road/118-53.37621-12.896_astro-catalog/artwork/118-53.37621-12.896_normalized_artwork.png
2026-06-10 17:52:17,424 - INFO - Ultra-high resolution (5000x5000) artwork generation finished successfully.
2026-06-10 17:52:17,424 - INFO - Final artwork saved at: /Volumes/project/continuo/catalogs/a98ff_praise-legend-road/118-53.37621-12.896_astro-catalog/artwork/118-53.37621-12.896_normalized_artwork.png
