2026-06-10 17:50:31,768 - INFO - Ultra-High Resolution Album Artwork Generator v7 (5000x5000 Edition)
2026-06-10 17:50:31,798 - INFO - -------------------------------------------------
2026-06-10 17:50:31,798 - INFO - Using saturation level: 0.5
2026-06-10 17:50:31,798 - INFO - Processing audio file: /Volumes/project/continuo/catalogs/a98ff_praise-legend-road/156-41.10959-01.664_astro-catalog/156-41.10959-01.664_normalized.wav
2026-06-10 17:50:31,798 - INFO - Output will be saved as: /Volumes/project/continuo/catalogs/a98ff_praise-legend-road/156-41.10959-01.664_astro-catalog/artwork/156-41.10959-01.664_normalized_artwork.png
2026-06-10 17:50:31,798 - INFO - Component files will be saved in: /Volumes/project/continuo/catalogs/a98ff_praise-legend-road/156-41.10959-01.664_astro-catalog/artwork/components
2026-06-10 17:50:31,798 - INFO - Starting the v7 Ultra-High Resolution Album Artwork Generator
2026-06-10 17:50:31,800 - INFO - Output directory: /Volumes/project/continuo/catalogs/a98ff_praise-legend-road/156-41.10959-01.664_astro-catalog/artwork
2026-06-10 17:50:31,800 - INFO - Components directory: /Volumes/project/continuo/catalogs/a98ff_praise-legend-road/156-41.10959-01.664_astro-catalog/artwork/components
2026-06-10 17:50:31,800 - INFO - Analyzing audio fingerprint...
2026-06-10 17:50:31,821 - INFO - Audio hash: b48dc2a7...468a29f5
2026-06-10 17:50:31,821 - INFO - Generating identicon...
2026-06-10 17:50:31,821 - INFO - Trying jdenticon approach 1: /Users/danielramirez/Nextcloud/ore/Notes/Project/utilities/studio/lufs-workchain/node_modules/.bin/jdenticon b48dc2a76222c6bc305e499a2ae6947eb7137b68e2b7ea5d902c9146468a29f5
2026-06-10 17:50:31,824 - WARNING - jdenticon approach 1 - command not found
2026-06-10 17:50:31,824 - INFO - Trying jdenticon approach 2: npx --prefix
2026-06-10 17:50:32,026 - WARNING - jdenticon approach 2 failed: Command '['npx', '--prefix', '/Users/danielramirez/Nextcloud/ore/Notes/Project/utilities/studio/lufs-workchain', 'jdenticon', 'b48dc2a76222c6bc305e499a2ae6947eb7137b68e2b7ea5d902c9146468a29f5', '--size', '5000', '--output', '/Volumes/project/continuo/catalogs/a98ff_praise-legend-road/156-41.10959-01.664_astro-catalog/artwork/components/identicon.png']' returned non-zero exit status 254.
2026-06-10 17:50:32,026 - INFO - Trying jdenticon approach 3: npx jdenticon
2026-06-10 17:50:32,594 - INFO - Identicon created successfully.
2026-06-10 17:50:32,615 - INFO - Generating ultra-high-resolution spectrogram...
2026-06-10 17:50:33,446 - INFO - Using figure dimensions: 50.0x12.5 inches at 400 DPI
2026-06-10 17:50:33,446 - INFO - Target pixel dimensions: 20000x5000
/Users/danielramirez/repos/lufs-workchain/.venv/lib/python3.12/site-packages/PIL/Image.py:3574: DecompressionBombWarning: Image size (100000000 pixels) exceeds limit of 89478485 pixels, could be decompression bomb DOS attack.
  warnings.warn(
2026-06-10 17:50:36,223 - INFO - Raw spectrogram dimensions: 20000x5000 pixels
2026-06-10 17:50:36,223 - INFO - Initial dimensions: 20000x5000 pixels
2026-06-10 17:50:36,223 - INFO - Adjusting saturation to 0.5...
2026-06-10 17:50:38,232 - INFO - Saved full rectangular spectrogram to: /Volumes/project/continuo/catalogs/a98ff_praise-legend-road/156-41.10959-01.664_astro-catalog/artwork/components/rectangle_spectrogram.png
2026-06-10 17:50:38,241 - INFO - Square crop dimensions: 5000x5000
2026-06-10 17:50:38,750 - INFO - Saved 5000x5000 square spectrogram to: /Volumes/project/continuo/catalogs/a98ff_praise-legend-road/156-41.10959-01.664_astro-catalog/artwork/components/spectrogram.png
2026-06-10 17:50:38,750 - INFO - Spectrogram segment covers audio from 50.44s to 84.07s
2026-06-10 17:50:38,771 - INFO - Working with spectrogram: 5000x5000, identicon: 5000x5000
2026-06-10 17:50:38,771 - INFO - Enhancing spectrogram contrast...
2026-06-10 17:50:38,872 - INFO - Resizing identicon for overlay...
2026-06-10 17:50:39,008 - INFO - Creating final composite image...
2026-06-10 17:50:39,584 - INFO - Album artwork generated successfully: /Volumes/project/continuo/catalogs/a98ff_praise-legend-road/156-41.10959-01.664_astro-catalog/artwork/156-41.10959-01.664_normalized_artwork.png
2026-06-10 17:50:39,587 - INFO - Ultra-high resolution (5000x5000) artwork generation finished successfully.
2026-06-10 17:50:39,587 - INFO - Final artwork saved at: /Volumes/project/continuo/catalogs/a98ff_praise-legend-road/156-41.10959-01.664_astro-catalog/artwork/156-41.10959-01.664_normalized_artwork.png
