2026-06-10 18:13:39,750 - INFO - Ultra-High Resolution Album Artwork Generator v7 (5000x5000 Edition)
2026-06-10 18:13:39,750 - INFO - -------------------------------------------------
2026-06-10 18:13:39,750 - INFO - Using saturation level: 0.5
2026-06-10 18:13:39,750 - INFO - Processing audio file: /Volumes/project/continuo/catalogs/soundcloud/Abisselfa Suite_astro-catalog/Abisselfa Suite_normalized.wav
2026-06-10 18:13:39,750 - INFO - Output will be saved as: /Volumes/project/continuo/catalogs/soundcloud/Abisselfa Suite_astro-catalog/artwork/Abisselfa Suite_normalized_artwork.png
2026-06-10 18:13:39,750 - INFO - Component files will be saved in: /Volumes/project/continuo/catalogs/soundcloud/Abisselfa Suite_astro-catalog/artwork/components
2026-06-10 18:13:39,750 - INFO - Starting the v7 Ultra-High Resolution Album Artwork Generator
2026-06-10 18:13:39,753 - INFO - Output directory: /Volumes/project/continuo/catalogs/soundcloud/Abisselfa Suite_astro-catalog/artwork
2026-06-10 18:13:39,753 - INFO - Components directory: /Volumes/project/continuo/catalogs/soundcloud/Abisselfa Suite_astro-catalog/artwork/components
2026-06-10 18:13:39,753 - INFO - Analyzing audio fingerprint...
2026-06-10 18:13:39,766 - INFO - Audio hash: cc6858d3...e382d7a9
2026-06-10 18:13:39,766 - INFO - Generating identicon...
2026-06-10 18:13:39,766 - INFO - Trying jdenticon approach 1: /Users/danielramirez/Nextcloud/ore/Notes/Project/utilities/studio/lufs-workchain/node_modules/.bin/jdenticon cc6858d3063419b724aeebb32686ea501063d15ac7b26aadf1c027a4e382d7a9
2026-06-10 18:13:39,769 - WARNING - jdenticon approach 1 - command not found
2026-06-10 18:13:39,769 - INFO - Trying jdenticon approach 2: npx --prefix
2026-06-10 18:13:40,000 - WARNING - jdenticon approach 2 failed: Command '['npx', '--prefix', '/Users/danielramirez/Nextcloud/ore/Notes/Project/utilities/studio/lufs-workchain', 'jdenticon', 'cc6858d3063419b724aeebb32686ea501063d15ac7b26aadf1c027a4e382d7a9', '--size', '5000', '--output', '/Volumes/project/continuo/catalogs/soundcloud/Abisselfa Suite_astro-catalog/artwork/components/identicon.png']' returned non-zero exit status 254.
2026-06-10 18:13:40,001 - INFO - Trying jdenticon approach 3: npx jdenticon
2026-06-10 18:13:40,541 - INFO - Identicon created successfully.
2026-06-10 18:13:40,574 - INFO - Generating ultra-high-resolution spectrogram...
2026-06-10 18:13:41,552 - INFO - Using figure dimensions: 50.0x12.5 inches at 400 DPI
2026-06-10 18:13:41,552 - INFO - Target pixel dimensions: 20000x5000
/Users/danielramirez/repos/lufs-workchain/.venv/lib/python3.12/site-packages/PIL/Image.py:3574: DecompressionBombWarning: Image size (100000000 pixels) exceeds limit of 89478485 pixels, could be decompression bomb DOS attack.
  warnings.warn(
2026-06-10 18:13:44,753 - INFO - Raw spectrogram dimensions: 20000x5000 pixels
2026-06-10 18:13:44,753 - INFO - Initial dimensions: 20000x5000 pixels
2026-06-10 18:13:44,753 - INFO - Adjusting saturation to 0.5...
2026-06-10 18:13:46,999 - INFO - Saved full rectangular spectrogram to: /Volumes/project/continuo/catalogs/soundcloud/Abisselfa Suite_astro-catalog/artwork/components/rectangle_spectrogram.png
2026-06-10 18:13:47,009 - INFO - Square crop dimensions: 5000x5000
2026-06-10 18:13:47,580 - INFO - Saved 5000x5000 square spectrogram to: /Volumes/project/continuo/catalogs/soundcloud/Abisselfa Suite_astro-catalog/artwork/components/spectrogram.png
2026-06-10 18:13:47,580 - INFO - Spectrogram segment covers audio from 54.58s to 90.97s
2026-06-10 18:13:47,603 - INFO - Working with spectrogram: 5000x5000, identicon: 5000x5000
2026-06-10 18:13:47,603 - INFO - Enhancing spectrogram contrast...
2026-06-10 18:13:47,720 - INFO - Resizing identicon for overlay...
2026-06-10 18:13:47,866 - INFO - Creating final composite image...
2026-06-10 18:13:48,549 - INFO - Album artwork generated successfully: /Volumes/project/continuo/catalogs/soundcloud/Abisselfa Suite_astro-catalog/artwork/Abisselfa Suite_normalized_artwork.png
2026-06-10 18:13:48,554 - INFO - Ultra-high resolution (5000x5000) artwork generation finished successfully.
2026-06-10 18:13:48,554 - INFO - Final artwork saved at: /Volumes/project/continuo/catalogs/soundcloud/Abisselfa Suite_astro-catalog/artwork/Abisselfa Suite_normalized_artwork.png
