# Normalization Log - Wed Jun 10 18:13:27 CDT 2026
Target LUFS: -14
Two-pass: true
LRA: 7
True Peak: -1.5 dB

ffmpeg version 8.1.1 Copyright (c) 2000-2026 the FFmpeg developers
  built with Apple clang version 21.0.0 (clang-2100.0.123.102)
  configuration: --prefix=/opt/homebrew/Cellar/ffmpeg/8.1.1 --enable-shared --enable-pthreads --enable-version3 --cc=clang --host-cflags= --host-ldflags= --enable-ffplay --enable-gpl --enable-libsvtav1 --enable-libopus --enable-libx264 --enable-libmp3lame --enable-libdav1d --enable-libvmaf --enable-libvpx --enable-libx265 --enable-openssl --enable-videotoolbox --enable-audiotoolbox --enable-neon
  libavutil      60. 26.101 / 60. 26.101
  libavcodec     62. 28.101 / 62. 28.101
  libavformat    62. 12.101 / 62. 12.101
  libavdevice    62.  3.101 / 62.  3.101
  libavfilter    11. 14.101 / 11. 14.101
  libswscale      9.  5.101 /  9.  5.101
  libswresample   6.  3.101 /  6.  3.101
[aist#0:0/pcm_s24le @ 0xa8ec0c180] Guessed Channel Layout: stereo
Input #0, wav, from '/Volumes/project/continuo/catalogs/soundcloud/Abisselfa Suite.wav':
  Duration: 00:02:25.56, bitrate: 2307 kb/s
  Chapters:
    Chapter #0:0: start 0.000000, end 145.555563
      Metadata:
        title           : Tempo: 108.0
    Chapter #0:1: start 0.000000, end 53.333333
      Metadata:
        title           : Slavery Theme
    Chapter #0:2: start 53.333333, end 97.777792
      Metadata:
        title           : Redemption/Denial Theme
    Chapter #0:3: start 97.777792, end 145.555563
      Metadata:
        title           : Freedom Theme
  Stream #0:0: Audio: pcm_s24le ([1][0][0][0] / 0x0001), 48000 Hz, stereo, s32 (24 bit), 2304 kb/s
Stream mapping:
  Stream #0:0 -> #0:0 (pcm_s24le (native) -> pcm_s16le (native))
Press [q] to stop, [?] for help
Output #0, wav, to '/Volumes/project/continuo/catalogs/soundcloud/Abisselfa Suite_astro-catalog/Abisselfa Suite_normalized.wav':
  Metadata:
    ISFT            : Lavf62.12.101
  Chapters:
    Chapter #0:0: start 0.000000, end 145.555563
      Metadata:
        title           : Tempo: 108.0
    Chapter #0:1: start 0.000000, end 53.333333
      Metadata:
        title           : Slavery Theme
    Chapter #0:2: start 53.333333, end 97.777792
      Metadata:
        title           : Redemption/Denial Theme
    Chapter #0:3: start 97.777792, end 145.555563
      Metadata:
        title           : Freedom Theme
  Stream #0:0: Audio: pcm_s16le ([1][0][0][0] / 0x0001), 48000 Hz, stereo, s16, 1536 kb/s
    Metadata:
      encoder         : Lavc62.28.101 pcm_s16le
size=    3072KiB time=00:00:16.79 bitrate=1498.0kbits/s speed=33.6x elapsed=0:00:00.50    size=    6400KiB time=00:00:34.89 bitrate=1502.3kbits/s speed=34.9x elapsed=0:00:01.00    size=    9728KiB time=00:00:53.19 bitrate=1498.0kbits/s speed=35.3x elapsed=0:00:01.50    size=   13056KiB time=00:01:10.89 bitrate=1508.5kbits/s speed=35.3x elapsed=0:00:02.00    size=   16384KiB time=00:01:28.39 bitrate=1518.3kbits/s speed=35.2x elapsed=0:00:02.51    size=   19712KiB time=00:01:45.69 bitrate=1527.7kbits/s speed=35.1x elapsed=0:00:03.01    size=   23040KiB time=00:02:03.09 bitrate=1533.3kbits/s speed=  35x elapsed=0:00:03.51    size=   26112KiB time=00:02:19.99 bitrate=1527.9kbits/s speed=34.9x elapsed=0:00:04.01    [out#0/wav @ 0xa8f008780] video:0KiB audio:27292KiB subtitle:0KiB other streams:0KiB global headers:0KiB muxing overhead: 0.000279%
size=   27292KiB time=00:02:25.60 bitrate=1535.5kbits/s speed=34.8x elapsed=0:00:04.18    
