2026-06-10 17:43:03,060 - INFO - Ultra-High Resolution Album Artwork Generator v7 (5000x5000 Edition)
2026-06-10 17:43:03,060 - INFO - -------------------------------------------------
2026-06-10 17:43:03,060 - INFO - Using saturation level: 0.5
2026-06-10 17:43:03,060 - INFO - Processing audio file: /Volumes/project/continuo/catalogs/a98ff_praise-legend-road/140-14.00042-35.610_astro-catalog/140-14.00042-35.610_normalized.wav
2026-06-10 17:43:03,060 - INFO - Output will be saved as: /Volumes/project/continuo/catalogs/a98ff_praise-legend-road/140-14.00042-35.610_astro-catalog/artwork/140-14.00042-35.610_normalized_artwork.png
2026-06-10 17:43:03,060 - INFO - Component files will be saved in: /Volumes/project/continuo/catalogs/a98ff_praise-legend-road/140-14.00042-35.610_astro-catalog/artwork/components
2026-06-10 17:43:03,060 - INFO - Starting the v7 Ultra-High Resolution Album Artwork Generator
2026-06-10 17:43:03,063 - INFO - Output directory: /Volumes/project/continuo/catalogs/a98ff_praise-legend-road/140-14.00042-35.610_astro-catalog/artwork
2026-06-10 17:43:03,063 - INFO - Components directory: /Volumes/project/continuo/catalogs/a98ff_praise-legend-road/140-14.00042-35.610_astro-catalog/artwork/components
2026-06-10 17:43:03,063 - INFO - Analyzing audio fingerprint...
2026-06-10 17:43:03,073 - INFO - Audio hash: 21610839...46fa39f4
2026-06-10 17:43:03,073 - INFO - Generating identicon...
2026-06-10 17:43:03,073 - INFO - Trying jdenticon approach 1: /Users/danielramirez/Nextcloud/ore/Notes/Project/utilities/studio/lufs-workchain/node_modules/.bin/jdenticon 21610839b9535379fd582da100c247994da1137be64dc3266821e93c46fa39f4
2026-06-10 17:43:03,075 - WARNING - jdenticon approach 1 - command not found
2026-06-10 17:43:03,076 - INFO - Trying jdenticon approach 2: npx --prefix
2026-06-10 17:43:03,269 - WARNING - jdenticon approach 2 failed: Command '['npx', '--prefix', '/Users/danielramirez/Nextcloud/ore/Notes/Project/utilities/studio/lufs-workchain', 'jdenticon', '21610839b9535379fd582da100c247994da1137be64dc3266821e93c46fa39f4', '--size', '5000', '--output', '/Volumes/project/continuo/catalogs/a98ff_praise-legend-road/140-14.00042-35.610_astro-catalog/artwork/components/identicon.png']' returned non-zero exit status 254.
2026-06-10 17:43:03,269 - INFO - Trying jdenticon approach 3: npx jdenticon
2026-06-10 17:43:03,637 - INFO - Identicon created successfully.
2026-06-10 17:43:03,665 - INFO - Generating ultra-high-resolution spectrogram...
2026-06-10 17:43:04,490 - INFO - Using figure dimensions: 50.0x12.5 inches at 400 DPI
2026-06-10 17:43:04,490 - INFO - Target pixel dimensions: 20000x5000
/Users/danielramirez/repos/lufs-workchain/.venv/lib/python3.12/site-packages/PIL/Image.py:3574: DecompressionBombWarning: Image size (100000000 pixels) exceeds limit of 89478485 pixels, could be decompression bomb DOS attack.
  warnings.warn(
2026-06-10 17:43:07,305 - INFO - Raw spectrogram dimensions: 20000x5000 pixels
2026-06-10 17:43:07,305 - INFO - Initial dimensions: 20000x5000 pixels
2026-06-10 17:43:07,305 - INFO - Adjusting saturation to 0.5...
2026-06-10 17:43:09,341 - INFO - Saved full rectangular spectrogram to: /Volumes/project/continuo/catalogs/a98ff_praise-legend-road/140-14.00042-35.610_astro-catalog/artwork/components/rectangle_spectrogram.png
2026-06-10 17:43:09,350 - INFO - Square crop dimensions: 5000x5000
2026-06-10 17:43:09,871 - INFO - Saved 5000x5000 square spectrogram to: /Volumes/project/continuo/catalogs/a98ff_praise-legend-road/140-14.00042-35.610_astro-catalog/artwork/components/spectrogram.png
2026-06-10 17:43:09,871 - INFO - Spectrogram segment covers audio from 51.23s to 85.38s
2026-06-10 17:43:09,890 - INFO - Working with spectrogram: 5000x5000, identicon: 5000x5000
2026-06-10 17:43:09,890 - INFO - Enhancing spectrogram contrast...
2026-06-10 17:43:09,990 - INFO - Resizing identicon for overlay...
2026-06-10 17:43:10,123 - INFO - Creating final composite image...
2026-06-10 17:43:10,713 - INFO - Album artwork generated successfully: /Volumes/project/continuo/catalogs/a98ff_praise-legend-road/140-14.00042-35.610_astro-catalog/artwork/140-14.00042-35.610_normalized_artwork.png
2026-06-10 17:43:10,717 - INFO - Ultra-high resolution (5000x5000) artwork generation finished successfully.
2026-06-10 17:43:10,717 - INFO - Final artwork saved at: /Volumes/project/continuo/catalogs/a98ff_praise-legend-road/140-14.00042-35.610_astro-catalog/artwork/140-14.00042-35.610_normalized_artwork.png
