2026-06-10 17:42:30,499 - INFO - Ultra-High Resolution Album Artwork Generator v7 (5000x5000 Edition)
2026-06-10 17:42:30,499 - INFO - -------------------------------------------------
2026-06-10 17:42:30,499 - INFO - Using saturation level: 0.5
2026-06-10 17:42:30,499 - INFO - Processing audio file: /Volumes/project/continuo/catalogs/a98ff_praise-legend-road/159-01.6641-01-22.218_astro-catalog/159-01.6641-01-22.218_normalized.wav
2026-06-10 17:42:30,499 - INFO - Output will be saved as: /Volumes/project/continuo/catalogs/a98ff_praise-legend-road/159-01.6641-01-22.218_astro-catalog/artwork/159-01.6641-01-22.218_normalized_artwork.png
2026-06-10 17:42:30,499 - INFO - Component files will be saved in: /Volumes/project/continuo/catalogs/a98ff_praise-legend-road/159-01.6641-01-22.218_astro-catalog/artwork/components
2026-06-10 17:42:30,499 - INFO - Starting the v7 Ultra-High Resolution Album Artwork Generator
2026-06-10 17:42:30,501 - INFO - Output directory: /Volumes/project/continuo/catalogs/a98ff_praise-legend-road/159-01.6641-01-22.218_astro-catalog/artwork
2026-06-10 17:42:30,501 - INFO - Components directory: /Volumes/project/continuo/catalogs/a98ff_praise-legend-road/159-01.6641-01-22.218_astro-catalog/artwork/components
2026-06-10 17:42:30,501 - INFO - Analyzing audio fingerprint...
2026-06-10 17:42:30,519 - INFO - Audio hash: 037d4bb2...1f8b4b18
2026-06-10 17:42:30,519 - INFO - Generating identicon...
2026-06-10 17:42:30,519 - INFO - Trying jdenticon approach 1: /Users/danielramirez/Nextcloud/ore/Notes/Project/utilities/studio/lufs-workchain/node_modules/.bin/jdenticon 037d4bb2cadeffe8dda19eeccbf646b5b6d3fd894321cc29c302d8ea1f8b4b18
2026-06-10 17:42:30,522 - WARNING - jdenticon approach 1 - command not found
2026-06-10 17:42:30,522 - INFO - Trying jdenticon approach 2: npx --prefix
2026-06-10 17:42:30,722 - WARNING - jdenticon approach 2 failed: Command '['npx', '--prefix', '/Users/danielramirez/Nextcloud/ore/Notes/Project/utilities/studio/lufs-workchain', 'jdenticon', '037d4bb2cadeffe8dda19eeccbf646b5b6d3fd894321cc29c302d8ea1f8b4b18', '--size', '5000', '--output', '/Volumes/project/continuo/catalogs/a98ff_praise-legend-road/159-01.6641-01-22.218_astro-catalog/artwork/components/identicon.png']' returned non-zero exit status 254.
2026-06-10 17:42:30,722 - INFO - Trying jdenticon approach 3: npx jdenticon
2026-06-10 17:42:31,242 - INFO - Identicon created successfully.
2026-06-10 17:42:31,265 - INFO - Generating ultra-high-resolution spectrogram...
2026-06-10 17:42:32,090 - INFO - Using figure dimensions: 50.0x12.5 inches at 400 DPI
2026-06-10 17:42:32,090 - INFO - Target pixel dimensions: 20000x5000
/Users/danielramirez/repos/lufs-workchain/.venv/lib/python3.12/site-packages/PIL/Image.py:3574: DecompressionBombWarning: Image size (100000000 pixels) exceeds limit of 89478485 pixels, could be decompression bomb DOS attack.
  warnings.warn(
2026-06-10 17:42:34,619 - INFO - Raw spectrogram dimensions: 20000x5000 pixels
2026-06-10 17:42:34,619 - INFO - Initial dimensions: 20000x5000 pixels
2026-06-10 17:42:34,619 - INFO - Adjusting saturation to 0.5...
2026-06-10 17:42:36,648 - INFO - Saved full rectangular spectrogram to: /Volumes/project/continuo/catalogs/a98ff_praise-legend-road/159-01.6641-01-22.218_astro-catalog/artwork/components/rectangle_spectrogram.png
2026-06-10 17:42:36,657 - INFO - Square crop dimensions: 5000x5000
2026-06-10 17:42:37,172 - INFO - Saved 5000x5000 square spectrogram to: /Volumes/project/continuo/catalogs/a98ff_praise-legend-road/159-01.6641-01-22.218_astro-catalog/artwork/components/spectrogram.png
2026-06-10 17:42:37,172 - INFO - Spectrogram segment covers audio from 51.05s to 85.08s
2026-06-10 17:42:37,190 - INFO - Working with spectrogram: 5000x5000, identicon: 5000x5000
2026-06-10 17:42:37,191 - INFO - Enhancing spectrogram contrast...
2026-06-10 17:42:37,291 - INFO - Resizing identicon for overlay...
2026-06-10 17:42:37,425 - INFO - Creating final composite image...
2026-06-10 17:42:37,998 - INFO - Album artwork generated successfully: /Volumes/project/continuo/catalogs/a98ff_praise-legend-road/159-01.6641-01-22.218_astro-catalog/artwork/159-01.6641-01-22.218_normalized_artwork.png
2026-06-10 17:42:38,001 - INFO - Ultra-high resolution (5000x5000) artwork generation finished successfully.
2026-06-10 17:42:38,001 - INFO - Final artwork saved at: /Volumes/project/continuo/catalogs/a98ff_praise-legend-road/159-01.6641-01-22.218_astro-catalog/artwork/159-01.6641-01-22.218_normalized_artwork.png
