2026-06-10 17:34:56,404 - INFO - Ultra-High Resolution Album Artwork Generator v7 (5000x5000 Edition)
2026-06-10 17:34:56,404 - INFO - -------------------------------------------------
2026-06-10 17:34:56,404 - INFO - Using saturation level: 0.5
2026-06-10 17:34:56,404 - INFO - Processing audio file: /Volumes/project/continuo/catalogs/a98ff_praise-legend-road/144-57.22147-18.832_astro-catalog/144-57.22147-18.832_normalized.wav
2026-06-10 17:34:56,404 - INFO - Output will be saved as: /Volumes/project/continuo/catalogs/a98ff_praise-legend-road/144-57.22147-18.832_astro-catalog/artwork/144-57.22147-18.832_normalized_artwork.png
2026-06-10 17:34:56,404 - INFO - Component files will be saved in: /Volumes/project/continuo/catalogs/a98ff_praise-legend-road/144-57.22147-18.832_astro-catalog/artwork/components
2026-06-10 17:34:56,404 - INFO - Starting the v7 Ultra-High Resolution Album Artwork Generator
2026-06-10 17:34:56,407 - INFO - Output directory: /Volumes/project/continuo/catalogs/a98ff_praise-legend-road/144-57.22147-18.832_astro-catalog/artwork
2026-06-10 17:34:56,407 - INFO - Components directory: /Volumes/project/continuo/catalogs/a98ff_praise-legend-road/144-57.22147-18.832_astro-catalog/artwork/components
2026-06-10 17:34:56,407 - INFO - Analyzing audio fingerprint...
2026-06-10 17:34:56,417 - INFO - Audio hash: c8dbeaec...d7892744
2026-06-10 17:34:56,417 - INFO - Generating identicon...
2026-06-10 17:34:56,417 - INFO - Trying jdenticon approach 1: /Users/danielramirez/Nextcloud/ore/Notes/Project/utilities/studio/lufs-workchain/node_modules/.bin/jdenticon c8dbeaec45217cd7338174dd35bf0262b657dfecb19aee1eabe175a2d7892744
2026-06-10 17:34:56,420 - WARNING - jdenticon approach 1 - command not found
2026-06-10 17:34:56,420 - INFO - Trying jdenticon approach 2: npx --prefix
2026-06-10 17:34:56,620 - WARNING - jdenticon approach 2 failed: Command '['npx', '--prefix', '/Users/danielramirez/Nextcloud/ore/Notes/Project/utilities/studio/lufs-workchain', 'jdenticon', 'c8dbeaec45217cd7338174dd35bf0262b657dfecb19aee1eabe175a2d7892744', '--size', '5000', '--output', '/Volumes/project/continuo/catalogs/a98ff_praise-legend-road/144-57.22147-18.832_astro-catalog/artwork/components/identicon.png']' returned non-zero exit status 254.
2026-06-10 17:34:56,621 - INFO - Trying jdenticon approach 3: npx jdenticon
2026-06-10 17:34:56,993 - INFO - Identicon created successfully.
2026-06-10 17:34:57,022 - INFO - Generating ultra-high-resolution spectrogram...
2026-06-10 17:34:57,931 - INFO - Using figure dimensions: 50.0x12.5 inches at 400 DPI
2026-06-10 17:34:57,931 - INFO - Target pixel dimensions: 20000x5000
/Users/danielramirez/repos/lufs-workchain/.venv/lib/python3.12/site-packages/PIL/Image.py:3574: DecompressionBombWarning: Image size (100000000 pixels) exceeds limit of 89478485 pixels, could be decompression bomb DOS attack.
  warnings.warn(
2026-06-10 17:35:00,657 - INFO - Raw spectrogram dimensions: 20000x5000 pixels
2026-06-10 17:35:00,657 - INFO - Initial dimensions: 20000x5000 pixels
2026-06-10 17:35:00,657 - INFO - Adjusting saturation to 0.5...
2026-06-10 17:35:02,683 - INFO - Saved full rectangular spectrogram to: /Volumes/project/continuo/catalogs/a98ff_praise-legend-road/144-57.22147-18.832_astro-catalog/artwork/components/rectangle_spectrogram.png
2026-06-10 17:35:02,692 - INFO - Square crop dimensions: 5000x5000
2026-06-10 17:35:03,215 - INFO - Saved 5000x5000 square spectrogram to: /Volumes/project/continuo/catalogs/a98ff_praise-legend-road/144-57.22147-18.832_astro-catalog/artwork/components/spectrogram.png
2026-06-10 17:35:03,215 - INFO - Spectrogram segment covers audio from 50.66s to 84.43s
2026-06-10 17:35:03,234 - INFO - Working with spectrogram: 5000x5000, identicon: 5000x5000
2026-06-10 17:35:03,234 - INFO - Enhancing spectrogram contrast...
2026-06-10 17:35:03,334 - INFO - Resizing identicon for overlay...
2026-06-10 17:35:03,472 - INFO - Creating final composite image...
2026-06-10 17:35:04,067 - INFO - Album artwork generated successfully: /Volumes/project/continuo/catalogs/a98ff_praise-legend-road/144-57.22147-18.832_astro-catalog/artwork/144-57.22147-18.832_normalized_artwork.png
2026-06-10 17:35:04,071 - INFO - Ultra-high resolution (5000x5000) artwork generation finished successfully.
2026-06-10 17:35:04,071 - INFO - Final artwork saved at: /Volumes/project/continuo/catalogs/a98ff_praise-legend-road/144-57.22147-18.832_astro-catalog/artwork/144-57.22147-18.832_normalized_artwork.png
