# Normalization Log - Wed Jun 10 17:34:45 CDT 2026
Target LUFS: -14
Two-pass: true
LRA: 7
True Peak: -1.5 dB

ffmpeg version 8.1.1 Copyright (c) 2000-2026 the FFmpeg developers
  built with Apple clang version 21.0.0 (clang-2100.0.123.102)
  configuration: --prefix=/opt/homebrew/Cellar/ffmpeg/8.1.1 --enable-shared --enable-pthreads --enable-version3 --cc=clang --host-cflags= --host-ldflags= --enable-ffplay --enable-gpl --enable-libsvtav1 --enable-libopus --enable-libx264 --enable-libmp3lame --enable-libdav1d --enable-libvmaf --enable-libvpx --enable-libx265 --enable-openssl --enable-videotoolbox --enable-audiotoolbox --enable-neon
  libavutil      60. 26.101 / 60. 26.101
  libavcodec     62. 28.101 / 62. 28.101
  libavformat    62. 12.101 / 62. 12.101
  libavdevice    62.  3.101 / 62.  3.101
  libavfilter    11. 14.101 / 11. 14.101
  libswscale      9.  5.101 /  9.  5.101
  libswresample   6.  3.101 /  6.  3.101
[aist#0:0/pcm_s24le @ 0xabcc0c180] Guessed Channel Layout: stereo
Input #0, wav, from '/Volumes/project/continuo/catalogs/a98ff_praise-legend-road/144-57.22147-18.832.wav':
  Metadata:
    date            : 2025-09-26
    creation_time   : 16:21:00
    time_reference  : 0
    TIME            : 1621
    title           : 01_Random_AbMinor_123bpm_250926_001631
    TYER            : 2025-09-26
  Duration: 00:02:15.08, bitrate: 2304 kb/s
  Stream #0:0: Audio: pcm_s24le ([1][0][0][0] / 0x0001), 48000 Hz, stereo, s32 (24 bit), 2304 kb/s
Stream mapping:
  Stream #0:0 -> #0:0 (pcm_s24le (native) -> pcm_s16le (native))
Press [q] to stop, [?] for help
Output #0, wav, to '/Volumes/project/continuo/catalogs/a98ff_praise-legend-road/144-57.22147-18.832_astro-catalog/144-57.22147-18.832_normalized.wav':
  Metadata:
    ICRD            : 2025-09-26
    TYER            : 2025-09-26
    time_reference  : 0
    TIME            : 1621
    INAM            : 01_Random_AbMinor_123bpm_250926_001631
    ISFT            : Lavf62.12.101
  Stream #0:0: Audio: pcm_s16le ([1][0][0][0] / 0x0001), 48000 Hz, stereo, s16, 1536 kb/s
    Metadata:
      encoder         : Lavc62.28.101 pcm_s16le
size=    3584KiB time=00:00:19.79 bitrate=1482.9kbits/s speed=39.5x elapsed=0:00:00.50    size=    7424KiB time=00:00:40.09 bitrate=1516.7kbits/s speed=39.8x elapsed=0:00:01.00    size=   11264KiB time=00:01:00.49 bitrate=1525.2kbits/s speed=  40x elapsed=0:00:01.51    size=   15104KiB time=00:01:20.79 bitrate=1531.3kbits/s speed=40.2x elapsed=0:00:02.01    size=   18944KiB time=00:01:41.19 bitrate=1533.5kbits/s speed=40.3x elapsed=0:00:02.51    size=   22528KiB time=00:02:01.39 bitrate=1520.2kbits/s speed=40.2x elapsed=0:00:03.01    [out#0/wav @ 0xabd01c240] video:0KiB audio:25327KiB subtitle:0KiB other streams:0KiB global headers:0KiB muxing overhead: 0.000563%
size=   25328KiB time=00:02:15.10 bitrate=1535.8kbits/s speed=40.3x elapsed=0:00:03.35    
