2026-06-10 18:03:40,940 - INFO - Ultra-High Resolution Album Artwork Generator v7 (5000x5000 Edition)
2026-06-10 18:03:40,940 - INFO - -------------------------------------------------
2026-06-10 18:03:40,940 - INFO - Using saturation level: 0.5
2026-06-10 18:03:40,940 - INFO - Processing audio file: /Volumes/project/continuo/catalogs/pulse/traffic_astro-catalog/traffic_normalized.wav
2026-06-10 18:03:40,940 - INFO - Output will be saved as: /Volumes/project/continuo/catalogs/pulse/traffic_astro-catalog/artwork/traffic_normalized_artwork.png
2026-06-10 18:03:40,940 - INFO - Component files will be saved in: /Volumes/project/continuo/catalogs/pulse/traffic_astro-catalog/artwork/components
2026-06-10 18:03:40,940 - INFO - Starting the v7 Ultra-High Resolution Album Artwork Generator
2026-06-10 18:03:40,942 - INFO - Output directory: /Volumes/project/continuo/catalogs/pulse/traffic_astro-catalog/artwork
2026-06-10 18:03:40,942 - INFO - Components directory: /Volumes/project/continuo/catalogs/pulse/traffic_astro-catalog/artwork/components
2026-06-10 18:03:40,942 - INFO - Analyzing audio fingerprint...
2026-06-10 18:03:40,950 - INFO - Audio hash: 0da9297b...ff6f5dbf
2026-06-10 18:03:40,950 - INFO - Generating identicon...
2026-06-10 18:03:40,950 - INFO - Trying jdenticon approach 1: /Users/danielramirez/Nextcloud/ore/Notes/Project/utilities/studio/lufs-workchain/node_modules/.bin/jdenticon 0da9297b397343926b41c6006dd9e0fb5a388d0800a8bb503bf10909ff6f5dbf
2026-06-10 18:03:40,953 - WARNING - jdenticon approach 1 - command not found
2026-06-10 18:03:40,953 - INFO - Trying jdenticon approach 2: npx --prefix
2026-06-10 18:03:41,156 - WARNING - jdenticon approach 2 failed: Command '['npx', '--prefix', '/Users/danielramirez/Nextcloud/ore/Notes/Project/utilities/studio/lufs-workchain', 'jdenticon', '0da9297b397343926b41c6006dd9e0fb5a388d0800a8bb503bf10909ff6f5dbf', '--size', '5000', '--output', '/Volumes/project/continuo/catalogs/pulse/traffic_astro-catalog/artwork/components/identicon.png']' returned non-zero exit status 254.
2026-06-10 18:03:41,156 - INFO - Trying jdenticon approach 3: npx jdenticon
2026-06-10 18:03:41,665 - INFO - Identicon created successfully.
2026-06-10 18:03:41,687 - INFO - Generating ultra-high-resolution spectrogram...
2026-06-10 18:03:42,509 - INFO - Using figure dimensions: 50.0x12.5 inches at 400 DPI
2026-06-10 18:03:42,509 - INFO - Target pixel dimensions: 20000x5000
/Users/danielramirez/repos/lufs-workchain/.venv/lib/python3.12/site-packages/PIL/Image.py:3574: DecompressionBombWarning: Image size (100000000 pixels) exceeds limit of 89478485 pixels, could be decompression bomb DOS attack.
  warnings.warn(
2026-06-10 18:03:44,705 - INFO - Raw spectrogram dimensions: 20000x5000 pixels
2026-06-10 18:03:44,705 - INFO - Initial dimensions: 20000x5000 pixels
2026-06-10 18:03:44,705 - INFO - Adjusting saturation to 0.5...
2026-06-10 18:03:46,500 - INFO - Saved full rectangular spectrogram to: /Volumes/project/continuo/catalogs/pulse/traffic_astro-catalog/artwork/components/rectangle_spectrogram.png
2026-06-10 18:03:46,509 - INFO - Square crop dimensions: 5000x5000
2026-06-10 18:03:47,005 - INFO - Saved 5000x5000 square spectrogram to: /Volumes/project/continuo/catalogs/pulse/traffic_astro-catalog/artwork/components/spectrogram.png
2026-06-10 18:03:47,006 - INFO - Spectrogram segment covers audio from 36.00s to 60.00s
2026-06-10 18:03:47,026 - INFO - Working with spectrogram: 5000x5000, identicon: 5000x5000
2026-06-10 18:03:47,026 - INFO - Enhancing spectrogram contrast...
2026-06-10 18:03:47,128 - INFO - Resizing identicon for overlay...
2026-06-10 18:03:47,262 - INFO - Creating final composite image...
2026-06-10 18:03:47,834 - INFO - Album artwork generated successfully: /Volumes/project/continuo/catalogs/pulse/traffic_astro-catalog/artwork/traffic_normalized_artwork.png
2026-06-10 18:03:47,838 - INFO - Ultra-high resolution (5000x5000) artwork generation finished successfully.
2026-06-10 18:03:47,838 - INFO - Final artwork saved at: /Volumes/project/continuo/catalogs/pulse/traffic_astro-catalog/artwork/traffic_normalized_artwork.png
