2026-06-10 17:59:25,682 - INFO - Ultra-High Resolution Album Artwork Generator v7 (5000x5000 Edition)
2026-06-10 17:59:25,682 - INFO - -------------------------------------------------
2026-06-10 17:59:25,682 - INFO - Using saturation level: 0.5
2026-06-10 17:59:25,682 - INFO - Processing audio file: /Volumes/project/continuo/catalogs/hogtagon/main_astro-catalog/main_normalized.wav
2026-06-10 17:59:25,682 - INFO - Output will be saved as: /Volumes/project/continuo/catalogs/hogtagon/main_astro-catalog/artwork/main_normalized_artwork.png
2026-06-10 17:59:25,682 - INFO - Component files will be saved in: /Volumes/project/continuo/catalogs/hogtagon/main_astro-catalog/artwork/components
2026-06-10 17:59:25,682 - INFO - Starting the v7 Ultra-High Resolution Album Artwork Generator
2026-06-10 17:59:25,684 - INFO - Output directory: /Volumes/project/continuo/catalogs/hogtagon/main_astro-catalog/artwork
2026-06-10 17:59:25,685 - INFO - Components directory: /Volumes/project/continuo/catalogs/hogtagon/main_astro-catalog/artwork/components
2026-06-10 17:59:25,685 - INFO - Analyzing audio fingerprint...
2026-06-10 17:59:25,694 - INFO - Audio hash: 38776972...86c036c6
2026-06-10 17:59:25,694 - INFO - Generating identicon...
2026-06-10 17:59:25,694 - INFO - Trying jdenticon approach 1: /Users/danielramirez/Nextcloud/ore/Notes/Project/utilities/studio/lufs-workchain/node_modules/.bin/jdenticon 38776972ed7513f46fe7eb8d72941f7062e8979256322ad9d3dc586486c036c6
2026-06-10 17:59:25,696 - WARNING - jdenticon approach 1 - command not found
2026-06-10 17:59:25,696 - INFO - Trying jdenticon approach 2: npx --prefix
2026-06-10 17:59:25,905 - WARNING - jdenticon approach 2 failed: Command '['npx', '--prefix', '/Users/danielramirez/Nextcloud/ore/Notes/Project/utilities/studio/lufs-workchain', 'jdenticon', '38776972ed7513f46fe7eb8d72941f7062e8979256322ad9d3dc586486c036c6', '--size', '5000', '--output', '/Volumes/project/continuo/catalogs/hogtagon/main_astro-catalog/artwork/components/identicon.png']' returned non-zero exit status 254.
2026-06-10 17:59:25,905 - INFO - Trying jdenticon approach 3: npx jdenticon
2026-06-10 17:59:26,527 - INFO - Identicon created successfully.
2026-06-10 17:59:26,549 - INFO - Generating ultra-high-resolution spectrogram...
2026-06-10 17:59:27,371 - INFO - Using figure dimensions: 50.0x12.5 inches at 400 DPI
2026-06-10 17:59:27,372 - INFO - Target pixel dimensions: 20000x5000
/Users/danielramirez/repos/lufs-workchain/.venv/lib/python3.12/site-packages/PIL/Image.py:3574: DecompressionBombWarning: Image size (100000000 pixels) exceeds limit of 89478485 pixels, could be decompression bomb DOS attack.
  warnings.warn(
2026-06-10 17:59:29,747 - INFO - Raw spectrogram dimensions: 20000x5000 pixels
2026-06-10 17:59:29,747 - INFO - Initial dimensions: 20000x5000 pixels
2026-06-10 17:59:29,747 - INFO - Adjusting saturation to 0.5...
2026-06-10 17:59:31,683 - INFO - Saved full rectangular spectrogram to: /Volumes/project/continuo/catalogs/hogtagon/main_astro-catalog/artwork/components/rectangle_spectrogram.png
2026-06-10 17:59:31,691 - INFO - Square crop dimensions: 5000x5000
2026-06-10 17:59:32,199 - INFO - Saved 5000x5000 square spectrogram to: /Volumes/project/continuo/catalogs/hogtagon/main_astro-catalog/artwork/components/spectrogram.png
2026-06-10 17:59:32,199 - INFO - Spectrogram segment covers audio from 43.12s to 71.88s
2026-06-10 17:59:32,221 - INFO - Working with spectrogram: 5000x5000, identicon: 5000x5000
2026-06-10 17:59:32,221 - INFO - Enhancing spectrogram contrast...
2026-06-10 17:59:32,327 - INFO - Resizing identicon for overlay...
2026-06-10 17:59:32,459 - INFO - Creating final composite image...
2026-06-10 17:59:33,037 - INFO - Album artwork generated successfully: /Volumes/project/continuo/catalogs/hogtagon/main_astro-catalog/artwork/main_normalized_artwork.png
2026-06-10 17:59:33,042 - INFO - Ultra-high resolution (5000x5000) artwork generation finished successfully.
2026-06-10 17:59:33,042 - INFO - Final artwork saved at: /Volumes/project/continuo/catalogs/hogtagon/main_astro-catalog/artwork/main_normalized_artwork.png
