# Normalization Log - Wed Jun 10 17:59:19 CDT 2026
Target LUFS: -14
Two-pass: true
LRA: 7
True Peak: -1.5 dB

ffmpeg version 8.1.1 Copyright (c) 2000-2026 the FFmpeg developers
  built with Apple clang version 21.0.0 (clang-2100.0.123.102)
  configuration: --prefix=/opt/homebrew/Cellar/ffmpeg/8.1.1 --enable-shared --enable-pthreads --enable-version3 --cc=clang --host-cflags= --host-ldflags= --enable-ffplay --enable-gpl --enable-libsvtav1 --enable-libopus --enable-libx264 --enable-libmp3lame --enable-libdav1d --enable-libvmaf --enable-libvpx --enable-libx265 --enable-openssl --enable-videotoolbox --enable-audiotoolbox --enable-neon
  libavutil      60. 26.101 / 60. 26.101
  libavcodec     62. 28.101 / 62. 28.101
  libavformat    62. 12.101 / 62. 12.101
  libavdevice    62.  3.101 / 62.  3.101
  libavfilter    11. 14.101 / 11. 14.101
  libswscale      9.  5.101 /  9.  5.101
  libswresample   6.  3.101 /  6.  3.101
[aist#0:0/pcm_s24le @ 0x818c0c180] Guessed Channel Layout: stereo
Input #0, wav, from '/Volumes/project/continuo/catalogs/hogtagon/main.wav':
  Metadata:
    comment         : RPP:/Users/danielramirez/Nextcloud/hogtagon/_hogtagon/music-branches/finals/reaper/main-edit/main-edit.RPP
    encoded_by      : REAPER
    date            : 2025-06-15
    creation_time   : 15-25-09
    time_reference  : 0
  Duration: 00:01:55.00, bitrate: 2304 kb/s
  Stream #0:0: Audio: pcm_s24le ([1][0][0][0] / 0x0001), 48000 Hz, stereo, s32 (24 bit), 2304 kb/s
Stream mapping:
  Stream #0:0 -> #0:0 (pcm_s24le (native) -> pcm_s16le (native))
Press [q] to stop, [?] for help
Output #0, wav, to '/Volumes/project/continuo/catalogs/hogtagon/main_astro-catalog/main_normalized.wav':
  Metadata:
    ICMT            : RPP:/Users/danielramirez/Nextcloud/hogtagon/_hogtagon/music-branches/finals/reaper/main-edit/main-edit.RPP
    ITCH            : REAPER
    ICRD            : 2025-06-15
    time_reference  : 0
    ISFT            : Lavf62.12.101
  Stream #0:0: Audio: pcm_s16le ([1][0][0][0] / 0x0001), 48000 Hz, stereo, s16, 1536 kb/s
    Metadata:
      encoder         : Lavc62.28.101 pcm_s16le
[out#0/wav @ 0x818820180] video:0KiB audio:21562KiB subtitle:0KiB other streams:0KiB global headers:0KiB muxing overhead: 0.001042%
size=   21563KiB time=00:01:55.00 bitrate=1536.0kbits/s speed= 365x elapsed=0:00:00.31    
