# Normalization Log - Wed Jun 10 18:23:22 CDT 2026
Target LUFS: -14
Two-pass: true
LRA: 7
True Peak: -1.5 dB

ffmpeg version 8.1.1 Copyright (c) 2000-2026 the FFmpeg developers
  built with Apple clang version 21.0.0 (clang-2100.0.123.102)
  configuration: --prefix=/opt/homebrew/Cellar/ffmpeg/8.1.1 --enable-shared --enable-pthreads --enable-version3 --cc=clang --host-cflags= --host-ldflags= --enable-ffplay --enable-gpl --enable-libsvtav1 --enable-libopus --enable-libx264 --enable-libmp3lame --enable-libdav1d --enable-libvmaf --enable-libvpx --enable-libx265 --enable-openssl --enable-videotoolbox --enable-audiotoolbox --enable-neon
  libavutil      60. 26.101 / 60. 26.101
  libavcodec     62. 28.101 / 62. 28.101
  libavformat    62. 12.101 / 62. 12.101
  libavdevice    62.  3.101 / 62.  3.101
  libavfilter    11. 14.101 / 11. 14.101
  libswscale      9.  5.101 /  9.  5.101
  libswresample   6.  3.101 /  6.  3.101
[aist#0:0/pcm_s24le @ 0x7f6804180] Guessed Channel Layout: stereo
Input #0, wav, from '/Volumes/project/continuo/catalogs/soundcloud/Ramirez_Daniel_Assign09_v1_040318.wav':
  Duration: 00:01:34.03, bitrate: 2307 kb/s
  Chapters:
    Chapter #0:0: start 0.000000, end 94.027000
      Metadata:
        title           : Tempo: 120.0
  Stream #0:0: Audio: pcm_s24le ([1][0][0][0] / 0x0001), 48000 Hz, stereo, s32 (24 bit), 2304 kb/s
Stream mapping:
  Stream #0:0 -> #0:0 (pcm_s24le (native) -> pcm_s16le (native))
Press [q] to stop, [?] for help
Output #0, wav, to '/Volumes/project/continuo/catalogs/soundcloud/Ramirez_Daniel_Assign09_v1_040318_astro-catalog/Ramirez_Daniel_Assign09_v1_040318_normalized.wav':
  Metadata:
    ISFT            : Lavf62.12.101
  Chapters:
    Chapter #0:0: start 0.000000, end 94.027000
      Metadata:
        title           : Tempo: 120.0
  Stream #0:0: Audio: pcm_s16le ([1][0][0][0] / 0x0001), 48000 Hz, stereo, s16, 1536 kb/s
    Metadata:
      encoder         : Lavc62.28.101 pcm_s16le
size=    2560KiB time=00:00:14.29 bitrate=1466.6kbits/s speed=28.6x elapsed=0:00:00.50    size=    6144KiB time=00:00:32.99 bitrate=1525.2kbits/s speed=  33x elapsed=0:00:01.00    size=    9728KiB time=00:00:52.99 bitrate=1503.6kbits/s speed=35.2x elapsed=0:00:01.50    size=   13568KiB time=00:01:13.39 bitrate=1514.3kbits/s speed=36.5x elapsed=0:00:02.01    [out#0/wav @ 0x7f7008840] video:0KiB audio:17630KiB subtitle:0KiB other streams:0KiB global headers:0KiB muxing overhead: 0.000432%
size=   17630KiB time=00:01:34.10 bitrate=1534.8kbits/s speed=37.4x elapsed=0:00:02.51    
