2026-06-10 17:39:55,218 - INFO - Ultra-High Resolution Album Artwork Generator v7 (5000x5000 Edition)
2026-06-10 17:39:55,218 - INFO - -------------------------------------------------
2026-06-10 17:39:55,218 - INFO - Using saturation level: 0.5
2026-06-10 17:39:55,218 - INFO - Processing audio file: /Volumes/project/continuo/catalogs/a98ff_praise-legend-road/137-52.72540-14.336_astro-catalog/137-52.72540-14.336_normalized.wav
2026-06-10 17:39:55,218 - INFO - Output will be saved as: /Volumes/project/continuo/catalogs/a98ff_praise-legend-road/137-52.72540-14.336_astro-catalog/artwork/137-52.72540-14.336_normalized_artwork.png
2026-06-10 17:39:55,218 - INFO - Component files will be saved in: /Volumes/project/continuo/catalogs/a98ff_praise-legend-road/137-52.72540-14.336_astro-catalog/artwork/components
2026-06-10 17:39:55,218 - INFO - Starting the v7 Ultra-High Resolution Album Artwork Generator
2026-06-10 17:39:55,220 - INFO - Output directory: /Volumes/project/continuo/catalogs/a98ff_praise-legend-road/137-52.72540-14.336_astro-catalog/artwork
2026-06-10 17:39:55,220 - INFO - Components directory: /Volumes/project/continuo/catalogs/a98ff_praise-legend-road/137-52.72540-14.336_astro-catalog/artwork/components
2026-06-10 17:39:55,220 - INFO - Analyzing audio fingerprint...
2026-06-10 17:39:55,231 - INFO - Audio hash: 05e8ad98...1deb0d35
2026-06-10 17:39:55,231 - INFO - Generating identicon...
2026-06-10 17:39:55,231 - INFO - Trying jdenticon approach 1: /Users/danielramirez/Nextcloud/ore/Notes/Project/utilities/studio/lufs-workchain/node_modules/.bin/jdenticon 05e8ad9815e4ccc4061f31e4239526c295b32fee2d256c8f12e9decf1deb0d35
2026-06-10 17:39:55,234 - WARNING - jdenticon approach 1 - command not found
2026-06-10 17:39:55,234 - INFO - Trying jdenticon approach 2: npx --prefix
2026-06-10 17:39:55,441 - WARNING - jdenticon approach 2 failed: Command '['npx', '--prefix', '/Users/danielramirez/Nextcloud/ore/Notes/Project/utilities/studio/lufs-workchain', 'jdenticon', '05e8ad9815e4ccc4061f31e4239526c295b32fee2d256c8f12e9decf1deb0d35', '--size', '5000', '--output', '/Volumes/project/continuo/catalogs/a98ff_praise-legend-road/137-52.72540-14.336_astro-catalog/artwork/components/identicon.png']' returned non-zero exit status 254.
2026-06-10 17:39:55,441 - INFO - Trying jdenticon approach 3: npx jdenticon
2026-06-10 17:39:55,814 - INFO - Identicon created successfully.
2026-06-10 17:39:55,842 - INFO - Generating ultra-high-resolution spectrogram...
2026-06-10 17:39:56,698 - INFO - Using figure dimensions: 50.0x12.5 inches at 400 DPI
2026-06-10 17:39:56,699 - INFO - Target pixel dimensions: 20000x5000
/Users/danielramirez/repos/lufs-workchain/.venv/lib/python3.12/site-packages/PIL/Image.py:3574: DecompressionBombWarning: Image size (100000000 pixels) exceeds limit of 89478485 pixels, could be decompression bomb DOS attack.
  warnings.warn(
2026-06-10 17:39:59,609 - INFO - Raw spectrogram dimensions: 20000x5000 pixels
2026-06-10 17:39:59,609 - INFO - Initial dimensions: 20000x5000 pixels
2026-06-10 17:39:59,609 - INFO - Adjusting saturation to 0.5...
2026-06-10 17:40:01,643 - INFO - Saved full rectangular spectrogram to: /Volumes/project/continuo/catalogs/a98ff_praise-legend-road/137-52.72540-14.336_astro-catalog/artwork/components/rectangle_spectrogram.png
2026-06-10 17:40:01,652 - INFO - Square crop dimensions: 5000x5000
2026-06-10 17:40:02,178 - INFO - Saved 5000x5000 square spectrogram to: /Volumes/project/continuo/catalogs/a98ff_praise-legend-road/137-52.72540-14.336_astro-catalog/artwork/components/spectrogram.png
2026-06-10 17:40:02,179 - INFO - Spectrogram segment covers audio from 53.05s to 88.42s
2026-06-10 17:40:02,198 - INFO - Working with spectrogram: 5000x5000, identicon: 5000x5000
2026-06-10 17:40:02,198 - INFO - Enhancing spectrogram contrast...
2026-06-10 17:40:02,303 - INFO - Resizing identicon for overlay...
2026-06-10 17:40:02,439 - INFO - Creating final composite image...
2026-06-10 17:40:03,046 - INFO - Album artwork generated successfully: /Volumes/project/continuo/catalogs/a98ff_praise-legend-road/137-52.72540-14.336_astro-catalog/artwork/137-52.72540-14.336_normalized_artwork.png
2026-06-10 17:40:03,050 - INFO - Ultra-high resolution (5000x5000) artwork generation finished successfully.
2026-06-10 17:40:03,050 - INFO - Final artwork saved at: /Volumes/project/continuo/catalogs/a98ff_praise-legend-road/137-52.72540-14.336_astro-catalog/artwork/137-52.72540-14.336_normalized_artwork.png
