# Normalization Log - Wed Jun 10 17:41:20 CDT 2026
Target LUFS: -14
Two-pass: true
LRA: 7
True Peak: -1.5 dB

ffmpeg version 8.1.1 Copyright (c) 2000-2026 the FFmpeg developers
  built with Apple clang version 21.0.0 (clang-2100.0.123.102)
  configuration: --prefix=/opt/homebrew/Cellar/ffmpeg/8.1.1 --enable-shared --enable-pthreads --enable-version3 --cc=clang --host-cflags= --host-ldflags= --enable-ffplay --enable-gpl --enable-libsvtav1 --enable-libopus --enable-libx264 --enable-libmp3lame --enable-libdav1d --enable-libvmaf --enable-libvpx --enable-libx265 --enable-openssl --enable-videotoolbox --enable-audiotoolbox --enable-neon
  libavutil      60. 26.101 / 60. 26.101
  libavcodec     62. 28.101 / 62. 28.101
  libavformat    62. 12.101 / 62. 12.101
  libavdevice    62.  3.101 / 62.  3.101
  libavfilter    11. 14.101 / 11. 14.101
  libswscale      9.  5.101 /  9.  5.101
  libswresample   6.  3.101 /  6.  3.101
[aist#0:0/pcm_s24le @ 0x928c0c180] Guessed Channel Layout: stereo
Input #0, wav, from '/Volumes/project/continuo/catalogs/a98ff_praise-legend-road/123-32.41625-51.936.wav':
  Metadata:
    date            : 2025-09-26
    creation_time   : 16:55:00
    time_reference  : 0
    TIME            : 1655
    title           : 01_Random_AbMinor_123bpm_250926_001631
    TYER            : 2025-09-26
  Duration: 00:02:13.94, bitrate: 2304 kb/s
  Stream #0:0: Audio: pcm_s24le ([1][0][0][0] / 0x0001), 48000 Hz, stereo, s32 (24 bit), 2304 kb/s
Stream mapping:
  Stream #0:0 -> #0:0 (pcm_s24le (native) -> pcm_s16le (native))
Press [q] to stop, [?] for help
Output #0, wav, to '/Volumes/project/continuo/catalogs/a98ff_praise-legend-road/123-32.41625-51.936_astro-catalog/123-32.41625-51.936_normalized.wav':
  Metadata:
    ICRD            : 2025-09-26
    TYER            : 2025-09-26
    time_reference  : 0
    TIME            : 1655
    INAM            : 01_Random_AbMinor_123bpm_250926_001631
    ISFT            : Lavf62.12.101
  Stream #0:0: Audio: pcm_s16le ([1][0][0][0] / 0x0001), 48000 Hz, stereo, s16, 1536 kb/s
    Metadata:
      encoder         : Lavc62.28.101 pcm_s16le
size=    3584KiB time=00:00:20.09 bitrate=1460.7kbits/s speed=39.8x elapsed=0:00:00.50    size=    7424KiB time=00:00:40.79 bitrate=1490.6kbits/s speed=40.4x elapsed=0:00:01.01    size=   11264KiB time=00:01:01.29 bitrate=1505.3kbits/s speed=40.5x elapsed=0:00:01.51    size=   15360KiB time=00:01:22.09 bitrate=1532.6kbits/s speed=40.7x elapsed=0:00:02.01    size=   19200KiB time=00:01:42.79 bitrate=1530.0kbits/s speed=40.8x elapsed=0:00:02.52    size=   23040KiB time=00:02:03.29 bitrate=1530.8kbits/s speed=40.8x elapsed=0:00:03.02    [out#0/wav @ 0x928c18240] video:0KiB audio:25114KiB subtitle:0KiB other streams:0KiB global headers:0KiB muxing overhead: 0.000568%
size=   25114KiB time=00:02:14.00 bitrate=1535.3kbits/s speed=40.9x elapsed=0:00:03.27    
