2026-06-10 18:04:11,384 - INFO - Ultra-High Resolution Album Artwork Generator v7 (5000x5000 Edition)
2026-06-10 18:04:11,384 - INFO - -------------------------------------------------
2026-06-10 18:04:11,384 - INFO - Using saturation level: 0.5
2026-06-10 18:04:11,384 - INFO - Processing audio file: /Volumes/project/continuo/catalogs/pulse/wheels (theme in variations)_astro-catalog/wheels (theme in variations)_normalized.wav
2026-06-10 18:04:11,384 - INFO - Output will be saved as: /Volumes/project/continuo/catalogs/pulse/wheels (theme in variations)_astro-catalog/artwork/wheels (theme in variations)_normalized_artwork.png
2026-06-10 18:04:11,384 - INFO - Component files will be saved in: /Volumes/project/continuo/catalogs/pulse/wheels (theme in variations)_astro-catalog/artwork/components
2026-06-10 18:04:11,384 - INFO - Starting the v7 Ultra-High Resolution Album Artwork Generator
2026-06-10 18:04:11,386 - INFO - Output directory: /Volumes/project/continuo/catalogs/pulse/wheels (theme in variations)_astro-catalog/artwork
2026-06-10 18:04:11,386 - INFO - Components directory: /Volumes/project/continuo/catalogs/pulse/wheels (theme in variations)_astro-catalog/artwork/components
2026-06-10 18:04:11,386 - INFO - Analyzing audio fingerprint...
2026-06-10 18:04:11,400 - INFO - Audio hash: d88173aa...192e453f
2026-06-10 18:04:11,400 - INFO - Generating identicon...
2026-06-10 18:04:11,400 - INFO - Trying jdenticon approach 1: /Users/danielramirez/Nextcloud/ore/Notes/Project/utilities/studio/lufs-workchain/node_modules/.bin/jdenticon d88173aa3dfc449837a293c4337f23e1410d6cc42a85d38bb3029135192e453f
2026-06-10 18:04:11,403 - WARNING - jdenticon approach 1 - command not found
2026-06-10 18:04:11,404 - INFO - Trying jdenticon approach 2: npx --prefix
2026-06-10 18:04:11,601 - WARNING - jdenticon approach 2 failed: Command '['npx', '--prefix', '/Users/danielramirez/Nextcloud/ore/Notes/Project/utilities/studio/lufs-workchain', 'jdenticon', 'd88173aa3dfc449837a293c4337f23e1410d6cc42a85d38bb3029135192e453f', '--size', '5000', '--output', '/Volumes/project/continuo/catalogs/pulse/wheels (theme in variations)_astro-catalog/artwork/components/identicon.png']' returned non-zero exit status 254.
2026-06-10 18:04:11,601 - INFO - Trying jdenticon approach 3: npx jdenticon
2026-06-10 18:04:12,129 - INFO - Identicon created successfully.
2026-06-10 18:04:12,152 - INFO - Generating ultra-high-resolution spectrogram...
2026-06-10 18:04:13,025 - INFO - Using figure dimensions: 50.0x12.5 inches at 400 DPI
2026-06-10 18:04:13,025 - INFO - Target pixel dimensions: 20000x5000
/Users/danielramirez/repos/lufs-workchain/.venv/lib/python3.12/site-packages/PIL/Image.py:3574: DecompressionBombWarning: Image size (100000000 pixels) exceeds limit of 89478485 pixels, could be decompression bomb DOS attack.
  warnings.warn(
2026-06-10 18:04:15,823 - INFO - Raw spectrogram dimensions: 20000x5000 pixels
2026-06-10 18:04:15,823 - INFO - Initial dimensions: 20000x5000 pixels
2026-06-10 18:04:15,823 - INFO - Adjusting saturation to 0.5...
2026-06-10 18:04:18,072 - INFO - Saved full rectangular spectrogram to: /Volumes/project/continuo/catalogs/pulse/wheels (theme in variations)_astro-catalog/artwork/components/rectangle_spectrogram.png
2026-06-10 18:04:18,081 - INFO - Square crop dimensions: 5000x5000
2026-06-10 18:04:18,644 - INFO - Saved 5000x5000 square spectrogram to: /Volumes/project/continuo/catalogs/pulse/wheels (theme in variations)_astro-catalog/artwork/components/spectrogram.png
2026-06-10 18:04:18,644 - INFO - Spectrogram segment covers audio from 59.79s to 99.64s
2026-06-10 18:04:18,666 - INFO - Working with spectrogram: 5000x5000, identicon: 5000x5000
2026-06-10 18:04:18,666 - INFO - Enhancing spectrogram contrast...
2026-06-10 18:04:18,762 - INFO - Resizing identicon for overlay...
2026-06-10 18:04:18,894 - INFO - Creating final composite image...
2026-06-10 18:04:19,535 - INFO - Album artwork generated successfully: /Volumes/project/continuo/catalogs/pulse/wheels (theme in variations)_astro-catalog/artwork/wheels (theme in variations)_normalized_artwork.png
2026-06-10 18:04:19,539 - INFO - Ultra-high resolution (5000x5000) artwork generation finished successfully.
2026-06-10 18:04:19,539 - INFO - Final artwork saved at: /Volumes/project/continuo/catalogs/pulse/wheels (theme in variations)_astro-catalog/artwork/wheels (theme in variations)_normalized_artwork.png
