2026-06-10 17:33:37,788 - INFO - Ultra-High Resolution Album Artwork Generator v7 (5000x5000 Edition)
2026-06-10 17:33:37,788 - INFO - -------------------------------------------------
2026-06-10 17:33:37,788 - INFO - Using saturation level: 0.5
2026-06-10 17:33:37,788 - INFO - Processing audio file: /Volumes/project/continuo/catalogs/10-00.0006-37.182_final/10-00.0006-37.182_astro-catalog/10-00.0006-37.182_normalized.wav
2026-06-10 17:33:37,788 - INFO - Output will be saved as: /Volumes/project/continuo/catalogs/10-00.0006-37.182_final/10-00.0006-37.182_astro-catalog/artwork/10-00.0006-37.182_normalized_artwork.png
2026-06-10 17:33:37,788 - INFO - Component files will be saved in: /Volumes/project/continuo/catalogs/10-00.0006-37.182_final/10-00.0006-37.182_astro-catalog/artwork/components
2026-06-10 17:33:37,788 - INFO - Starting the v7 Ultra-High Resolution Album Artwork Generator
2026-06-10 17:33:37,789 - INFO - Output directory: /Volumes/project/continuo/catalogs/10-00.0006-37.182_final/10-00.0006-37.182_astro-catalog/artwork
2026-06-10 17:33:37,789 - INFO - Components directory: /Volumes/project/continuo/catalogs/10-00.0006-37.182_final/10-00.0006-37.182_astro-catalog/artwork/components
2026-06-10 17:33:37,789 - INFO - Analyzing audio fingerprint...
2026-06-10 17:33:37,818 - INFO - Audio hash: 290c4817...e7c94889
2026-06-10 17:33:37,818 - INFO - Generating identicon...
2026-06-10 17:33:37,818 - INFO - Trying jdenticon approach 1: /Users/danielramirez/Nextcloud/ore/Notes/Project/utilities/studio/lufs-workchain/node_modules/.bin/jdenticon 290c4817946074a8269359ee854eea64783a3770cabbad6ab83121ece7c94889
2026-06-10 17:33:37,821 - WARNING - jdenticon approach 1 - command not found
2026-06-10 17:33:37,821 - INFO - Trying jdenticon approach 2: npx --prefix
2026-06-10 17:33:38,165 - WARNING - jdenticon approach 2 failed: Command '['npx', '--prefix', '/Users/danielramirez/Nextcloud/ore/Notes/Project/utilities/studio/lufs-workchain', 'jdenticon', '290c4817946074a8269359ee854eea64783a3770cabbad6ab83121ece7c94889', '--size', '5000', '--output', '/Volumes/project/continuo/catalogs/10-00.0006-37.182_final/10-00.0006-37.182_astro-catalog/artwork/components/identicon.png']' returned non-zero exit status 254.
2026-06-10 17:33:38,165 - INFO - Trying jdenticon approach 3: npx jdenticon
2026-06-10 17:33:38,606 - INFO - Identicon created successfully.
2026-06-10 17:33:38,636 - INFO - Generating ultra-high-resolution spectrogram...
2026-06-10 17:33:40,452 - INFO - Using figure dimensions: 50.0x12.5 inches at 400 DPI
2026-06-10 17:33:40,452 - INFO - Target pixel dimensions: 20000x5000
/Users/danielramirez/repos/lufs-workchain/.venv/lib/python3.12/site-packages/PIL/Image.py:3574: DecompressionBombWarning: Image size (100000000 pixels) exceeds limit of 89478485 pixels, could be decompression bomb DOS attack.
  warnings.warn(
2026-06-10 17:33:45,286 - INFO - Raw spectrogram dimensions: 20000x5000 pixels
2026-06-10 17:33:45,286 - INFO - Initial dimensions: 20000x5000 pixels
2026-06-10 17:33:45,287 - INFO - Adjusting saturation to 0.5...
2026-06-10 17:33:48,091 - INFO - Saved full rectangular spectrogram to: /Volumes/project/continuo/catalogs/10-00.0006-37.182_final/10-00.0006-37.182_astro-catalog/artwork/components/rectangle_spectrogram.png
2026-06-10 17:33:48,099 - INFO - Square crop dimensions: 5000x5000
2026-06-10 17:33:48,819 - INFO - Saved 5000x5000 square spectrogram to: /Volumes/project/continuo/catalogs/10-00.0006-37.182_final/10-00.0006-37.182_astro-catalog/artwork/components/spectrogram.png
2026-06-10 17:33:48,819 - INFO - Spectrogram segment covers audio from 148.94s to 248.24s
2026-06-10 17:33:48,848 - INFO - Working with spectrogram: 5000x5000, identicon: 5000x5000
2026-06-10 17:33:48,848 - INFO - Enhancing spectrogram contrast...
2026-06-10 17:33:48,948 - INFO - Resizing identicon for overlay...
2026-06-10 17:33:49,083 - INFO - Creating final composite image...
2026-06-10 17:33:49,821 - INFO - Album artwork generated successfully: /Volumes/project/continuo/catalogs/10-00.0006-37.182_final/10-00.0006-37.182_astro-catalog/artwork/10-00.0006-37.182_normalized_artwork.png
2026-06-10 17:33:49,826 - INFO - Ultra-high resolution (5000x5000) artwork generation finished successfully.
2026-06-10 17:33:49,826 - INFO - Final artwork saved at: /Volumes/project/continuo/catalogs/10-00.0006-37.182_final/10-00.0006-37.182_astro-catalog/artwork/10-00.0006-37.182_normalized_artwork.png
