# Normalization Log - Wed Jun 10 17:33:09 CDT 2026
Target LUFS: -14
Two-pass: true
LRA: 7
True Peak: -1.5 dB

ffmpeg version 8.1.1 Copyright (c) 2000-2026 the FFmpeg developers
  built with Apple clang version 21.0.0 (clang-2100.0.123.102)
  configuration: --prefix=/opt/homebrew/Cellar/ffmpeg/8.1.1 --enable-shared --enable-pthreads --enable-version3 --cc=clang --host-cflags= --host-ldflags= --enable-ffplay --enable-gpl --enable-libsvtav1 --enable-libopus --enable-libx264 --enable-libmp3lame --enable-libdav1d --enable-libvmaf --enable-libvpx --enable-libx265 --enable-openssl --enable-videotoolbox --enable-audiotoolbox --enable-neon
  libavutil      60. 26.101 / 60. 26.101
  libavcodec     62. 28.101 / 62. 28.101
  libavformat    62. 12.101 / 62. 12.101
  libavdevice    62.  3.101 / 62.  3.101
  libavfilter    11. 14.101 / 11. 14.101
  libswscale      9.  5.101 /  9.  5.101
  libswresample   6.  3.101 /  6.  3.101
[aist#0:0/pcm_s24le @ 0xc90c0c180] Guessed Channel Layout: stereo
Input #0, wav, from '/Volumes/project/continuo/catalogs/10-00.0006-37.182_final/10-00.0006-37.182.wav':
  Metadata:
    comment         : RPP:/Users/danielramirez/Downloads/project/template.RPP
    encoded_by      : REAPER
    date            : 2025-04-17
    creation_time   : 18-08-27
    time_reference  : 0
  Duration: 00:06:37.18, bitrate: 2304 kb/s
  Stream #0:0: Audio: pcm_s24le ([1][0][0][0] / 0x0001), 48000 Hz, stereo, s32 (24 bit), 2304 kb/s
Stream mapping:
  Stream #0:0 -> #0:0 (pcm_s24le (native) -> pcm_s16le (native))
Press [q] to stop, [?] for help
Output #0, wav, to '/Volumes/project/continuo/catalogs/10-00.0006-37.182_final/10-00.0006-37.182_astro-catalog/10-00.0006-37.182_normalized.wav':
  Metadata:
    ICMT            : RPP:/Users/danielramirez/Downloads/project/template.RPP
    ITCH            : REAPER
    ICRD            : 2025-04-17
    time_reference  : 0
    ISFT            : Lavf62.12.101
  Stream #0:0: Audio: pcm_s16le ([1][0][0][0] / 0x0001), 48000 Hz, stereo, s16, 1536 kb/s
    Metadata:
      encoder         : Lavc62.28.101 pcm_s16le
size=    3584KiB time=00:00:20.19 bitrate=1453.5kbits/s speed=40.1x elapsed=0:00:00.50    size=    7680KiB time=00:00:41.49 bitrate=1516.0kbits/s speed=41.2x elapsed=0:00:01.00    size=   11520KiB time=00:01:02.89 bitrate=1500.4kbits/s speed=41.6x elapsed=0:00:01.51    size=   15616KiB time=00:01:23.69 bitrate=1528.4kbits/s speed=41.6x elapsed=0:00:02.01    size=   19456KiB time=00:01:44.99 bitrate=1517.9kbits/s speed=41.7x elapsed=0:00:02.51    size=   23552KiB time=00:02:05.89 bitrate=1532.5kbits/s speed=41.7x elapsed=0:00:03.02    size=   27392KiB time=00:02:26.89 bitrate=1527.5kbits/s speed=41.7x elapsed=0:00:03.52    size=   31232KiB time=00:02:47.89 bitrate=1523.8kbits/s speed=41.7x elapsed=0:00:04.03    size=   35328KiB time=00:03:08.89 bitrate=1532.1kbits/s speed=41.7x elapsed=0:00:04.53    size=   39168KiB time=00:03:29.49 bitrate=1531.6kbits/s speed=41.6x elapsed=0:00:05.03    size=   43008KiB time=00:03:50.29 bitrate=1529.8kbits/s speed=41.6x elapsed=0:00:05.53    size=   46848KiB time=00:04:11.19 bitrate=1527.8kbits/s speed=41.6x elapsed=0:00:06.04    size=   50944KiB time=00:04:32.39 bitrate=1532.1kbits/s speed=41.6x elapsed=0:00:06.54    size=   54784KiB time=00:04:53.19 bitrate=1530.7kbits/s speed=41.6x elapsed=0:00:07.05    size=   58624KiB time=00:05:13.79 bitrate=1530.4kbits/s speed=41.5x elapsed=0:00:07.55    size=   62464KiB time=00:05:34.29 bitrate=1530.7kbits/s speed=41.5x elapsed=0:00:08.06    size=   66304KiB time=00:05:54.79 bitrate=1530.9kbits/s speed=41.4x elapsed=0:00:08.56    size=   70144KiB time=00:06:15.19 bitrate=1531.5kbits/s speed=41.4x elapsed=0:00:09.06    size=   73728KiB time=00:06:34.19 bitrate=1532.2kbits/s speed=41.2x elapsed=0:00:09.56    [out#0/wav @ 0xc9101c240] video:0KiB audio:74472KiB subtitle:0KiB other streams:0KiB global headers:0KiB muxing overhead: 0.000233%
size=   74472KiB time=00:06:37.20 bitrate=1535.9kbits/s speed=41.1x elapsed=0:00:09.65    
