2026-06-10 18:26:55,346 - INFO - Ultra-High Resolution Album Artwork Generator v7 (5000x5000 Edition)
2026-06-10 18:26:55,346 - INFO - -------------------------------------------------
2026-06-10 18:26:55,346 - INFO - Using saturation level: 0.5
2026-06-10 18:26:55,347 - INFO - Processing audio file: /Volumes/project/continuo/catalogs/soundcloud/Tidal Disruption (Live from NYU Education Building Penthouse)_astro-catalog/Tidal Disruption (Live from NYU Education Building Penthouse)_normalized.aiff
2026-06-10 18:26:55,347 - INFO - Output will be saved as: /Volumes/project/continuo/catalogs/soundcloud/Tidal Disruption (Live from NYU Education Building Penthouse)_astro-catalog/artwork/Tidal Disruption (Live from NYU Education Building Penthouse)_normalized_artwork.png
2026-06-10 18:26:55,347 - INFO - Component files will be saved in: /Volumes/project/continuo/catalogs/soundcloud/Tidal Disruption (Live from NYU Education Building Penthouse)_astro-catalog/artwork/components
2026-06-10 18:26:55,347 - INFO - Starting the v7 Ultra-High Resolution Album Artwork Generator
2026-06-10 18:26:55,349 - INFO - Output directory: /Volumes/project/continuo/catalogs/soundcloud/Tidal Disruption (Live from NYU Education Building Penthouse)_astro-catalog/artwork
2026-06-10 18:26:55,349 - INFO - Components directory: /Volumes/project/continuo/catalogs/soundcloud/Tidal Disruption (Live from NYU Education Building Penthouse)_astro-catalog/artwork/components
2026-06-10 18:26:55,350 - INFO - Analyzing audio fingerprint...
2026-06-10 18:26:55,363 - INFO - Audio hash: 52f5ae2f...d3ccd315
2026-06-10 18:26:55,363 - INFO - Generating identicon...
2026-06-10 18:26:55,363 - INFO - Trying jdenticon approach 1: /Users/danielramirez/Nextcloud/ore/Notes/Project/utilities/studio/lufs-workchain/node_modules/.bin/jdenticon 52f5ae2f27e8f7618ff8695621fac6c3b34944636c8aa821c147f760d3ccd315
2026-06-10 18:26:55,365 - WARNING - jdenticon approach 1 - command not found
2026-06-10 18:26:55,366 - INFO - Trying jdenticon approach 2: npx --prefix
2026-06-10 18:26:55,571 - WARNING - jdenticon approach 2 failed: Command '['npx', '--prefix', '/Users/danielramirez/Nextcloud/ore/Notes/Project/utilities/studio/lufs-workchain', 'jdenticon', '52f5ae2f27e8f7618ff8695621fac6c3b34944636c8aa821c147f760d3ccd315', '--size', '5000', '--output', '/Volumes/project/continuo/catalogs/soundcloud/Tidal Disruption (Live from NYU Education Building Penthouse)_astro-catalog/artwork/components/identicon.png']' returned non-zero exit status 254.
2026-06-10 18:26:55,571 - INFO - Trying jdenticon approach 3: npx jdenticon
2026-06-10 18:26:56,146 - INFO - Identicon created successfully.
2026-06-10 18:26:56,169 - INFO - Generating ultra-high-resolution spectrogram...
2026-06-10 18:26:57,037 - INFO - Using figure dimensions: 50.0x12.5 inches at 400 DPI
2026-06-10 18:26:57,037 - INFO - Target pixel dimensions: 20000x5000
/Users/danielramirez/repos/lufs-workchain/.venv/lib/python3.12/site-packages/PIL/Image.py:3574: DecompressionBombWarning: Image size (100000000 pixels) exceeds limit of 89478485 pixels, could be decompression bomb DOS attack.
  warnings.warn(
2026-06-10 18:27:00,192 - INFO - Raw spectrogram dimensions: 20000x5000 pixels
2026-06-10 18:27:00,192 - INFO - Initial dimensions: 20000x5000 pixels
2026-06-10 18:27:00,192 - INFO - Adjusting saturation to 0.5...
2026-06-10 18:27:02,565 - INFO - Saved full rectangular spectrogram to: /Volumes/project/continuo/catalogs/soundcloud/Tidal Disruption (Live from NYU Education Building Penthouse)_astro-catalog/artwork/components/rectangle_spectrogram.png
2026-06-10 18:27:02,573 - INFO - Square crop dimensions: 5000x5000
2026-06-10 18:27:03,231 - INFO - Saved 5000x5000 square spectrogram to: /Volumes/project/continuo/catalogs/soundcloud/Tidal Disruption (Live from NYU Education Building Penthouse)_astro-catalog/artwork/components/spectrogram.png
2026-06-10 18:27:03,231 - INFO - Spectrogram segment covers audio from 69.38s to 115.62s
2026-06-10 18:27:03,255 - INFO - Working with spectrogram: 5000x5000, identicon: 5000x5000
2026-06-10 18:27:03,255 - INFO - Enhancing spectrogram contrast...
2026-06-10 18:27:03,355 - INFO - Resizing identicon for overlay...
2026-06-10 18:27:03,489 - INFO - Creating final composite image...
2026-06-10 18:27:04,327 - INFO - Album artwork generated successfully: /Volumes/project/continuo/catalogs/soundcloud/Tidal Disruption (Live from NYU Education Building Penthouse)_astro-catalog/artwork/Tidal Disruption (Live from NYU Education Building Penthouse)_normalized_artwork.png
2026-06-10 18:27:04,333 - INFO - Ultra-high resolution (5000x5000) artwork generation finished successfully.
2026-06-10 18:27:04,333 - INFO - Final artwork saved at: /Volumes/project/continuo/catalogs/soundcloud/Tidal Disruption (Live from NYU Education Building Penthouse)_astro-catalog/artwork/Tidal Disruption (Live from NYU Education Building Penthouse)_normalized_artwork.png
