# Normalization Log - Wed Jun 10 18:26:41 CDT 2026
Target LUFS: -14
Two-pass: true
LRA: 7
True Peak: -1.5 dB

ffmpeg version 8.1.1 Copyright (c) 2000-2026 the FFmpeg developers
  built with Apple clang version 21.0.0 (clang-2100.0.123.102)
  configuration: --prefix=/opt/homebrew/Cellar/ffmpeg/8.1.1 --enable-shared --enable-pthreads --enable-version3 --cc=clang --host-cflags= --host-ldflags= --enable-ffplay --enable-gpl --enable-libsvtav1 --enable-libopus --enable-libx264 --enable-libmp3lame --enable-libdav1d --enable-libvmaf --enable-libvpx --enable-libx265 --enable-openssl --enable-videotoolbox --enable-audiotoolbox --enable-neon
  libavutil      60. 26.101 / 60. 26.101
  libavcodec     62. 28.101 / 62. 28.101
  libavformat    62. 12.101 / 62. 12.101
  libavdevice    62.  3.101 / 62.  3.101
  libavfilter    11. 14.101 / 11. 14.101
  libswscale      9.  5.101 /  9.  5.101
  libswresample   6.  3.101 /  6.  3.101
[aist#0:0/pcm_s16be @ 0xcb2c0c300] Guessed Channel Layout: stereo
Input #0, aiff, from '/Volumes/project/continuo/catalogs/soundcloud/Tidal Disruption (Live from NYU Education Building Penthouse).aiff':
  Metadata:
    artist          : Daniel Ramirez
    album_artist    : Daniel Ramirez
    TCM             : Daniel Ramirez
    album           : Fall 2016
    title           : Tidal Disruption (Live from NYU Education Building Penthouse)
    date            : 2016
  Duration: 00:03:05.00, start: 0.000000, bitrate: 1421 kb/s
  Stream #0:0: Audio: pcm_s16be, 44100 Hz, stereo, s16, 1411 kb/s
  Stream #0:1: Video: png, rgba(pc, gbr/bt709/bt470m), 1528x1536, 90k tbr, 90k tbn (attached pic)
    Metadata:
      comment         : Other
Stream mapping:
  Stream #0:1 -> #0:0 (png (native) -> png (native))
  Stream #0:0 -> #0:1 (pcm_s16be (native) -> pcm_s16be (native))
Press [q] to stop, [?] for help
Output #0, aiff, to '/Volumes/project/continuo/catalogs/soundcloud/Tidal Disruption (Live from NYU Education Building Penthouse)_astro-catalog/Tidal Disruption (Live from NYU Education Building Penthouse)_normalized.aiff':
  Metadata:
    artist          : Daniel Ramirez
    album_artist    : Daniel Ramirez
    TCM             : Daniel Ramirez
    album           : Fall 2016
    title           : Tidal Disruption (Live from NYU Education Building Penthouse)
    date            : 2016
    encoder         : Lavf62.12.101
  Stream #0:0: Video: png, rgba(pc, gbr/bt709/bt470m, progressive), 1528x1536, q=2-31, 200 kb/s, 90k fps, 90k tbn (attached pic)
    Metadata:
      encoder         : Lavc62.28.101 png
      comment         : Other
  Stream #0:1: Audio: pcm_s16be (NONE / 0x454E4F4E), 44100 Hz, stereo, s16, 1411 kb/s
    Metadata:
      encoder         : Lavc62.28.101 pcm_s16be
frame=    0 fps=0.0 q=0.0 size=     512KiB time=N/A bitrate=N/A speed=N/A elapsed=0:00:00.50    frame=    0 fps=0.0 q=0.0 size=    3328KiB time=N/A bitrate=N/A speed=N/A elapsed=0:00:01.00    frame=    0 fps=0.0 q=0.0 size=    6656KiB time=N/A bitrate=N/A speed=N/A elapsed=0:00:01.51    frame=    0 fps=0.0 q=0.0 size=   10240KiB time=N/A bitrate=N/A speed=N/A elapsed=0:00:02.01    frame=    0 fps=0.0 q=0.0 size=   13568KiB time=N/A bitrate=N/A speed=N/A elapsed=0:00:02.51    frame=    0 fps=0.0 q=0.0 size=   17152KiB time=N/A bitrate=N/A speed=N/A elapsed=0:00:03.02    frame=    0 fps=0.0 q=0.0 size=   20480KiB time=N/A bitrate=N/A speed=N/A elapsed=0:00:03.52    frame=    0 fps=0.0 q=0.0 size=   24064KiB time=N/A bitrate=N/A speed=N/A elapsed=0:00:04.03    frame=    0 fps=0.0 q=0.0 size=   27392KiB time=N/A bitrate=N/A speed=N/A elapsed=0:00:04.53    [out#0/aiff @ 0xcb2c5c3c0] video:193KiB audio:31869KiB subtitle:0KiB other streams:0KiB global headers:0KiB muxing overhead: unknown
frame=    1 fps=0.2 q=-0.0 Lsize=   31869KiB time=00:00:00.00 bitrate=23733908363.6kbits/s speed=2.24e-06x elapsed=0:00:04.91    
