2026-06-10 17:55:09,743 - INFO - Ultra-High Resolution Album Artwork Generator v7 (5000x5000 Edition)
2026-06-10 17:55:09,743 - INFO - -------------------------------------------------
2026-06-10 17:55:09,744 - INFO - Using saturation level: 0.5
2026-06-10 17:55:09,744 - INFO - Processing audio file: /Volumes/project/continuo/catalogs/footlights/Footlight When I Fall_astro-catalog/Footlight When I Fall_normalized.wav
2026-06-10 17:55:09,744 - INFO - Output will be saved as: /Volumes/project/continuo/catalogs/footlights/Footlight When I Fall_astro-catalog/artwork/Footlight When I Fall_normalized_artwork.png
2026-06-10 17:55:09,744 - INFO - Component files will be saved in: /Volumes/project/continuo/catalogs/footlights/Footlight When I Fall_astro-catalog/artwork/components
2026-06-10 17:55:09,744 - INFO - Starting the v7 Ultra-High Resolution Album Artwork Generator
2026-06-10 17:55:09,746 - INFO - Output directory: /Volumes/project/continuo/catalogs/footlights/Footlight When I Fall_astro-catalog/artwork
2026-06-10 17:55:09,746 - INFO - Components directory: /Volumes/project/continuo/catalogs/footlights/Footlight When I Fall_astro-catalog/artwork/components
2026-06-10 17:55:09,746 - INFO - Analyzing audio fingerprint...
2026-06-10 17:55:09,753 - INFO - Audio hash: 2190d993...0b40a933
2026-06-10 17:55:09,753 - INFO - Generating identicon...
2026-06-10 17:55:09,753 - INFO - Trying jdenticon approach 1: /Users/danielramirez/Nextcloud/ore/Notes/Project/utilities/studio/lufs-workchain/node_modules/.bin/jdenticon 2190d9934b0506c3650ffc3fad981ab8121021ad9e1275345f7f2e500b40a933
2026-06-10 17:55:09,756 - WARNING - jdenticon approach 1 - command not found
2026-06-10 17:55:09,756 - INFO - Trying jdenticon approach 2: npx --prefix
2026-06-10 17:55:09,965 - WARNING - jdenticon approach 2 failed: Command '['npx', '--prefix', '/Users/danielramirez/Nextcloud/ore/Notes/Project/utilities/studio/lufs-workchain', 'jdenticon', '2190d9934b0506c3650ffc3fad981ab8121021ad9e1275345f7f2e500b40a933', '--size', '5000', '--output', '/Volumes/project/continuo/catalogs/footlights/Footlight When I Fall_astro-catalog/artwork/components/identicon.png']' returned non-zero exit status 254.
2026-06-10 17:55:09,965 - INFO - Trying jdenticon approach 3: npx jdenticon
2026-06-10 17:55:10,338 - INFO - Identicon created successfully.
2026-06-10 17:55:10,365 - INFO - Generating ultra-high-resolution spectrogram...
2026-06-10 17:55:11,170 - INFO - Using figure dimensions: 50.0x12.5 inches at 400 DPI
2026-06-10 17:55:11,170 - INFO - Target pixel dimensions: 20000x5000
/Users/danielramirez/repos/lufs-workchain/.venv/lib/python3.12/site-packages/PIL/Image.py:3574: DecompressionBombWarning: Image size (100000000 pixels) exceeds limit of 89478485 pixels, could be decompression bomb DOS attack.
  warnings.warn(
2026-06-10 17:55:13,311 - INFO - Raw spectrogram dimensions: 20000x5000 pixels
2026-06-10 17:55:13,311 - INFO - Initial dimensions: 20000x5000 pixels
2026-06-10 17:55:13,311 - INFO - Adjusting saturation to 0.5...
2026-06-10 17:55:15,028 - INFO - Saved full rectangular spectrogram to: /Volumes/project/continuo/catalogs/footlights/Footlight When I Fall_astro-catalog/artwork/components/rectangle_spectrogram.png
2026-06-10 17:55:15,037 - INFO - Square crop dimensions: 5000x5000
2026-06-10 17:55:15,526 - INFO - Saved 5000x5000 square spectrogram to: /Volumes/project/continuo/catalogs/footlights/Footlight When I Fall_astro-catalog/artwork/components/spectrogram.png
2026-06-10 17:55:15,526 - INFO - Spectrogram segment covers audio from 35.62s to 59.38s
2026-06-10 17:55:15,547 - INFO - Working with spectrogram: 5000x5000, identicon: 5000x5000
2026-06-10 17:55:15,547 - INFO - Enhancing spectrogram contrast...
2026-06-10 17:55:15,653 - INFO - Resizing identicon for overlay...
2026-06-10 17:55:15,788 - INFO - Creating final composite image...
2026-06-10 17:55:16,361 - INFO - Album artwork generated successfully: /Volumes/project/continuo/catalogs/footlights/Footlight When I Fall_astro-catalog/artwork/Footlight When I Fall_normalized_artwork.png
2026-06-10 17:55:16,366 - INFO - Ultra-high resolution (5000x5000) artwork generation finished successfully.
2026-06-10 17:55:16,367 - INFO - Final artwork saved at: /Volumes/project/continuo/catalogs/footlights/Footlight When I Fall_astro-catalog/artwork/Footlight When I Fall_normalized_artwork.png
