2026-06-10 18:22:21,657 - INFO - Ultra-High Resolution Album Artwork Generator v7 (5000x5000 Edition)
2026-06-10 18:22:21,658 - INFO - -------------------------------------------------
2026-06-10 18:22:21,658 - INFO - Using saturation level: 0.5
2026-06-10 18:22:21,658 - INFO - Processing audio file: /Volumes/project/continuo/catalogs/soundcloud/String Practicum Final Solo Piece- _Thermostat__astro-catalog/String Practicum Final Solo Piece- _Thermostat__normalized.wav
2026-06-10 18:22:21,658 - INFO - Output will be saved as: /Volumes/project/continuo/catalogs/soundcloud/String Practicum Final Solo Piece- _Thermostat__astro-catalog/artwork/String Practicum Final Solo Piece- _Thermostat__normalized_artwork.png
2026-06-10 18:22:21,658 - INFO - Component files will be saved in: /Volumes/project/continuo/catalogs/soundcloud/String Practicum Final Solo Piece- _Thermostat__astro-catalog/artwork/components
2026-06-10 18:22:21,658 - INFO - Starting the v7 Ultra-High Resolution Album Artwork Generator
2026-06-10 18:22:21,660 - INFO - Output directory: /Volumes/project/continuo/catalogs/soundcloud/String Practicum Final Solo Piece- _Thermostat__astro-catalog/artwork
2026-06-10 18:22:21,660 - INFO - Components directory: /Volumes/project/continuo/catalogs/soundcloud/String Practicum Final Solo Piece- _Thermostat__astro-catalog/artwork/components
2026-06-10 18:22:21,660 - INFO - Analyzing audio fingerprint...
2026-06-10 18:22:21,675 - INFO - Audio hash: e6ac8d26...b62a574d
2026-06-10 18:22:21,675 - INFO - Generating identicon...
2026-06-10 18:22:21,675 - INFO - Trying jdenticon approach 1: /Users/danielramirez/Nextcloud/ore/Notes/Project/utilities/studio/lufs-workchain/node_modules/.bin/jdenticon e6ac8d268d82977cd5627bf08e0a323c9a55d42a483d5450f063b9c4b62a574d
2026-06-10 18:22:21,677 - WARNING - jdenticon approach 1 - command not found
2026-06-10 18:22:21,678 - INFO - Trying jdenticon approach 2: npx --prefix
2026-06-10 18:22:21,883 - WARNING - jdenticon approach 2 failed: Command '['npx', '--prefix', '/Users/danielramirez/Nextcloud/ore/Notes/Project/utilities/studio/lufs-workchain', 'jdenticon', 'e6ac8d268d82977cd5627bf08e0a323c9a55d42a483d5450f063b9c4b62a574d', '--size', '5000', '--output', '/Volumes/project/continuo/catalogs/soundcloud/String Practicum Final Solo Piece- _Thermostat__astro-catalog/artwork/components/identicon.png']' returned non-zero exit status 254.
2026-06-10 18:22:21,883 - INFO - Trying jdenticon approach 3: npx jdenticon
2026-06-10 18:22:22,261 - INFO - Identicon created successfully.
2026-06-10 18:22:22,290 - INFO - Generating ultra-high-resolution spectrogram...
2026-06-10 18:22:23,143 - INFO - Using figure dimensions: 50.0x12.5 inches at 400 DPI
2026-06-10 18:22:23,143 - INFO - Target pixel dimensions: 20000x5000
/Users/danielramirez/repos/lufs-workchain/.venv/lib/python3.12/site-packages/PIL/Image.py:3574: DecompressionBombWarning: Image size (100000000 pixels) exceeds limit of 89478485 pixels, could be decompression bomb DOS attack.
  warnings.warn(
2026-06-10 18:22:26,460 - INFO - Raw spectrogram dimensions: 20000x5000 pixels
2026-06-10 18:22:26,460 - INFO - Initial dimensions: 20000x5000 pixels
2026-06-10 18:22:26,460 - INFO - Adjusting saturation to 0.5...
2026-06-10 18:22:28,946 - INFO - Saved full rectangular spectrogram to: /Volumes/project/continuo/catalogs/soundcloud/String Practicum Final Solo Piece- _Thermostat__astro-catalog/artwork/components/rectangle_spectrogram.png
2026-06-10 18:22:28,955 - INFO - Square crop dimensions: 5000x5000
2026-06-10 18:22:29,699 - INFO - Saved 5000x5000 square spectrogram to: /Volumes/project/continuo/catalogs/soundcloud/String Practicum Final Solo Piece- _Thermostat__astro-catalog/artwork/components/spectrogram.png
2026-06-10 18:22:29,700 - INFO - Spectrogram segment covers audio from 79.30s to 132.17s
2026-06-10 18:22:29,727 - INFO - Working with spectrogram: 5000x5000, identicon: 5000x5000
2026-06-10 18:22:29,727 - INFO - Enhancing spectrogram contrast...
2026-06-10 18:22:29,826 - INFO - Resizing identicon for overlay...
2026-06-10 18:22:29,960 - INFO - Creating final composite image...
2026-06-10 18:22:30,976 - INFO - Album artwork generated successfully: /Volumes/project/continuo/catalogs/soundcloud/String Practicum Final Solo Piece- _Thermostat__astro-catalog/artwork/String Practicum Final Solo Piece- _Thermostat__normalized_artwork.png
2026-06-10 18:22:30,981 - INFO - Ultra-high resolution (5000x5000) artwork generation finished successfully.
2026-06-10 18:22:30,981 - INFO - Final artwork saved at: /Volumes/project/continuo/catalogs/soundcloud/String Practicum Final Solo Piece- _Thermostat__astro-catalog/artwork/String Practicum Final Solo Piece- _Thermostat__normalized_artwork.png
