# Normalization Log - Wed Jun 10 18:22:04 CDT 2026
Target LUFS: -14
Two-pass: true
LRA: 7
True Peak: -1.5 dB

ffmpeg version 8.1.1 Copyright (c) 2000-2026 the FFmpeg developers
  built with Apple clang version 21.0.0 (clang-2100.0.123.102)
  configuration: --prefix=/opt/homebrew/Cellar/ffmpeg/8.1.1 --enable-shared --enable-pthreads --enable-version3 --cc=clang --host-cflags= --host-ldflags= --enable-ffplay --enable-gpl --enable-libsvtav1 --enable-libopus --enable-libx264 --enable-libmp3lame --enable-libdav1d --enable-libvmaf --enable-libvpx --enable-libx265 --enable-openssl --enable-videotoolbox --enable-audiotoolbox --enable-neon
  libavutil      60. 26.101 / 60. 26.101
  libavcodec     62. 28.101 / 62. 28.101
  libavformat    62. 12.101 / 62. 12.101
  libavdevice    62.  3.101 / 62.  3.101
  libavfilter    11. 14.101 / 11. 14.101
  libswscale      9.  5.101 /  9.  5.101
  libswresample   6.  3.101 /  6.  3.101
[aist#0:0/pcm_s16be @ 0xcb2804180] Guessed Channel Layout: stereo
Input #0, aiff, from '/Volumes/project/continuo/catalogs/soundcloud/String Practicum Final Solo Piece- _Thermostat_.wav':
  Duration: 00:03:31.46, start: 0.000000, bitrate: 1411 kb/s
  Stream #0:0: Audio: pcm_s16be, 44100 Hz, stereo, s16, 1411 kb/s
Stream mapping:
  Stream #0:0 -> #0:0 (pcm_s16be (native) -> pcm_s16le (native))
Press [q] to stop, [?] for help
Output #0, wav, to '/Volumes/project/continuo/catalogs/soundcloud/String Practicum Final Solo Piece- _Thermostat__astro-catalog/String Practicum Final Solo Piece- _Thermostat__normalized.wav':
  Metadata:
    ISFT            : Lavf62.12.101
  Stream #0:0: Audio: pcm_s16le ([1][0][0][0] / 0x0001), 44100 Hz, stereo, s16, 1411 kb/s
    Metadata:
      encoder         : Lavc62.28.101 pcm_s16le
size=    2304KiB time=00:00:14.09 bitrate=1338.6kbits/s speed=28.1x elapsed=0:00:00.50    size=    4864KiB time=00:00:28.49 bitrate=1398.1kbits/s speed=28.4x elapsed=0:00:01.00    size=    7424KiB time=00:00:43.19 bitrate=1407.8kbits/s speed=28.7x elapsed=0:00:01.50    size=   10240KiB time=00:00:59.89 bitrate=1400.4kbits/s speed=29.8x elapsed=0:00:02.00    size=   13568KiB time=00:01:20.09 bitrate=1387.6kbits/s speed=31.9x elapsed=0:00:02.51    size=   17152KiB time=00:01:40.29 bitrate=1400.9kbits/s speed=33.2x elapsed=0:00:03.01    size=   20480KiB time=00:02:00.09 bitrate=1396.9kbits/s speed=34.1x elapsed=0:00:03.52    size=   24064KiB time=00:02:20.39 bitrate=1404.1kbits/s speed=34.9x elapsed=0:00:04.02    size=   27648KiB time=00:02:40.59 bitrate=1410.3kbits/s speed=35.4x elapsed=0:00:04.53    size=   30976KiB time=00:03:00.89 bitrate=1402.7kbits/s speed=35.9x elapsed=0:00:05.03    size=   34560KiB time=00:03:20.99 bitrate=1408.5kbits/s speed=36.3x elapsed=0:00:05.53    [out#0/wav @ 0xcb2c2c180] video:0KiB audio:36428KiB subtitle:0KiB other streams:0KiB global headers:0KiB muxing overhead: 0.000209%
size=   36428KiB time=00:03:31.50 bitrate=1411.0kbits/s speed=36.6x elapsed=0:00:05.77    
