2026-06-10 17:38:47,072 - INFO - Ultra-High Resolution Album Artwork Generator v7 (5000x5000 Edition)
2026-06-10 17:38:47,072 - INFO - -------------------------------------------------
2026-06-10 17:38:47,072 - INFO - Using saturation level: 0.5
2026-06-10 17:38:47,072 - INFO - Processing audio file: /Volumes/project/continuo/catalogs/a98ff_praise-legend-road/142-35.61044-57.221_astro-catalog/142-35.61044-57.221_normalized.wav
2026-06-10 17:38:47,072 - INFO - Output will be saved as: /Volumes/project/continuo/catalogs/a98ff_praise-legend-road/142-35.61044-57.221_astro-catalog/artwork/142-35.61044-57.221_normalized_artwork.png
2026-06-10 17:38:47,072 - INFO - Component files will be saved in: /Volumes/project/continuo/catalogs/a98ff_praise-legend-road/142-35.61044-57.221_astro-catalog/artwork/components
2026-06-10 17:38:47,072 - INFO - Starting the v7 Ultra-High Resolution Album Artwork Generator
2026-06-10 17:38:47,074 - INFO - Output directory: /Volumes/project/continuo/catalogs/a98ff_praise-legend-road/142-35.61044-57.221_astro-catalog/artwork
2026-06-10 17:38:47,074 - INFO - Components directory: /Volumes/project/continuo/catalogs/a98ff_praise-legend-road/142-35.61044-57.221_astro-catalog/artwork/components
2026-06-10 17:38:47,074 - INFO - Analyzing audio fingerprint...
2026-06-10 17:38:47,085 - INFO - Audio hash: 6bb3933e...ebee2ac3
2026-06-10 17:38:47,085 - INFO - Generating identicon...
2026-06-10 17:38:47,085 - INFO - Trying jdenticon approach 1: /Users/danielramirez/Nextcloud/ore/Notes/Project/utilities/studio/lufs-workchain/node_modules/.bin/jdenticon 6bb3933e2bd03439a224111c5a0fb6bd2fcddd83b994309046d6b2c9ebee2ac3
2026-06-10 17:38:47,088 - WARNING - jdenticon approach 1 - command not found
2026-06-10 17:38:47,088 - INFO - Trying jdenticon approach 2: npx --prefix
2026-06-10 17:38:47,290 - WARNING - jdenticon approach 2 failed: Command '['npx', '--prefix', '/Users/danielramirez/Nextcloud/ore/Notes/Project/utilities/studio/lufs-workchain', 'jdenticon', '6bb3933e2bd03439a224111c5a0fb6bd2fcddd83b994309046d6b2c9ebee2ac3', '--size', '5000', '--output', '/Volumes/project/continuo/catalogs/a98ff_praise-legend-road/142-35.61044-57.221_astro-catalog/artwork/components/identicon.png']' returned non-zero exit status 254.
2026-06-10 17:38:47,290 - INFO - Trying jdenticon approach 3: npx jdenticon
2026-06-10 17:38:47,863 - INFO - Identicon created successfully.
2026-06-10 17:38:47,885 - INFO - Generating ultra-high-resolution spectrogram...
2026-06-10 17:38:48,744 - INFO - Using figure dimensions: 50.0x12.5 inches at 400 DPI
2026-06-10 17:38:48,745 - INFO - Target pixel dimensions: 20000x5000
/Users/danielramirez/repos/lufs-workchain/.venv/lib/python3.12/site-packages/PIL/Image.py:3574: DecompressionBombWarning: Image size (100000000 pixels) exceeds limit of 89478485 pixels, could be decompression bomb DOS attack.
  warnings.warn(
2026-06-10 17:38:51,609 - INFO - Raw spectrogram dimensions: 20000x5000 pixels
2026-06-10 17:38:51,609 - INFO - Initial dimensions: 20000x5000 pixels
2026-06-10 17:38:51,609 - INFO - Adjusting saturation to 0.5...
2026-06-10 17:38:53,655 - INFO - Saved full rectangular spectrogram to: /Volumes/project/continuo/catalogs/a98ff_praise-legend-road/142-35.61044-57.221_astro-catalog/artwork/components/rectangle_spectrogram.png
2026-06-10 17:38:53,664 - INFO - Square crop dimensions: 5000x5000
2026-06-10 17:38:54,182 - INFO - Saved 5000x5000 square spectrogram to: /Volumes/project/continuo/catalogs/a98ff_praise-legend-road/142-35.61044-57.221_astro-catalog/artwork/components/spectrogram.png
2026-06-10 17:38:54,182 - INFO - Spectrogram segment covers audio from 51.15s to 85.25s
2026-06-10 17:38:54,200 - INFO - Working with spectrogram: 5000x5000, identicon: 5000x5000
2026-06-10 17:38:54,200 - INFO - Enhancing spectrogram contrast...
2026-06-10 17:38:54,303 - INFO - Resizing identicon for overlay...
2026-06-10 17:38:54,435 - INFO - Creating final composite image...
2026-06-10 17:38:55,016 - INFO - Album artwork generated successfully: /Volumes/project/continuo/catalogs/a98ff_praise-legend-road/142-35.61044-57.221_astro-catalog/artwork/142-35.61044-57.221_normalized_artwork.png
2026-06-10 17:38:55,019 - INFO - Ultra-high resolution (5000x5000) artwork generation finished successfully.
2026-06-10 17:38:55,019 - INFO - Final artwork saved at: /Volumes/project/continuo/catalogs/a98ff_praise-legend-road/142-35.61044-57.221_astro-catalog/artwork/142-35.61044-57.221_normalized_artwork.png
