2026-06-10 18:09:52,183 - INFO - Ultra-High Resolution Album Artwork Generator v7 (5000x5000 Edition)
2026-06-10 18:09:52,183 - INFO - -------------------------------------------------
2026-06-10 18:09:52,183 - INFO - Using saturation level: 0.5
2026-06-10 18:09:52,183 - INFO - Processing audio file: /Volumes/project/continuo/catalogs/soundcloud/Syncopia_astro-catalog/Syncopia_normalized.wav
2026-06-10 18:09:52,183 - INFO - Output will be saved as: /Volumes/project/continuo/catalogs/soundcloud/Syncopia_astro-catalog/artwork/Syncopia_normalized_artwork.png
2026-06-10 18:09:52,183 - INFO - Component files will be saved in: /Volumes/project/continuo/catalogs/soundcloud/Syncopia_astro-catalog/artwork/components
2026-06-10 18:09:52,183 - INFO - Starting the v7 Ultra-High Resolution Album Artwork Generator
2026-06-10 18:09:52,185 - INFO - Output directory: /Volumes/project/continuo/catalogs/soundcloud/Syncopia_astro-catalog/artwork
2026-06-10 18:09:52,185 - INFO - Components directory: /Volumes/project/continuo/catalogs/soundcloud/Syncopia_astro-catalog/artwork/components
2026-06-10 18:09:52,185 - INFO - Analyzing audio fingerprint...
2026-06-10 18:09:52,195 - INFO - Audio hash: 21fe1925...12b080ce
2026-06-10 18:09:52,195 - INFO - Generating identicon...
2026-06-10 18:09:52,195 - INFO - Trying jdenticon approach 1: /Users/danielramirez/Nextcloud/ore/Notes/Project/utilities/studio/lufs-workchain/node_modules/.bin/jdenticon 21fe1925176bfb1031bb0a01bc2a364fd789099bf08f1682088c557c12b080ce
2026-06-10 18:09:52,198 - WARNING - jdenticon approach 1 - command not found
2026-06-10 18:09:52,198 - INFO - Trying jdenticon approach 2: npx --prefix
2026-06-10 18:09:52,459 - WARNING - jdenticon approach 2 failed: Command '['npx', '--prefix', '/Users/danielramirez/Nextcloud/ore/Notes/Project/utilities/studio/lufs-workchain', 'jdenticon', '21fe1925176bfb1031bb0a01bc2a364fd789099bf08f1682088c557c12b080ce', '--size', '5000', '--output', '/Volumes/project/continuo/catalogs/soundcloud/Syncopia_astro-catalog/artwork/components/identicon.png']' returned non-zero exit status 254.
2026-06-10 18:09:52,459 - INFO - Trying jdenticon approach 3: npx jdenticon
2026-06-10 18:09:53,218 - INFO - Identicon created successfully.
2026-06-10 18:09:53,245 - INFO - Generating ultra-high-resolution spectrogram...
2026-06-10 18:09:54,270 - INFO - Using figure dimensions: 50.0x12.5 inches at 400 DPI
2026-06-10 18:09:54,270 - INFO - Target pixel dimensions: 20000x5000
/Users/danielramirez/repos/lufs-workchain/.venv/lib/python3.12/site-packages/PIL/Image.py:3574: DecompressionBombWarning: Image size (100000000 pixels) exceeds limit of 89478485 pixels, could be decompression bomb DOS attack.
  warnings.warn(
2026-06-10 18:09:56,922 - INFO - Raw spectrogram dimensions: 20000x5000 pixels
2026-06-10 18:09:56,922 - INFO - Initial dimensions: 20000x5000 pixels
2026-06-10 18:09:56,922 - INFO - Adjusting saturation to 0.5...
2026-06-10 18:09:59,750 - INFO - Saved full rectangular spectrogram to: /Volumes/project/continuo/catalogs/soundcloud/Syncopia_astro-catalog/artwork/components/rectangle_spectrogram.png
2026-06-10 18:09:59,761 - INFO - Square crop dimensions: 5000x5000
2026-06-10 18:10:00,294 - INFO - Saved 5000x5000 square spectrogram to: /Volumes/project/continuo/catalogs/soundcloud/Syncopia_astro-catalog/artwork/components/spectrogram.png
2026-06-10 18:10:00,294 - INFO - Spectrogram segment covers audio from 34.69s to 57.81s
2026-06-10 18:10:00,314 - INFO - Working with spectrogram: 5000x5000, identicon: 5000x5000
2026-06-10 18:10:00,314 - INFO - Enhancing spectrogram contrast...
2026-06-10 18:10:00,445 - INFO - Resizing identicon for overlay...
2026-06-10 18:10:00,605 - INFO - Creating final composite image...
2026-06-10 18:10:01,212 - INFO - Album artwork generated successfully: /Volumes/project/continuo/catalogs/soundcloud/Syncopia_astro-catalog/artwork/Syncopia_normalized_artwork.png
2026-06-10 18:10:01,216 - INFO - Ultra-high resolution (5000x5000) artwork generation finished successfully.
2026-06-10 18:10:01,216 - INFO - Final artwork saved at: /Volumes/project/continuo/catalogs/soundcloud/Syncopia_astro-catalog/artwork/Syncopia_normalized_artwork.png
