# Normalization Log - Wed Jun 10 18:09:46 CDT 2026
Target LUFS: -14
Two-pass: true
LRA: 7
True Peak: -1.5 dB

ffmpeg version 8.1.1 Copyright (c) 2000-2026 the FFmpeg developers
  built with Apple clang version 21.0.0 (clang-2100.0.123.102)
  configuration: --prefix=/opt/homebrew/Cellar/ffmpeg/8.1.1 --enable-shared --enable-pthreads --enable-version3 --cc=clang --host-cflags= --host-ldflags= --enable-ffplay --enable-gpl --enable-libsvtav1 --enable-libopus --enable-libx264 --enable-libmp3lame --enable-libdav1d --enable-libvmaf --enable-libvpx --enable-libx265 --enable-openssl --enable-videotoolbox --enable-audiotoolbox --enable-neon
  libavutil      60. 26.101 / 60. 26.101
  libavcodec     62. 28.101 / 62. 28.101
  libavformat    62. 12.101 / 62. 12.101
  libavdevice    62.  3.101 / 62.  3.101
  libavfilter    11. 14.101 / 11. 14.101
  libswscale      9.  5.101 /  9.  5.101
  libswresample   6.  3.101 /  6.  3.101
[aist#0:0/pcm_s24le @ 0xab8804180] Guessed Channel Layout: stereo
Input #0, wav, from '/Volumes/project/continuo/catalogs/soundcloud/Syncopia.wav':
  Metadata:
    encoded_by      : Logic Pro X
    date            : 2018-03-29
    creation_time   : 23:53:52
    time_reference  : 172972800
    umid            : 0x00000000000000000000000000000000000000000000000000000000EA00A54D65748A89406B82EFFE7F00004031B10101000000806B82EFFE7F00003DF62C7A
    coding_history  : 
  Duration: 00:01:32.50, bitrate: 2307 kb/s
  Chapters:
    Chapter #0:0: start 0.000000, end 7.029396
      Metadata:
        title           : Tempo: 85.3558
    Chapter #0:1: start 7.029396, end 92.496479
      Metadata:
        title           : Tempo: 84.9695
    Chapter #0:2: start 70.581604, end 83.998188
      Metadata:
        title           : Tempo: 84.9694
    Chapter #0:3: start 83.998188, end 88.941125
      Metadata:
        title           : Tempo: 84.9697
    Chapter #0:4: start 88.941125, end 92.496479
      Metadata:
        title           : Tempo: 84.3795
    Chapter #0:5: start 7.029396, end 70.581604
      Metadata:
        title           : Assignment Begins // Body
    Chapter #0:6: start 88.941125, end 92.496479
      Metadata:
        title           : Cloud Shot
  Stream #0:0: Audio: pcm_s24le ([1][0][0][0] / 0x0001), 48000 Hz, stereo, s32 (24 bit), 2304 kb/s
Stream mapping:
  Stream #0:0 -> #0:0 (pcm_s24le (native) -> pcm_s16le (native))
Press [q] to stop, [?] for help
Output #0, wav, to '/Volumes/project/continuo/catalogs/soundcloud/Syncopia_astro-catalog/Syncopia_normalized.wav':
  Metadata:
    ITCH            : Logic Pro X
    ICRD            : 2018-03-29
    coding_history  : 
    time_reference  : 172972800
    umid            : 0x00000000000000000000000000000000000000000000000000000000EA00A54D65748A89406B82EFFE7F00004031B10101000000806B82EFFE7F00003DF62C7A
    ISFT            : Lavf62.12.101
  Chapters:
    Chapter #0:0: start 0.000000, end 7.029396
      Metadata:
        title           : Tempo: 85.3558
    Chapter #0:1: start 7.029396, end 92.496479
      Metadata:
        title           : Tempo: 84.9695
    Chapter #0:2: start 70.581604, end 83.998188
      Metadata:
        title           : Tempo: 84.9694
    Chapter #0:3: start 83.998188, end 88.941125
      Metadata:
        title           : Tempo: 84.9697
    Chapter #0:4: start 88.941125, end 92.496479
      Metadata:
        title           : Tempo: 84.3795
    Chapter #0:5: start 7.029396, end 70.581604
      Metadata:
        title           : Assignment Begins // Body
    Chapter #0:6: start 88.941125, end 92.496479
      Metadata:
        title           : Cloud Shot
  Stream #0:0: Audio: pcm_s16le ([1][0][0][0] / 0x0001), 48000 Hz, stereo, s16, 1536 kb/s
    Metadata:
      encoder         : Lavc62.28.101 pcm_s16le
[out#0/wav @ 0xab9034180] video:0KiB audio:17343KiB subtitle:0KiB other streams:0KiB global headers:0KiB muxing overhead: 0.000664%
size=   17343KiB time=00:01:32.49 bitrate=1536.0kbits/s speed= 333x elapsed=0:00:00.27    
