2026-06-10 18:20:57,948 - INFO - Ultra-High Resolution Album Artwork Generator v7 (5000x5000 Edition)
2026-06-10 18:20:57,948 - INFO - -------------------------------------------------
2026-06-10 18:20:57,948 - INFO - Using saturation level: 0.5
2026-06-10 18:20:57,948 - INFO - Processing audio file: /Volumes/project/continuo/catalogs/soundcloud/REC004L_astro-catalog/REC004L_normalized.mp3
2026-06-10 18:20:57,948 - INFO - Output will be saved as: /Volumes/project/continuo/catalogs/soundcloud/REC004L_astro-catalog/artwork/REC004L_normalized_artwork.png
2026-06-10 18:20:57,948 - INFO - Component files will be saved in: /Volumes/project/continuo/catalogs/soundcloud/REC004L_astro-catalog/artwork/components
2026-06-10 18:20:57,948 - INFO - Starting the v7 Ultra-High Resolution Album Artwork Generator
2026-06-10 18:20:57,950 - INFO - Output directory: /Volumes/project/continuo/catalogs/soundcloud/REC004L_astro-catalog/artwork
2026-06-10 18:20:57,950 - INFO - Components directory: /Volumes/project/continuo/catalogs/soundcloud/REC004L_astro-catalog/artwork/components
2026-06-10 18:20:57,950 - INFO - Analyzing audio fingerprint...
2026-06-10 18:20:57,952 - INFO - Audio hash: f38392ce...08f050fa
2026-06-10 18:20:57,952 - INFO - Generating identicon...
2026-06-10 18:20:57,953 - INFO - Trying jdenticon approach 1: /Users/danielramirez/Nextcloud/ore/Notes/Project/utilities/studio/lufs-workchain/node_modules/.bin/jdenticon f38392cec2dabf100b0f08a9a40fde830d7ef55a95396ae04228ba5608f050fa
2026-06-10 18:20:57,955 - WARNING - jdenticon approach 1 - command not found
2026-06-10 18:20:57,955 - INFO - Trying jdenticon approach 2: npx --prefix
2026-06-10 18:20:58,156 - WARNING - jdenticon approach 2 failed: Command '['npx', '--prefix', '/Users/danielramirez/Nextcloud/ore/Notes/Project/utilities/studio/lufs-workchain', 'jdenticon', 'f38392cec2dabf100b0f08a9a40fde830d7ef55a95396ae04228ba5608f050fa', '--size', '5000', '--output', '/Volumes/project/continuo/catalogs/soundcloud/REC004L_astro-catalog/artwork/components/identicon.png']' returned non-zero exit status 254.
2026-06-10 18:20:58,156 - INFO - Trying jdenticon approach 3: npx jdenticon
2026-06-10 18:20:58,622 - INFO - Identicon created successfully.
2026-06-10 18:20:58,651 - INFO - Generating ultra-high-resolution spectrogram...
2026-06-10 18:20:59,628 - INFO - Using figure dimensions: 50.0x12.5 inches at 400 DPI
2026-06-10 18:20:59,628 - INFO - Target pixel dimensions: 20000x5000
/Users/danielramirez/repos/lufs-workchain/.venv/lib/python3.12/site-packages/PIL/Image.py:3574: DecompressionBombWarning: Image size (100000000 pixels) exceeds limit of 89478485 pixels, could be decompression bomb DOS attack.
  warnings.warn(
2026-06-10 18:21:03,841 - INFO - Raw spectrogram dimensions: 20000x5000 pixels
2026-06-10 18:21:03,841 - INFO - Initial dimensions: 20000x5000 pixels
2026-06-10 18:21:03,841 - INFO - Adjusting saturation to 0.5...
2026-06-10 18:21:06,548 - INFO - Saved full rectangular spectrogram to: /Volumes/project/continuo/catalogs/soundcloud/REC004L_astro-catalog/artwork/components/rectangle_spectrogram.png
2026-06-10 18:21:06,557 - INFO - Square crop dimensions: 5000x5000
2026-06-10 18:21:07,284 - INFO - Saved 5000x5000 square spectrogram to: /Volumes/project/continuo/catalogs/soundcloud/REC004L_astro-catalog/artwork/components/spectrogram.png
2026-06-10 18:21:07,284 - INFO - Spectrogram segment covers audio from 118.20s to 197.00s
2026-06-10 18:21:07,314 - INFO - Working with spectrogram: 5000x5000, identicon: 5000x5000
2026-06-10 18:21:07,314 - INFO - Enhancing spectrogram contrast...
2026-06-10 18:21:07,420 - INFO - Resizing identicon for overlay...
2026-06-10 18:21:07,556 - INFO - Creating final composite image...
2026-06-10 18:21:08,453 - INFO - Album artwork generated successfully: /Volumes/project/continuo/catalogs/soundcloud/REC004L_astro-catalog/artwork/REC004L_normalized_artwork.png
2026-06-10 18:21:08,458 - INFO - Ultra-high resolution (5000x5000) artwork generation finished successfully.
2026-06-10 18:21:08,458 - INFO - Final artwork saved at: /Volumes/project/continuo/catalogs/soundcloud/REC004L_astro-catalog/artwork/REC004L_normalized_artwork.png
