2026-06-10 17:49:32,018 - INFO - Ultra-High Resolution Album Artwork Generator v7 (5000x5000 Edition)
2026-06-10 17:49:32,018 - INFO - -------------------------------------------------
2026-06-10 17:49:32,018 - INFO - Using saturation level: 0.5
2026-06-10 17:49:32,018 - INFO - Processing audio file: /Volumes/project/continuo/catalogs/a98ff_praise-legend-road/11-15-23.5201-17-45.130_astro-catalog/11-15-23.5201-17-45.130_normalized.wav
2026-06-10 17:49:32,018 - INFO - Output will be saved as: /Volumes/project/continuo/catalogs/a98ff_praise-legend-road/11-15-23.5201-17-45.130_astro-catalog/artwork/11-15-23.5201-17-45.130_normalized_artwork.png
2026-06-10 17:49:32,018 - INFO - Component files will be saved in: /Volumes/project/continuo/catalogs/a98ff_praise-legend-road/11-15-23.5201-17-45.130_astro-catalog/artwork/components
2026-06-10 17:49:32,018 - INFO - Starting the v7 Ultra-High Resolution Album Artwork Generator
2026-06-10 17:49:32,020 - INFO - Output directory: /Volumes/project/continuo/catalogs/a98ff_praise-legend-road/11-15-23.5201-17-45.130_astro-catalog/artwork
2026-06-10 17:49:32,021 - INFO - Components directory: /Volumes/project/continuo/catalogs/a98ff_praise-legend-road/11-15-23.5201-17-45.130_astro-catalog/artwork/components
2026-06-10 17:49:32,021 - INFO - Analyzing audio fingerprint...
2026-06-10 17:49:32,031 - INFO - Audio hash: e7f1bb48...6c1e2404
2026-06-10 17:49:32,031 - INFO - Generating identicon...
2026-06-10 17:49:32,031 - INFO - Trying jdenticon approach 1: /Users/danielramirez/Nextcloud/ore/Notes/Project/utilities/studio/lufs-workchain/node_modules/.bin/jdenticon e7f1bb48211db0502022a052b04ad7dbf57cf627e6682fbd8409d6b66c1e2404
2026-06-10 17:49:32,034 - WARNING - jdenticon approach 1 - command not found
2026-06-10 17:49:32,034 - INFO - Trying jdenticon approach 2: npx --prefix
2026-06-10 17:49:32,240 - WARNING - jdenticon approach 2 failed: Command '['npx', '--prefix', '/Users/danielramirez/Nextcloud/ore/Notes/Project/utilities/studio/lufs-workchain', 'jdenticon', 'e7f1bb48211db0502022a052b04ad7dbf57cf627e6682fbd8409d6b66c1e2404', '--size', '5000', '--output', '/Volumes/project/continuo/catalogs/a98ff_praise-legend-road/11-15-23.5201-17-45.130_astro-catalog/artwork/components/identicon.png']' returned non-zero exit status 254.
2026-06-10 17:49:32,240 - INFO - Trying jdenticon approach 3: npx jdenticon
2026-06-10 17:49:32,813 - INFO - Identicon created successfully.
2026-06-10 17:49:32,835 - INFO - Generating ultra-high-resolution spectrogram...
2026-06-10 17:49:33,679 - INFO - Using figure dimensions: 50.0x12.5 inches at 400 DPI
2026-06-10 17:49:33,679 - INFO - Target pixel dimensions: 20000x5000
/Users/danielramirez/repos/lufs-workchain/.venv/lib/python3.12/site-packages/PIL/Image.py:3574: DecompressionBombWarning: Image size (100000000 pixels) exceeds limit of 89478485 pixels, could be decompression bomb DOS attack.
  warnings.warn(
2026-06-10 17:49:36,263 - INFO - Raw spectrogram dimensions: 20000x5000 pixels
2026-06-10 17:49:36,263 - INFO - Initial dimensions: 20000x5000 pixels
2026-06-10 17:49:36,263 - INFO - Adjusting saturation to 0.5...
2026-06-10 17:49:38,288 - INFO - Saved full rectangular spectrogram to: /Volumes/project/continuo/catalogs/a98ff_praise-legend-road/11-15-23.5201-17-45.130_astro-catalog/artwork/components/rectangle_spectrogram.png
2026-06-10 17:49:38,297 - INFO - Square crop dimensions: 5000x5000
2026-06-10 17:49:38,815 - INFO - Saved 5000x5000 square spectrogram to: /Volumes/project/continuo/catalogs/a98ff_praise-legend-road/11-15-23.5201-17-45.130_astro-catalog/artwork/components/spectrogram.png
2026-06-10 17:49:38,815 - INFO - Spectrogram segment covers audio from 51.13s to 85.21s
2026-06-10 17:49:38,836 - INFO - Working with spectrogram: 5000x5000, identicon: 5000x5000
2026-06-10 17:49:38,836 - INFO - Enhancing spectrogram contrast...
2026-06-10 17:49:38,938 - INFO - Resizing identicon for overlay...
2026-06-10 17:49:39,070 - INFO - Creating final composite image...
2026-06-10 17:49:39,654 - INFO - Album artwork generated successfully: /Volumes/project/continuo/catalogs/a98ff_praise-legend-road/11-15-23.5201-17-45.130_astro-catalog/artwork/11-15-23.5201-17-45.130_normalized_artwork.png
2026-06-10 17:49:39,658 - INFO - Ultra-high resolution (5000x5000) artwork generation finished successfully.
2026-06-10 17:49:39,658 - INFO - Final artwork saved at: /Volumes/project/continuo/catalogs/a98ff_praise-legend-road/11-15-23.5201-17-45.130_astro-catalog/artwork/11-15-23.5201-17-45.130_normalized_artwork.png
