# Normalization Log - Wed Jun 10 17:49:21 CDT 2026
Target LUFS: -14
Two-pass: true
LRA: 7
True Peak: -1.5 dB

ffmpeg version 8.1.1 Copyright (c) 2000-2026 the FFmpeg developers
  built with Apple clang version 21.0.0 (clang-2100.0.123.102)
  configuration: --prefix=/opt/homebrew/Cellar/ffmpeg/8.1.1 --enable-shared --enable-pthreads --enable-version3 --cc=clang --host-cflags= --host-ldflags= --enable-ffplay --enable-gpl --enable-libsvtav1 --enable-libopus --enable-libx264 --enable-libmp3lame --enable-libdav1d --enable-libvmaf --enable-libvpx --enable-libx265 --enable-openssl --enable-videotoolbox --enable-audiotoolbox --enable-neon
  libavutil      60. 26.101 / 60. 26.101
  libavcodec     62. 28.101 / 62. 28.101
  libavformat    62. 12.101 / 62. 12.101
  libavdevice    62.  3.101 / 62.  3.101
  libavfilter    11. 14.101 / 11. 14.101
  libswscale      9.  5.101 /  9.  5.101
  libswresample   6.  3.101 /  6.  3.101
[aist#0:0/pcm_s24le @ 0x7c6808180] Guessed Channel Layout: stereo
Input #0, wav, from '/Volumes/project/continuo/catalogs/a98ff_praise-legend-road/11-15-23.5201-17-45.130.wav':
  Metadata:
    date            : 2025-09-26
    creation_time   : 16:52:00
    time_reference  : 0
    TIME            : 1652
    title           : 01_Random_AbMinor_123bpm_250926_001631
    TYER            : 2025-09-26
  Duration: 00:02:16.34, bitrate: 2304 kb/s
  Stream #0:0: Audio: pcm_s24le ([1][0][0][0] / 0x0001), 48000 Hz, stereo, s32 (24 bit), 2304 kb/s
Stream mapping:
  Stream #0:0 -> #0:0 (pcm_s24le (native) -> pcm_s16le (native))
Press [q] to stop, [?] for help
Output #0, wav, to '/Volumes/project/continuo/catalogs/a98ff_praise-legend-road/11-15-23.5201-17-45.130_astro-catalog/11-15-23.5201-17-45.130_normalized.wav':
  Metadata:
    ICRD            : 2025-09-26
    TYER            : 2025-09-26
    time_reference  : 0
    TIME            : 1652
    INAM            : 01_Random_AbMinor_123bpm_250926_001631
    ISFT            : Lavf62.12.101
  Stream #0:0: Audio: pcm_s16le ([1][0][0][0] / 0x0001), 48000 Hz, stereo, s16, 1536 kb/s
    Metadata:
      encoder         : Lavc62.28.101 pcm_s16le
size=    2816KiB time=00:00:15.19 bitrate=1517.7kbits/s speed=30.1x elapsed=0:00:00.50    size=    6400KiB time=00:00:35.29 bitrate=1485.2kbits/s speed=  35x elapsed=0:00:01.00    size=   10240KiB time=00:00:55.69 bitrate=1506.0kbits/s speed=36.8x elapsed=0:00:01.51    size=   14080KiB time=00:01:15.89 bitrate=1519.7kbits/s speed=37.6x elapsed=0:00:02.01    size=   17664KiB time=00:01:35.49 bitrate=1515.2kbits/s speed=37.8x elapsed=0:00:02.52    size=   21504KiB time=00:01:55.09 bitrate=1530.5kbits/s speed=  38x elapsed=0:00:03.02    size=   24832KiB time=00:02:13.44 bitrate=1524.4kbits/s speed=37.8x elapsed=0:00:03.53    [out#0/wav @ 0x7c6814240] video:0KiB audio:25564KiB subtitle:0KiB other streams:0KiB global headers:0KiB muxing overhead: 0.000558%
size=   25565KiB time=00:02:16.40 bitrate=1535.4kbits/s speed=38.2x elapsed=0:00:03.57    
