2026-06-10 18:33:52,080 - INFO - Ultra-High Resolution Album Artwork Generator v7 (5000x5000 Edition)
2026-06-10 18:33:52,080 - INFO - -------------------------------------------------
2026-06-10 18:33:52,080 - INFO - Using saturation level: 0.5
2026-06-10 18:33:52,080 - INFO - Processing audio file: /Volumes/project/continuo/catalogs/soundcloud/Exodus_astro-catalog/Exodus_normalized.wav
2026-06-10 18:33:52,080 - INFO - Output will be saved as: /Volumes/project/continuo/catalogs/soundcloud/Exodus_astro-catalog/artwork/Exodus_normalized_artwork.png
2026-06-10 18:33:52,080 - INFO - Component files will be saved in: /Volumes/project/continuo/catalogs/soundcloud/Exodus_astro-catalog/artwork/components
2026-06-10 18:33:52,080 - INFO - Starting the v7 Ultra-High Resolution Album Artwork Generator
2026-06-10 18:33:52,082 - INFO - Output directory: /Volumes/project/continuo/catalogs/soundcloud/Exodus_astro-catalog/artwork
2026-06-10 18:33:52,082 - INFO - Components directory: /Volumes/project/continuo/catalogs/soundcloud/Exodus_astro-catalog/artwork/components
2026-06-10 18:33:52,082 - INFO - Analyzing audio fingerprint...
2026-06-10 18:33:52,089 - INFO - Audio hash: c297c4ed...266c51c8
2026-06-10 18:33:52,089 - INFO - Generating identicon...
2026-06-10 18:33:52,089 - INFO - Trying jdenticon approach 1: /Users/danielramirez/Nextcloud/ore/Notes/Project/utilities/studio/lufs-workchain/node_modules/.bin/jdenticon c297c4ed0b847912c39b327564e8d65919cf85f2a1add4fbdcee7c0b266c51c8
2026-06-10 18:33:52,091 - WARNING - jdenticon approach 1 - command not found
2026-06-10 18:33:52,092 - INFO - Trying jdenticon approach 2: npx --prefix
2026-06-10 18:33:52,286 - WARNING - jdenticon approach 2 failed: Command '['npx', '--prefix', '/Users/danielramirez/Nextcloud/ore/Notes/Project/utilities/studio/lufs-workchain', 'jdenticon', 'c297c4ed0b847912c39b327564e8d65919cf85f2a1add4fbdcee7c0b266c51c8', '--size', '5000', '--output', '/Volumes/project/continuo/catalogs/soundcloud/Exodus_astro-catalog/artwork/components/identicon.png']' returned non-zero exit status 254.
2026-06-10 18:33:52,286 - INFO - Trying jdenticon approach 3: npx jdenticon
2026-06-10 18:33:52,729 - INFO - Identicon created successfully.
2026-06-10 18:33:52,759 - INFO - Generating ultra-high-resolution spectrogram...
2026-06-10 18:33:53,556 - INFO - Using figure dimensions: 50.0x12.5 inches at 400 DPI
2026-06-10 18:33:53,556 - INFO - Target pixel dimensions: 20000x5000
/Users/danielramirez/repos/lufs-workchain/.venv/lib/python3.12/site-packages/PIL/Image.py:3574: DecompressionBombWarning: Image size (100000000 pixels) exceeds limit of 89478485 pixels, could be decompression bomb DOS attack.
  warnings.warn(
2026-06-10 18:33:55,679 - INFO - Raw spectrogram dimensions: 20000x5000 pixels
2026-06-10 18:33:55,679 - INFO - Initial dimensions: 20000x5000 pixels
2026-06-10 18:33:55,679 - INFO - Adjusting saturation to 0.5...
2026-06-10 18:33:57,482 - INFO - Saved full rectangular spectrogram to: /Volumes/project/continuo/catalogs/soundcloud/Exodus_astro-catalog/artwork/components/rectangle_spectrogram.png
2026-06-10 18:33:57,490 - INFO - Square crop dimensions: 5000x5000
2026-06-10 18:33:57,965 - INFO - Saved 5000x5000 square spectrogram to: /Volumes/project/continuo/catalogs/soundcloud/Exodus_astro-catalog/artwork/components/spectrogram.png
2026-06-10 18:33:57,965 - INFO - Spectrogram segment covers audio from 31.88s to 53.12s
2026-06-10 18:33:57,985 - INFO - Working with spectrogram: 5000x5000, identicon: 5000x5000
2026-06-10 18:33:57,985 - INFO - Enhancing spectrogram contrast...
2026-06-10 18:33:58,103 - INFO - Resizing identicon for overlay...
2026-06-10 18:33:58,240 - INFO - Creating final composite image...
2026-06-10 18:33:58,771 - INFO - Album artwork generated successfully: /Volumes/project/continuo/catalogs/soundcloud/Exodus_astro-catalog/artwork/Exodus_normalized_artwork.png
2026-06-10 18:33:58,776 - INFO - Ultra-high resolution (5000x5000) artwork generation finished successfully.
2026-06-10 18:33:58,776 - INFO - Final artwork saved at: /Volumes/project/continuo/catalogs/soundcloud/Exodus_astro-catalog/artwork/Exodus_normalized_artwork.png
