# Normalization Log - Wed Jun 10 18:33:47 CDT 2026
Target LUFS: -14
Two-pass: true
LRA: 7
True Peak: -1.5 dB

ffmpeg version 8.1.1 Copyright (c) 2000-2026 the FFmpeg developers
  built with Apple clang version 21.0.0 (clang-2100.0.123.102)
  configuration: --prefix=/opt/homebrew/Cellar/ffmpeg/8.1.1 --enable-shared --enable-pthreads --enable-version3 --cc=clang --host-cflags= --host-ldflags= --enable-ffplay --enable-gpl --enable-libsvtav1 --enable-libopus --enable-libx264 --enable-libmp3lame --enable-libdav1d --enable-libvmaf --enable-libvpx --enable-libx265 --enable-openssl --enable-videotoolbox --enable-audiotoolbox --enable-neon
  libavutil      60. 26.101 / 60. 26.101
  libavcodec     62. 28.101 / 62. 28.101
  libavformat    62. 12.101 / 62. 12.101
  libavdevice    62.  3.101 / 62.  3.101
  libavfilter    11. 14.101 / 11. 14.101
  libswscale      9.  5.101 /  9.  5.101
  libswresample   6.  3.101 /  6.  3.101
[aist#0:0/pcm_s24le @ 0x792800180] Guessed Channel Layout: stereo
Input #0, wav, from '/Volumes/project/continuo/catalogs/soundcloud/Exodus.wav':
  Duration: 00:01:25.00, bitrate: 2307 kb/s
  Chapters:
    Chapter #0:0: start 0.000000, end 9.949417
      Metadata:
        title           : Tempo: 60.0
    Chapter #0:1: start 9.949417, end 15.000000
      Metadata:
        title           : 1300 BCE
    Chapter #0:2: start 15.000000, end 33.000000
      Metadata:
        title           : For 400 years the Hebrews have been slaves to Egypt
    Chapter #0:3: start 33.000000, end 48.500000
      Metadata:
        title           : Building its statues, its cities, its glory.
    Chapter #0:4: start 48.500000, end 52.000000
      Metadata:
        title           : In all that time they have not forgotten their homeland.
    Chapter #0:5: start 52.000000, end 58.000000
      Metadata:
        title           : Or their God.
    Chapter #0:6: start 58.000000, end 64.000000
      Metadata:
        title           : God has not forgotten them.
    Chapter #0:7: start 64.000000, end 71.000000
      Metadata:
        title           : Exodus: Gods and Kings
    Chapter #0:8: start 71.000000, end 85.000000
      Metadata:
        title           : Pharaoh's Palace Memphis
  Stream #0:0: Audio: pcm_s24le ([1][0][0][0] / 0x0001), 48000 Hz, stereo, s32 (24 bit), 2304 kb/s
Stream mapping:
  Stream #0:0 -> #0:0 (pcm_s24le (native) -> pcm_s16le (native))
Press [q] to stop, [?] for help
Output #0, wav, to '/Volumes/project/continuo/catalogs/soundcloud/Exodus_astro-catalog/Exodus_normalized.wav':
  Metadata:
    ISFT            : Lavf62.12.101
  Chapters:
    Chapter #0:0: start 0.000000, end 9.949417
      Metadata:
        title           : Tempo: 60.0
    Chapter #0:1: start 9.949417, end 15.000000
      Metadata:
        title           : 1300 BCE
    Chapter #0:2: start 15.000000, end 33.000000
      Metadata:
        title           : For 400 years the Hebrews have been slaves to Egypt
    Chapter #0:3: start 33.000000, end 48.500000
      Metadata:
        title           : Building its statues, its cities, its glory.
    Chapter #0:4: start 48.500000, end 52.000000
      Metadata:
        title           : In all that time they have not forgotten their homeland.
    Chapter #0:5: start 52.000000, end 58.000000
      Metadata:
        title           : Or their God.
    Chapter #0:6: start 58.000000, end 64.000000
      Metadata:
        title           : God has not forgotten them.
    Chapter #0:7: start 64.000000, end 71.000000
      Metadata:
        title           : Exodus: Gods and Kings
    Chapter #0:8: start 71.000000, end 85.000000
      Metadata:
        title           : Pharaoh's Palace Memphis
  Stream #0:0: Audio: pcm_s16le ([1][0][0][0] / 0x0001), 48000 Hz, stereo, s16, 1536 kb/s
    Metadata:
      encoder         : Lavc62.28.101 pcm_s16le
[out#0/wav @ 0x7930086c0] video:0KiB audio:15938KiB subtitle:0KiB other streams:0KiB global headers:0KiB muxing overhead: 0.000478%
size=   15938KiB time=00:01:25.00 bitrate=1536.0kbits/s speed= 377x elapsed=0:00:00.22    
