2026-06-10 17:34:21,067 - INFO - Ultra-High Resolution Album Artwork Generator v7 (5000x5000 Edition)
2026-06-10 17:34:21,067 - INFO - -------------------------------------------------
2026-06-10 17:34:21,067 - INFO - Using saturation level: 0.5
2026-06-10 17:34:21,067 - INFO - Processing audio file: /Volumes/project/continuo/catalogs/3434/3434_astro-catalog/3434_normalized.wav
2026-06-10 17:34:21,067 - INFO - Output will be saved as: /Volumes/project/continuo/catalogs/3434/3434_astro-catalog/artwork/3434_normalized_artwork.png
2026-06-10 17:34:21,067 - INFO - Component files will be saved in: /Volumes/project/continuo/catalogs/3434/3434_astro-catalog/artwork/components
2026-06-10 17:34:21,067 - INFO - Starting the v7 Ultra-High Resolution Album Artwork Generator
2026-06-10 17:34:21,070 - INFO - Output directory: /Volumes/project/continuo/catalogs/3434/3434_astro-catalog/artwork
2026-06-10 17:34:21,070 - INFO - Components directory: /Volumes/project/continuo/catalogs/3434/3434_astro-catalog/artwork/components
2026-06-10 17:34:21,070 - INFO - Analyzing audio fingerprint...
2026-06-10 17:34:21,087 - INFO - Audio hash: 424b1054...de9ee1f3
2026-06-10 17:34:21,087 - INFO - Generating identicon...
2026-06-10 17:34:21,087 - INFO - Trying jdenticon approach 1: /Users/danielramirez/Nextcloud/ore/Notes/Project/utilities/studio/lufs-workchain/node_modules/.bin/jdenticon 424b1054766afa498bda1448987861c7b593993d7b919cc021d2fe02de9ee1f3
2026-06-10 17:34:21,090 - WARNING - jdenticon approach 1 - command not found
2026-06-10 17:34:21,090 - INFO - Trying jdenticon approach 2: npx --prefix
2026-06-10 17:34:21,301 - WARNING - jdenticon approach 2 failed: Command '['npx', '--prefix', '/Users/danielramirez/Nextcloud/ore/Notes/Project/utilities/studio/lufs-workchain', 'jdenticon', '424b1054766afa498bda1448987861c7b593993d7b919cc021d2fe02de9ee1f3', '--size', '5000', '--output', '/Volumes/project/continuo/catalogs/3434/3434_astro-catalog/artwork/components/identicon.png']' returned non-zero exit status 254.
2026-06-10 17:34:21,301 - INFO - Trying jdenticon approach 3: npx jdenticon
2026-06-10 17:34:21,674 - INFO - Identicon created successfully.
2026-06-10 17:34:21,702 - INFO - Generating ultra-high-resolution spectrogram...
2026-06-10 17:34:22,661 - INFO - Using figure dimensions: 50.0x12.5 inches at 400 DPI
2026-06-10 17:34:22,661 - INFO - Target pixel dimensions: 20000x5000
/Users/danielramirez/repos/lufs-workchain/.venv/lib/python3.12/site-packages/PIL/Image.py:3574: DecompressionBombWarning: Image size (100000000 pixels) exceeds limit of 89478485 pixels, could be decompression bomb DOS attack.
  warnings.warn(
2026-06-10 17:34:26,129 - INFO - Raw spectrogram dimensions: 20000x5000 pixels
2026-06-10 17:34:26,129 - INFO - Initial dimensions: 20000x5000 pixels
2026-06-10 17:34:26,129 - INFO - Adjusting saturation to 0.5...
2026-06-10 17:34:28,718 - INFO - Saved full rectangular spectrogram to: /Volumes/project/continuo/catalogs/3434/3434_astro-catalog/artwork/components/rectangle_spectrogram.png
2026-06-10 17:34:28,727 - INFO - Square crop dimensions: 5000x5000
2026-06-10 17:34:29,446 - INFO - Saved 5000x5000 square spectrogram to: /Volumes/project/continuo/catalogs/3434/3434_astro-catalog/artwork/components/spectrogram.png
2026-06-10 17:34:29,446 - INFO - Spectrogram segment covers audio from 83.78s to 139.63s
2026-06-10 17:34:29,471 - INFO - Working with spectrogram: 5000x5000, identicon: 5000x5000
2026-06-10 17:34:29,472 - INFO - Enhancing spectrogram contrast...
2026-06-10 17:34:29,574 - INFO - Resizing identicon for overlay...
2026-06-10 17:34:29,713 - INFO - Creating final composite image...
2026-06-10 17:34:30,709 - INFO - Album artwork generated successfully: /Volumes/project/continuo/catalogs/3434/3434_astro-catalog/artwork/3434_normalized_artwork.png
2026-06-10 17:34:30,713 - INFO - Ultra-high resolution (5000x5000) artwork generation finished successfully.
2026-06-10 17:34:30,713 - INFO - Final artwork saved at: /Volumes/project/continuo/catalogs/3434/3434_astro-catalog/artwork/3434_normalized_artwork.png
