# Normalization Log - Wed Jun 10 17:34:04 CDT 2026
Target LUFS: -14
Two-pass: true
LRA: 7
True Peak: -1.5 dB

ffmpeg version 8.1.1 Copyright (c) 2000-2026 the FFmpeg developers
  built with Apple clang version 21.0.0 (clang-2100.0.123.102)
  configuration: --prefix=/opt/homebrew/Cellar/ffmpeg/8.1.1 --enable-shared --enable-pthreads --enable-version3 --cc=clang --host-cflags= --host-ldflags= --enable-ffplay --enable-gpl --enable-libsvtav1 --enable-libopus --enable-libx264 --enable-libmp3lame --enable-libdav1d --enable-libvmaf --enable-libvpx --enable-libx265 --enable-openssl --enable-videotoolbox --enable-audiotoolbox --enable-neon
  libavutil      60. 26.101 / 60. 26.101
  libavcodec     62. 28.101 / 62. 28.101
  libavformat    62. 12.101 / 62. 12.101
  libavdevice    62.  3.101 / 62.  3.101
  libavfilter    11. 14.101 / 11. 14.101
  libswscale      9.  5.101 /  9.  5.101
  libswresample   6.  3.101 /  6.  3.101
[aist#0:0/pcm_s24le @ 0xc22c0c180] Guessed Channel Layout: stereo
Input #0, wav, from '/Volumes/project/continuo/catalogs/3434/3434.wav':
  Metadata:
    encoded_by      : Logic Pro
    date            : 2025-02-08
    creation_time   : 12:24:39
    time_reference  : 172799987
    umid            : 0x0000000090A3976B0100000000000000000000000000000000000000309D976B01000000009D976B010000005462270701002BAD0000000000000000309D976B
    coding_history  : 
  Duration: 00:03:43.40, bitrate: 2307 kb/s
  Chapters:
    Chapter #0:0: start 0.000000, end 122.664292
      Metadata:
        title           : intro
    Chapter #0:1: start 122.664292, end 170.253938
      Metadata:
        title           : break
    Chapter #0:2: start 170.253938, end 218.274292
      Metadata:
        title           : back in
    Chapter #0:3: start 218.274292, end 223.400271
      Metadata:
        title           : end note for reverb
    Chapter #0:4: start 223.400271, end 223.400271
      Metadata:
        title           : out here
  Stream #0:0: Audio: pcm_s24le ([1][0][0][0] / 0x0001), 48000 Hz, stereo, s32 (24 bit), 2304 kb/s
Stream mapping:
  Stream #0:0 -> #0:0 (pcm_s24le (native) -> pcm_s16le (native))
Press [q] to stop, [?] for help
Output #0, wav, to '/Volumes/project/continuo/catalogs/3434/3434_astro-catalog/3434_normalized.wav':
  Metadata:
    ITCH            : Logic Pro
    ICRD            : 2025-02-08
    coding_history  : 
    time_reference  : 172799987
    umid            : 0x0000000090A3976B0100000000000000000000000000000000000000309D976B01000000009D976B010000005462270701002BAD0000000000000000309D976B
    ISFT            : Lavf62.12.101
  Chapters:
    Chapter #0:0: start 0.000000, end 122.664292
      Metadata:
        title           : intro
    Chapter #0:1: start 122.664292, end 170.253938
      Metadata:
        title           : break
    Chapter #0:2: start 170.253938, end 218.274292
      Metadata:
        title           : back in
    Chapter #0:3: start 218.274292, end 223.400271
      Metadata:
        title           : end note for reverb
    Chapter #0:4: start 223.400271, end 223.400271
      Metadata:
        title           : out here
  Stream #0:0: Audio: pcm_s16le ([1][0][0][0] / 0x0001), 48000 Hz, stereo, s16, 1536 kb/s
    Metadata:
      encoder         : Lavc62.28.101 pcm_s16le
size=    3584KiB time=00:00:19.89 bitrate=1475.4kbits/s speed=39.4x elapsed=0:00:00.50    size=    7424KiB time=00:00:39.99 bitrate=1520.4kbits/s speed=39.8x elapsed=0:00:01.00    size=   11264KiB time=00:01:00.59 bitrate=1522.7kbits/s speed=40.1x elapsed=0:00:01.51    size=   15104KiB time=00:01:20.79 bitrate=1531.3kbits/s speed=40.1x elapsed=0:00:02.01    size=   18688KiB time=00:01:41.09 bitrate=1514.3kbits/s speed=40.2x elapsed=0:00:02.51    size=   22528KiB time=00:02:01.39 bitrate=1520.2kbits/s speed=40.2x elapsed=0:00:03.01    size=   26368KiB time=00:02:21.89 bitrate=1522.2kbits/s speed=40.3x elapsed=0:00:03.52    size=   30208KiB time=00:02:42.19 bitrate=1525.7kbits/s speed=40.3x elapsed=0:00:04.02    size=   34048KiB time=00:03:02.79 bitrate=1525.8kbits/s speed=40.3x elapsed=0:00:04.53    size=   37888KiB time=00:03:23.29 bitrate=1526.7kbits/s speed=40.4x elapsed=0:00:05.03    [out#0/wav @ 0xc23424180] video:0KiB audio:41888KiB subtitle:0KiB other streams:0KiB global headers:0KiB muxing overhead: 0.000270%
size=   41888KiB time=00:03:43.50 bitrate=1535.3kbits/s speed=40.6x elapsed=0:00:05.50    
