2026-06-10 18:25:47,481 - INFO - Ultra-High Resolution Album Artwork Generator v7 (5000x5000 Edition)
2026-06-10 18:25:47,482 - INFO - -------------------------------------------------
2026-06-10 18:25:47,482 - INFO - Using saturation level: 0.5
2026-06-10 18:25:47,482 - INFO - Processing audio file: /Volumes/project/continuo/catalogs/soundcloud/Wacko Prophet_astro-catalog/Wacko Prophet_normalized.aiff
2026-06-10 18:25:47,482 - INFO - Output will be saved as: /Volumes/project/continuo/catalogs/soundcloud/Wacko Prophet_astro-catalog/artwork/Wacko Prophet_normalized_artwork.png
2026-06-10 18:25:47,482 - INFO - Component files will be saved in: /Volumes/project/continuo/catalogs/soundcloud/Wacko Prophet_astro-catalog/artwork/components
2026-06-10 18:25:47,482 - INFO - Starting the v7 Ultra-High Resolution Album Artwork Generator
2026-06-10 18:25:47,484 - INFO - Output directory: /Volumes/project/continuo/catalogs/soundcloud/Wacko Prophet_astro-catalog/artwork
2026-06-10 18:25:47,484 - INFO - Components directory: /Volumes/project/continuo/catalogs/soundcloud/Wacko Prophet_astro-catalog/artwork/components
2026-06-10 18:25:47,484 - INFO - Analyzing audio fingerprint...
2026-06-10 18:25:47,501 - INFO - Audio hash: 9651805d...b28053a1
2026-06-10 18:25:47,501 - INFO - Generating identicon...
2026-06-10 18:25:47,501 - INFO - Trying jdenticon approach 1: /Users/danielramirez/Nextcloud/ore/Notes/Project/utilities/studio/lufs-workchain/node_modules/.bin/jdenticon 9651805d252fb9f92104cc86e5f9fbbd7905700f3a1d38bf773cdaf1b28053a1
2026-06-10 18:25:47,504 - WARNING - jdenticon approach 1 - command not found
2026-06-10 18:25:47,504 - INFO - Trying jdenticon approach 2: npx --prefix
2026-06-10 18:25:47,712 - WARNING - jdenticon approach 2 failed: Command '['npx', '--prefix', '/Users/danielramirez/Nextcloud/ore/Notes/Project/utilities/studio/lufs-workchain', 'jdenticon', '9651805d252fb9f92104cc86e5f9fbbd7905700f3a1d38bf773cdaf1b28053a1', '--size', '5000', '--output', '/Volumes/project/continuo/catalogs/soundcloud/Wacko Prophet_astro-catalog/artwork/components/identicon.png']' returned non-zero exit status 254.
2026-06-10 18:25:47,712 - INFO - Trying jdenticon approach 3: npx jdenticon
2026-06-10 18:25:48,094 - INFO - Identicon created successfully.
2026-06-10 18:25:48,123 - INFO - Generating ultra-high-resolution spectrogram...
2026-06-10 18:25:49,012 - INFO - Using figure dimensions: 50.0x12.5 inches at 400 DPI
2026-06-10 18:25:49,012 - INFO - Target pixel dimensions: 20000x5000
/Users/danielramirez/repos/lufs-workchain/.venv/lib/python3.12/site-packages/PIL/Image.py:3574: DecompressionBombWarning: Image size (100000000 pixels) exceeds limit of 89478485 pixels, could be decompression bomb DOS attack.
  warnings.warn(
2026-06-10 18:25:52,495 - INFO - Raw spectrogram dimensions: 20000x5000 pixels
2026-06-10 18:25:52,496 - INFO - Initial dimensions: 20000x5000 pixels
2026-06-10 18:25:52,496 - INFO - Adjusting saturation to 0.5...
2026-06-10 18:25:55,007 - INFO - Saved full rectangular spectrogram to: /Volumes/project/continuo/catalogs/soundcloud/Wacko Prophet_astro-catalog/artwork/components/rectangle_spectrogram.png
2026-06-10 18:25:55,015 - INFO - Square crop dimensions: 5000x5000
2026-06-10 18:25:55,740 - INFO - Saved 5000x5000 square spectrogram to: /Volumes/project/continuo/catalogs/soundcloud/Wacko Prophet_astro-catalog/artwork/components/spectrogram.png
2026-06-10 18:25:55,740 - INFO - Spectrogram segment covers audio from 88.04s to 146.73s
2026-06-10 18:25:55,769 - INFO - Working with spectrogram: 5000x5000, identicon: 5000x5000
2026-06-10 18:25:55,769 - INFO - Enhancing spectrogram contrast...
2026-06-10 18:25:55,884 - INFO - Resizing identicon for overlay...
2026-06-10 18:25:56,020 - INFO - Creating final composite image...
2026-06-10 18:25:57,020 - INFO - Album artwork generated successfully: /Volumes/project/continuo/catalogs/soundcloud/Wacko Prophet_astro-catalog/artwork/Wacko Prophet_normalized_artwork.png
2026-06-10 18:25:57,025 - INFO - Ultra-high resolution (5000x5000) artwork generation finished successfully.
2026-06-10 18:25:57,025 - INFO - Final artwork saved at: /Volumes/project/continuo/catalogs/soundcloud/Wacko Prophet_astro-catalog/artwork/Wacko Prophet_normalized_artwork.png
