# Normalization Log - Wed Jun 10 18:25:29 CDT 2026
Target LUFS: -14
Two-pass: true
LRA: 7
True Peak: -1.5 dB

ffmpeg version 8.1.1 Copyright (c) 2000-2026 the FFmpeg developers
  built with Apple clang version 21.0.0 (clang-2100.0.123.102)
  configuration: --prefix=/opt/homebrew/Cellar/ffmpeg/8.1.1 --enable-shared --enable-pthreads --enable-version3 --cc=clang --host-cflags= --host-ldflags= --enable-ffplay --enable-gpl --enable-libsvtav1 --enable-libopus --enable-libx264 --enable-libmp3lame --enable-libdav1d --enable-libvmaf --enable-libvpx --enable-libx265 --enable-openssl --enable-videotoolbox --enable-audiotoolbox --enable-neon
  libavutil      60. 26.101 / 60. 26.101
  libavcodec     62. 28.101 / 62. 28.101
  libavformat    62. 12.101 / 62. 12.101
  libavdevice    62.  3.101 / 62.  3.101
  libavfilter    11. 14.101 / 11. 14.101
  libswscale      9.  5.101 /  9.  5.101
  libswresample   6.  3.101 /  6.  3.101
[aist#0:0/pcm_s16be @ 0x83ac0c300] Guessed Channel Layout: stereo
Input #0, aiff, from '/Volumes/project/continuo/catalogs/soundcloud/Wacko Prophet.aiff':
  Metadata:
    artist          : Daniel Ramirez
    album_artist    : Daniel Ramirez
    TCM             : Daniel Ramirez
    album           : Fall 2016
    date            : 2016
  Duration: 00:03:54.77, start: 0.000000, bitrate: 1419 kb/s
  Stream #0:0: Audio: pcm_s16be, 44100 Hz, stereo, s16, 1411 kb/s
  Stream #0:1: Video: png, rgba(pc, gbr/bt709/bt470m), 1528x1536, 90k tbr, 90k tbn (attached pic)
    Metadata:
      comment         : Other
Stream mapping:
  Stream #0:1 -> #0:0 (png (native) -> png (native))
  Stream #0:0 -> #0:1 (pcm_s16be (native) -> pcm_s16be (native))
Press [q] to stop, [?] for help
Output #0, aiff, to '/Volumes/project/continuo/catalogs/soundcloud/Wacko Prophet_astro-catalog/Wacko Prophet_normalized.aiff':
  Metadata:
    artist          : Daniel Ramirez
    album_artist    : Daniel Ramirez
    TCM             : Daniel Ramirez
    album           : Fall 2016
    date            : 2016
    encoder         : Lavf62.12.101
  Stream #0:0: Video: png, rgba(pc, gbr/bt709/bt470m, progressive), 1528x1536, q=2-31, 200 kb/s, 90k fps, 90k tbn (attached pic)
    Metadata:
      encoder         : Lavc62.28.101 png
      comment         : Other
  Stream #0:1: Audio: pcm_s16be (NONE / 0x454E4F4E), 44100 Hz, stereo, s16, 1411 kb/s
    Metadata:
      encoder         : Lavc62.28.101 pcm_s16be
frame=    0 fps=0.0 q=0.0 size=     512KiB time=N/A bitrate=N/A speed=N/A elapsed=0:00:00.50    frame=    0 fps=0.0 q=0.0 size=    2816KiB time=N/A bitrate=N/A speed=N/A elapsed=0:00:01.00    frame=    0 fps=0.0 q=0.0 size=    6144KiB time=N/A bitrate=N/A speed=N/A elapsed=0:00:01.50    frame=    0 fps=0.0 q=0.0 size=    9472KiB time=N/A bitrate=N/A speed=N/A elapsed=0:00:02.00    frame=    0 fps=0.0 q=0.0 size=   13056KiB time=N/A bitrate=N/A speed=N/A elapsed=0:00:02.51    frame=    0 fps=0.0 q=0.0 size=   16384KiB time=N/A bitrate=N/A speed=N/A elapsed=0:00:03.01    frame=    0 fps=0.0 q=0.0 size=   19712KiB time=N/A bitrate=N/A speed=N/A elapsed=0:00:03.51    frame=    0 fps=0.0 q=0.0 size=   23296KiB time=N/A bitrate=N/A speed=N/A elapsed=0:00:04.01    frame=    0 fps=0.0 q=0.0 size=   26624KiB time=N/A bitrate=N/A speed=N/A elapsed=0:00:04.51    frame=    0 fps=0.0 q=0.0 size=   29952KiB time=N/A bitrate=N/A speed=N/A elapsed=0:00:05.02    frame=    0 fps=0.0 q=0.0 size=   33536KiB time=N/A bitrate=N/A speed=N/A elapsed=0:00:05.52    frame=    0 fps=0.0 q=0.0 size=   36864KiB time=N/A bitrate=N/A speed=N/A elapsed=0:00:06.02    [out#0/aiff @ 0x83b01c480] video:193KiB audio:40443KiB subtitle:0KiB other streams:0KiB global headers:0KiB muxing overhead: unknown
frame=    1 fps=0.2 q=-0.0 Lsize=   40443KiB time=00:00:00.00 bitrate=30119154909.1kbits/s speed=1.75e-06x elapsed=0:00:06.27    
