2026-06-10 18:34:20,668 - INFO - Ultra-High Resolution Album Artwork Generator v7 (5000x5000 Edition)
2026-06-10 18:34:20,668 - INFO - -------------------------------------------------
2026-06-10 18:34:20,668 - INFO - Using saturation level: 0.5
2026-06-10 18:34:20,668 - INFO - Processing audio file: /Volumes/project/continuo/catalogs/soundcloud/Untitled 1Ramirez_Daniel_Assig06_102017.101_astro-catalog/Untitled 1Ramirez_Daniel_Assig06_102017.101_normalized.wav
2026-06-10 18:34:20,668 - INFO - Output will be saved as: /Volumes/project/continuo/catalogs/soundcloud/Untitled 1Ramirez_Daniel_Assig06_102017.101_astro-catalog/artwork/Untitled 1Ramirez_Daniel_Assig06_102017.101_normalized_artwork.png
2026-06-10 18:34:20,668 - INFO - Component files will be saved in: /Volumes/project/continuo/catalogs/soundcloud/Untitled 1Ramirez_Daniel_Assig06_102017.101_astro-catalog/artwork/components
2026-06-10 18:34:20,668 - INFO - Starting the v7 Ultra-High Resolution Album Artwork Generator
2026-06-10 18:34:20,670 - INFO - Output directory: /Volumes/project/continuo/catalogs/soundcloud/Untitled 1Ramirez_Daniel_Assig06_102017.101_astro-catalog/artwork
2026-06-10 18:34:20,670 - INFO - Components directory: /Volumes/project/continuo/catalogs/soundcloud/Untitled 1Ramirez_Daniel_Assig06_102017.101_astro-catalog/artwork/components
2026-06-10 18:34:20,670 - INFO - Analyzing audio fingerprint...
2026-06-10 18:34:20,679 - INFO - Audio hash: b47b8233...7e23dd24
2026-06-10 18:34:20,679 - INFO - Generating identicon...
2026-06-10 18:34:20,679 - INFO - Trying jdenticon approach 1: /Users/danielramirez/Nextcloud/ore/Notes/Project/utilities/studio/lufs-workchain/node_modules/.bin/jdenticon b47b823309842b8ef487dbebfefa3e4c61c1f5755b8222b8dedd1f1c7e23dd24
2026-06-10 18:34:20,682 - WARNING - jdenticon approach 1 - command not found
2026-06-10 18:34:20,682 - INFO - Trying jdenticon approach 2: npx --prefix
2026-06-10 18:34:20,883 - WARNING - jdenticon approach 2 failed: Command '['npx', '--prefix', '/Users/danielramirez/Nextcloud/ore/Notes/Project/utilities/studio/lufs-workchain', 'jdenticon', 'b47b823309842b8ef487dbebfefa3e4c61c1f5755b8222b8dedd1f1c7e23dd24', '--size', '5000', '--output', '/Volumes/project/continuo/catalogs/soundcloud/Untitled 1Ramirez_Daniel_Assig06_102017.101_astro-catalog/artwork/components/identicon.png']' returned non-zero exit status 254.
2026-06-10 18:34:20,883 - INFO - Trying jdenticon approach 3: npx jdenticon
2026-06-10 18:34:21,501 - INFO - Identicon created successfully.
2026-06-10 18:34:21,523 - INFO - Generating ultra-high-resolution spectrogram...
2026-06-10 18:34:22,335 - INFO - Using figure dimensions: 50.0x12.5 inches at 400 DPI
2026-06-10 18:34:22,335 - INFO - Target pixel dimensions: 20000x5000
/Users/danielramirez/repos/lufs-workchain/.venv/lib/python3.12/site-packages/PIL/Image.py:3574: DecompressionBombWarning: Image size (100000000 pixels) exceeds limit of 89478485 pixels, could be decompression bomb DOS attack.
  warnings.warn(
2026-06-10 18:34:24,815 - INFO - Raw spectrogram dimensions: 20000x5000 pixels
2026-06-10 18:34:24,815 - INFO - Initial dimensions: 20000x5000 pixels
2026-06-10 18:34:24,815 - INFO - Adjusting saturation to 0.5...
2026-06-10 18:34:26,722 - INFO - Saved full rectangular spectrogram to: /Volumes/project/continuo/catalogs/soundcloud/Untitled 1Ramirez_Daniel_Assig06_102017.101_astro-catalog/artwork/components/rectangle_spectrogram.png
2026-06-10 18:34:26,731 - INFO - Square crop dimensions: 5000x5000
2026-06-10 18:34:27,182 - INFO - Saved 5000x5000 square spectrogram to: /Volumes/project/continuo/catalogs/soundcloud/Untitled 1Ramirez_Daniel_Assig06_102017.101_astro-catalog/artwork/components/spectrogram.png
2026-06-10 18:34:27,182 - INFO - Spectrogram segment covers audio from 45.49s to 75.82s
2026-06-10 18:34:27,203 - INFO - Working with spectrogram: 5000x5000, identicon: 5000x5000
2026-06-10 18:34:27,203 - INFO - Enhancing spectrogram contrast...
2026-06-10 18:34:27,302 - INFO - Resizing identicon for overlay...
2026-06-10 18:34:27,441 - INFO - Creating final composite image...
2026-06-10 18:34:27,971 - INFO - Album artwork generated successfully: /Volumes/project/continuo/catalogs/soundcloud/Untitled 1Ramirez_Daniel_Assig06_102017.101_astro-catalog/artwork/Untitled 1Ramirez_Daniel_Assig06_102017.101_normalized_artwork.png
2026-06-10 18:34:27,975 - INFO - Ultra-high resolution (5000x5000) artwork generation finished successfully.
2026-06-10 18:34:27,975 - INFO - Final artwork saved at: /Volumes/project/continuo/catalogs/soundcloud/Untitled 1Ramirez_Daniel_Assig06_102017.101_astro-catalog/artwork/Untitled 1Ramirez_Daniel_Assig06_102017.101_normalized_artwork.png
