# Normalization Log - Wed Jun 10 18:34:13 CDT 2026
Target LUFS: -14
Two-pass: true
LRA: 7
True Peak: -1.5 dB

ffmpeg version 8.1.1 Copyright (c) 2000-2026 the FFmpeg developers
  built with Apple clang version 21.0.0 (clang-2100.0.123.102)
  configuration: --prefix=/opt/homebrew/Cellar/ffmpeg/8.1.1 --enable-shared --enable-pthreads --enable-version3 --cc=clang --host-cflags= --host-ldflags= --enable-ffplay --enable-gpl --enable-libsvtav1 --enable-libopus --enable-libx264 --enable-libmp3lame --enable-libdav1d --enable-libvmaf --enable-libvpx --enable-libx265 --enable-openssl --enable-videotoolbox --enable-audiotoolbox --enable-neon
  libavutil      60. 26.101 / 60. 26.101
  libavcodec     62. 28.101 / 62. 28.101
  libavformat    62. 12.101 / 62. 12.101
  libavdevice    62.  3.101 / 62.  3.101
  libavfilter    11. 14.101 / 11. 14.101
  libswscale      9.  5.101 /  9.  5.101
  libswresample   6.  3.101 /  6.  3.101
[aist#0:0/pcm_f32le @ 0xaeac0c180] Guessed Channel Layout: stereo
Input #0, wav, from '/Volumes/project/continuo/catalogs/soundcloud/Untitled 1Ramirez_Daniel_Assig06_102017.101.wav':
  Metadata:
    encoded_by      : Logic Pro X
    date            : 2017-10-23
    creation_time   : 15:28:00
    time_reference  : 172972800
    umid            : 0x000000000000000000000000000000000000000000000000000000006900B8EB7D89B9F670BA6254FF7F00005086CB0C0100000020B36254FF7F0000ECAE1190
    coding_history  : 
  Duration: 00:02:01.31, bitrate: 3075 kb/s
  Chapters:
    Chapter #0:0: start 0.000000, end 9.600000
      Metadata:
        title           : Tempo: 175.0
    Chapter #0:1: start 9.600000, end 121.305729
      Metadata:
        title           : Tempo: 164.346
    Chapter #0:2: start 11.790500, end 121.305729
      Metadata:
        title           : Tempo: 170.6843
    Chapter #0:3: start 13.196604, end 121.305729
      Metadata:
        title           : Tempo: 185.6926
    Chapter #0:4: start 13.842833, end 121.305729
      Metadata:
        title           : Tempo: 215.3915
    Chapter #0:5: start 14.399958, end 121.305729
      Metadata:
        title           : Tempo: 175.0068
    Chapter #0:6: start 15.085646, end 121.305729
      Metadata:
        title           : Tempo: 175.0075
    Chapter #0:7: start 17.485542, end 121.305729
      Metadata:
        title           : Tempo: 175.0086
    Chapter #0:8: start 18.514062, end 121.305729
      Metadata:
        title           : Tempo: 175.0121
    Chapter #0:9: start 18.856896, end 121.305729
      Metadata:
        title           : Tempo: 165.4907
    Chapter #0:10: start 19.219437, end 121.305729
      Metadata:
        title           : Tempo: 175.4127
    Chapter #0:11: start 31.533250, end 121.305729
      Metadata:
        title           : Tempo: 173.3128
    Chapter #0:12: start 86.578229, end 121.305729
      Metadata:
        title           : Tempo: 173.3143
    Chapter #0:13: start 88.309187, end 88.482271
      Metadata:
        title           : Tempo: 173.3133
    Chapter #0:14: start 88.482271, end 88.655333
      Metadata:
        title           : Tempo: 173.338
    Chapter #0:15: start 88.655333, end 88.828271
      Metadata:
        title           : Tempo: 173.455
    Chapter #0:16: start 88.828271, end 89.000687
      Metadata:
        title           : Tempo: 173.9941
    Chapter #0:17: start 89.000687, end 121.305729
      Metadata:
        title           : Tempo: 175.3136
    Chapter #0:18: start 95.845562, end 121.305729
      Metadata:
        title           : Tempo: 173.3163
    Chapter #0:19: start 96.191750, end 98.615104
      Metadata:
        title           : Tempo: 173.3135
    Chapter #0:20: start 98.615104, end 121.305729
      Metadata:
        title           : Tempo: 173.3163
    Chapter #0:21: start 99.307479, end 121.305729
      Metadata:
        title           : Tempo: 167.3348
    Chapter #0:22: start 101.458854, end 101.801042
      Metadata:
        title           : Tempo: 175.3424
    Chapter #0:23: start 9.600000, end 11.790500
      Metadata:
        title           : Hand Flourish
    Chapter #0:24: start 11.790500, end 13.196604
      Metadata:
        title           : Fight Back
    Chapter #0:25: start 13.196604, end 13.842833
      Metadata:
        title           : Hits Roof
    Chapter #0:26: start 13.842833, end 14.399958
      Metadata:
        title           : Falls Over
    Chapter #0:27: start 14.399958, end 15.085646
      Metadata:
        title           : Slams Down
    Chapter #0:28: start 15.085646, end 17.485542
      Metadata:
        title           : Hits Dirt
    Chapter #0:29: start 17.485542, end 18.514062
      Metadata:
        title           : Face Hit
    Chapter #0:30: start 18.514062, end 18.856896
      Metadata:
        title           : 1st Kick
    Chapter #0:31: start 18.856896, end 19.219437
      Metadata:
        title           : 2nd Kick
    Chapter #0:32: start 19.219437, end 31.533250
      Metadata:
        title           : 3rd kick
    Chapter #0:33: start 31.533250, end 32.915854
      Metadata:
        title           : Looks at Sandstorm
    Chapter #0:34: start 32.915854, end 86.578229
      Metadata:
        title           : Sandstorm Impact
    Chapter #0:35: start 86.578229, end 88.309187
      Metadata:
        title           : Tornado Impact
    Chapter #0:36: start 89.000687, end 95.845562
      Metadata:
        title           : Everything Explodes
    Chapter #0:37: start 95.845562, end 96.191750
      Metadata:
        title           : Wide Shot Of Tornado Explosion
    Chapter #0:38: start 98.615104, end 99.307479
      Metadata:
        title           : Car Explosion #1
    Chapter #0:39: start 99.307479, end 101.458854
      Metadata:
        title           : Car Explosion #2
    Chapter #0:40: start 101.801042, end 113.777604
      Metadata:
        title           : Car Explosion #3
    Chapter #0:41: start 113.777604, end 121.305729
      Metadata:
        title           : Oh What A Day
  Stream #0:0: Audio: pcm_f32le ([3][0][0][0] / 0x0003), 48000 Hz, stereo, flt, 3072 kb/s
Stream mapping:
  Stream #0:0 -> #0:0 (pcm_f32le (native) -> pcm_s16le (native))
Press [q] to stop, [?] for help
Output #0, wav, to '/Volumes/project/continuo/catalogs/soundcloud/Untitled 1Ramirez_Daniel_Assig06_102017.101_astro-catalog/Untitled 1Ramirez_Daniel_Assig06_102017.101_normalized.wav':
  Metadata:
    ITCH            : Logic Pro X
    ICRD            : 2017-10-23
    coding_history  : 
    time_reference  : 172972800
    umid            : 0x000000000000000000000000000000000000000000000000000000006900B8EB7D89B9F670BA6254FF7F00005086CB0C0100000020B36254FF7F0000ECAE1190
    ISFT            : Lavf62.12.101
  Chapters:
    Chapter #0:0: start 0.000000, end 9.600000
      Metadata:
        title           : Tempo: 175.0
    Chapter #0:1: start 9.600000, end 121.305729
      Metadata:
        title           : Tempo: 164.346
    Chapter #0:2: start 11.790500, end 121.305729
      Metadata:
        title           : Tempo: 170.6843
    Chapter #0:3: start 13.196604, end 121.305729
      Metadata:
        title           : Tempo: 185.6926
    Chapter #0:4: start 13.842833, end 121.305729
      Metadata:
        title           : Tempo: 215.3915
    Chapter #0:5: start 14.399958, end 121.305729
      Metadata:
        title           : Tempo: 175.0068
    Chapter #0:6: start 15.085646, end 121.305729
      Metadata:
        title           : Tempo: 175.0075
    Chapter #0:7: start 17.485542, end 121.305729
      Metadata:
        title           : Tempo: 175.0086
    Chapter #0:8: start 18.514062, end 121.305729
      Metadata:
        title           : Tempo: 175.0121
    Chapter #0:9: start 18.856896, end 121.305729
      Metadata:
        title           : Tempo: 165.4907
    Chapter #0:10: start 19.219437, end 121.305729
      Metadata:
        title           : Tempo: 175.4127
    Chapter #0:11: start 31.533250, end 121.305729
      Metadata:
        title           : Tempo: 173.3128
    Chapter #0:12: start 86.578229, end 121.305729
      Metadata:
        title           : Tempo: 173.3143
    Chapter #0:13: start 88.309187, end 88.482271
      Metadata:
        title           : Tempo: 173.3133
    Chapter #0:14: start 88.482271, end 88.655333
      Metadata:
        title           : Tempo: 173.338
    Chapter #0:15: start 88.655333, end 88.828271
      Metadata:
        title           : Tempo: 173.455
    Chapter #0:16: start 88.828271, end 89.000687
      Metadata:
        title           : Tempo: 173.9941
    Chapter #0:17: start 89.000687, end 121.305729
      Metadata:
        title           : Tempo: 175.3136
    Chapter #0:18: start 95.845562, end 121.305729
      Metadata:
        title           : Tempo: 173.3163
    Chapter #0:19: start 96.191750, end 98.615104
      Metadata:
        title           : Tempo: 173.3135
    Chapter #0:20: start 98.615104, end 121.305729
      Metadata:
        title           : Tempo: 173.3163
    Chapter #0:21: start 99.307479, end 121.305729
      Metadata:
        title           : Tempo: 167.3348
    Chapter #0:22: start 101.458854, end 101.801042
      Metadata:
        title           : Tempo: 175.3424
    Chapter #0:23: start 9.600000, end 11.790500
      Metadata:
        title           : Hand Flourish
    Chapter #0:24: start 11.790500, end 13.196604
      Metadata:
        title           : Fight Back
    Chapter #0:25: start 13.196604, end 13.842833
      Metadata:
        title           : Hits Roof
    Chapter #0:26: start 13.842833, end 14.399958
      Metadata:
        title           : Falls Over
    Chapter #0:27: start 14.399958, end 15.085646
      Metadata:
        title           : Slams Down
    Chapter #0:28: start 15.085646, end 17.485542
      Metadata:
        title           : Hits Dirt
    Chapter #0:29: start 17.485542, end 18.514062
      Metadata:
        title           : Face Hit
    Chapter #0:30: start 18.514062, end 18.856896
      Metadata:
        title           : 1st Kick
    Chapter #0:31: start 18.856896, end 19.219437
      Metadata:
        title           : 2nd Kick
    Chapter #0:32: start 19.219437, end 31.533250
      Metadata:
        title           : 3rd kick
    Chapter #0:33: start 31.533250, end 32.915854
      Metadata:
        title           : Looks at Sandstorm
    Chapter #0:34: start 32.915854, end 86.578229
      Metadata:
        title           : Sandstorm Impact
    Chapter #0:35: start 86.578229, end 88.309187
      Metadata:
        title           : Tornado Impact
    Chapter #0:36: start 89.000687, end 95.845562
      Metadata:
        title           : Everything Explodes
    Chapter #0:37: start 95.845562, end 96.191750
      Metadata:
        title           : Wide Shot Of Tornado Explosion
    Chapter #0:38: start 98.615104, end 99.307479
      Metadata:
        title           : Car Explosion #1
    Chapter #0:39: start 99.307479, end 101.458854
      Metadata:
        title           : Car Explosion #2
    Chapter #0:40: start 101.801042, end 113.777604
      Metadata:
        title           : Car Explosion #3
    Chapter #0:41: start 113.777604, end 121.305729
      Metadata:
        title           : Oh What A Day
  Stream #0:0: Audio: pcm_s16le ([1][0][0][0] / 0x0001), 48000 Hz, stereo, s16, 1536 kb/s
    Metadata:
      encoder         : Lavc62.28.101 pcm_s16le
[out#0/wav @ 0xaeac18240] video:0KiB audio:22745KiB subtitle:0KiB other streams:0KiB global headers:0KiB muxing overhead: 0.000507%
size=   22745KiB time=00:02:01.30 bitrate=1536.0kbits/s speed= 373x elapsed=0:00:00.32    
