2026-06-10 17:35:29,594 - INFO - Ultra-High Resolution Album Artwork Generator v7 (5000x5000 Edition)
2026-06-10 17:35:29,594 - INFO - -------------------------------------------------
2026-06-10 17:35:29,594 - INFO - Using saturation level: 0.5
2026-06-10 17:35:29,594 - INFO - Processing audio file: /Volumes/project/continuo/catalogs/a98ff_praise-legend-road/19-23.48611-46.174_astro-catalog/19-23.48611-46.174_normalized.wav
2026-06-10 17:35:29,594 - INFO - Output will be saved as: /Volumes/project/continuo/catalogs/a98ff_praise-legend-road/19-23.48611-46.174_astro-catalog/artwork/19-23.48611-46.174_normalized_artwork.png
2026-06-10 17:35:29,594 - INFO - Component files will be saved in: /Volumes/project/continuo/catalogs/a98ff_praise-legend-road/19-23.48611-46.174_astro-catalog/artwork/components
2026-06-10 17:35:29,594 - INFO - Starting the v7 Ultra-High Resolution Album Artwork Generator
2026-06-10 17:35:29,596 - INFO - Output directory: /Volumes/project/continuo/catalogs/a98ff_praise-legend-road/19-23.48611-46.174_astro-catalog/artwork
2026-06-10 17:35:29,596 - INFO - Components directory: /Volumes/project/continuo/catalogs/a98ff_praise-legend-road/19-23.48611-46.174_astro-catalog/artwork/components
2026-06-10 17:35:29,596 - INFO - Analyzing audio fingerprint...
2026-06-10 17:35:29,622 - INFO - Audio hash: da2b206d...2712cb33
2026-06-10 17:35:29,622 - INFO - Generating identicon...
2026-06-10 17:35:29,622 - INFO - Trying jdenticon approach 1: /Users/danielramirez/Nextcloud/ore/Notes/Project/utilities/studio/lufs-workchain/node_modules/.bin/jdenticon da2b206d1ab5b22069738df69633100c2c884c10e5ce7e402db5c4e42712cb33
2026-06-10 17:35:29,624 - WARNING - jdenticon approach 1 - command not found
2026-06-10 17:35:29,625 - INFO - Trying jdenticon approach 2: npx --prefix
2026-06-10 17:35:29,832 - WARNING - jdenticon approach 2 failed: Command '['npx', '--prefix', '/Users/danielramirez/Nextcloud/ore/Notes/Project/utilities/studio/lufs-workchain', 'jdenticon', 'da2b206d1ab5b22069738df69633100c2c884c10e5ce7e402db5c4e42712cb33', '--size', '5000', '--output', '/Volumes/project/continuo/catalogs/a98ff_praise-legend-road/19-23.48611-46.174_astro-catalog/artwork/components/identicon.png']' returned non-zero exit status 254.
2026-06-10 17:35:29,832 - INFO - Trying jdenticon approach 3: npx jdenticon
2026-06-10 17:35:30,443 - INFO - Identicon created successfully.
2026-06-10 17:35:30,466 - INFO - Generating ultra-high-resolution spectrogram...
2026-06-10 17:35:31,337 - INFO - Using figure dimensions: 50.0x12.5 inches at 400 DPI
2026-06-10 17:35:31,337 - INFO - Target pixel dimensions: 20000x5000
/Users/danielramirez/repos/lufs-workchain/.venv/lib/python3.12/site-packages/PIL/Image.py:3574: DecompressionBombWarning: Image size (100000000 pixels) exceeds limit of 89478485 pixels, could be decompression bomb DOS attack.
  warnings.warn(
2026-06-10 17:35:34,207 - INFO - Raw spectrogram dimensions: 20000x5000 pixels
2026-06-10 17:35:34,207 - INFO - Initial dimensions: 20000x5000 pixels
2026-06-10 17:35:34,207 - INFO - Adjusting saturation to 0.5...
2026-06-10 17:35:36,271 - INFO - Saved full rectangular spectrogram to: /Volumes/project/continuo/catalogs/a98ff_praise-legend-road/19-23.48611-46.174_astro-catalog/artwork/components/rectangle_spectrogram.png
2026-06-10 17:35:36,279 - INFO - Square crop dimensions: 5000x5000
2026-06-10 17:35:36,806 - INFO - Saved 5000x5000 square spectrogram to: /Volumes/project/continuo/catalogs/a98ff_praise-legend-road/19-23.48611-46.174_astro-catalog/artwork/components/spectrogram.png
2026-06-10 17:35:36,806 - INFO - Spectrogram segment covers audio from 51.63s to 86.05s
2026-06-10 17:35:36,826 - INFO - Working with spectrogram: 5000x5000, identicon: 5000x5000
2026-06-10 17:35:36,826 - INFO - Enhancing spectrogram contrast...
2026-06-10 17:35:36,929 - INFO - Resizing identicon for overlay...
2026-06-10 17:35:37,061 - INFO - Creating final composite image...
2026-06-10 17:35:37,683 - INFO - Album artwork generated successfully: /Volumes/project/continuo/catalogs/a98ff_praise-legend-road/19-23.48611-46.174_astro-catalog/artwork/19-23.48611-46.174_normalized_artwork.png
2026-06-10 17:35:37,687 - INFO - Ultra-high resolution (5000x5000) artwork generation finished successfully.
2026-06-10 17:35:37,687 - INFO - Final artwork saved at: /Volumes/project/continuo/catalogs/a98ff_praise-legend-road/19-23.48611-46.174_astro-catalog/artwork/19-23.48611-46.174_normalized_artwork.png
