2026-06-10 17:50:02,116 - INFO - Ultra-High Resolution Album Artwork Generator v7 (5000x5000 Edition)
2026-06-10 17:50:02,116 - INFO - -------------------------------------------------
2026-06-10 17:50:02,116 - INFO - Using saturation level: 0.5
2026-06-10 17:50:02,116 - INFO - Processing audio file: /Volumes/project/continuo/catalogs/a98ff_praise-legend-road/116-30.68818-53.376_astro-catalog/116-30.68818-53.376_normalized.wav
2026-06-10 17:50:02,116 - INFO - Output will be saved as: /Volumes/project/continuo/catalogs/a98ff_praise-legend-road/116-30.68818-53.376_astro-catalog/artwork/116-30.68818-53.376_normalized_artwork.png
2026-06-10 17:50:02,116 - INFO - Component files will be saved in: /Volumes/project/continuo/catalogs/a98ff_praise-legend-road/116-30.68818-53.376_astro-catalog/artwork/components
2026-06-10 17:50:02,116 - INFO - Starting the v7 Ultra-High Resolution Album Artwork Generator
2026-06-10 17:50:02,118 - INFO - Output directory: /Volumes/project/continuo/catalogs/a98ff_praise-legend-road/116-30.68818-53.376_astro-catalog/artwork
2026-06-10 17:50:02,118 - INFO - Components directory: /Volumes/project/continuo/catalogs/a98ff_praise-legend-road/116-30.68818-53.376_astro-catalog/artwork/components
2026-06-10 17:50:02,118 - INFO - Analyzing audio fingerprint...
2026-06-10 17:50:02,129 - INFO - Audio hash: 9e2bb46c...f3ad848c
2026-06-10 17:50:02,129 - INFO - Generating identicon...
2026-06-10 17:50:02,129 - INFO - Trying jdenticon approach 1: /Users/danielramirez/Nextcloud/ore/Notes/Project/utilities/studio/lufs-workchain/node_modules/.bin/jdenticon 9e2bb46ca84db113f8b07b42f2c85672c52f1e16c29b93d9a3286c35f3ad848c
2026-06-10 17:50:02,132 - WARNING - jdenticon approach 1 - command not found
2026-06-10 17:50:02,132 - INFO - Trying jdenticon approach 2: npx --prefix
2026-06-10 17:50:02,334 - WARNING - jdenticon approach 2 failed: Command '['npx', '--prefix', '/Users/danielramirez/Nextcloud/ore/Notes/Project/utilities/studio/lufs-workchain', 'jdenticon', '9e2bb46ca84db113f8b07b42f2c85672c52f1e16c29b93d9a3286c35f3ad848c', '--size', '5000', '--output', '/Volumes/project/continuo/catalogs/a98ff_praise-legend-road/116-30.68818-53.376_astro-catalog/artwork/components/identicon.png']' returned non-zero exit status 254.
2026-06-10 17:50:02,334 - INFO - Trying jdenticon approach 3: npx jdenticon
2026-06-10 17:50:02,909 - INFO - Identicon created successfully.
2026-06-10 17:50:02,931 - INFO - Generating ultra-high-resolution spectrogram...
2026-06-10 17:50:03,748 - INFO - Using figure dimensions: 50.0x12.5 inches at 400 DPI
2026-06-10 17:50:03,748 - INFO - Target pixel dimensions: 20000x5000
/Users/danielramirez/repos/lufs-workchain/.venv/lib/python3.12/site-packages/PIL/Image.py:3574: DecompressionBombWarning: Image size (100000000 pixels) exceeds limit of 89478485 pixels, could be decompression bomb DOS attack.
  warnings.warn(
2026-06-10 17:50:06,416 - INFO - Raw spectrogram dimensions: 20000x5000 pixels
2026-06-10 17:50:06,416 - INFO - Initial dimensions: 20000x5000 pixels
2026-06-10 17:50:06,416 - INFO - Adjusting saturation to 0.5...
2026-06-10 17:50:08,445 - INFO - Saved full rectangular spectrogram to: /Volumes/project/continuo/catalogs/a98ff_praise-legend-road/116-30.68818-53.376_astro-catalog/artwork/components/rectangle_spectrogram.png
2026-06-10 17:50:08,454 - INFO - Square crop dimensions: 5000x5000
2026-06-10 17:50:08,972 - INFO - Saved 5000x5000 square spectrogram to: /Volumes/project/continuo/catalogs/a98ff_praise-legend-road/116-30.68818-53.376_astro-catalog/artwork/components/spectrogram.png
2026-06-10 17:50:08,973 - INFO - Spectrogram segment covers audio from 50.94s to 84.90s
2026-06-10 17:50:08,993 - INFO - Working with spectrogram: 5000x5000, identicon: 5000x5000
2026-06-10 17:50:08,993 - INFO - Enhancing spectrogram contrast...
2026-06-10 17:50:09,094 - INFO - Resizing identicon for overlay...
2026-06-10 17:50:09,228 - INFO - Creating final composite image...
2026-06-10 17:50:09,825 - INFO - Album artwork generated successfully: /Volumes/project/continuo/catalogs/a98ff_praise-legend-road/116-30.68818-53.376_astro-catalog/artwork/116-30.68818-53.376_normalized_artwork.png
2026-06-10 17:50:09,829 - INFO - Ultra-high resolution (5000x5000) artwork generation finished successfully.
2026-06-10 17:50:09,829 - INFO - Final artwork saved at: /Volumes/project/continuo/catalogs/a98ff_praise-legend-road/116-30.68818-53.376_astro-catalog/artwork/116-30.68818-53.376_normalized_artwork.png
