2026-06-10 17:54:41,477 - INFO - Ultra-High Resolution Album Artwork Generator v7 (5000x5000 Edition)
2026-06-10 17:54:41,477 - INFO - -------------------------------------------------
2026-06-10 17:54:41,477 - INFO - Using saturation level: 0.5
2026-06-10 17:54:41,477 - INFO - Processing audio file: /Volumes/project/continuo/catalogs/footlights/Footlights Danza Footlights_astro-catalog/Footlights Danza Footlights_normalized.wav
2026-06-10 17:54:41,477 - INFO - Output will be saved as: /Volumes/project/continuo/catalogs/footlights/Footlights Danza Footlights_astro-catalog/artwork/Footlights Danza Footlights_normalized_artwork.png
2026-06-10 17:54:41,477 - INFO - Component files will be saved in: /Volumes/project/continuo/catalogs/footlights/Footlights Danza Footlights_astro-catalog/artwork/components
2026-06-10 17:54:41,477 - INFO - Starting the v7 Ultra-High Resolution Album Artwork Generator
2026-06-10 17:54:41,480 - INFO - Output directory: /Volumes/project/continuo/catalogs/footlights/Footlights Danza Footlights_astro-catalog/artwork
2026-06-10 17:54:41,480 - INFO - Components directory: /Volumes/project/continuo/catalogs/footlights/Footlights Danza Footlights_astro-catalog/artwork/components
2026-06-10 17:54:41,480 - INFO - Analyzing audio fingerprint...
2026-06-10 17:54:41,484 - INFO - Audio hash: d3006134...e52d6712
2026-06-10 17:54:41,484 - INFO - Generating identicon...
2026-06-10 17:54:41,484 - INFO - Trying jdenticon approach 1: /Users/danielramirez/Nextcloud/ore/Notes/Project/utilities/studio/lufs-workchain/node_modules/.bin/jdenticon d3006134b597e57bf48edf160264f7e1580723882b989950fd515746e52d6712
2026-06-10 17:54:41,486 - WARNING - jdenticon approach 1 - command not found
2026-06-10 17:54:41,486 - INFO - Trying jdenticon approach 2: npx --prefix
2026-06-10 17:54:41,699 - WARNING - jdenticon approach 2 failed: Command '['npx', '--prefix', '/Users/danielramirez/Nextcloud/ore/Notes/Project/utilities/studio/lufs-workchain', 'jdenticon', 'd3006134b597e57bf48edf160264f7e1580723882b989950fd515746e52d6712', '--size', '5000', '--output', '/Volumes/project/continuo/catalogs/footlights/Footlights Danza Footlights_astro-catalog/artwork/components/identicon.png']' returned non-zero exit status 254.
2026-06-10 17:54:41,699 - INFO - Trying jdenticon approach 3: npx jdenticon
2026-06-10 17:54:42,073 - INFO - Identicon created successfully.
2026-06-10 17:54:42,103 - INFO - Generating ultra-high-resolution spectrogram...
2026-06-10 17:54:42,885 - INFO - Using figure dimensions: 50.0x12.5 inches at 400 DPI
2026-06-10 17:54:42,885 - INFO - Target pixel dimensions: 20000x5000
/Users/danielramirez/repos/lufs-workchain/.venv/lib/python3.12/site-packages/PIL/Image.py:3574: DecompressionBombWarning: Image size (100000000 pixels) exceeds limit of 89478485 pixels, could be decompression bomb DOS attack.
  warnings.warn(
2026-06-10 17:54:44,641 - INFO - Raw spectrogram dimensions: 20000x5000 pixels
2026-06-10 17:54:44,641 - INFO - Initial dimensions: 20000x5000 pixels
2026-06-10 17:54:44,641 - INFO - Adjusting saturation to 0.5...
2026-06-10 17:54:46,297 - INFO - Saved full rectangular spectrogram to: /Volumes/project/continuo/catalogs/footlights/Footlights Danza Footlights_astro-catalog/artwork/components/rectangle_spectrogram.png
2026-06-10 17:54:46,305 - INFO - Square crop dimensions: 5000x5000
2026-06-10 17:54:46,731 - INFO - Saved 5000x5000 square spectrogram to: /Volumes/project/continuo/catalogs/footlights/Footlights Danza Footlights_astro-catalog/artwork/components/spectrogram.png
2026-06-10 17:54:46,731 - INFO - Spectrogram segment covers audio from 16.31s to 27.19s
2026-06-10 17:54:46,750 - INFO - Working with spectrogram: 5000x5000, identicon: 5000x5000
2026-06-10 17:54:46,750 - INFO - Enhancing spectrogram contrast...
2026-06-10 17:54:46,870 - INFO - Resizing identicon for overlay...
2026-06-10 17:54:47,004 - INFO - Creating final composite image...
2026-06-10 17:54:47,523 - INFO - Album artwork generated successfully: /Volumes/project/continuo/catalogs/footlights/Footlights Danza Footlights_astro-catalog/artwork/Footlights Danza Footlights_normalized_artwork.png
2026-06-10 17:54:47,528 - INFO - Ultra-high resolution (5000x5000) artwork generation finished successfully.
2026-06-10 17:54:47,528 - INFO - Final artwork saved at: /Volumes/project/continuo/catalogs/footlights/Footlights Danza Footlights_astro-catalog/artwork/Footlights Danza Footlights_normalized_artwork.png
