# Normalization Log - Wed Jun 10 17:54:37 CDT 2026
Target LUFS: -14
Two-pass: true
LRA: 7
True Peak: -1.5 dB

ffmpeg version 8.1.1 Copyright (c) 2000-2026 the FFmpeg developers
  built with Apple clang version 21.0.0 (clang-2100.0.123.102)
  configuration: --prefix=/opt/homebrew/Cellar/ffmpeg/8.1.1 --enable-shared --enable-pthreads --enable-version3 --cc=clang --host-cflags= --host-ldflags= --enable-ffplay --enable-gpl --enable-libsvtav1 --enable-libopus --enable-libx264 --enable-libmp3lame --enable-libdav1d --enable-libvmaf --enable-libvpx --enable-libx265 --enable-openssl --enable-videotoolbox --enable-audiotoolbox --enable-neon
  libavutil      60. 26.101 / 60. 26.101
  libavcodec     62. 28.101 / 62. 28.101
  libavformat    62. 12.101 / 62. 12.101
  libavdevice    62.  3.101 / 62.  3.101
  libavfilter    11. 14.101 / 11. 14.101
  libswscale      9.  5.101 /  9.  5.101
  libswresample   6.  3.101 /  6.  3.101
[aist#0:0/pcm_s24le @ 0x8f4c0c180] Guessed Channel Layout: stereo
Input #0, wav, from '/Volumes/project/continuo/catalogs/footlights/Footlights Danza Footlights.wav':
  Metadata:
    encoded_by      : Logic Pro X
    date            : 2016-05-03
    creation_time   : 23:56:04
    time_reference  : 158760000
    umid            : 0x000000007742B67225B60036900C9C55FF7F0000804F120000000000000000000000000080282A0B010000007742B67225B6003680049C55FF7F0000ED9E099B
    coding_history  : 
  Duration: 00:00:43.50, bitrate: 2119 kb/s
  Chapters:
    Chapter #0:0: start 0.000000, end 43.500000
      Metadata:
        title           : Tempo: 120.0
  Stream #0:0: Audio: pcm_s24le ([1][0][0][0] / 0x0001), 44100 Hz, stereo, s32 (24 bit), 2116 kb/s
Stream mapping:
  Stream #0:0 -> #0:0 (pcm_s24le (native) -> pcm_s16le (native))
Press [q] to stop, [?] for help
Output #0, wav, to '/Volumes/project/continuo/catalogs/footlights/Footlights Danza Footlights_astro-catalog/Footlights Danza Footlights_normalized.wav':
  Metadata:
    ITCH            : Logic Pro X
    ICRD            : 2016-05-03
    coding_history  : 
    time_reference  : 158760000
    umid            : 0x000000007742B67225B60036900C9C55FF7F0000804F120000000000000000000000000080282A0B010000007742B67225B6003680049C55FF7F0000ED9E099B
    ISFT            : Lavf62.12.101
  Chapters:
    Chapter #0:0: start 0.000000, end 43.500000
      Metadata:
        title           : Tempo: 120.0
  Stream #0:0: Audio: pcm_s16le ([1][0][0][0] / 0x0001), 44100 Hz, stereo, s16, 1411 kb/s
    Metadata:
      encoder         : Lavc62.28.101 pcm_s16le
size=    3072KiB time=00:00:19.19 bitrate=1310.7kbits/s speed=  38x elapsed=0:00:00.50    size=    6656KiB time=00:00:39.09 bitrate=1394.5kbits/s speed=38.8x elapsed=0:00:01.00    [out#0/wav @ 0x8f501c240] video:0KiB audio:7494KiB subtitle:0KiB other streams:0KiB global headers:0KiB muxing overhead: 0.001538%
size=    7494KiB time=00:00:43.50 bitrate=1411.2kbits/s speed=39.5x elapsed=0:00:01.10    
