2026-06-10 18:06:27,238 - INFO - Ultra-High Resolution Album Artwork Generator v7 (5000x5000 Edition)
2026-06-10 18:06:27,238 - INFO - -------------------------------------------------
2026-06-10 18:06:27,238 - INFO - Using saturation level: 0.5
2026-06-10 18:06:27,238 - INFO - Processing audio file: /Volumes/project/continuo/catalogs/soundcloud/Wasteland_astro-catalog/Wasteland_normalized.wav
2026-06-10 18:06:27,238 - INFO - Output will be saved as: /Volumes/project/continuo/catalogs/soundcloud/Wasteland_astro-catalog/artwork/Wasteland_normalized_artwork.png
2026-06-10 18:06:27,238 - INFO - Component files will be saved in: /Volumes/project/continuo/catalogs/soundcloud/Wasteland_astro-catalog/artwork/components
2026-06-10 18:06:27,238 - INFO - Starting the v7 Ultra-High Resolution Album Artwork Generator
2026-06-10 18:06:27,240 - INFO - Output directory: /Volumes/project/continuo/catalogs/soundcloud/Wasteland_astro-catalog/artwork
2026-06-10 18:06:27,240 - INFO - Components directory: /Volumes/project/continuo/catalogs/soundcloud/Wasteland_astro-catalog/artwork/components
2026-06-10 18:06:27,240 - INFO - Analyzing audio fingerprint...
2026-06-10 18:06:27,261 - INFO - Audio hash: 737e65a3...7361d241
2026-06-10 18:06:27,261 - INFO - Generating identicon...
2026-06-10 18:06:27,261 - INFO - Trying jdenticon approach 1: /Users/danielramirez/Nextcloud/ore/Notes/Project/utilities/studio/lufs-workchain/node_modules/.bin/jdenticon 737e65a33ff3b1fddfbb17eb946298f5dabf5fe62223009facb683717361d241
2026-06-10 18:06:27,263 - WARNING - jdenticon approach 1 - command not found
2026-06-10 18:06:27,263 - INFO - Trying jdenticon approach 2: npx --prefix
2026-06-10 18:06:27,506 - WARNING - jdenticon approach 2 failed: Command '['npx', '--prefix', '/Users/danielramirez/Nextcloud/ore/Notes/Project/utilities/studio/lufs-workchain', 'jdenticon', '737e65a33ff3b1fddfbb17eb946298f5dabf5fe62223009facb683717361d241', '--size', '5000', '--output', '/Volumes/project/continuo/catalogs/soundcloud/Wasteland_astro-catalog/artwork/components/identicon.png']' returned non-zero exit status 254.
2026-06-10 18:06:27,506 - INFO - Trying jdenticon approach 3: npx jdenticon
2026-06-10 18:06:28,113 - INFO - Identicon created successfully.
2026-06-10 18:06:28,136 - INFO - Generating ultra-high-resolution spectrogram...
2026-06-10 18:06:29,161 - INFO - Using figure dimensions: 50.0x12.5 inches at 400 DPI
2026-06-10 18:06:29,161 - INFO - Target pixel dimensions: 20000x5000
/Users/danielramirez/repos/lufs-workchain/.venv/lib/python3.12/site-packages/PIL/Image.py:3574: DecompressionBombWarning: Image size (100000000 pixels) exceeds limit of 89478485 pixels, could be decompression bomb DOS attack.
  warnings.warn(
2026-06-10 18:06:33,013 - INFO - Raw spectrogram dimensions: 20000x5000 pixels
2026-06-10 18:06:33,013 - INFO - Initial dimensions: 20000x5000 pixels
2026-06-10 18:06:33,013 - INFO - Adjusting saturation to 0.5...
2026-06-10 18:06:35,799 - INFO - Saved full rectangular spectrogram to: /Volumes/project/continuo/catalogs/soundcloud/Wasteland_astro-catalog/artwork/components/rectangle_spectrogram.png
2026-06-10 18:06:35,808 - INFO - Square crop dimensions: 5000x5000
2026-06-10 18:06:36,496 - INFO - Saved 5000x5000 square spectrogram to: /Volumes/project/continuo/catalogs/soundcloud/Wasteland_astro-catalog/artwork/components/spectrogram.png
2026-06-10 18:06:36,496 - INFO - Spectrogram segment covers audio from 95.72s to 159.53s
2026-06-10 18:06:36,525 - INFO - Working with spectrogram: 5000x5000, identicon: 5000x5000
2026-06-10 18:06:36,525 - INFO - Enhancing spectrogram contrast...
2026-06-10 18:06:36,621 - INFO - Resizing identicon for overlay...
2026-06-10 18:06:36,754 - INFO - Creating final composite image...
2026-06-10 18:06:37,828 - INFO - Album artwork generated successfully: /Volumes/project/continuo/catalogs/soundcloud/Wasteland_astro-catalog/artwork/Wasteland_normalized_artwork.png
2026-06-10 18:06:37,833 - INFO - Ultra-high resolution (5000x5000) artwork generation finished successfully.
2026-06-10 18:06:37,833 - INFO - Final artwork saved at: /Volumes/project/continuo/catalogs/soundcloud/Wasteland_astro-catalog/artwork/Wasteland_normalized_artwork.png
