# Normalization Log - Wed Jun 10 18:06:08 CDT 2026
Target LUFS: -14
Two-pass: true
LRA: 7
True Peak: -1.5 dB

ffmpeg version 8.1.1 Copyright (c) 2000-2026 the FFmpeg developers
  built with Apple clang version 21.0.0 (clang-2100.0.123.102)
  configuration: --prefix=/opt/homebrew/Cellar/ffmpeg/8.1.1 --enable-shared --enable-pthreads --enable-version3 --cc=clang --host-cflags= --host-ldflags= --enable-ffplay --enable-gpl --enable-libsvtav1 --enable-libopus --enable-libx264 --enable-libmp3lame --enable-libdav1d --enable-libvmaf --enable-libvpx --enable-libx265 --enable-openssl --enable-videotoolbox --enable-audiotoolbox --enable-neon
  libavutil      60. 26.101 / 60. 26.101
  libavcodec     62. 28.101 / 62. 28.101
  libavformat    62. 12.101 / 62. 12.101
  libavdevice    62.  3.101 / 62.  3.101
  libavfilter    11. 14.101 / 11. 14.101
  libswscale      9.  5.101 /  9.  5.101
  libswresample   6.  3.101 /  6.  3.101
[aist#0:0/pcm_s24le @ 0x86cc0c180] Guessed Channel Layout: stereo
Input #0, wav, from '/Volumes/project/continuo/catalogs/soundcloud/Wasteland.wav':
  Duration: 00:04:15.26, bitrate: 2307 kb/s
  Chapters:
    Chapter #0:0: start 184.322542, end 255.255646
      Metadata:
        title           : dirty love
  Stream #0:0: Audio: pcm_s24le ([1][0][0][0] / 0x0001), 48000 Hz, stereo, s32 (24 bit), 2304 kb/s
Stream mapping:
  Stream #0:0 -> #0:0 (pcm_s24le (native) -> pcm_s16le (native))
Press [q] to stop, [?] for help
Output #0, wav, to '/Volumes/project/continuo/catalogs/soundcloud/Wasteland_astro-catalog/Wasteland_normalized.wav':
  Metadata:
    ISFT            : Lavf62.12.101
  Chapters:
    Chapter #0:0: start 184.322542, end 255.255646
      Metadata:
        title           : dirty love
  Stream #0:0: Audio: pcm_s16le ([1][0][0][0] / 0x0001), 48000 Hz, stereo, s16, 1536 kb/s
    Metadata:
      encoder         : Lavc62.28.101 pcm_s16le
size=    2560KiB time=00:00:14.59 bitrate=1436.4kbits/s speed=29.1x elapsed=0:00:00.50    size=    6400KiB time=00:00:34.39 bitrate=1524.1kbits/s speed=34.3x elapsed=0:00:01.00    size=    9984KiB time=00:00:54.29 bitrate=1506.3kbits/s speed=  36x elapsed=0:00:01.50    size=   13824KiB time=00:01:14.19 bitrate=1526.2kbits/s speed=36.9x elapsed=0:00:02.01    size=   17664KiB time=00:01:34.39 bitrate=1532.9kbits/s speed=37.5x elapsed=0:00:02.51    size=   21248KiB time=00:01:54.69 bitrate=1517.6kbits/s speed=  38x elapsed=0:00:03.02    size=   25088KiB time=00:02:14.49 bitrate=1528.0kbits/s speed=38.1x elapsed=0:00:03.52    size=   28672KiB time=00:02:34.19 bitrate=1523.2kbits/s speed=38.3x elapsed=0:00:04.02    size=   32512KiB time=00:02:54.09 bitrate=1529.8kbits/s speed=38.5x elapsed=0:00:04.52    size=   36096KiB time=00:03:13.59 bitrate=1527.4kbits/s speed=38.5x elapsed=0:00:05.03    size=   39936KiB time=00:03:33.69 bitrate=1530.9kbits/s speed=38.6x elapsed=0:00:05.53    size=   43776KiB time=00:03:53.89 bitrate=1533.2kbits/s speed=38.7x elapsed=0:00:06.03    size=   47104KiB time=00:04:12.35 bitrate=1529.1kbits/s speed=38.6x elapsed=0:00:06.54    [out#0/wav @ 0x86c840180] video:0KiB audio:47860KiB subtitle:0KiB other streams:0KiB global headers:0KiB muxing overhead: 0.000159%
size=   47861KiB time=00:04:15.30 bitrate=1535.7kbits/s speed=38.8x elapsed=0:00:06.58    
