2026-06-10 18:25:04,307 - INFO - Ultra-High Resolution Album Artwork Generator v7 (5000x5000 Edition)
2026-06-10 18:25:04,307 - INFO - -------------------------------------------------
2026-06-10 18:25:04,307 - INFO - Using saturation level: 0.5
2026-06-10 18:25:04,307 - INFO - Processing audio file: /Volumes/project/continuo/catalogs/soundcloud/05- Hole in My Head_astro-catalog/05- Hole in My Head_normalized.wav
2026-06-10 18:25:04,307 - INFO - Output will be saved as: /Volumes/project/continuo/catalogs/soundcloud/05- Hole in My Head_astro-catalog/artwork/05- Hole in My Head_normalized_artwork.png
2026-06-10 18:25:04,307 - INFO - Component files will be saved in: /Volumes/project/continuo/catalogs/soundcloud/05- Hole in My Head_astro-catalog/artwork/components
2026-06-10 18:25:04,307 - INFO - Starting the v7 Ultra-High Resolution Album Artwork Generator
2026-06-10 18:25:04,309 - INFO - Output directory: /Volumes/project/continuo/catalogs/soundcloud/05- Hole in My Head_astro-catalog/artwork
2026-06-10 18:25:04,309 - INFO - Components directory: /Volumes/project/continuo/catalogs/soundcloud/05- Hole in My Head_astro-catalog/artwork/components
2026-06-10 18:25:04,309 - INFO - Analyzing audio fingerprint...
2026-06-10 18:25:04,333 - INFO - Audio hash: e4a8b40f...d6d4be21
2026-06-10 18:25:04,333 - INFO - Generating identicon...
2026-06-10 18:25:04,333 - INFO - Trying jdenticon approach 1: /Users/danielramirez/Nextcloud/ore/Notes/Project/utilities/studio/lufs-workchain/node_modules/.bin/jdenticon e4a8b40f84bb4d1ff13c9e849dad7a7566524aad1923ae6cc2921153d6d4be21
2026-06-10 18:25:04,336 - WARNING - jdenticon approach 1 - command not found
2026-06-10 18:25:04,336 - INFO - Trying jdenticon approach 2: npx --prefix
2026-06-10 18:25:04,544 - WARNING - jdenticon approach 2 failed: Command '['npx', '--prefix', '/Users/danielramirez/Nextcloud/ore/Notes/Project/utilities/studio/lufs-workchain', 'jdenticon', 'e4a8b40f84bb4d1ff13c9e849dad7a7566524aad1923ae6cc2921153d6d4be21', '--size', '5000', '--output', '/Volumes/project/continuo/catalogs/soundcloud/05- Hole in My Head_astro-catalog/artwork/components/identicon.png']' returned non-zero exit status 254.
2026-06-10 18:25:04,544 - INFO - Trying jdenticon approach 3: npx jdenticon
2026-06-10 18:25:05,128 - INFO - Identicon created successfully.
2026-06-10 18:25:05,149 - INFO - Generating ultra-high-resolution spectrogram...
2026-06-10 18:25:06,162 - INFO - Using figure dimensions: 50.0x12.5 inches at 400 DPI
2026-06-10 18:25:06,162 - INFO - Target pixel dimensions: 20000x5000
/Users/danielramirez/repos/lufs-workchain/.venv/lib/python3.12/site-packages/PIL/Image.py:3574: DecompressionBombWarning: Image size (100000000 pixels) exceeds limit of 89478485 pixels, could be decompression bomb DOS attack.
  warnings.warn(
2026-06-10 18:25:10,321 - INFO - Raw spectrogram dimensions: 20000x5000 pixels
2026-06-10 18:25:10,321 - INFO - Initial dimensions: 20000x5000 pixels
2026-06-10 18:25:10,321 - INFO - Adjusting saturation to 0.5...
2026-06-10 18:25:12,883 - INFO - Saved full rectangular spectrogram to: /Volumes/project/continuo/catalogs/soundcloud/05- Hole in My Head_astro-catalog/artwork/components/rectangle_spectrogram.png
2026-06-10 18:25:12,892 - INFO - Square crop dimensions: 5000x5000
2026-06-10 18:25:13,595 - INFO - Saved 5000x5000 square spectrogram to: /Volumes/project/continuo/catalogs/soundcloud/05- Hole in My Head_astro-catalog/artwork/components/spectrogram.png
2026-06-10 18:25:13,595 - INFO - Spectrogram segment covers audio from 112.54s to 187.57s
2026-06-10 18:25:13,625 - INFO - Working with spectrogram: 5000x5000, identicon: 5000x5000
2026-06-10 18:25:13,625 - INFO - Enhancing spectrogram contrast...
2026-06-10 18:25:13,727 - INFO - Resizing identicon for overlay...
2026-06-10 18:25:13,861 - INFO - Creating final composite image...
2026-06-10 18:25:14,816 - INFO - Album artwork generated successfully: /Volumes/project/continuo/catalogs/soundcloud/05- Hole in My Head_astro-catalog/artwork/05- Hole in My Head_normalized_artwork.png
2026-06-10 18:25:14,821 - INFO - Ultra-high resolution (5000x5000) artwork generation finished successfully.
2026-06-10 18:25:14,821 - INFO - Final artwork saved at: /Volumes/project/continuo/catalogs/soundcloud/05- Hole in My Head_astro-catalog/artwork/05- Hole in My Head_normalized_artwork.png
