2026-06-10 17:41:58,930 - INFO - Ultra-High Resolution Album Artwork Generator v7 (5000x5000 Edition)
2026-06-10 17:41:58,930 - INFO - -------------------------------------------------
2026-06-10 17:41:58,930 - INFO - Using saturation level: 0.5
2026-06-10 17:41:58,930 - INFO - Processing audio file: /Volumes/project/continuo/catalogs/a98ff_praise-legend-road/11-08-23.8821-10-44.437_astro-catalog/11-08-23.8821-10-44.437_normalized.wav
2026-06-10 17:41:58,930 - INFO - Output will be saved as: /Volumes/project/continuo/catalogs/a98ff_praise-legend-road/11-08-23.8821-10-44.437_astro-catalog/artwork/11-08-23.8821-10-44.437_normalized_artwork.png
2026-06-10 17:41:58,930 - INFO - Component files will be saved in: /Volumes/project/continuo/catalogs/a98ff_praise-legend-road/11-08-23.8821-10-44.437_astro-catalog/artwork/components
2026-06-10 17:41:58,930 - INFO - Starting the v7 Ultra-High Resolution Album Artwork Generator
2026-06-10 17:41:58,932 - INFO - Output directory: /Volumes/project/continuo/catalogs/a98ff_praise-legend-road/11-08-23.8821-10-44.437_astro-catalog/artwork
2026-06-10 17:41:58,932 - INFO - Components directory: /Volumes/project/continuo/catalogs/a98ff_praise-legend-road/11-08-23.8821-10-44.437_astro-catalog/artwork/components
2026-06-10 17:41:58,932 - INFO - Analyzing audio fingerprint...
2026-06-10 17:41:58,943 - INFO - Audio hash: 0817e012...bff0f6a2
2026-06-10 17:41:58,943 - INFO - Generating identicon...
2026-06-10 17:41:58,943 - INFO - Trying jdenticon approach 1: /Users/danielramirez/Nextcloud/ore/Notes/Project/utilities/studio/lufs-workchain/node_modules/.bin/jdenticon 0817e0127ac1c8216eed4f77737d606567160dcf9e3e61cd51b9567dbff0f6a2
2026-06-10 17:41:58,945 - WARNING - jdenticon approach 1 - command not found
2026-06-10 17:41:58,945 - INFO - Trying jdenticon approach 2: npx --prefix
2026-06-10 17:41:59,136 - WARNING - jdenticon approach 2 failed: Command '['npx', '--prefix', '/Users/danielramirez/Nextcloud/ore/Notes/Project/utilities/studio/lufs-workchain', 'jdenticon', '0817e0127ac1c8216eed4f77737d606567160dcf9e3e61cd51b9567dbff0f6a2', '--size', '5000', '--output', '/Volumes/project/continuo/catalogs/a98ff_praise-legend-road/11-08-23.8821-10-44.437_astro-catalog/artwork/components/identicon.png']' returned non-zero exit status 254.
2026-06-10 17:41:59,136 - INFO - Trying jdenticon approach 3: npx jdenticon
2026-06-10 17:41:59,488 - INFO - Identicon created successfully.
2026-06-10 17:41:59,516 - INFO - Generating ultra-high-resolution spectrogram...
2026-06-10 17:42:00,332 - INFO - Using figure dimensions: 50.0x12.5 inches at 400 DPI
2026-06-10 17:42:00,332 - INFO - Target pixel dimensions: 20000x5000
/Users/danielramirez/repos/lufs-workchain/.venv/lib/python3.12/site-packages/PIL/Image.py:3574: DecompressionBombWarning: Image size (100000000 pixels) exceeds limit of 89478485 pixels, could be decompression bomb DOS attack.
  warnings.warn(
2026-06-10 17:42:02,772 - INFO - Raw spectrogram dimensions: 20000x5000 pixels
2026-06-10 17:42:02,772 - INFO - Initial dimensions: 20000x5000 pixels
2026-06-10 17:42:02,772 - INFO - Adjusting saturation to 0.5...
2026-06-10 17:42:04,765 - INFO - Saved full rectangular spectrogram to: /Volumes/project/continuo/catalogs/a98ff_praise-legend-road/11-08-23.8821-10-44.437_astro-catalog/artwork/components/rectangle_spectrogram.png
2026-06-10 17:42:04,774 - INFO - Square crop dimensions: 5000x5000
2026-06-10 17:42:05,284 - INFO - Saved 5000x5000 square spectrogram to: /Volumes/project/continuo/catalogs/a98ff_praise-legend-road/11-08-23.8821-10-44.437_astro-catalog/artwork/components/spectrogram.png
2026-06-10 17:42:05,284 - INFO - Spectrogram segment covers audio from 50.25s to 83.75s
2026-06-10 17:42:05,302 - INFO - Working with spectrogram: 5000x5000, identicon: 5000x5000
2026-06-10 17:42:05,302 - INFO - Enhancing spectrogram contrast...
2026-06-10 17:42:05,402 - INFO - Resizing identicon for overlay...
2026-06-10 17:42:05,535 - INFO - Creating final composite image...
2026-06-10 17:42:06,104 - INFO - Album artwork generated successfully: /Volumes/project/continuo/catalogs/a98ff_praise-legend-road/11-08-23.8821-10-44.437_astro-catalog/artwork/11-08-23.8821-10-44.437_normalized_artwork.png
2026-06-10 17:42:06,108 - INFO - Ultra-high resolution (5000x5000) artwork generation finished successfully.
2026-06-10 17:42:06,108 - INFO - Final artwork saved at: /Volumes/project/continuo/catalogs/a98ff_praise-legend-road/11-08-23.8821-10-44.437_astro-catalog/artwork/11-08-23.8821-10-44.437_normalized_artwork.png
