2026-06-10 18:28:14,584 - INFO - Ultra-High Resolution Album Artwork Generator v7 (5000x5000 Edition)
2026-06-10 18:28:14,584 - INFO - -------------------------------------------------
2026-06-10 18:28:14,584 - INFO - Using saturation level: 0.5
2026-06-10 18:28:14,585 - INFO - Processing audio file: /Volumes/project/continuo/catalogs/soundcloud/E.O.I.O.M._astro-catalog/E.O.I.O.M._normalized.wav
2026-06-10 18:28:14,585 - INFO - Output will be saved as: /Volumes/project/continuo/catalogs/soundcloud/E.O.I.O.M._astro-catalog/artwork/E.O.I.O.M._normalized_artwork.png
2026-06-10 18:28:14,585 - INFO - Component files will be saved in: /Volumes/project/continuo/catalogs/soundcloud/E.O.I.O.M._astro-catalog/artwork/components
2026-06-10 18:28:14,585 - INFO - Starting the v7 Ultra-High Resolution Album Artwork Generator
2026-06-10 18:28:14,587 - INFO - Output directory: /Volumes/project/continuo/catalogs/soundcloud/E.O.I.O.M._astro-catalog/artwork
2026-06-10 18:28:14,587 - INFO - Components directory: /Volumes/project/continuo/catalogs/soundcloud/E.O.I.O.M._astro-catalog/artwork/components
2026-06-10 18:28:14,587 - INFO - Analyzing audio fingerprint...
2026-06-10 18:28:14,609 - INFO - Audio hash: 684b05ad...2e5f92ea
2026-06-10 18:28:14,609 - INFO - Generating identicon...
2026-06-10 18:28:14,609 - INFO - Trying jdenticon approach 1: /Users/danielramirez/Nextcloud/ore/Notes/Project/utilities/studio/lufs-workchain/node_modules/.bin/jdenticon 684b05adee71cf5cea14fb4b3441b3f430d97da26f068c719fa73c352e5f92ea
2026-06-10 18:28:14,612 - WARNING - jdenticon approach 1 - command not found
2026-06-10 18:28:14,612 - INFO - Trying jdenticon approach 2: npx --prefix
2026-06-10 18:28:14,813 - WARNING - jdenticon approach 2 failed: Command '['npx', '--prefix', '/Users/danielramirez/Nextcloud/ore/Notes/Project/utilities/studio/lufs-workchain', 'jdenticon', '684b05adee71cf5cea14fb4b3441b3f430d97da26f068c719fa73c352e5f92ea', '--size', '5000', '--output', '/Volumes/project/continuo/catalogs/soundcloud/E.O.I.O.M._astro-catalog/artwork/components/identicon.png']' returned non-zero exit status 254.
2026-06-10 18:28:14,813 - INFO - Trying jdenticon approach 3: npx jdenticon
2026-06-10 18:28:15,191 - INFO - Identicon created successfully.
2026-06-10 18:28:15,222 - INFO - Generating ultra-high-resolution spectrogram...
2026-06-10 18:28:16,175 - INFO - Using figure dimensions: 50.0x12.5 inches at 400 DPI
2026-06-10 18:28:16,175 - INFO - Target pixel dimensions: 20000x5000
/Users/danielramirez/repos/lufs-workchain/.venv/lib/python3.12/site-packages/PIL/Image.py:3574: DecompressionBombWarning: Image size (100000000 pixels) exceeds limit of 89478485 pixels, could be decompression bomb DOS attack.
  warnings.warn(
2026-06-10 18:28:20,115 - INFO - Raw spectrogram dimensions: 20000x5000 pixels
2026-06-10 18:28:20,115 - INFO - Initial dimensions: 20000x5000 pixels
2026-06-10 18:28:20,115 - INFO - Adjusting saturation to 0.5...
2026-06-10 18:28:22,795 - INFO - Saved full rectangular spectrogram to: /Volumes/project/continuo/catalogs/soundcloud/E.O.I.O.M._astro-catalog/artwork/components/rectangle_spectrogram.png
2026-06-10 18:28:22,804 - INFO - Square crop dimensions: 5000x5000
2026-06-10 18:28:23,496 - INFO - Saved 5000x5000 square spectrogram to: /Volumes/project/continuo/catalogs/soundcloud/E.O.I.O.M._astro-catalog/artwork/components/spectrogram.png
2026-06-10 18:28:23,496 - INFO - Spectrogram segment covers audio from 103.73s to 172.88s
2026-06-10 18:28:23,525 - INFO - Working with spectrogram: 5000x5000, identicon: 5000x5000
2026-06-10 18:28:23,525 - INFO - Enhancing spectrogram contrast...
2026-06-10 18:28:23,628 - INFO - Resizing identicon for overlay...
2026-06-10 18:28:23,768 - INFO - Creating final composite image...
2026-06-10 18:28:24,712 - INFO - Album artwork generated successfully: /Volumes/project/continuo/catalogs/soundcloud/E.O.I.O.M._astro-catalog/artwork/E.O.I.O.M._normalized_artwork.png
2026-06-10 18:28:24,718 - INFO - Ultra-high resolution (5000x5000) artwork generation finished successfully.
2026-06-10 18:28:24,718 - INFO - Final artwork saved at: /Volumes/project/continuo/catalogs/soundcloud/E.O.I.O.M._astro-catalog/artwork/E.O.I.O.M._normalized_artwork.png
