# Normalization Log - Wed Jun 10 18:27:54 CDT 2026
Target LUFS: -14
Two-pass: true
LRA: 7
True Peak: -1.5 dB

ffmpeg version 8.1.1 Copyright (c) 2000-2026 the FFmpeg developers
  built with Apple clang version 21.0.0 (clang-2100.0.123.102)
  configuration: --prefix=/opt/homebrew/Cellar/ffmpeg/8.1.1 --enable-shared --enable-pthreads --enable-version3 --cc=clang --host-cflags= --host-ldflags= --enable-ffplay --enable-gpl --enable-libsvtav1 --enable-libopus --enable-libx264 --enable-libmp3lame --enable-libdav1d --enable-libvmaf --enable-libvpx --enable-libx265 --enable-openssl --enable-videotoolbox --enable-audiotoolbox --enable-neon
  libavutil      60. 26.101 / 60. 26.101
  libavcodec     62. 28.101 / 62. 28.101
  libavformat    62. 12.101 / 62. 12.101
  libavdevice    62.  3.101 / 62.  3.101
  libavfilter    11. 14.101 / 11. 14.101
  libswscale      9.  5.101 /  9.  5.101
  libswresample   6.  3.101 /  6.  3.101
[aist#0:0/pcm_f32le @ 0xa08804180] Guessed Channel Layout: stereo
Input #0, wav, from '/Volumes/project/continuo/catalogs/soundcloud/E.O.I.O.M..wav':
  Duration: 00:04:36.60, bitrate: 3072 kb/s
  Stream #0:0: Audio: pcm_f32le ([3][0][0][0] / 0x0003), 48000 Hz, stereo, flt, 3072 kb/s
Stream mapping:
  Stream #0:0 -> #0:0 (pcm_f32le (native) -> pcm_s16le (native))
Press [q] to stop, [?] for help
Output #0, wav, to '/Volumes/project/continuo/catalogs/soundcloud/E.O.I.O.M._astro-catalog/E.O.I.O.M._normalized.wav':
  Metadata:
    ISFT            : Lavf62.12.101
  Stream #0:0: Audio: pcm_s16le ([1][0][0][0] / 0x0001), 48000 Hz, stereo, s16, 1536 kb/s
    Metadata:
      encoder         : Lavc62.28.101 pcm_s16le
size=    3328KiB time=00:00:18.59 bitrate=1465.8kbits/s speed=37.1x elapsed=0:00:00.50    size=    7168KiB time=00:00:38.89 bitrate=1509.5kbits/s speed=38.7x elapsed=0:00:01.00    size=   11008KiB time=00:00:58.99 bitrate=1528.4kbits/s speed=39.2x elapsed=0:00:01.50    size=   14848KiB time=00:01:19.39 bitrate=1531.9kbits/s speed=39.5x elapsed=0:00:02.01    size=   18688KiB time=00:01:39.79 bitrate=1534.0kbits/s speed=39.6x elapsed=0:00:02.51    size=   22272KiB time=00:01:59.89 bitrate=1521.7kbits/s speed=39.7x elapsed=0:00:03.01    size=   26112KiB time=00:02:20.09 bitrate=1526.8kbits/s speed=39.8x elapsed=0:00:03.51    size=   29952KiB time=00:02:40.09 bitrate=1532.6kbits/s speed=39.8x elapsed=0:00:04.01    size=   33792KiB time=00:03:00.39 bitrate=1534.5kbits/s speed=39.9x elapsed=0:00:04.52    size=   37376KiB time=00:03:20.39 bitrate=1527.9kbits/s speed=39.9x elapsed=0:00:05.02    size=   41216KiB time=00:03:40.59 bitrate=1530.6kbits/s speed=39.9x elapsed=0:00:05.52    size=   45056KiB time=00:04:00.89 bitrate=1532.2kbits/s speed=39.9x elapsed=0:00:06.03    size=   48896KiB time=00:04:21.29 bitrate=1532.9kbits/s speed=  40x elapsed=0:00:06.53    [out#0/wav @ 0xa090086c0] video:0KiB audio:51863KiB subtitle:0KiB other streams:0KiB global headers:0KiB muxing overhead: 0.000147%
size=   51863KiB time=00:04:36.70 bitrate=1535.5kbits/s speed=39.8x elapsed=0:00:06.95    
