2026-06-10 18:09:15,033 - INFO - Ultra-High Resolution Album Artwork Generator v7 (5000x5000 Edition)
2026-06-10 18:09:15,033 - INFO - -------------------------------------------------
2026-06-10 18:09:15,033 - INFO - Using saturation level: 0.5
2026-06-10 18:09:15,033 - INFO - Processing audio file: /Volumes/project/continuo/catalogs/soundcloud/Crater Lake (Live from Frederick Lowe Theatre)_astro-catalog/Crater Lake (Live from Frederick Lowe Theatre)_normalized.aiff
2026-06-10 18:09:15,033 - INFO - Output will be saved as: /Volumes/project/continuo/catalogs/soundcloud/Crater Lake (Live from Frederick Lowe Theatre)_astro-catalog/artwork/Crater Lake (Live from Frederick Lowe Theatre)_normalized_artwork.png
2026-06-10 18:09:15,033 - INFO - Component files will be saved in: /Volumes/project/continuo/catalogs/soundcloud/Crater Lake (Live from Frederick Lowe Theatre)_astro-catalog/artwork/components
2026-06-10 18:09:15,033 - INFO - Starting the v7 Ultra-High Resolution Album Artwork Generator
2026-06-10 18:09:15,036 - INFO - Output directory: /Volumes/project/continuo/catalogs/soundcloud/Crater Lake (Live from Frederick Lowe Theatre)_astro-catalog/artwork
2026-06-10 18:09:15,036 - INFO - Components directory: /Volumes/project/continuo/catalogs/soundcloud/Crater Lake (Live from Frederick Lowe Theatre)_astro-catalog/artwork/components
2026-06-10 18:09:15,036 - INFO - Analyzing audio fingerprint...
2026-06-10 18:09:15,055 - INFO - Audio hash: 10c70d40...bd8422ab
2026-06-10 18:09:15,055 - INFO - Generating identicon...
2026-06-10 18:09:15,055 - INFO - Trying jdenticon approach 1: /Users/danielramirez/Nextcloud/ore/Notes/Project/utilities/studio/lufs-workchain/node_modules/.bin/jdenticon 10c70d40846cc70ae75156fc257a9584502248c77650df2232f30c54bd8422ab
2026-06-10 18:09:15,058 - WARNING - jdenticon approach 1 - command not found
2026-06-10 18:09:15,058 - INFO - Trying jdenticon approach 2: npx --prefix
2026-06-10 18:09:15,408 - WARNING - jdenticon approach 2 failed: Command '['npx', '--prefix', '/Users/danielramirez/Nextcloud/ore/Notes/Project/utilities/studio/lufs-workchain', 'jdenticon', '10c70d40846cc70ae75156fc257a9584502248c77650df2232f30c54bd8422ab', '--size', '5000', '--output', '/Volumes/project/continuo/catalogs/soundcloud/Crater Lake (Live from Frederick Lowe Theatre)_astro-catalog/artwork/components/identicon.png']' returned non-zero exit status 254.
2026-06-10 18:09:15,409 - INFO - Trying jdenticon approach 3: npx jdenticon
2026-06-10 18:09:16,011 - INFO - Identicon created successfully.
2026-06-10 18:09:16,052 - INFO - Generating ultra-high-resolution spectrogram...
2026-06-10 18:09:17,117 - INFO - Using figure dimensions: 50.0x12.5 inches at 400 DPI
2026-06-10 18:09:17,117 - INFO - Target pixel dimensions: 20000x5000
/Users/danielramirez/repos/lufs-workchain/.venv/lib/python3.12/site-packages/PIL/Image.py:3574: DecompressionBombWarning: Image size (100000000 pixels) exceeds limit of 89478485 pixels, could be decompression bomb DOS attack.
  warnings.warn(
2026-06-10 18:09:20,286 - INFO - Raw spectrogram dimensions: 20000x5000 pixels
2026-06-10 18:09:20,286 - INFO - Initial dimensions: 20000x5000 pixels
2026-06-10 18:09:20,286 - INFO - Adjusting saturation to 0.5...
2026-06-10 18:09:22,831 - INFO - Saved full rectangular spectrogram to: /Volumes/project/continuo/catalogs/soundcloud/Crater Lake (Live from Frederick Lowe Theatre)_astro-catalog/artwork/components/rectangle_spectrogram.png
2026-06-10 18:09:22,841 - INFO - Square crop dimensions: 5000x5000
2026-06-10 18:09:23,533 - INFO - Saved 5000x5000 square spectrogram to: /Volumes/project/continuo/catalogs/soundcloud/Crater Lake (Live from Frederick Lowe Theatre)_astro-catalog/artwork/components/spectrogram.png
2026-06-10 18:09:23,533 - INFO - Spectrogram segment covers audio from 59.29s to 98.82s
2026-06-10 18:09:23,558 - INFO - Working with spectrogram: 5000x5000, identicon: 5000x5000
2026-06-10 18:09:23,558 - INFO - Enhancing spectrogram contrast...
2026-06-10 18:09:23,686 - INFO - Resizing identicon for overlay...
2026-06-10 18:09:23,864 - INFO - Creating final composite image...
2026-06-10 18:09:24,618 - INFO - Album artwork generated successfully: /Volumes/project/continuo/catalogs/soundcloud/Crater Lake (Live from Frederick Lowe Theatre)_astro-catalog/artwork/Crater Lake (Live from Frederick Lowe Theatre)_normalized_artwork.png
2026-06-10 18:09:24,623 - INFO - Ultra-high resolution (5000x5000) artwork generation finished successfully.
2026-06-10 18:09:24,623 - INFO - Final artwork saved at: /Volumes/project/continuo/catalogs/soundcloud/Crater Lake (Live from Frederick Lowe Theatre)_astro-catalog/artwork/Crater Lake (Live from Frederick Lowe Theatre)_normalized_artwork.png
