2026-06-10 17:39:21,111 - INFO - Ultra-High Resolution Album Artwork Generator v7 (5000x5000 Edition)
2026-06-10 17:39:21,111 - INFO - -------------------------------------------------
2026-06-10 17:39:21,111 - INFO - Using saturation level: 0.5
2026-06-10 17:39:21,111 - INFO - Processing audio file: /Volumes/project/continuo/catalogs/a98ff_praise-legend-road/17-00.7989-23.486_astro-catalog/17-00.7989-23.486_normalized.wav
2026-06-10 17:39:21,111 - INFO - Output will be saved as: /Volumes/project/continuo/catalogs/a98ff_praise-legend-road/17-00.7989-23.486_astro-catalog/artwork/17-00.7989-23.486_normalized_artwork.png
2026-06-10 17:39:21,111 - INFO - Component files will be saved in: /Volumes/project/continuo/catalogs/a98ff_praise-legend-road/17-00.7989-23.486_astro-catalog/artwork/components
2026-06-10 17:39:21,111 - INFO - Starting the v7 Ultra-High Resolution Album Artwork Generator
2026-06-10 17:39:21,114 - INFO - Output directory: /Volumes/project/continuo/catalogs/a98ff_praise-legend-road/17-00.7989-23.486_astro-catalog/artwork
2026-06-10 17:39:21,114 - INFO - Components directory: /Volumes/project/continuo/catalogs/a98ff_praise-legend-road/17-00.7989-23.486_astro-catalog/artwork/components
2026-06-10 17:39:21,114 - INFO - Analyzing audio fingerprint...
2026-06-10 17:39:21,125 - INFO - Audio hash: 029e60d9...6dcfbf32
2026-06-10 17:39:21,125 - INFO - Generating identicon...
2026-06-10 17:39:21,125 - INFO - Trying jdenticon approach 1: /Users/danielramirez/Nextcloud/ore/Notes/Project/utilities/studio/lufs-workchain/node_modules/.bin/jdenticon 029e60d9cc37825bcb9ef085c511bcfc68c6ca92cf0882e8db377b6a6dcfbf32
2026-06-10 17:39:21,128 - WARNING - jdenticon approach 1 - command not found
2026-06-10 17:39:21,128 - INFO - Trying jdenticon approach 2: npx --prefix
2026-06-10 17:39:21,334 - WARNING - jdenticon approach 2 failed: Command '['npx', '--prefix', '/Users/danielramirez/Nextcloud/ore/Notes/Project/utilities/studio/lufs-workchain', 'jdenticon', '029e60d9cc37825bcb9ef085c511bcfc68c6ca92cf0882e8db377b6a6dcfbf32', '--size', '5000', '--output', '/Volumes/project/continuo/catalogs/a98ff_praise-legend-road/17-00.7989-23.486_astro-catalog/artwork/components/identicon.png']' returned non-zero exit status 254.
2026-06-10 17:39:21,334 - INFO - Trying jdenticon approach 3: npx jdenticon
2026-06-10 17:39:21,718 - INFO - Identicon created successfully.
2026-06-10 17:39:21,745 - INFO - Generating ultra-high-resolution spectrogram...
2026-06-10 17:39:22,587 - INFO - Using figure dimensions: 50.0x12.5 inches at 400 DPI
2026-06-10 17:39:22,587 - INFO - Target pixel dimensions: 20000x5000
/Users/danielramirez/repos/lufs-workchain/.venv/lib/python3.12/site-packages/PIL/Image.py:3574: DecompressionBombWarning: Image size (100000000 pixels) exceeds limit of 89478485 pixels, could be decompression bomb DOS attack.
  warnings.warn(
2026-06-10 17:39:25,418 - INFO - Raw spectrogram dimensions: 20000x5000 pixels
2026-06-10 17:39:25,418 - INFO - Initial dimensions: 20000x5000 pixels
2026-06-10 17:39:25,418 - INFO - Adjusting saturation to 0.5...
2026-06-10 17:39:27,496 - INFO - Saved full rectangular spectrogram to: /Volumes/project/continuo/catalogs/a98ff_praise-legend-road/17-00.7989-23.486_astro-catalog/artwork/components/rectangle_spectrogram.png
2026-06-10 17:39:27,504 - INFO - Square crop dimensions: 5000x5000
2026-06-10 17:39:28,031 - INFO - Saved 5000x5000 square spectrogram to: /Volumes/project/continuo/catalogs/a98ff_praise-legend-road/17-00.7989-23.486_astro-catalog/artwork/components/spectrogram.png
2026-06-10 17:39:28,031 - INFO - Spectrogram segment covers audio from 51.28s to 85.46s
2026-06-10 17:39:28,050 - INFO - Working with spectrogram: 5000x5000, identicon: 5000x5000
2026-06-10 17:39:28,050 - INFO - Enhancing spectrogram contrast...
2026-06-10 17:39:28,153 - INFO - Resizing identicon for overlay...
2026-06-10 17:39:28,286 - INFO - Creating final composite image...
2026-06-10 17:39:28,913 - INFO - Album artwork generated successfully: /Volumes/project/continuo/catalogs/a98ff_praise-legend-road/17-00.7989-23.486_astro-catalog/artwork/17-00.7989-23.486_normalized_artwork.png
2026-06-10 17:39:28,917 - INFO - Ultra-high resolution (5000x5000) artwork generation finished successfully.
2026-06-10 17:39:28,917 - INFO - Final artwork saved at: /Volumes/project/continuo/catalogs/a98ff_praise-legend-road/17-00.7989-23.486_astro-catalog/artwork/17-00.7989-23.486_normalized_artwork.png
