# Normalization Log - Wed Jun 10 17:39:10 CDT 2026
Target LUFS: -14
Two-pass: true
LRA: 7
True Peak: -1.5 dB

ffmpeg version 8.1.1 Copyright (c) 2000-2026 the FFmpeg developers
  built with Apple clang version 21.0.0 (clang-2100.0.123.102)
  configuration: --prefix=/opt/homebrew/Cellar/ffmpeg/8.1.1 --enable-shared --enable-pthreads --enable-version3 --cc=clang --host-cflags= --host-ldflags= --enable-ffplay --enable-gpl --enable-libsvtav1 --enable-libopus --enable-libx264 --enable-libmp3lame --enable-libdav1d --enable-libvmaf --enable-libvpx --enable-libx265 --enable-openssl --enable-videotoolbox --enable-audiotoolbox --enable-neon
  libavutil      60. 26.101 / 60. 26.101
  libavcodec     62. 28.101 / 62. 28.101
  libavformat    62. 12.101 / 62. 12.101
  libavdevice    62.  3.101 / 62.  3.101
  libavfilter    11. 14.101 / 11. 14.101
  libswscale      9.  5.101 /  9.  5.101
  libswresample   6.  3.101 /  6.  3.101
[aist#0:0/pcm_s24le @ 0x7a0c0c180] Guessed Channel Layout: stereo
Input #0, wav, from '/Volumes/project/continuo/catalogs/a98ff_praise-legend-road/17-00.7989-23.486.wav':
  Metadata:
    date            : 2025-09-26
    creation_time   : 15:49:00
    time_reference  : 0
    TIME            : 1549
    title           : 01_Random_AbMinor_123bpm_250926_001631
    TYER            : 2025-09-26
  Duration: 00:02:16.74, bitrate: 2304 kb/s
  Stream #0:0: Audio: pcm_s24le ([1][0][0][0] / 0x0001), 48000 Hz, stereo, s32 (24 bit), 2304 kb/s
Stream mapping:
  Stream #0:0 -> #0:0 (pcm_s24le (native) -> pcm_s16le (native))
Press [q] to stop, [?] for help
Output #0, wav, to '/Volumes/project/continuo/catalogs/a98ff_praise-legend-road/17-00.7989-23.486_astro-catalog/17-00.7989-23.486_normalized.wav':
  Metadata:
    ICRD            : 2025-09-26
    TYER            : 2025-09-26
    time_reference  : 0
    TIME            : 1549
    INAM            : 01_Random_AbMinor_123bpm_250926_001631
    ISFT            : Lavf62.12.101
  Stream #0:0: Audio: pcm_s16le ([1][0][0][0] / 0x0001), 48000 Hz, stereo, s16, 1536 kb/s
    Metadata:
      encoder         : Lavc62.28.101 pcm_s16le
size=    2816KiB time=00:00:15.19 bitrate=1517.7kbits/s speed=30.1x elapsed=0:00:00.50    size=    6656KiB time=00:00:35.69 bitrate=1527.4kbits/s speed=35.4x elapsed=0:00:01.00    size=   10240KiB time=00:00:55.99 bitrate=1498.0kbits/s speed=  37x elapsed=0:00:01.51    size=   14080KiB time=00:01:16.09 bitrate=1515.7kbits/s speed=37.7x elapsed=0:00:02.01    size=   17920KiB time=00:01:36.19 bitrate=1526.0kbits/s speed=38.2x elapsed=0:00:02.52    size=   21760KiB time=00:01:56.29 bitrate=1532.7kbits/s speed=38.5x elapsed=0:00:03.02    [out#0/wav @ 0x7a1008840] video:0KiB audio:25639KiB subtitle:0KiB other streams:0KiB global headers:0KiB muxing overhead: 0.000556%
size=   25639KiB time=00:02:16.80 bitrate=1535.3kbits/s speed=38.9x elapsed=0:00:03.51    
