2026-06-10 18:26:18,886 - INFO - Ultra-High Resolution Album Artwork Generator v7 (5000x5000 Edition)
2026-06-10 18:26:18,886 - INFO - -------------------------------------------------
2026-06-10 18:26:18,886 - INFO - Using saturation level: 0.5
2026-06-10 18:26:18,886 - INFO - Processing audio file: /Volumes/project/continuo/catalogs/soundcloud/Learn To Ride, Learn to Fly_astro-catalog/Learn To Ride, Learn to Fly_normalized.wav
2026-06-10 18:26:18,886 - INFO - Output will be saved as: /Volumes/project/continuo/catalogs/soundcloud/Learn To Ride, Learn to Fly_astro-catalog/artwork/Learn To Ride, Learn to Fly_normalized_artwork.png
2026-06-10 18:26:18,886 - INFO - Component files will be saved in: /Volumes/project/continuo/catalogs/soundcloud/Learn To Ride, Learn to Fly_astro-catalog/artwork/components
2026-06-10 18:26:18,886 - INFO - Starting the v7 Ultra-High Resolution Album Artwork Generator
2026-06-10 18:26:18,888 - INFO - Output directory: /Volumes/project/continuo/catalogs/soundcloud/Learn To Ride, Learn to Fly_astro-catalog/artwork
2026-06-10 18:26:18,888 - INFO - Components directory: /Volumes/project/continuo/catalogs/soundcloud/Learn To Ride, Learn to Fly_astro-catalog/artwork/components
2026-06-10 18:26:18,888 - INFO - Analyzing audio fingerprint...
2026-06-10 18:26:18,896 - INFO - Audio hash: 2de99420...c95f2294
2026-06-10 18:26:18,896 - INFO - Generating identicon...
2026-06-10 18:26:18,896 - INFO - Trying jdenticon approach 1: /Users/danielramirez/Nextcloud/ore/Notes/Project/utilities/studio/lufs-workchain/node_modules/.bin/jdenticon 2de994205d58731a92ac1a3a9b8a869a38b3fb17b3ba7b8918aba691c95f2294
2026-06-10 18:26:18,899 - WARNING - jdenticon approach 1 - command not found
2026-06-10 18:26:18,899 - INFO - Trying jdenticon approach 2: npx --prefix
2026-06-10 18:26:19,102 - WARNING - jdenticon approach 2 failed: Command '['npx', '--prefix', '/Users/danielramirez/Nextcloud/ore/Notes/Project/utilities/studio/lufs-workchain', 'jdenticon', '2de994205d58731a92ac1a3a9b8a869a38b3fb17b3ba7b8918aba691c95f2294', '--size', '5000', '--output', '/Volumes/project/continuo/catalogs/soundcloud/Learn To Ride, Learn to Fly_astro-catalog/artwork/components/identicon.png']' returned non-zero exit status 254.
2026-06-10 18:26:19,102 - INFO - Trying jdenticon approach 3: npx jdenticon
2026-06-10 18:26:19,610 - INFO - Identicon created successfully.
2026-06-10 18:26:19,632 - INFO - Generating ultra-high-resolution spectrogram...
2026-06-10 18:26:20,458 - INFO - Using figure dimensions: 50.0x12.5 inches at 400 DPI
2026-06-10 18:26:20,458 - INFO - Target pixel dimensions: 20000x5000
/Users/danielramirez/repos/lufs-workchain/.venv/lib/python3.12/site-packages/PIL/Image.py:3574: DecompressionBombWarning: Image size (100000000 pixels) exceeds limit of 89478485 pixels, could be decompression bomb DOS attack.
  warnings.warn(
2026-06-10 18:26:22,866 - INFO - Raw spectrogram dimensions: 20000x5000 pixels
2026-06-10 18:26:22,866 - INFO - Initial dimensions: 20000x5000 pixels
2026-06-10 18:26:22,866 - INFO - Adjusting saturation to 0.5...
2026-06-10 18:26:24,634 - INFO - Saved full rectangular spectrogram to: /Volumes/project/continuo/catalogs/soundcloud/Learn To Ride, Learn to Fly_astro-catalog/artwork/components/rectangle_spectrogram.png
2026-06-10 18:26:24,643 - INFO - Square crop dimensions: 5000x5000
2026-06-10 18:26:25,051 - INFO - Saved 5000x5000 square spectrogram to: /Volumes/project/continuo/catalogs/soundcloud/Learn To Ride, Learn to Fly_astro-catalog/artwork/components/spectrogram.png
2026-06-10 18:26:25,051 - INFO - Spectrogram segment covers audio from 34.88s to 58.12s
2026-06-10 18:26:25,070 - INFO - Working with spectrogram: 5000x5000, identicon: 5000x5000
2026-06-10 18:26:25,070 - INFO - Enhancing spectrogram contrast...
2026-06-10 18:26:25,175 - INFO - Resizing identicon for overlay...
2026-06-10 18:26:25,308 - INFO - Creating final composite image...
2026-06-10 18:26:25,817 - INFO - Album artwork generated successfully: /Volumes/project/continuo/catalogs/soundcloud/Learn To Ride, Learn to Fly_astro-catalog/artwork/Learn To Ride, Learn to Fly_normalized_artwork.png
2026-06-10 18:26:25,822 - INFO - Ultra-high resolution (5000x5000) artwork generation finished successfully.
2026-06-10 18:26:25,822 - INFO - Final artwork saved at: /Volumes/project/continuo/catalogs/soundcloud/Learn To Ride, Learn to Fly_astro-catalog/artwork/Learn To Ride, Learn to Fly_normalized_artwork.png
